Build started 11/29/2025 8:12:20 PM.
Logging verbosity is set to: Detailed.Process = "C:\Program Files\Microsoft Visual Studio\18\Community\MSBuild\Current\Bin\amd64\MSBuild.exe"
MSBuild executable path = "C:\Program Files\Microsoft Visual Studio\18\Community\MSBuild\Current\Bin\amd64\MSBuild.exe"
Command line arguments = ""C:\Program Files\Microsoft Visual Studio\18\Community\\MSBuild\Current\Bin\amd64\MSBuild.exe" projects\Oxygen.Editor.Interop\src\Oxygen.Editor.Interop.vcxproj /t:Build /p:Configuration=Debug /p:Platform=x64 /fl /flp:logfile=build_output.txt"
Current directory = "F:\projects\DroidNet"
MSBuild version = "18.0.5+e22287bf1"
Based on the Windows registry key LongPathsEnabled, the LongPaths feature is enabled.
Based on the Windows registry key VerifiedAndReputablePolicyState, SAC state = 0: turned off.
Some command line switches were read from the auto-response file "C:\Program Files\Microsoft Visual Studio\18\Community\MSBuild\Current\Bin\amd64\MSBuild.rsp". To disable this file, use the "-noAutoResponse" switch.

Property reassignment: $(MSBuildExtensionsPath)="C:\Program Files\Microsoft Visual Studio\18\Community\MSBuild" (previous value: "C:\Program Files (x86)\MSBuild") at
Property reassignment: $(MSBuildExtensionsPath32)="C:\Program Files\Microsoft Visual Studio\18\Community\MSBuild" (previous value: "C:\Program Files (x86)\MSBuild") at
C:\Program Files\Microsoft Visual Studio\18\Community\MSBuild\Microsoft\VC\v180\Microsoft.Cpp.Default.props(19,35): message : Property 'VSCMD_VER' with value '18.0.2' expanded from the environment.
C:\Program Files\Microsoft Visual Studio\18\Community\MSBuild\Microsoft\VC\v180\Microsoft.Cpp.Default.props(29,5): message : Property reassignment: $(Framework40Version)="" (previous value: "v4.0") at C:\Program Files\Microsoft Visual Studio\18\Community\MSBuild\Microsoft\VC\v180\Microsoft.Cpp.Default.props (29,5)
C:\Program Files\Microsoft Visual Studio\18\Community\MSBuild\Microsoft\VC\v180\Microsoft.Cpp.Default.props(30,5): message : Property reassignment: $(FrameworkDir)="" (previous value: "C:\Windows\Microsoft.NET\Framework64\") at C:\Program Files\Microsoft Visual Studio\18\Community\MSBuild\Microsoft\VC\v180\Microsoft.Cpp.Default.props (30,5)
C:\Program Files\Microsoft Visual Studio\18\Community\MSBuild\Microsoft\VC\v180\Microsoft.Cpp.Default.props(32,5): message : Property reassignment: $(FrameworkVersion)="" (previous value: "v4.0.30319") at C:\Program Files\Microsoft Visual Studio\18\Community\MSBuild\Microsoft\VC\v180\Microsoft.Cpp.Default.props (32,5)
C:\Program Files\Microsoft Visual Studio\18\Community\MSBuild\Microsoft\VC\v180\Microsoft.Cpp.Default.props(35,5): message : Property reassignment: $(NETFXSDKDir)="" (previous value: "C:\Program Files (x86)\Windows Kits\NETFXSDK\4.8\") at C:\Program Files\Microsoft Visual Studio\18\Community\MSBuild\Microsoft\VC\v180\Microsoft.Cpp.Default.props (35,5)
C:\Program Files\Microsoft Visual Studio\18\Community\MSBuild\Microsoft\VC\v180\Microsoft.Cpp.Default.props(36,5): message : Property reassignment: $(UCRTVersion)="" (previous value: "10.0.26100.0") at C:\Program Files\Microsoft Visual Studio\18\Community\MSBuild\Microsoft\VC\v180\Microsoft.Cpp.Default.props (36,5)
C:\Program Files\Microsoft Visual Studio\18\Community\MSBuild\Microsoft\VC\v180\Microsoft.Cpp.Default.props(37,5): message : Property reassignment: $(UniversalCRTSdkDir)="" (previous value: "C:\Program Files (x86)\Windows Kits\10\") at C:\Program Files\Microsoft Visual Studio\18\Community\MSBuild\Microsoft\VC\v180\Microsoft.Cpp.Default.props (37,5)
C:\Program Files\Microsoft Visual Studio\18\Community\MSBuild\Microsoft\VC\v180\Microsoft.Cpp.Default.props(38,5): message : Property reassignment: $(VCIDEInstallDir)="" (previous value: "C:\Program Files\Microsoft Visual Studio\18\Community\Common7\IDE\VC\") at C:\Program Files\Microsoft Visual Studio\18\Community\MSBuild\Microsoft\VC\v180\Microsoft.Cpp.Default.props (38,5)
C:\Program Files\Microsoft Visual Studio\18\Community\MSBuild\Microsoft\VC\v180\Microsoft.Cpp.Default.props(39,5): message : Property reassignment: $(VCINSTALLDIR)="" (previous value: "C:\Program Files\Microsoft Visual Studio\18\Community\VC\") at C:\Program Files\Microsoft Visual Studio\18\Community\MSBuild\Microsoft\VC\v180\Microsoft.Cpp.Default.props (39,5)
C:\Program Files\Microsoft Visual Studio\18\Community\MSBuild\Microsoft\VC\v180\Microsoft.Cpp.Default.props(40,5): message : Property reassignment: $(VCToolsInstallDir)="" (previous value: "C:\Program Files\Microsoft Visual Studio\18\Community\VC\Tools\MSVC\14.50.35717\") at C:\Program Files\Microsoft Visual Studio\18\Community\MSBuild\Microsoft\VC\v180\Microsoft.Cpp.Default.props (40,5)
C:\Program Files\Microsoft Visual Studio\18\Community\MSBuild\Microsoft\VC\v180\Microsoft.Cpp.Default.props(41,5): message : Property reassignment: $(VCToolsRedistDir)="" (previous value: "C:\Program Files\Microsoft Visual Studio\18\Community\VC\Redist\MSVC\14.50.35710\") at C:\Program Files\Microsoft Visual Studio\18\Community\MSBuild\Microsoft\VC\v180\Microsoft.Cpp.Default.props (41,5)
C:\Program Files\Microsoft Visual Studio\18\Community\MSBuild\Microsoft\VC\v180\Microsoft.Cpp.Default.props(42,5): message : Property reassignment: $(VCToolsVersion)="" (previous value: "14.50.35717") at C:\Program Files\Microsoft Visual Studio\18\Community\MSBuild\Microsoft\VC\v180\Microsoft.Cpp.Default.props (42,5)
C:\Program Files\Microsoft Visual Studio\18\Community\MSBuild\Microsoft\VC\v180\Microsoft.Cpp.Default.props(43,5): message : Property reassignment: $(WindowsLibPath)="" (previous value: "C:\Program Files (x86)\Windows Kits\10\UnionMetadata\10.0.26100.0;C:\Program Files (x86)\Windows Kits\10\References\10.0.26100.0") at C:\Program Files\Microsoft Visual Studio\18\Community\MSBuild\Microsoft\VC\v180\Microsoft.Cpp.Default.props (43,5)
C:\Program Files\Microsoft Visual Studio\18\Community\MSBuild\Microsoft\VC\v180\Microsoft.Cpp.Default.props(44,5): message : Property reassignment: $(WindowsSdkBinPath)="" (previous value: "C:\Program Files (x86)\Windows Kits\10\bin\") at C:\Program Files\Microsoft Visual Studio\18\Community\MSBuild\Microsoft\VC\v180\Microsoft.Cpp.Default.props (44,5)
C:\Program Files\Microsoft Visual Studio\18\Community\MSBuild\Microsoft\VC\v180\Microsoft.Cpp.Default.props(45,5): message : Property reassignment: $(WindowsSdkDir)="" (previous value: "C:\Program Files (x86)\Windows Kits\10\") at C:\Program Files\Microsoft Visual Studio\18\Community\MSBuild\Microsoft\VC\v180\Microsoft.Cpp.Default.props (45,5)
C:\Program Files\Microsoft Visual Studio\18\Community\MSBuild\Microsoft\VC\v180\Microsoft.Cpp.Default.props(46,5): message : Property reassignment: $(WindowsSDKLibVersion)="" (previous value: "10.0.26100.0\") at C:\Program Files\Microsoft Visual Studio\18\Community\MSBuild\Microsoft\VC\v180\Microsoft.Cpp.Default.props (46,5)
C:\Program Files\Microsoft Visual Studio\18\Community\MSBuild\Microsoft\VC\v180\Microsoft.Cpp.Default.props(47,5): message : Property reassignment: $(WindowsSdkVerBinPath)="" (previous value: "C:\Program Files (x86)\Windows Kits\10\bin\10.0.26100.0\") at C:\Program Files\Microsoft Visual Studio\18\Community\MSBuild\Microsoft\VC\v180\Microsoft.Cpp.Default.props (47,5)
C:\Program Files\Microsoft Visual Studio\18\Community\MSBuild\Microsoft\VC\v180\Microsoft.Cpp.Default.props(48,5): message : Property reassignment: $(WindowsSDKVersion)="" (previous value: "10.0.26100.0\") at C:\Program Files\Microsoft Visual Studio\18\Community\MSBuild\Microsoft\VC\v180\Microsoft.Cpp.Default.props (48,5)
C:\Program Files\Microsoft Visual Studio\18\Community\MSBuild\Microsoft\VC\v180\Microsoft.Cpp.Default.props(49,5): message : Property reassignment: $(WindowsSDK_ExecutablePath_x64)="" (previous value: "C:\Program Files (x86)\Microsoft SDKs\Windows\v10.0A\bin\NETFX 4.8 Tools\x64\") at C:\Program Files\Microsoft Visual Studio\18\Community\MSBuild\Microsoft\VC\v180\Microsoft.Cpp.Default.props (49,5)
C:\Program Files\Microsoft Visual Studio\18\Community\MSBuild\Microsoft\VC\v180\Microsoft.Cpp.Default.props(50,5): message : Property reassignment: $(WindowsSDK_ExecutablePath_x86)="" (previous value: "C:\Program Files (x86)\Microsoft SDKs\Windows\v10.0A\bin\NETFX 4.8 Tools\") at C:\Program Files\Microsoft Visual Studio\18\Community\MSBuild\Microsoft\VC\v180\Microsoft.Cpp.Default.props (50,5)
Search paths being used for $(MSBuildExtensionsPath) are C:\Program Files\Microsoft Visual Studio\18\Community\MSBuild;$(MSBuildProgramFiles32)\MSBuild
Trying to import C:\Program Files\Microsoft Visual Studio\18\Community\MSBuild\$(MSBuildToolsVersion)\Microsoft.Common.props using extensions path C:\Program Files\Microsoft Visual Studio\18\Community\MSBuild
The "Configuration" property is a global property, and cannot be modified.
F:\projects\DroidNet\Directory.build.props(61,9): message : Property reassignment: $(RootNamespace)="DroidNet" (previous value: "OxygenEditorInterop") at F:\projects\DroidNet\Directory.build.props (61,9)
F:\projects\DroidNet\artifacts\obj\Oxygen.Editor.Interop\Oxygen.Editor.Interop.vcxproj.nuget.g.props(7,5): message : Property 'USERPROFILE' with value 'C:\Users\abdes' expanded from the environment.
C:\Program Files\Microsoft Visual Studio\18\Community\MSBuild\Current\Microsoft.Common.props(84,119): message : Property 'MSBuildUserExtensionsPath' with value 'C:\Users\abdes\AppData\Local\Microsoft\MSBuild' expanded from the environment.
Search paths being used for $(MSBuildExtensionsPath) are C:\Program Files\Microsoft Visual Studio\18\Community\MSBuild;$(MSBuildProgramFiles32)\MSBuild
Trying to import C:\Program Files\Microsoft Visual Studio\18\Community\MSBuild\$(MSBuildToolsVersion)\Imports\Microsoft.Common.props\ImportBefore\* using extensions path C:\Program Files\Microsoft Visual Studio\18\Community\MSBuild
C:\Program Files\Microsoft Visual Studio\18\Community\MSBuild\Current\Imports\Microsoft.Common.props\ImportBefore\Microsoft.NuGet.ImportBefore.props(14,5): message : Property 'VisualStudioVersion' with value '18.0' expanded from the environment.
The "Configuration" property is a global property, and cannot be modified.
Search paths being used for $(MSBuildExtensionsPath) are C:\Program Files\Microsoft Visual Studio\18\Community\MSBuild;$(MSBuildProgramFiles32)\MSBuild
Trying to import C:\Program Files\Microsoft Visual Studio\18\Community\MSBuild\$(MSBuildToolsVersion)\Microsoft.VisualStudioVersion.v*.Common.props using extensions path C:\Program Files\Microsoft Visual Studio\18\Community\MSBuild
Trying to import C:\Program Files (x86)\MSBuild\$(MSBuildToolsVersion)\Microsoft.VisualStudioVersion.v*.Common.props using extensions path C:\Program Files (x86)\MSBuild
Search paths being used for $(MSBuildExtensionsPath) are C:\Program Files\Microsoft Visual Studio\18\Community\MSBuild;$(MSBuildProgramFiles32)\MSBuild
The "Configuration" property is a global property, and cannot be modified.
C:\Program Files\Microsoft Visual Studio\18\Community\MSBuild\Microsoft\VC\v180\Microsoft.Cpp.Default.props(227,5): message : Property 'LOCALAPPDATA' with value 'C:\Users\abdes\AppData\Local' expanded from the environment.
F:\projects\DroidNet\projects\Oxygen.Editor.Interop\src\Oxygen.Editor.Interop.vcxproj(61,5): message : Property reassignment: $(ConfigurationType)="DynamicLibrary" (previous value: "Application") at F:\projects\DroidNet\projects\Oxygen.Editor.Interop\src\Oxygen.Editor.Interop.vcxproj (61,5)
F:\projects\DroidNet\projects\Oxygen.Editor.Interop\src\Oxygen.Editor.Interop.vcxproj(62,5): message : Property reassignment: $(UseDebugLibraries)="true" (previous value: "false") at F:\projects\DroidNet\projects\Oxygen.Editor.Interop\src\Oxygen.Editor.Interop.vcxproj (62,5)
F:\projects\DroidNet\projects\Oxygen.Editor.Interop\src\Oxygen.Editor.Interop.vcxproj(64,5): message : Property reassignment: $(CLRSupport)="NetCore" (previous value: "false") at F:\projects\DroidNet\projects\Oxygen.Editor.Interop\src\Oxygen.Editor.Interop.vcxproj (64,5)
F:\projects\DroidNet\projects\Oxygen.Editor.Interop\src\Oxygen.Editor.Interop.vcxproj(65,5): message : Property reassignment: $(CharacterSet)="Unicode" (previous value: "NotSet") at F:\projects\DroidNet\projects\Oxygen.Editor.Interop\src\Oxygen.Editor.Interop.vcxproj (65,5)
Assembly loaded during Evaluation: Microsoft.Build.Utilities.Core, Version=15.1.0.0, Culture=neutral, PublicKeyToken=b03f5f7f11d50a3a (location: C:\Program Files\Microsoft Visual Studio\18\Community\MSBuild\Current\Bin\Microsoft.Build.Utilities.Core.dll, MVID: 4fc87b44-42fa-4f10-a1dd-c24cb98c4920, AppDomain: [Default])
C:\Program Files\Microsoft Visual Studio\18\Community\MSBuild\Microsoft\VC\v180\Microsoft.Cpp.ToolsetLocation.props(81,32): message : Property 'PROCESSOR_ARCHITECTURE' with value 'AMD64' expanded from the environment.
C:\Program Files\Microsoft Visual Studio\18\Community\MSBuild\Microsoft\VC\v180\Microsoft.Cpp.MSVC.Toolset.Common.props(27,5): message : Property reassignment: $(ShortProjectName)="Oxygen.E.FB1BE623" (previous value: "Oxygen.Editor.Interop") at C:\Program Files\Microsoft Visual Studio\18\Community\MSBuild\Microsoft\VC\v180\Microsoft.Cpp.MSVC.Toolset.Common.props (27,5)
C:\Program Files\Microsoft Visual Studio\18\Community\MSBuild\Microsoft\VC\v180\Microsoft.Cpp.WindowsSDK.props(18,5): message : Property reassignment: $(WindowsSdkDir_10)="C:\Program Files (x86)\Windows Kits\10\" (previous value: "") at C:\Program Files\Microsoft Visual Studio\18\Community\MSBuild\Microsoft\VC\v180\Microsoft.Cpp.WindowsSDK.props (18,5)
C:\Program Files\Microsoft Visual Studio\18\Community\MSBuild\Microsoft\VC\v180\Microsoft.Cpp.WindowsSDK.props(20,5): message : Property reassignment: $(WindowsSdkDir)="C:\Program Files (x86)\Windows Kits\10\" (previous value: "") at C:\Program Files\Microsoft Visual Studio\18\Community\MSBuild\Microsoft\VC\v180\Microsoft.Cpp.WindowsSDK.props (20,5)
C:\Program Files\Microsoft Visual Studio\18\Community\MSBuild\Microsoft\VC\v180\Microsoft.Cpp.WindowsSDK.props(46,5): message : Property reassignment: $(NETFXSDK_Version)="4.8" (previous value: "4.8.1") at C:\Program Files\Microsoft Visual Studio\18\Community\MSBuild\Microsoft\VC\v180\Microsoft.Cpp.WindowsSDK.props (46,5)
C:\Program Files\Microsoft Visual Studio\18\Community\MSBuild\Microsoft\VC\v180\Microsoft.Cpp.WindowsSDK.props(51,5): message : Property reassignment: $(NETFXKitsDir)="C:\Program Files (x86)\Windows Kits\NETFXSDK\4.8\" (previous value: "") at C:\Program Files\Microsoft Visual Studio\18\Community\MSBuild\Microsoft\VC\v180\Microsoft.Cpp.WindowsSDK.props (51,5)
C:\Program Files\Microsoft Visual Studio\18\Community\MSBuild\Microsoft\VC\v180\Microsoft.Cpp.WindowsSDK.props(54,5): message : Property reassignment: $(NETFXSDKDir)="C:\Program Files (x86)\Microsoft SDKs\Windows\v10.0A\" (previous value: "") at C:\Program Files\Microsoft Visual Studio\18\Community\MSBuild\Microsoft\VC\v180\Microsoft.Cpp.WindowsSDK.props (54,5)
C:\Program Files\Microsoft Visual Studio\18\Community\MSBuild\Microsoft\VC\v180\Microsoft.Cpp.WindowsSDK.props(154,5): message : Property reassignment: $(UniversalCRTSdkDir)="C:\Program Files (x86)\Windows Kits\10\" (previous value: "") at C:\Program Files\Microsoft Visual Studio\18\Community\MSBuild\Microsoft\VC\v180\Microsoft.Cpp.WindowsSDK.props (154,5)
C:\Program Files\Microsoft Visual Studio\18\Community\MSBuild\Microsoft\VC\v180\Microsoft.Cpp.WindowsSDK.props(159,5): message : Property reassignment: $(FrameworkDir)="C:\Windows\Microsoft.NET\Framework64\" (previous value: "") at C:\Program Files\Microsoft Visual Studio\18\Community\MSBuild\Microsoft\VC\v180\Microsoft.Cpp.WindowsSDK.props (159,5)
C:\Program Files\Microsoft Visual Studio\18\Community\MSBuild\Microsoft\VC\v180\Microsoft.Cpp.WindowsSDK.props(161,5): message : Property reassignment: $(FrameworkVersion)="v4.7.2" (previous value: "") at C:\Program Files\Microsoft Visual Studio\18\Community\MSBuild\Microsoft\VC\v180\Microsoft.Cpp.WindowsSDK.props (161,5)
C:\Program Files (x86)\Windows Kits\10\DesignTime\CommonConfiguration\Neutral\UAP\10.0.26100.0\UAP.props(58,5): message : Property reassignment: $(WindowsSDK_ExecutablePath_x86)="C:\Program Files (x86)\Windows Kits\10\bin\10.0.26100.0\x86;" (previous value: "") at C:\Program Files (x86)\Windows Kits\10\DesignTime\CommonConfiguration\Neutral\UAP\10.0.26100.0\UAP.props (58,5)
C:\Program Files (x86)\Windows Kits\10\DesignTime\CommonConfiguration\Neutral\UAP\10.0.26100.0\UAP.props(59,5): message : Property reassignment: $(WindowsSDK_ExecutablePath_x64)="C:\Program Files (x86)\Windows Kits\10\bin\10.0.26100.0\x64;" (previous value: "") at C:\Program Files (x86)\Windows Kits\10\DesignTime\CommonConfiguration\Neutral\UAP\10.0.26100.0\UAP.props (59,5)
C:\Program Files\Microsoft Visual Studio\18\Community\MSBuild\Microsoft\VC\v180\Microsoft.Cpp.WindowsSDK.props(197,5): message : Property reassignment: $(WindowsSDK_ExecutablePath_x86)="C:\Program Files (x86)\Windows Kits\10\bin\10.0.26100.0\x86;;C:\Program Files (x86)\Microsoft SDKs\Windows\v10.0A\bin\NETFX 4.8 Tools" (previous value: "C:\Program Files (x86)\Windows Kits\10\bin\10.0.26100.0\x86;") at C:\Program Files\Microsoft Visual Studio\18\Community\MSBuild\Microsoft\VC\v180\Microsoft.Cpp.WindowsSDK.props (197,5)
C:\Program Files\Microsoft Visual Studio\18\Community\MSBuild\Microsoft\VC\v180\Microsoft.Cpp.WindowsSDK.props(198,5): message : Property reassignment: $(WindowsSDK_ExecutablePath_x64)="C:\Program Files (x86)\Windows Kits\10\bin\10.0.26100.0\x64;;C:\Program Files (x86)\Microsoft SDKs\Windows\v10.0A\bin\NETFX 4.8 Tools\x64" (previous value: "C:\Program Files (x86)\Windows Kits\10\bin\10.0.26100.0\x64;") at C:\Program Files\Microsoft Visual Studio\18\Community\MSBuild\Microsoft\VC\v180\Microsoft.Cpp.WindowsSDK.props (198,5)
C:\Program Files\Microsoft Visual Studio\18\Community\MSBuild\Microsoft\VC\v180\Microsoft.Cpp.Common.props(37,5): message : Property reassignment: $(TargetExt)=".dll" (previous value: "") at C:\Program Files\Microsoft Visual Studio\18\Community\MSBuild\Microsoft\VC\v180\Microsoft.Cpp.Common.props (37,5)
C:\Program Files\Microsoft Visual Studio\18\Community\MSBuild\Microsoft\VC\v180\Microsoft.Cpp.Common.props(57,5): message : Property reassignment: $(VCIDEInstallDir)="C:\Program Files\Microsoft Visual Studio\18\Community\Common7\IDE\VC\" (previous value: "") at C:\Program Files\Microsoft Visual Studio\18\Community\MSBuild\Microsoft\VC\v180\Microsoft.Cpp.Common.props (57,5)
C:\Program Files\Microsoft Visual Studio\18\Community\VC\Auxiliary\Build\v145\Microsoft.VCToolsVersion.VC.14.50.18.0.props(4,9): message : Property reassignment: $(VCToolsVersion)="14.50.35717" (previous value: "") at C:\Program Files\Microsoft Visual Studio\18\Community\VC\Auxiliary\Build\v145\Microsoft.VCToolsVersion.VC.14.50.18.0.props (4,9)
C:\Program Files\Microsoft Visual Studio\18\Community\MSBuild\Microsoft\VC\v180\Microsoft.Cpp.VCTools.props(41,5): message : Property reassignment: $(VCInstallDir)="C:\Program Files\Microsoft Visual Studio\18\Community\VC\" (previous value: "") at C:\Program Files\Microsoft Visual Studio\18\Community\MSBuild\Microsoft\VC\v180\Microsoft.Cpp.VCTools.props (41,5)
C:\Program Files\Microsoft Visual Studio\18\Community\MSBuild\Microsoft\VC\v180\Microsoft.Cpp.VCTools.props(42,5): message : Property reassignment: $(VCToolsInstallDir)="C:\Program Files\Microsoft Visual Studio\18\Community\VC\Tools\MSVC\14.50.35717\" (previous value: "") at C:\Program Files\Microsoft Visual Studio\18\Community\MSBuild\Microsoft\VC\v180\Microsoft.Cpp.VCTools.props (42,5)
C:\Program Files\Microsoft Visual Studio\18\Community\MSBuild\Microsoft\VC\v180\Microsoft.Cpp.Common.props(89,5): message : Property reassignment: $(VC_ExecutablePath_Loc)="C:\Program Files\Microsoft Visual Studio\18\Community\VC\Tools\MSVC\14.50.35717\bin\HostX64\x64\1033;C:\Program Files\Microsoft Visual Studio\18\Community\VC\Tools\MSVC\14.50.35717\bin\HostX64\x86\1033;;;" (previous value: "C:\Program Files\Microsoft Visual Studio\18\Community\VC\Tools\MSVC\14.50.35717\bin\HostX64\x86\1033;;") at C:\Program Files\Microsoft Visual Studio\18\Community\MSBuild\Microsoft\VC\v180\Microsoft.Cpp.Common.props (89,5)
C:\Program Files\Microsoft Visual Studio\18\Community\MSBuild\Microsoft\VC\v180\Microsoft.Cpp.Common.props(90,5): message : Property reassignment: $(VC_ExecutablePath_Loc)="C:\Program Files\Microsoft Visual Studio\18\Community\VC\Tools\MSVC\14.50.35717\bin\HostX64\arm\1033;C:\Program Files\Microsoft Visual Studio\18\Community\VC\Tools\MSVC\14.50.35717\bin\HostX64\x64\1033;C:\Program Files\Microsoft Visual Studio\18\Community\VC\Tools\MSVC\14.50.35717\bin\HostX64\x86\1033;;;;" (previous value: "C:\Program Files\Microsoft Visual Studio\18\Community\VC\Tools\MSVC\14.50.35717\bin\HostX64\x64\1033;C:\Program Files\Microsoft Visual Studio\18\Community\VC\Tools\MSVC\14.50.35717\bin\HostX64\x86\1033;;;") at C:\Program Files\Microsoft Visual Studio\18\Community\MSBuild\Microsoft\VC\v180\Microsoft.Cpp.Common.props (90,5)
C:\Program Files\Microsoft Visual Studio\18\Community\MSBuild\Microsoft\VC\v180\Microsoft.Cpp.Common.props(91,5): message : Property reassignment: $(VC_ExecutablePath_Loc)="C:\Program Files\Microsoft Visual Studio\18\Community\VC\Tools\MSVC\14.50.35717\bin\HostX64\arm64\1033;C:\Program Files\Microsoft Visual Studio\18\Community\VC\Tools\MSVC\14.50.35717\bin\HostX64\arm\1033;C:\Program Files\Microsoft Visual Studio\18\Community\VC\Tools\MSVC\14.50.35717\bin\HostX64\x64\1033;C:\Program Files\Microsoft Visual Studio\18\Community\VC\Tools\MSVC\14.50.35717\bin\HostX64\x86\1033;;;;;" (previous value: "C:\Program Files\Microsoft Visual Studio\18\Community\VC\Tools\MSVC\14.50.35717\bin\HostX64\arm\1033;C:\Program Files\Microsoft Visual Studio\18\Community\VC\Tools\MSVC\14.50.35717\bin\HostX64\x64\1033;C:\Program Files\Microsoft Visual Studio\18\Community\VC\Tools\MSVC\14.50.35717\bin\HostX64\x86\1033;;;;") at C:\Program Files\Microsoft Visual Studio\18\Community\MSBuild\Microsoft\VC\v180\Microsoft.Cpp.Common.props (91,5)
C:\Program Files\Microsoft Visual Studio\18\Community\MSBuild\Microsoft\VC\v180\Microsoft.Cpp.Common.props(92,5): message : Property reassignment: $(VC_ExecutablePath_Loc)="C:\Program Files\Microsoft Visual Studio\18\Community\VC\Tools\MSVC\14.50.35717\bin\HostX86\x86\1033;C:\Program Files\Microsoft Visual Studio\18\Community\VC\Tools\MSVC\14.50.35717\bin\HostX64\arm64\1033;C:\Program Files\Microsoft Visual Studio\18\Community\VC\Tools\MSVC\14.50.35717\bin\HostX64\arm\1033;C:\Program Files\Microsoft Visual Studio\18\Community\VC\Tools\MSVC\14.50.35717\bin\HostX64\x64\1033;C:\Program Files\Microsoft Visual Studio\18\Community\VC\Tools\MSVC\14.50.35717\bin\HostX64\x86\1033;;;;;;" (previous value: "C:\Program Files\Microsoft Visual Studio\18\Community\VC\Tools\MSVC\14.50.35717\bin\HostX64\arm64\1033;C:\Program Files\Microsoft Visual Studio\18\Community\VC\Tools\MSVC\14.50.35717\bin\HostX64\arm\1033;C:\Program Files\Microsoft Visual Studio\18\Community\VC\Tools\MSVC\14.50.35717\bin\HostX64\x64\1033;C:\Program Files\Microsoft Visual Studio\18\Community\VC\Tools\MSVC\14.50.35717\bin\HostX64\x86\1033;;;;;") at C:\Program Files\Microsoft Visual Studio\18\Community\MSBuild\Microsoft\VC\v180\Microsoft.Cpp.Common.props (92,5)
C:\Program Files\Microsoft Visual Studio\18\Community\MSBuild\Microsoft\VC\v180\Microsoft.Cpp.Common.props(93,5): message : Property reassignment: $(VC_ExecutablePath_Loc)="C:\Program Files\Microsoft Visual Studio\18\Community\VC\Tools\MSVC\14.50.35717\bin\HostX86\x64\1033;C:\Program Files\Microsoft Visual Studio\18\Community\VC\Tools\MSVC\14.50.35717\bin\HostX86\x86\1033;C:\Program Files\Microsoft Visual Studio\18\Community\VC\Tools\MSVC\14.50.35717\bin\HostX64\arm64\1033;C:\Program Files\Microsoft Visual Studio\18\Community\VC\Tools\MSVC\14.50.35717\bin\HostX64\arm\1033;C:\Program Files\Microsoft Visual Studio\18\Community\VC\Tools\MSVC\14.50.35717\bin\HostX64\x64\1033;C:\Program Files\Microsoft Visual Studio\18\Community\VC\Tools\MSVC\14.50.35717\bin\HostX64\x86\1033;;;;;;;" (previous value: "C:\Program Files\Microsoft Visual Studio\18\Community\VC\Tools\MSVC\14.50.35717\bin\HostX86\x86\1033;C:\Program Files\Microsoft Visual Studio\18\Community\VC\Tools\MSVC\14.50.35717\bin\HostX64\arm64\1033;C:\Program Files\Microsoft Visual Studio\18\Community\VC\Tools\MSVC\14.50.35717\bin\HostX64\arm\1033;C:\Program Files\Microsoft Visual Studio\18\Community\VC\Tools\MSVC\14.50.35717\bin\HostX64\x64\1033;C:\Program Files\Microsoft Visual Studio\18\Community\VC\Tools\MSVC\14.50.35717\bin\HostX64\x86\1033;;;;;;") at C:\Program Files\Microsoft Visual Studio\18\Community\MSBuild\Microsoft\VC\v180\Microsoft.Cpp.Common.props (93,5)
C:\Program Files\Microsoft Visual Studio\18\Community\MSBuild\Microsoft\VC\v180\Microsoft.Cpp.Common.props(94,5): message : Property reassignment: $(VC_ExecutablePath_Loc)="C:\Program Files\Microsoft Visual Studio\18\Community\VC\Tools\MSVC\14.50.35717\bin\HostX86\arm64\1033;C:\Program Files\Microsoft Visual Studio\18\Community\VC\Tools\MSVC\14.50.35717\bin\HostX86\x64\1033;C:\Program Files\Microsoft Visual Studio\18\Community\VC\Tools\MSVC\14.50.35717\bin\HostX86\x86\1033;C:\Program Files\Microsoft Visual Studio\18\Community\VC\Tools\MSVC\14.50.35717\bin\HostX64\arm64\1033;C:\Program Files\Microsoft Visual Studio\18\Community\VC\Tools\MSVC\14.50.35717\bin\HostX64\arm\1033;C:\Program Files\Microsoft Visual Studio\18\Community\VC\Tools\MSVC\14.50.35717\bin\HostX64\x64\1033;C:\Program Files\Microsoft Visual Studio\18\Community\VC\Tools\MSVC\14.50.35717\bin\HostX64\x86\1033;;;;;;;;" (previous value: "C:\Program Files\Microsoft Visual Studio\18\Community\VC\Tools\MSVC\14.50.35717\bin\HostX86\x64\1033;C:\Program Files\Microsoft Visual Studio\18\Community\VC\Tools\MSVC\14.50.35717\bin\HostX86\x86\1033;C:\Program Files\Microsoft Visual Studio\18\Community\VC\Tools\MSVC\14.50.35717\bin\HostX64\arm64\1033;C:\Program Files\Microsoft Visual Studio\18\Community\VC\Tools\MSVC\14.50.35717\bin\HostX64\arm\1033;C:\Program Files\Microsoft Visual Studio\18\Community\VC\Tools\MSVC\14.50.35717\bin\HostX64\x64\1033;C:\Program Files\Microsoft Visual Studio\18\Community\VC\Tools\MSVC\14.50.35717\bin\HostX64\x86\1033;;;;;;;") at C:\Program Files\Microsoft Visual Studio\18\Community\MSBuild\Microsoft\VC\v180\Microsoft.Cpp.Common.props (94,5)
C:\Program Files\Microsoft Visual Studio\18\Community\MSBuild\Microsoft\VC\v180\Microsoft.Cpp.Common.props(95,5): message : Property reassignment: $(VC_ExecutablePath_Loc)="C:\Program Files\Microsoft Visual Studio\18\Community\VC\Tools\MSVC\14.50.35717\bin\HostArm64\x86\1033;C:\Program Files\Microsoft Visual Studio\18\Community\VC\Tools\MSVC\14.50.35717\bin\HostX86\arm64\1033;C:\Program Files\Microsoft Visual Studio\18\Community\VC\Tools\MSVC\14.50.35717\bin\HostX86\x64\1033;C:\Program Files\Microsoft Visual Studio\18\Community\VC\Tools\MSVC\14.50.35717\bin\HostX86\x86\1033;C:\Program Files\Microsoft Visual Studio\18\Community\VC\Tools\MSVC\14.50.35717\bin\HostX64\arm64\1033;C:\Program Files\Microsoft Visual Studio\18\Community\VC\Tools\MSVC\14.50.35717\bin\HostX64\arm\1033;C:\Program Files\Microsoft Visual Studio\18\Community\VC\Tools\MSVC\14.50.35717\bin\HostX64\x64\1033;C:\Program Files\Microsoft Visual Studio\18\Community\VC\Tools\MSVC\14.50.35717\bin\HostX64\x86\1033;;;;;;;;;" (previous value: "C:\Program Files\Microsoft Visual Studio\18\Community\VC\Tools\MSVC\14.50.35717\bin\HostX86\arm64\1033;C:\Program Files\Microsoft Visual Studio\18\Community\VC\Tools\MSVC\14.50.35717\bin\HostX86\x64\1033;C:\Program Files\Microsoft Visual Studio\18\Community\VC\Tools\MSVC\14.50.35717\bin\HostX86\x86\1033;C:\Program Files\Microsoft Visual Studio\18\Community\VC\Tools\MSVC\14.50.35717\bin\HostX64\arm64\1033;C:\Program Files\Microsoft Visual Studio\18\Community\VC\Tools\MSVC\14.50.35717\bin\HostX64\arm\1033;C:\Program Files\Microsoft Visual Studio\18\Community\VC\Tools\MSVC\14.50.35717\bin\HostX64\x64\1033;C:\Program Files\Microsoft Visual Studio\18\Community\VC\Tools\MSVC\14.50.35717\bin\HostX64\x86\1033;;;;;;;;") at C:\Program Files\Microsoft Visual Studio\18\Community\MSBuild\Microsoft\VC\v180\Microsoft.Cpp.Common.props (95,5)
C:\Program Files\Microsoft Visual Studio\18\Community\MSBuild\Microsoft\VC\v180\Microsoft.Cpp.Common.props(96,5): message : Property reassignment: $(VC_ExecutablePath_Loc)="C:\Program Files\Microsoft Visual Studio\18\Community\VC\Tools\MSVC\14.50.35717\bin\HostArm64\x64\1033;C:\Program Files\Microsoft Visual Studio\18\Community\VC\Tools\MSVC\14.50.35717\bin\HostArm64\x86\1033;C:\Program Files\Microsoft Visual Studio\18\Community\VC\Tools\MSVC\14.50.35717\bin\HostX86\arm64\1033;C:\Program Files\Microsoft Visual Studio\18\Community\VC\Tools\MSVC\14.50.35717\bin\HostX86\x64\1033;C:\Program Files\Microsoft Visual Studio\18\Community\VC\Tools\MSVC\14.50.35717\bin\HostX86\x86\1033;C:\Program Files\Microsoft Visual Studio\18\Community\VC\Tools\MSVC\14.50.35717\bin\HostX64\arm64\1033;C:\Program Files\Microsoft Visual Studio\18\Community\VC\Tools\MSVC\14.50.35717\bin\HostX64\arm\1033;C:\Program Files\Microsoft Visual Studio\18\Community\VC\Tools\MSVC\14.50.35717\bin\HostX64\x64\1033;C:\Program Files\Microsoft Visual Studio\18\Community\VC\Tools\MSVC\14.50.35717\bin\HostX64\x86\1033;;;;;;;;;;" (previous value: "C:\Program Files\Microsoft Visual Studio\18\Community\VC\Tools\MSVC\14.50.35717\bin\HostArm64\x86\1033;C:\Program Files\Microsoft Visual Studio\18\Community\VC\Tools\MSVC\14.50.35717\bin\HostX86\arm64\1033;C:\Program Files\Microsoft Visual Studio\18\Community\VC\Tools\MSVC\14.50.35717\bin\HostX86\x64\1033;C:\Program Files\Microsoft Visual Studio\18\Community\VC\Tools\MSVC\14.50.35717\bin\HostX86\x86\1033;C:\Program Files\Microsoft Visual Studio\18\Community\VC\Tools\MSVC\14.50.35717\bin\HostX64\arm64\1033;C:\Program Files\Microsoft Visual Studio\18\Community\VC\Tools\MSVC\14.50.35717\bin\HostX64\arm\1033;C:\Program Files\Microsoft Visual Studio\18\Community\VC\Tools\MSVC\14.50.35717\bin\HostX64\x64\1033;C:\Program Files\Microsoft Visual Studio\18\Community\VC\Tools\MSVC\14.50.35717\bin\HostX64\x86\1033;;;;;;;;;") at C:\Program Files\Microsoft Visual Studio\18\Community\MSBuild\Microsoft\VC\v180\Microsoft.Cpp.Common.props (96,5)
C:\Program Files\Microsoft Visual Studio\18\Community\MSBuild\Microsoft\VC\v180\Microsoft.Cpp.Common.props(97,5): message : Property reassignment: $(VC_ExecutablePath_Loc)="C:\Program Files\Microsoft Visual Studio\18\Community\VC\Tools\MSVC\14.50.35717\bin\HostArm64\arm\1033;C:\Program Files\Microsoft Visual Studio\18\Community\VC\Tools\MSVC\14.50.35717\bin\HostArm64\x64\1033;C:\Program Files\Microsoft Visual Studio\18\Community\VC\Tools\MSVC\14.50.35717\bin\HostArm64\x86\1033;C:\Program Files\Microsoft Visual Studio\18\Community\VC\Tools\MSVC\14.50.35717\bin\HostX86\arm64\1033;C:\Program Files\Microsoft Visual Studio\18\Community\VC\Tools\MSVC\14.50.35717\bin\HostX86\x64\1033;C:\Program Files\Microsoft Visual Studio\18\Community\VC\Tools\MSVC\14.50.35717\bin\HostX86\x86\1033;C:\Program Files\Microsoft Visual Studio\18\Community\VC\Tools\MSVC\14.50.35717\bin\HostX64\arm64\1033;C:\Program Files\Microsoft Visual Studio\18\Community\VC\Tools\MSVC\14.50.35717\bin\HostX64\arm\1033;C:\Program Files\Microsoft Visual Studio\18\Community\VC\Tools\MSVC\14.50.35717\bin\HostX64\x64\1033;C:\Program Files\Microsoft Visual Studio\18\Community\VC\Tools\MSVC\14.50.35717\bin\HostX64\x86\1033;;;;;;;;;;;" (previous value: "C:\Program Files\Microsoft Visual Studio\18\Community\VC\Tools\MSVC\14.50.35717\bin\HostArm64\x64\1033;C:\Program Files\Microsoft Visual Studio\18\Community\VC\Tools\MSVC\14.50.35717\bin\HostArm64\x86\1033;C:\Program Files\Microsoft Visual Studio\18\Community\VC\Tools\MSVC\14.50.35717\bin\HostX86\arm64\1033;C:\Program Files\Microsoft Visual Studio\18\Community\VC\Tools\MSVC\14.50.35717\bin\HostX86\x64\1033;C:\Program Files\Microsoft Visual Studio\18\Community\VC\Tools\MSVC\14.50.35717\bin\HostX86\x86\1033;C:\Program Files\Microsoft Visual Studio\18\Community\VC\Tools\MSVC\14.50.35717\bin\HostX64\arm64\1033;C:\Program Files\Microsoft Visual Studio\18\Community\VC\Tools\MSVC\14.50.35717\bin\HostX64\arm\1033;C:\Program Files\Microsoft Visual Studio\18\Community\VC\Tools\MSVC\14.50.35717\bin\HostX64\x64\1033;C:\Program Files\Microsoft Visual Studio\18\Community\VC\Tools\MSVC\14.50.35717\bin\HostX64\x86\1033;;;;;;;;;;") at C:\Program Files\Microsoft Visual Studio\18\Community\MSBuild\Microsoft\VC\v180\Microsoft.Cpp.Common.props (97,5)
C:\Program Files\Microsoft Visual Studio\18\Community\MSBuild\Microsoft\VC\v180\Microsoft.Cpp.Common.props(98,5): message : Property reassignment: $(VC_ExecutablePath_Loc)="C:\Program Files\Microsoft Visual Studio\18\Community\VC\Tools\MSVC\14.50.35717\bin\HostArm64\arm64\1033;C:\Program Files\Microsoft Visual Studio\18\Community\VC\Tools\MSVC\14.50.35717\bin\HostArm64\arm\1033;C:\Program Files\Microsoft Visual Studio\18\Community\VC\Tools\MSVC\14.50.35717\bin\HostArm64\x64\1033;C:\Program Files\Microsoft Visual Studio\18\Community\VC\Tools\MSVC\14.50.35717\bin\HostArm64\x86\1033;C:\Program Files\Microsoft Visual Studio\18\Community\VC\Tools\MSVC\14.50.35717\bin\HostX86\arm64\1033;C:\Program Files\Microsoft Visual Studio\18\Community\VC\Tools\MSVC\14.50.35717\bin\HostX86\x64\1033;C:\Program Files\Microsoft Visual Studio\18\Community\VC\Tools\MSVC\14.50.35717\bin\HostX86\x86\1033;C:\Program Files\Microsoft Visual Studio\18\Community\VC\Tools\MSVC\14.50.35717\bin\HostX64\arm64\1033;C:\Program Files\Microsoft Visual Studio\18\Community\VC\Tools\MSVC\14.50.35717\bin\HostX64\arm\1033;C:\Program Files\Microsoft Visual Studio\18\Community\VC\Tools\MSVC\14.50.35717\bin\HostX64\x64\1033;C:\Program Files\Microsoft Visual Studio\18\Community\VC\Tools\MSVC\14.50.35717\bin\HostX64\x86\1033;;;;;;;;;;;;" (previous value: "C:\Program Files\Microsoft Visual Studio\18\Community\VC\Tools\MSVC\14.50.35717\bin\HostArm64\arm\1033;C:\Program Files\Microsoft Visual Studio\18\Community\VC\Tools\MSVC\14.50.35717\bin\HostArm64\x64\1033;C:\Program Files\Microsoft Visual Studio\18\Community\VC\Tools\MSVC\14.50.35717\bin\HostArm64\x86\1033;C:\Program Files\Microsoft Visual Studio\18\Community\VC\Tools\MSVC\14.50.35717\bin\HostX86\arm64\1033;C:\Program Files\Microsoft Visual Studio\18\Community\VC\Tools\MSVC\14.50.35717\bin\HostX86\x64\1033;C:\Program Files\Microsoft Visual Studio\18\Community\VC\Tools\MSVC\14.50.35717\bin\HostX86\x86\1033;C:\Program Files\Microsoft Visual Studio\18\Community\VC\Tools\MSVC\14.50.35717\bin\HostX64\arm64\1033;C:\Program Files\Microsoft Visual Studio\18\Community\VC\Tools\MSVC\14.50.35717\bin\HostX64\arm\1033;C:\Program Files\Microsoft Visual Studio\18\Community\VC\Tools\MSVC\14.50.35717\bin\HostX64\x64\1033;C:\Program Files\Microsoft Visual Studio\18\Community\VC\Tools\MSVC\14.50.35717\bin\HostX64\x86\1033;;;;;;;;;;;") at C:\Program Files\Microsoft Visual Studio\18\Community\MSBuild\Microsoft\VC\v180\Microsoft.Cpp.Common.props (98,5)
C:\Program Files\Microsoft Visual Studio\18\Community\MSBuild\Microsoft\VC\v180\Microsoft.Cpp.Common.props(123,5): message : Property reassignment: $(MSBuild_ExecutablePath)="C:\Program Files\Microsoft Visual Studio\18\Community\MSBuild\Current\Bin\amd64;C:\WINDOWS\Microsoft.NET\Framework64\v4.0.30319\;C:\WINDOWS\Microsoft.NET\Framework\v4.0.30319\;C:\Program Files\Microsoft Visual Studio\18\Community\MSBuild\Current\Bin;C:\WINDOWS\Microsoft.NET\Framework\v4.0.30319\" (previous value: "C:\Program Files\Microsoft Visual Studio\18\Community\MSBuild\Current\Bin;C:\WINDOWS\Microsoft.NET\Framework\v4.0.30319\") at C:\Program Files\Microsoft Visual Studio\18\Community\MSBuild\Microsoft\VC\v180\Microsoft.Cpp.Common.props (123,5)
C:\Program Files\Microsoft Visual Studio\18\Community\MSBuild\Microsoft\VC\v180\Microsoft.Cpp.Common.props(146,5): message : Property 'COMPUTERNAME' with value 'GIGA' expanded from the environment.
C:\Program Files\Microsoft Visual Studio\18\Community\MSBuild\Microsoft\VC\v180\Microsoft.Cpp.Common.props(152,5): message : Property reassignment: $(RemoteDebuggerDeployDebugCppRuntime)="true" (previous value: "false") at C:\Program Files\Microsoft Visual Studio\18\Community\MSBuild\Microsoft\VC\v180\Microsoft.Cpp.Common.props (152,5)
C:\Program Files\Microsoft Visual Studio\18\Community\MSBuild\Microsoft\VC\v180\Microsoft.Cpp.Common.props(213,5): message : Property reassignment: $(MultiProcMaxCount)="0" (previous value: "") at C:\Program Files\Microsoft Visual Studio\18\Community\MSBuild\Microsoft\VC\v180\Microsoft.Cpp.Common.props (213,5)
C:\Program Files\Microsoft Visual Studio\18\Community\MSBuild\Microsoft\VC\v180\Microsoft.CodeAnalysis.Extensions.props(21,5): message : Property reassignment: $(EspXtensions)="EnumIndex.dll;CppCoreCheck.dll;" (previous value: "CppCoreCheck.dll;") at C:\Program Files\Microsoft Visual Studio\18\Community\MSBuild\Microsoft\VC\v180\Microsoft.CodeAnalysis.Extensions.props (21,5)
C:\Program Files\Microsoft Visual Studio\18\Community\MSBuild\Microsoft\VC\v180\Microsoft.CodeAnalysis.Extensions.props(24,5): message : Property reassignment: $(EspXtensions)="HResultCheck.dll;EnumIndex.dll;CppCoreCheck.dll;" (previous value: "EnumIndex.dll;CppCoreCheck.dll;") at C:\Program Files\Microsoft Visual Studio\18\Community\MSBuild\Microsoft\VC\v180\Microsoft.CodeAnalysis.Extensions.props (24,5)
C:\Program Files\Microsoft Visual Studio\18\Community\MSBuild\Microsoft\VC\v180\Microsoft.CodeAnalysis.Extensions.props(27,5): message : Property reassignment: $(EspXtensions)="VariantClear.dll;HResultCheck.dll;EnumIndex.dll;CppCoreCheck.dll;" (previous value: "HResultCheck.dll;EnumIndex.dll;CppCoreCheck.dll;") at C:\Program Files\Microsoft Visual Studio\18\Community\MSBuild\Microsoft\VC\v180\Microsoft.CodeAnalysis.Extensions.props (27,5)
C:\Program Files\Microsoft Visual Studio\18\Community\MSBuild\Microsoft\VC\v180\Microsoft.CodeAnalysis.Extensions.props(31,5): message : Property reassignment: $(ConcurrencyCheckPath)="C:\Program Files\Microsoft Visual Studio\18\Community\VC\Tools\MSVC\14.50.35717\bin\HostX64\x64\ConcurrencyCheck.dll" (previous value: "C:\Program Files\Microsoft Visual Studio\18\Community\VC\Tools\MSVC\14.50.35717\bin\HostX86\x86\ConcurrencyCheck.dll") at C:\Program Files\Microsoft Visual Studio\18\Community\MSBuild\Microsoft\VC\v180\Microsoft.CodeAnalysis.Extensions.props (31,5)
C:\Program Files\Microsoft Visual Studio\18\Community\MSBuild\Microsoft\VC\v180\Microsoft.CodeAnalysis.Extensions.props(34,5): message : Property reassignment: $(EspXtensions)="ConcurrencyCheck.dll;VariantClear.dll;HResultCheck.dll;EnumIndex.dll;CppCoreCheck.dll;" (previous value: "VariantClear.dll;HResultCheck.dll;EnumIndex.dll;CppCoreCheck.dll;") at C:\Program Files\Microsoft Visual Studio\18\Community\MSBuild\Microsoft\VC\v180\Microsoft.CodeAnalysis.Extensions.props (34,5)
C:\Program Files\Microsoft Visual Studio\18\Community\MSBuild\Microsoft\VC\v180\Microsoft.Cpp.unicodesupport.props(15,5): message : Property reassignment: $(_PropertySheetDisplayName)="Unicode Support" (previous value: "Core Windows Libraries") at C:\Program Files\Microsoft Visual Studio\18\Community\MSBuild\Microsoft\VC\v180\Microsoft.Cpp.unicodesupport.props (15,5)
C:\Program Files\Microsoft Visual Studio\18\Community\MSBuild\Microsoft\VC\v180\Microsoft.Cpp.WinDLL.props(15,5): message : Property reassignment: $(_PropertySheetDisplayName)="Windows Dynamic Link Library" (previous value: "Unicode Support") at C:\Program Files\Microsoft Visual Studio\18\Community\MSBuild\Microsoft\VC\v180\Microsoft.Cpp.WinDLL.props (15,5)
C:\Program Files\Microsoft Visual Studio\18\Community\MSBuild\Microsoft\VC\v180\Microsoft.Cpp.ManagedExtensionsNetCore.props(15,5): message : Property reassignment: $(_PropertySheetDisplayName)="C++ Common Language Runtime .NET Core Support" (previous value: "Windows Dynamic Link Library") at C:\Program Files\Microsoft Visual Studio\18\Community\MSBuild\Microsoft\VC\v180\Microsoft.Cpp.ManagedExtensionsNetCore.props (15,5)
C:\Program Files\Microsoft Visual Studio\18\Community\MSBuild\Microsoft\VC\v180\Microsoft.Cpp.MSVC.Toolset.Common.props(55,5): message : Property 'Path' with value 'F:\projects\.venv\Scripts;C:\Program Files\Microsoft Visual Studio\18\Community\VC\Tools\MSVC\14.50.35717\bin\HostX64\x64;C:\Program Files\Microsoft Visual Studio\18\Community\Common7\IDE\VC\VCPackages;C:\Program Files\Microsoft Visual Studio\18\Community\Common7\IDE\CommonExtensions\Microsoft\TestWindow;C:\Program Files\Microsoft Visual Studio\18\Community\Common7\IDE\CommonExtensions\Microsoft\TeamFoundation\Team Explorer;C:\Program Files\Microsoft Visual Studio\18\Community\MSBuild\Current\bin\Roslyn;C:\Program Files (x86)\Microsoft SDKs\Windows\v10.0A\bin\NETFX 4.8 Tools\x64\;C:\Program Files\Microsoft Visual Studio\18\Community\Common7\IDE\CommonExtensions\Microsoft\FSharp\Tools;C:\Program Files\Microsoft Visual Studio\18\Community\Team Tools\DiagnosticsHub\Collector;C:\Program Files\Microsoft Visual Studio\18\Community\Common7\IDE\Extensions\Microsoft\CodeCoverage.Console;C:\Program Files (x86)\Windows Kits\10\bin\10.0.26100.0\\x64;C:\Program Files (x86)\Windows Kits\10\bin\\x64;C:\Program Files\Microsoft Visual Studio\18\Community\\MSBuild\Current\Bin\amd64;C:\Windows\Microsoft.NET\Framework64\v4.0.30319;C:\Program Files\Microsoft Visual Studio\18\Community\Common7\IDE\;C:\Program Files\Microsoft Visual Studio\18\Community\Common7\Tools\;C:\Program Files\PowerShell\7;C:\Program Files (x86)\oh-my-posh\bin\;C:\Program Files (x86)\VMware\VMware Workstation\bin\;C:\WINDOWS\system32;C:\WINDOWS;C:\WINDOWS\System32\Wbem;C:\WINDOWS\System32\WindowsPowerShell\v1.0\;C:\WINDOWS\System32\OpenSSH\;C:\Program Files\NVIDIA Corporation\NVIDIA App\NvDLISR;C:\Program Files (x86)\NVIDIA Corporation\PhysX\Common;C:\Program Files\doxygen\bin;C:\Program Files\Git\cmd;C:\Program Files\GitHub CLI\;C:\Program Files\nodejs\;C:\Program Files\PowerShell\7\;C:\Program Files\Pandoc\;C:\Program Files (x86)\Windows Kits\10\Windows Performance Toolkit\;C:\Program Files\dotnet\;C:\Program Files\CMake\bin;C:\Users\abdes\AppData\Local\Programs\oh-my-posh\bin\;C:\Program Files\LLVM\bin;F:\projects\DroidNet\projects\Oxygen.Engine\out\install\bin;C:\Program Files\Graphviz\bin;D:\dev\ccache;D:\dev\ninja;C:\Program Files\Conan\conan;F:\python\Scripts\;F:\python\;C:\Users\abdes\AppData\Local\Microsoft\WindowsApps;C:\Users\abdes\AppData\Local\Microsoft\WinGet\Packages\junegunn.fzf_Microsoft.Winget.Source_8wekyb3d8bbwe;C:\Program Files\Microsoft Visual Studio\18\Community\VC\Tools\MSVC\14.50.35717\bin\Hostx64\x64;C:\Users\abdes\AppData\Local\Programs\Microsoft VS Code\bin;C:\Users\abdes\.dotnet\tools;C:\Users\abdes\AppData\Roaming\npm;G:\Antigravity\bin;C:\Program Files\Microsoft Visual Studio\18\Community\Common7\IDE\CommonExtensions\Microsoft\CMake\CMake\bin;C:\Program Files\Microsoft Visual Studio\18\Community\Common7\IDE\CommonExtensions\Microsoft\CMake\Ninja;C:\Program Files\Microsoft Visual Studio\18\Community\Common7\IDE\VC\Linux\bin\ConnectionManagerExe;C:\Program Files\Microsoft Visual Studio\18\Community\VC\vcpkg;D:\dev\bin' expanded from the environment.
C:\Program Files\Microsoft Visual Studio\18\Community\MSBuild\Microsoft\VC\v180\Microsoft.Cpp.MSVC.Toolset.Common.props(56,5): message : Property 'SystemRoot' with value 'C:\WINDOWS' expanded from the environment.
F:\projects\DroidNet\projects\Oxygen.Editor.Interop\src\Oxygen.Editor.Interop.vcxproj(96,5): message : Property reassignment: $(LinkIncremental)="false" (previous value: "true") at F:\projects\DroidNet\projects\Oxygen.Editor.Interop\src\Oxygen.Editor.Interop.vcxproj (96,5)
F:\projects\DroidNet\projects\Oxygen.Editor.Interop\src\Oxygen.Editor.Interop.vcxproj(97,5): message : Property reassignment: $(CopyLocalProjectReference)="true" (previous value: "false") at F:\projects\DroidNet\projects\Oxygen.Editor.Interop\src\Oxygen.Editor.Interop.vcxproj (97,5)
F:\projects\DroidNet\projects\Oxygen.Editor.Interop\src\Oxygen.Editor.Interop.vcxproj(98,5): message : Property reassignment: $(CopyLocalDebugSymbols)="true" (previous value: "false") at F:\projects\DroidNet\projects\Oxygen.Editor.Interop\src\Oxygen.Editor.Interop.vcxproj (98,5)
F:\projects\DroidNet\projects\Oxygen.Editor.Interop\src\Oxygen.Editor.Interop.vcxproj(99,5): message : Property reassignment: $(OutDir)="F:\projects\DroidNet\projects\Oxygen.Editor.Interop\src\../../..\artifacts\bin\Oxygen.Editor.Interop\Debug_net9.0\" (previous value: "F:\projects\DroidNet\projects\Oxygen.Editor.Interop\src\x64\Debug\") at F:\projects\DroidNet\projects\Oxygen.Editor.Interop\src\Oxygen.Editor.Interop.vcxproj (99,5)
F:\projects\DroidNet\projects\Oxygen.Editor.Interop\src\Oxygen.Editor.Interop.vcxproj(100,5): message : Property reassignment: $(IntDir)="F:\projects\DroidNet\projects\Oxygen.Editor.Interop\src\../../..\artifacts\obj\Oxygen.Editor.Interop\Debug_net9.0\" (previous value: "Oxygen.E.FB1BE623\x64\Debug\") at F:\projects\DroidNet\projects\Oxygen.Editor.Interop\src\Oxygen.Editor.Interop.vcxproj (100,5)
C:\Program Files\Microsoft Visual Studio\18\Community\MSBuild\Microsoft\VC\v180\Microsoft.Cpp.targets(25,5): message : Property reassignment: $(ManagedAssembly)="true" (previous value: "false") at C:\Program Files\Microsoft Visual Studio\18\Community\MSBuild\Microsoft\VC\v180\Microsoft.Cpp.targets (25,5)
C:\Program Files\Microsoft Visual Studio\18\Community\MSBuild\Microsoft\VC\v180\Microsoft.Cpp.Current.targets(44,5): message : Property reassignment: $(ReferencePath)="C:\Program Files (x86)\Windows Kits\10\References;;C:\Program Files\Microsoft Visual Studio\18\Community\VC\Tools\MSVC\14.50.35717\atlmfc\lib\x64;;C:\Program Files\Microsoft Visual Studio\18\Community\VC\Tools\MSVC\14.50.35717\lib\x64;" (previous value: "C:\Program Files\Microsoft Visual Studio\18\Community\VC\Tools\MSVC\14.50.35717\atlmfc\lib\x64;;C:\Program Files\Microsoft Visual Studio\18\Community\VC\Tools\MSVC\14.50.35717\lib\x64;") at C:\Program Files\Microsoft Visual Studio\18\Community\MSBuild\Microsoft\VC\v180\Microsoft.Cpp.Current.targets (44,5)
C:\Program Files\Microsoft Visual Studio\18\Community\MSBuild\Microsoft\VC\v180\Microsoft.CppCommon.targets(40,5): message : Property reassignment: $(ExtensionsToDeleteOnClean)="*.cdf;*.cache;*.obj;*.obj.enc;*.ilk;*.ipdb;*.iobj;*.resources;*.tlb;*.tli;*.tlh;*.tmp;*.rsp;*.pgc;*.pgd;*.meta;*.tlog;*.manifest;*.res;*.pch;*.exp;*.idb;*.rep;*.xdc;*.pdb;*_manifest.rc;*.bsc;*.sbr;*.xml;*.metagen;*.bi;F:\projects\DroidNet\artifacts\bin\Oxygen.Editor.Interop\Debug_net9.0\DroidNet.Oxygen.Editor.Interop.dll.manifest;F:\projects\DroidNet\projects\Oxygen.Editor.Interop\src\../../..\artifacts\bin\Oxygen.Editor.Interop\Debug_net9.0\DroidNet.Oxygen.Editor.Interop.tlb;F:\projects\DroidNet\projects\Oxygen.Editor.Interop\src\../../..\artifacts\bin\Oxygen.Editor.Interop\Debug_net9.0\DroidNet.Oxygen.Editor.Interop.pdb;F:\projects\DroidNet\artifacts\bin\Oxygen.Editor.Interop\Debug_net9.0\DroidNet.Oxygen.Editor.Interop.dll;F:\projects\DroidNet\projects\Oxygen.Editor.Interop\src\../../..\artifacts\bin\Oxygen.Editor.Interop\Debug_net9.0\DroidNet.Oxygen.Editor.Interop.bsc;F:\projects\DroidNet\projects\Oxygen.Editor.Interop\src\../../..\artifacts\bin\Oxygen.Editor.Interop\Debug_net9.0\DroidNet.Oxygen.Editor.Interop.ilk;F:\projects\DroidNet\artifacts\bin\Oxygen.Editor.Interop\Debug_net9.0\DroidNet.Oxygen.Editor.Interop.dll.intermediate.manifest;F:\projects\DroidNet\projects\Oxygen.Editor.Interop\src\../../..\artifacts\obj\Oxygen.Editor.Interop\Debug_net9.0\Oxygen.Editor.Interop.vcxproj.FileListAbsolute.txt" (previous value: "*.cdf;*.cache;*.obj;*.obj.enc;*.ilk;*.ipdb;*.iobj;*.resources;*.tlb;*.tli;*.tlh;*.tmp;*.rsp;*.pgc;*.pgd;*.meta;*.tlog;*.manifest;*.res;*.pch;*.exp;*.idb;*.rep;*.xdc;*.pdb;*_manifest.rc;*.bsc;*.sbr;*.xml;*.metagen;*.bi") at C:\Program Files\Microsoft Visual Studio\18\Community\MSBuild\Microsoft\VC\v180\Microsoft.CppCommon.targets (40,5)
Assembly loaded during Evaluation: Microsoft.Build.NuGetSdkResolver, Version=7.0.0.289, Culture=neutral, PublicKeyToken=31bf3856ad364e35 (location: C:\Program Files\Microsoft Visual Studio\18\Community\Common7\IDE\CommonExtensions\Microsoft\NuGet\Microsoft.Build.NuGetSdkResolver.dll, MVID: 31ff7d98-ee96-49dd-b99b-7d9be10eb731, AppDomain: [Default])
Assembly loaded during Evaluation: NuGet.Common, Version=7.0.0.289, Culture=neutral, PublicKeyToken=31bf3856ad364e35 (location: C:\Program Files\Microsoft Visual Studio\18\Community\Common7\IDE\CommonExtensions\Microsoft\NuGet\NuGet.Common.dll, MVID: 7ec11096-f0f1-44fa-8b41-b5c06c26d11a, AppDomain: [Default])
Assembly loaded during Evaluation: Microsoft.DotNet.MSBuildSdkResolver, Version=8.0.100.0, Culture=neutral, PublicKeyToken=adb9793829ddae60 (location: C:\Program Files\Microsoft Visual Studio\18\Community\MSBuild\Current\Bin\SdkResolvers\Microsoft.DotNet.MSBuildSdkResolver\Microsoft.DotNet.MSBuildSdkResolver.dll, MVID: 2f8902a0-80c8-4051-872c-e6ee4c8dc723, AppDomain: [Default])
Assembly loaded during Evaluation: System.Text.Json, Version=9.0.0.0, Culture=neutral, PublicKeyToken=cc7b13ffcd2ddd51 (location: C:\Program Files\Microsoft Visual Studio\18\Community\MSBuild\Current\Bin\System.Text.Json.dll, MVID: 0f8ebac6-194c-4d21-8f18-b1491bfdbbc0, AppDomain: [Default])
Assembly loaded during Evaluation: System.IO.Pipelines, Version=9.0.0.0, Culture=neutral, PublicKeyToken=cc7b13ffcd2ddd51 (location: C:\Program Files\Microsoft Visual Studio\18\Community\MSBuild\Current\Bin\System.IO.Pipelines.dll, MVID: 51b2773e-ed85-4f48-bea9-0bd26c07cd62, AppDomain: [Default])
Assembly loaded during Evaluation: Microsoft.Deployment.DotNet.Releases, Version=2.0.0.0, Culture=neutral, PublicKeyToken=31bf3856ad364e35 (location: C:\Program Files\Microsoft Visual Studio\18\Community\MSBuild\Current\Bin\SdkResolvers\Microsoft.DotNet.MSBuildSdkResolver\Microsoft.Deployment.DotNet.Releases.dll, MVID: b12a74a4-c55f-4b3d-9def-3c162d8ff5ea, AppDomain: [Default])
The SDK "Microsoft.NET.Sdk" was successfully resolved by the "Microsoft.DotNet.MSBuildSdkResolver" resolver to location "C:\Program Files\dotnet\sdk\10.0.100\Sdks\Microsoft.NET.Sdk\Sdk" and version "10.0.100".
An SDK attempted set the environment variable "DOTNET_HOST_PATH" to "C:\Program Files\dotnet\dotnet.exe".
The "Configuration" property is a global property, and cannot be modified.
C:\Program Files\dotnet\sdk\10.0.100\Sdks\Microsoft.NET.Sdk\targets\Microsoft.NET.Sdk.ImportPublishProfile.targets(28,5): message : Property reassignment: $(PublishProfileImported)="false" (previous value: "true") at C:\Program Files\dotnet\sdk\10.0.100\Sdks\Microsoft.NET.Sdk\targets\Microsoft.NET.Sdk.ImportPublishProfile.targets (28,5)
C:\Program Files\dotnet\sdk\10.0.100\Sdks\Microsoft.NET.Sdk\targets\Microsoft.NET.Sdk.BeforeCommon.targets(344,11): message : Property 'DOTNET_HOST_PATH' with value 'C:\Program Files\dotnet\dotnet.exe' expanded from the environment.
C:\Program Files\dotnet\sdk\10.0.100\Sdks\Microsoft.NET.Sdk\targets\Microsoft.NET.Sdk.BeforeCommon.targets(374,5): message : Property reassignment: $(RoslynTargetsPath)="C:\Program Files\dotnet\sdk\10.0.100\Sdks\Microsoft.NET.Sdk\targets\..\..\..\Roslyn\binfx" (previous value: "C:\Program Files\Microsoft Visual Studio\18\Community\MSBuild\Current\Bin\Roslyn") at C:\Program Files\dotnet\sdk\10.0.100\Sdks\Microsoft.NET.Sdk\targets\Microsoft.NET.Sdk.BeforeCommon.targets (374,5)
C:\Program Files\Microsoft Visual Studio\18\Community\MSBuild\Microsoft\VC\v180\Microsoft.BuildSteps.Targets(32,5): message : Property reassignment: $(DebugType)="none" (previous value: "") at C:\Program Files\Microsoft Visual Studio\18\Community\MSBuild\Microsoft\VC\v180\Microsoft.BuildSteps.Targets (32,5)
Search paths being used for $(MSBuildExtensionsPath) are C:\Program Files\Microsoft Visual Studio\18\Community\MSBuild;$(MSBuildProgramFiles32)\MSBuild
Search paths being used for $(MSBuildExtensionsPath) are C:\Program Files\Microsoft Visual Studio\18\Community\MSBuild;$(MSBuildProgramFiles32)\MSBuild
Trying to import C:\Program Files\Microsoft Visual Studio\18\Community\MSBuild\$(MSBuildToolsVersion)\Microsoft.Common.targets\ImportBefore\* using extensions path C:\Program Files\Microsoft Visual Studio\18\Community\MSBuild
The "Configuration" property is a global property, and cannot be modified.
C:\Program Files\Microsoft Visual Studio\18\Community\MSBuild\Current\Bin\amd64\Microsoft.Common.CurrentVersion.targets(348,16): message : Property 'DevEnvDir' with value 'C:\Program Files\Microsoft Visual Studio\18\Community\Common7\IDE\' expanded from the environment.
C:\Program Files\Microsoft Visual Studio\18\Community\MSBuild\Current\Bin\amd64\Microsoft.Common.CurrentVersion.targets(392,5): message : Property reassignment: $(MSBuildCopyMarkerName)="Oxygen.E.1ACEA34A" (previous value: "Oxygen.Editor.Interop.vcxproj") at C:\Program Files\Microsoft Visual Studio\18\Community\MSBuild\Current\Bin\amd64\Microsoft.Common.CurrentVersion.targets (392,5)
C:\Program Files\Microsoft Visual Studio\18\Community\MSBuild\Current\Bin\amd64\Microsoft.Common.CurrentVersion.targets(393,5): message : Property reassignment: $(MSBuildCopyMarkerName)="Oxygen.E.1ACEA34A.Up2Date" (previous value: "Oxygen.E.1ACEA34A") at C:\Program Files\Microsoft Visual Studio\18\Community\MSBuild\Current\Bin\amd64\Microsoft.Common.CurrentVersion.targets (393,5)
C:\Program Files\Microsoft Visual Studio\18\Community\MSBuild\Current\Bin\amd64\Microsoft.Common.CurrentVersion.targets(528,5): message : Property reassignment: $(ProcessorArchitecture)="amd64" (previous value: "x64") at C:\Program Files\Microsoft Visual Studio\18\Community\MSBuild\Current\Bin\amd64\Microsoft.Common.CurrentVersion.targets (528,5)
C:\Program Files\Microsoft Visual Studio\18\Community\MSBuild\Current\Bin\amd64\Microsoft.Common.CurrentVersion.targets(562,42): message : Property 'MSBuildExtensionsPath64' with value 'C:\Program Files\MSBuild' expanded from the environment.
C:\Program Files\Microsoft Visual Studio\18\Community\MSBuild\Current\Bin\amd64\Microsoft.Common.CurrentVersion.targets(580,5): message : Property reassignment: $(DelaySign)="" (previous value: "false") at C:\Program Files\Microsoft Visual Studio\18\Community\MSBuild\Current\Bin\amd64\Microsoft.Common.CurrentVersion.targets (580,5)
C:\Program Files\Microsoft Visual Studio\18\Community\MSBuild\Current\Bin\amd64\Microsoft.Common.CurrentVersion.targets(649,5): message : Property reassignment: $(AssemblySearchPaths)="{CandidateAssemblyFiles};C:\Program Files (x86)\Windows Kits\10\References;;C:\Program Files\Microsoft Visual Studio\18\Community\VC\Tools\MSVC\14.50.35717\atlmfc\lib\x64;;C:\Program Files\Microsoft Visual Studio\18\Community\VC\Tools\MSVC\14.50.35717\lib\x64;" (previous value: "{CandidateAssemblyFiles}") at C:\Program Files\Microsoft Visual Studio\18\Community\MSBuild\Current\Bin\amd64\Microsoft.Common.CurrentVersion.targets (649,5)
C:\Program Files\Microsoft Visual Studio\18\Community\MSBuild\Current\Bin\amd64\Microsoft.Common.CurrentVersion.targets(650,5): message : Property reassignment: $(AssemblySearchPaths)="{CandidateAssemblyFiles};C:\Program Files (x86)\Windows Kits\10\References;;C:\Program Files\Microsoft Visual Studio\18\Community\VC\Tools\MSVC\14.50.35717\atlmfc\lib\x64;;C:\Program Files\Microsoft Visual Studio\18\Community\VC\Tools\MSVC\14.50.35717\lib\x64;;{HintPathFromItem}" (previous value: "{CandidateAssemblyFiles};C:\Program Files (x86)\Windows Kits\10\References;;C:\Program Files\Microsoft Visual Studio\18\Community\VC\Tools\MSVC\14.50.35717\atlmfc\lib\x64;;C:\Program Files\Microsoft Visual Studio\18\Community\VC\Tools\MSVC\14.50.35717\lib\x64;") at C:\Program Files\Microsoft Visual Studio\18\Community\MSBuild\Current\Bin\amd64\Microsoft.Common.CurrentVersion.targets (650,5)
C:\Program Files\Microsoft Visual Studio\18\Community\MSBuild\Current\Bin\amd64\Microsoft.Common.CurrentVersion.targets(651,5): message : Property reassignment: $(AssemblySearchPaths)="{CandidateAssemblyFiles};C:\Program Files (x86)\Windows Kits\10\References;;C:\Program Files\Microsoft Visual Studio\18\Community\VC\Tools\MSVC\14.50.35717\atlmfc\lib\x64;;C:\Program Files\Microsoft Visual Studio\18\Community\VC\Tools\MSVC\14.50.35717\lib\x64;;{HintPathFromItem};{TargetFrameworkDirectory}" (previous value: "{CandidateAssemblyFiles};C:\Program Files (x86)\Windows Kits\10\References;;C:\Program Files\Microsoft Visual Studio\18\Community\VC\Tools\MSVC\14.50.35717\atlmfc\lib\x64;;C:\Program Files\Microsoft Visual Studio\18\Community\VC\Tools\MSVC\14.50.35717\lib\x64;;{HintPathFromItem}") at C:\Program Files\Microsoft Visual Studio\18\Community\MSBuild\Current\Bin\amd64\Microsoft.Common.CurrentVersion.targets (651,5)
C:\Program Files\Microsoft Visual Studio\18\Community\MSBuild\Current\Bin\amd64\Microsoft.Common.CurrentVersion.targets(652,5): message : Property reassignment: $(AssemblySearchPaths)="{CandidateAssemblyFiles};C:\Program Files (x86)\Windows Kits\10\References;;C:\Program Files\Microsoft Visual Studio\18\Community\VC\Tools\MSVC\14.50.35717\atlmfc\lib\x64;;C:\Program Files\Microsoft Visual Studio\18\Community\VC\Tools\MSVC\14.50.35717\lib\x64;;{HintPathFromItem};{TargetFrameworkDirectory};{AssemblyFoldersFromConfig:C:\Program Files\Microsoft Visual Studio\18\Community\MSBuild\Current\Bin\AssemblyFolders.config,v9.0};" (previous value: "{CandidateAssemblyFiles};C:\Program Files (x86)\Windows Kits\10\References;;C:\Program Files\Microsoft Visual Studio\18\Community\VC\Tools\MSVC\14.50.35717\atlmfc\lib\x64;;C:\Program Files\Microsoft Visual Studio\18\Community\VC\Tools\MSVC\14.50.35717\lib\x64;;{HintPathFromItem};{TargetFrameworkDirectory}") at C:\Program Files\Microsoft Visual Studio\18\Community\MSBuild\Current\Bin\amd64\Microsoft.Common.CurrentVersion.targets (652,5)
C:\Program Files\Microsoft Visual Studio\18\Community\MSBuild\Current\Bin\amd64\Microsoft.Common.CurrentVersion.targets(653,5): message : Property reassignment: $(AssemblySearchPaths)="{CandidateAssemblyFiles};C:\Program Files (x86)\Windows Kits\10\References;;C:\Program Files\Microsoft Visual Studio\18\Community\VC\Tools\MSVC\14.50.35717\atlmfc\lib\x64;;C:\Program Files\Microsoft Visual Studio\18\Community\VC\Tools\MSVC\14.50.35717\lib\x64;;{HintPathFromItem};{TargetFrameworkDirectory};{AssemblyFoldersFromConfig:C:\Program Files\Microsoft Visual Studio\18\Community\MSBuild\Current\Bin\AssemblyFolders.config,v9.0};;{Registry:Software\Microsoft\.NETCoreApp,v9.0,AssemblyFoldersEx}" (previous value: "{CandidateAssemblyFiles};C:\Program Files (x86)\Windows Kits\10\References;;C:\Program Files\Microsoft Visual Studio\18\Community\VC\Tools\MSVC\14.50.35717\atlmfc\lib\x64;;C:\Program Files\Microsoft Visual Studio\18\Community\VC\Tools\MSVC\14.50.35717\lib\x64;;{HintPathFromItem};{TargetFrameworkDirectory};{AssemblyFoldersFromConfig:C:\Program Files\Microsoft Visual Studio\18\Community\MSBuild\Current\Bin\AssemblyFolders.config,v9.0};") at C:\Program Files\Microsoft Visual Studio\18\Community\MSBuild\Current\Bin\amd64\Microsoft.Common.CurrentVersion.targets (653,5)
C:\Program Files\Microsoft Visual Studio\18\Community\MSBuild\Current\Bin\amd64\Microsoft.Common.CurrentVersion.targets(654,5): message : Property reassignment: $(AssemblySearchPaths)="{CandidateAssemblyFiles};C:\Program Files (x86)\Windows Kits\10\References;;C:\Program Files\Microsoft Visual Studio\18\Community\VC\Tools\MSVC\14.50.35717\atlmfc\lib\x64;;C:\Program Files\Microsoft Visual Studio\18\Community\VC\Tools\MSVC\14.50.35717\lib\x64;;{HintPathFromItem};{TargetFrameworkDirectory};{AssemblyFoldersFromConfig:C:\Program Files\Microsoft Visual Studio\18\Community\MSBuild\Current\Bin\AssemblyFolders.config,v9.0};;{Registry:Software\Microsoft\.NETCoreApp,v9.0,AssemblyFoldersEx};{AssemblyFolders}" (previous value: "{CandidateAssemblyFiles};C:\Program Files (x86)\Windows Kits\10\References;;C:\Program Files\Microsoft Visual Studio\18\Community\VC\Tools\MSVC\14.50.35717\atlmfc\lib\x64;;C:\Program Files\Microsoft Visual Studio\18\Community\VC\Tools\MSVC\14.50.35717\lib\x64;;{HintPathFromItem};{TargetFrameworkDirectory};{AssemblyFoldersFromConfig:C:\Program Files\Microsoft Visual Studio\18\Community\MSBuild\Current\Bin\AssemblyFolders.config,v9.0};;{Registry:Software\Microsoft\.NETCoreApp,v9.0,AssemblyFoldersEx}") at C:\Program Files\Microsoft Visual Studio\18\Community\MSBuild\Current\Bin\amd64\Microsoft.Common.CurrentVersion.targets (654,5)
C:\Program Files\Microsoft Visual Studio\18\Community\MSBuild\Current\Bin\amd64\Microsoft.Common.CurrentVersion.targets(655,5): message : Property reassignment: $(AssemblySearchPaths)="{CandidateAssemblyFiles};C:\Program Files (x86)\Windows Kits\10\References;;C:\Program Files\Microsoft Visual Studio\18\Community\VC\Tools\MSVC\14.50.35717\atlmfc\lib\x64;;C:\Program Files\Microsoft Visual Studio\18\Community\VC\Tools\MSVC\14.50.35717\lib\x64;;{HintPathFromItem};{TargetFrameworkDirectory};{AssemblyFoldersFromConfig:C:\Program Files\Microsoft Visual Studio\18\Community\MSBuild\Current\Bin\AssemblyFolders.config,v9.0};;{Registry:Software\Microsoft\.NETCoreApp,v9.0,AssemblyFoldersEx};{AssemblyFolders};{GAC}" (previous value: "{CandidateAssemblyFiles};C:\Program Files (x86)\Windows Kits\10\References;;C:\Program Files\Microsoft Visual Studio\18\Community\VC\Tools\MSVC\14.50.35717\atlmfc\lib\x64;;C:\Program Files\Microsoft Visual Studio\18\Community\VC\Tools\MSVC\14.50.35717\lib\x64;;{HintPathFromItem};{TargetFrameworkDirectory};{AssemblyFoldersFromConfig:C:\Program Files\Microsoft Visual Studio\18\Community\MSBuild\Current\Bin\AssemblyFolders.config,v9.0};;{Registry:Software\Microsoft\.NETCoreApp,v9.0,AssemblyFoldersEx};{AssemblyFolders}") at C:\Program Files\Microsoft Visual Studio\18\Community\MSBuild\Current\Bin\amd64\Microsoft.Common.CurrentVersion.targets (655,5)
C:\Program Files\Microsoft Visual Studio\18\Community\MSBuild\Current\Bin\amd64\Microsoft.Common.CurrentVersion.targets(656,5): message : Property reassignment: $(AssemblySearchPaths)="{CandidateAssemblyFiles};C:\Program Files (x86)\Windows Kits\10\References;;C:\Program Files\Microsoft Visual Studio\18\Community\VC\Tools\MSVC\14.50.35717\atlmfc\lib\x64;;C:\Program Files\Microsoft Visual Studio\18\Community\VC\Tools\MSVC\14.50.35717\lib\x64;;{HintPathFromItem};{TargetFrameworkDirectory};{AssemblyFoldersFromConfig:C:\Program Files\Microsoft Visual Studio\18\Community\MSBuild\Current\Bin\AssemblyFolders.config,v9.0};;{Registry:Software\Microsoft\.NETCoreApp,v9.0,AssemblyFoldersEx};{AssemblyFolders};{GAC};{RawFileName}" (previous value: "{CandidateAssemblyFiles};C:\Program Files (x86)\Windows Kits\10\References;;C:\Program Files\Microsoft Visual Studio\18\Community\VC\Tools\MSVC\14.50.35717\atlmfc\lib\x64;;C:\Program Files\Microsoft Visual Studio\18\Community\VC\Tools\MSVC\14.50.35717\lib\x64;;{HintPathFromItem};{TargetFrameworkDirectory};{AssemblyFoldersFromConfig:C:\Program Files\Microsoft Visual Studio\18\Community\MSBuild\Current\Bin\AssemblyFolders.config,v9.0};;{Registry:Software\Microsoft\.NETCoreApp,v9.0,AssemblyFoldersEx};{AssemblyFolders};{GAC}") at C:\Program Files\Microsoft Visual Studio\18\Community\MSBuild\Current\Bin\amd64\Microsoft.Common.CurrentVersion.targets (656,5)
C:\Program Files\Microsoft Visual Studio\18\Community\MSBuild\Current\Bin\amd64\Microsoft.Common.CurrentVersion.targets(657,5): message : Property reassignment: $(AssemblySearchPaths)="{CandidateAssemblyFiles};C:\Program Files (x86)\Windows Kits\10\References;;C:\Program Files\Microsoft Visual Studio\18\Community\VC\Tools\MSVC\14.50.35717\atlmfc\lib\x64;;C:\Program Files\Microsoft Visual Studio\18\Community\VC\Tools\MSVC\14.50.35717\lib\x64;;{HintPathFromItem};{TargetFrameworkDirectory};{AssemblyFoldersFromConfig:C:\Program Files\Microsoft Visual Studio\18\Community\MSBuild\Current\Bin\AssemblyFolders.config,v9.0};;{Registry:Software\Microsoft\.NETCoreApp,v9.0,AssemblyFoldersEx};{AssemblyFolders};{GAC};{RawFileName};F:\projects\DroidNet\projects\Oxygen.Editor.Interop\src\../../..\artifacts\bin\Oxygen.Editor.Interop\Debug_net9.0\" (previous value: "{CandidateAssemblyFiles};C:\Program Files (x86)\Windows Kits\10\References;;C:\Program Files\Microsoft Visual Studio\18\Community\VC\Tools\MSVC\14.50.35717\atlmfc\lib\x64;;C:\Program Files\Microsoft Visual Studio\18\Community\VC\Tools\MSVC\14.50.35717\lib\x64;;{HintPathFromItem};{TargetFrameworkDirectory};{AssemblyFoldersFromConfig:C:\Program Files\Microsoft Visual Studio\18\Community\MSBuild\Current\Bin\AssemblyFolders.config,v9.0};;{Registry:Software\Microsoft\.NETCoreApp,v9.0,AssemblyFoldersEx};{AssemblyFolders};{GAC};{RawFileName}") at C:\Program Files\Microsoft Visual Studio\18\Community\MSBuild\Current\Bin\amd64\Microsoft.Common.CurrentVersion.targets (657,5)
C:\Program Files\Microsoft Visual Studio\18\Community\MSBuild\Current\Bin\amd64\Microsoft.Common.CurrentVersion.targets(3934,5): message : Property reassignment: $(_SGenGenerateSerializationAssembliesConfig)="Auto" (previous value: "") at C:\Program Files\Microsoft Visual Studio\18\Community\MSBuild\Current\Bin\amd64\Microsoft.Common.CurrentVersion.targets (3934,5)
C:\Program Files\Microsoft Visual Studio\18\Community\MSBuild\Current\Bin\amd64\Microsoft.Common.CurrentVersion.targets(3935,5): message : Property reassignment: $(_SGenGenerateSerializationAssembliesConfig)="Off" (previous value: "Auto") at C:\Program Files\Microsoft Visual Studio\18\Community\MSBuild\Current\Bin\amd64\Microsoft.Common.CurrentVersion.targets (3935,5)
C:\Program Files\Microsoft Visual Studio\18\Community\MSBuild\Current\Bin\amd64\Microsoft.Common.CurrentVersion.targets(5146,5): message : Property reassignment: $(_TargetsThatPrepareProjectReferences)="
C:\Program Files\Microsoft Visual Studio\18\Community\MSBuild\Current\Bin\amd64\Microsoft.Common.CurrentVersion.targets(5146,5): message :       AssignProjectConfiguration;
C:\Program Files\Microsoft Visual Studio\18\Community\MSBuild\Current\Bin\amd64\Microsoft.Common.CurrentVersion.targets(5146,5): message :       _SplitProjectReferencesByFileExistence
C:\Program Files\Microsoft Visual Studio\18\Community\MSBuild\Current\Bin\amd64\Microsoft.Common.CurrentVersion.targets(5146,5): message :     " (previous value: "_SplitProjectReferencesByFileExistence") at C:\Program Files\Microsoft Visual Studio\18\Community\MSBuild\Current\Bin\amd64\Microsoft.Common.CurrentVersion.targets (5146,5)
C:\Program Files\Microsoft Visual Studio\18\Community\MSBuild\Microsoft\VisualStudio\v18.0\CodeAnalysis\Microsoft.CodeAnalysis.targets(125,5): message : Property reassignment: $(_CodeAnalysisTreatWarningsAsErrors)="false" (previous value: "") at C:\Program Files\Microsoft Visual Studio\18\Community\MSBuild\Microsoft\VisualStudio\v18.0\CodeAnalysis\Microsoft.CodeAnalysis.targets (125,5)
C:\Program Files\Microsoft Visual Studio\18\Community\MSBuild\Microsoft\VisualStudio\v18.0\CodeAnalysis\Microsoft.CodeAnalysis.targets(235,5): message : Property reassignment: $(CAExcludePath)="C:\Program Files (x86)\Windows Kits\10\Include\10.0.26100.0\ucrt;;C:\Program Files (x86)\Windows Kits\10\Include\10.0.26100.0\um;C:\Program Files (x86)\Windows Kits\10\Include\10.0.26100.0\shared;C:\Program Files (x86)\Windows Kits\10\Include\10.0.26100.0\winrt;C:\Program Files (x86)\Windows Kits\10\Include\10.0.26100.0\cppwinrt;C:\Program Files (x86)\Windows Kits\NETFXSDK\4.8\Include\um;" (previous value: "C:\Program Files (x86)\Windows Kits\10\Include\10.0.26100.0\um;C:\Program Files (x86)\Windows Kits\10\Include\10.0.26100.0\shared;C:\Program Files (x86)\Windows Kits\10\Include\10.0.26100.0\winrt;C:\Program Files (x86)\Windows Kits\10\Include\10.0.26100.0\cppwinrt;C:\Program Files (x86)\Windows Kits\NETFXSDK\4.8\Include\um;") at C:\Program Files\Microsoft Visual Studio\18\Community\MSBuild\Microsoft\VisualStudio\v18.0\CodeAnalysis\Microsoft.CodeAnalysis.targets (235,5)
C:\Program Files\Microsoft Visual Studio\18\Community\MSBuild\Microsoft\VisualStudio\v18.0\CodeAnalysis\Microsoft.CodeAnalysis.targets(236,5): message : Property reassignment: $(CAExcludePath)="C:\Program Files\Microsoft Visual Studio\18\Community\VC\Tools\MSVC\14.50.35717\include;C:\Program Files (x86)\Windows Kits\10\Include\10.0.26100.0\ucrt;;C:\Program Files (x86)\Windows Kits\10\Include\10.0.26100.0\um;C:\Program Files (x86)\Windows Kits\10\Include\10.0.26100.0\shared;C:\Program Files (x86)\Windows Kits\10\Include\10.0.26100.0\winrt;C:\Program Files (x86)\Windows Kits\10\Include\10.0.26100.0\cppwinrt;C:\Program Files (x86)\Windows Kits\NETFXSDK\4.8\Include\um;" (previous value: "C:\Program Files (x86)\Windows Kits\10\Include\10.0.26100.0\ucrt;;C:\Program Files (x86)\Windows Kits\10\Include\10.0.26100.0\um;C:\Program Files (x86)\Windows Kits\10\Include\10.0.26100.0\shared;C:\Program Files (x86)\Windows Kits\10\Include\10.0.26100.0\winrt;C:\Program Files (x86)\Windows Kits\10\Include\10.0.26100.0\cppwinrt;C:\Program Files (x86)\Windows Kits\NETFXSDK\4.8\Include\um;") at C:\Program Files\Microsoft Visual Studio\18\Community\MSBuild\Microsoft\VisualStudio\v18.0\CodeAnalysis\Microsoft.CodeAnalysis.targets (236,5)
C:\Program Files\Microsoft Visual Studio\18\Community\MSBuild\Microsoft\VisualStudio\v18.0\CodeAnalysis\Microsoft.CodeAnalysis.targets(237,5): message : Property reassignment: $(CAExcludePath)="C:\Program Files\Microsoft Visual Studio\18\Community\VC\Tools\MSVC\14.50.35717\atlmfc\include;C:\Program Files\Microsoft Visual Studio\18\Community\VC\Tools\MSVC\14.50.35717\include;C:\Program Files (x86)\Windows Kits\10\Include\10.0.26100.0\ucrt;;C:\Program Files (x86)\Windows Kits\10\Include\10.0.26100.0\um;C:\Program Files (x86)\Windows Kits\10\Include\10.0.26100.0\shared;C:\Program Files (x86)\Windows Kits\10\Include\10.0.26100.0\winrt;C:\Program Files (x86)\Windows Kits\10\Include\10.0.26100.0\cppwinrt;C:\Program Files (x86)\Windows Kits\NETFXSDK\4.8\Include\um;" (previous value: "C:\Program Files\Microsoft Visual Studio\18\Community\VC\Tools\MSVC\14.50.35717\include;C:\Program Files (x86)\Windows Kits\10\Include\10.0.26100.0\ucrt;;C:\Program Files (x86)\Windows Kits\10\Include\10.0.26100.0\um;C:\Program Files (x86)\Windows Kits\10\Include\10.0.26100.0\shared;C:\Program Files (x86)\Windows Kits\10\Include\10.0.26100.0\winrt;C:\Program Files (x86)\Windows Kits\10\Include\10.0.26100.0\cppwinrt;C:\Program Files (x86)\Windows Kits\NETFXSDK\4.8\Include\um;") at C:\Program Files\Microsoft Visual Studio\18\Community\MSBuild\Microsoft\VisualStudio\v18.0\CodeAnalysis\Microsoft.CodeAnalysis.targets (237,5)
C:\Program Files\Microsoft Visual Studio\18\Community\MSBuild\Microsoft\VisualStudio\v18.0\CodeAnalysis\Microsoft.CodeAnalysis.targets(240,5): message : Property reassignment: $(PrepareForBuildDependsOn)=";GetFrameworkPaths;GetReferenceAssemblyPaths;AssignLinkMetadata;SetCABuildNativeEnvironmentVariables" (previous value: ";GetFrameworkPaths;GetReferenceAssemblyPaths;AssignLinkMetadata") at C:\Program Files\Microsoft Visual Studio\18\Community\MSBuild\Microsoft\VisualStudio\v18.0\CodeAnalysis\Microsoft.CodeAnalysis.targets (240,5)
C:\Program Files\Microsoft Visual Studio\18\Community\MSBuild\Microsoft\VisualStudio\v18.0\CodeAnalysis\Microsoft.CodeAnalysis.targets(291,5): message : Property reassignment: $(RunCodeAnalysisInputs)="F:\projects\DroidNet\projects\Oxygen.Editor.Interop\src\../../..\artifacts\bin\Oxygen.Editor.Interop\Debug_net9.0\DroidNet.Oxygen.Editor.Interop.dll;..\analyzers.ruleset" (previous value: "F:\projects\DroidNet\projects\Oxygen.Editor.Interop\src\../../..\artifacts\bin\Oxygen.Editor.Interop\Debug_net9.0\DroidNet.Oxygen.Editor.Interop.dll") at C:\Program Files\Microsoft Visual Studio\18\Community\MSBuild\Microsoft\VisualStudio\v18.0\CodeAnalysis\Microsoft.CodeAnalysis.targets (291,5)
C:\WINDOWS\Microsoft.NET\Framework\v4.0.30319\Microsoft.Xaml.targets(35,5): message : Property reassignment: $(PrepareResourcesDependsOn)="
C:\WINDOWS\Microsoft.NET\Framework\v4.0.30319\Microsoft.Xaml.targets(35,5): message :       XamlMarkupCompilePass1;
C:\WINDOWS\Microsoft.NET\Framework\v4.0.30319\Microsoft.Xaml.targets(35,5): message :       XamlMarkupCompilePass2;
C:\WINDOWS\Microsoft.NET\Framework\v4.0.30319\Microsoft.Xaml.targets(35,5): message :
C:\WINDOWS\Microsoft.NET\Framework\v4.0.30319\Microsoft.Xaml.targets(35,5): message :       ;
C:\WINDOWS\Microsoft.NET\Framework\v4.0.30319\Microsoft.Xaml.targets(35,5): message :       PrepareResourceNames;
C:\WINDOWS\Microsoft.NET\Framework\v4.0.30319\Microsoft.Xaml.targets(35,5): message :       ResGen;
C:\WINDOWS\Microsoft.NET\Framework\v4.0.30319\Microsoft.Xaml.targets(35,5): message :       CompileLicxFiles
C:\WINDOWS\Microsoft.NET\Framework\v4.0.30319\Microsoft.Xaml.targets(35,5): message :
C:\WINDOWS\Microsoft.NET\Framework\v4.0.30319\Microsoft.Xaml.targets(35,5): message :     " (previous value: "
C:\WINDOWS\Microsoft.NET\Framework\v4.0.30319\Microsoft.Xaml.targets(35,5): message :       ;
C:\WINDOWS\Microsoft.NET\Framework\v4.0.30319\Microsoft.Xaml.targets(35,5): message :       PrepareResourceNames;
C:\WINDOWS\Microsoft.NET\Framework\v4.0.30319\Microsoft.Xaml.targets(35,5): message :       ResGen;
C:\WINDOWS\Microsoft.NET\Framework\v4.0.30319\Microsoft.Xaml.targets(35,5): message :       CompileLicxFiles
C:\WINDOWS\Microsoft.NET\Framework\v4.0.30319\Microsoft.Xaml.targets(35,5): message :     ") at C:\WINDOWS\Microsoft.NET\Framework\v4.0.30319\Microsoft.Xaml.targets (35,5)
C:\WINDOWS\Microsoft.NET\Framework\v4.0.30319\Microsoft.WorkflowBuildExtensions.targets(16,5): message : Property reassignment: $(PrepareResourcesDependsOn)="
C:\WINDOWS\Microsoft.NET\Framework\v4.0.30319\Microsoft.WorkflowBuildExtensions.targets(16,5): message :       ValidationExtension;
C:\WINDOWS\Microsoft.NET\Framework\v4.0.30319\Microsoft.WorkflowBuildExtensions.targets(16,5): message :       ExpressionBuildExtension;
C:\WINDOWS\Microsoft.NET\Framework\v4.0.30319\Microsoft.WorkflowBuildExtensions.targets(16,5): message :
C:\WINDOWS\Microsoft.NET\Framework\v4.0.30319\Microsoft.WorkflowBuildExtensions.targets(16,5): message :       XamlMarkupCompilePass1;
C:\WINDOWS\Microsoft.NET\Framework\v4.0.30319\Microsoft.WorkflowBuildExtensions.targets(16,5): message :       XamlMarkupCompilePass2;
C:\WINDOWS\Microsoft.NET\Framework\v4.0.30319\Microsoft.WorkflowBuildExtensions.targets(16,5): message :
C:\WINDOWS\Microsoft.NET\Framework\v4.0.30319\Microsoft.WorkflowBuildExtensions.targets(16,5): message :       ;
C:\WINDOWS\Microsoft.NET\Framework\v4.0.30319\Microsoft.WorkflowBuildExtensions.targets(16,5): message :       PrepareResourceNames;
C:\WINDOWS\Microsoft.NET\Framework\v4.0.30319\Microsoft.WorkflowBuildExtensions.targets(16,5): message :       ResGen;
C:\WINDOWS\Microsoft.NET\Framework\v4.0.30319\Microsoft.WorkflowBuildExtensions.targets(16,5): message :       CompileLicxFiles
C:\WINDOWS\Microsoft.NET\Framework\v4.0.30319\Microsoft.WorkflowBuildExtensions.targets(16,5): message :
C:\WINDOWS\Microsoft.NET\Framework\v4.0.30319\Microsoft.WorkflowBuildExtensions.targets(16,5): message :
C:\WINDOWS\Microsoft.NET\Framework\v4.0.30319\Microsoft.WorkflowBuildExtensions.targets(16,5): message :     " (previous value: "
C:\WINDOWS\Microsoft.NET\Framework\v4.0.30319\Microsoft.WorkflowBuildExtensions.targets(16,5): message :       XamlMarkupCompilePass1;
C:\WINDOWS\Microsoft.NET\Framework\v4.0.30319\Microsoft.WorkflowBuildExtensions.targets(16,5): message :       XamlMarkupCompilePass2;
C:\WINDOWS\Microsoft.NET\Framework\v4.0.30319\Microsoft.WorkflowBuildExtensions.targets(16,5): message :
C:\WINDOWS\Microsoft.NET\Framework\v4.0.30319\Microsoft.WorkflowBuildExtensions.targets(16,5): message :       ;
C:\WINDOWS\Microsoft.NET\Framework\v4.0.30319\Microsoft.WorkflowBuildExtensions.targets(16,5): message :       PrepareResourceNames;
C:\WINDOWS\Microsoft.NET\Framework\v4.0.30319\Microsoft.WorkflowBuildExtensions.targets(16,5): message :       ResGen;
C:\WINDOWS\Microsoft.NET\Framework\v4.0.30319\Microsoft.WorkflowBuildExtensions.targets(16,5): message :       CompileLicxFiles
C:\WINDOWS\Microsoft.NET\Framework\v4.0.30319\Microsoft.WorkflowBuildExtensions.targets(16,5): message :
C:\WINDOWS\Microsoft.NET\Framework\v4.0.30319\Microsoft.WorkflowBuildExtensions.targets(16,5): message :     ") at C:\WINDOWS\Microsoft.NET\Framework\v4.0.30319\Microsoft.WorkflowBuildExtensions.targets (16,5)
C:\Program Files\Microsoft Visual Studio\18\Community\MSBuild\Microsoft\VisualStudio\v18.0\TeamTest\Microsoft.TeamTest.targets(4,5): message : Property reassignment: $(ResolveReferencesDependsOn)="
C:\Program Files\Microsoft Visual Studio\18\Community\MSBuild\Microsoft\VisualStudio\v18.0\TeamTest\Microsoft.TeamTest.targets(4,5): message :
C:\Program Files\Microsoft Visual Studio\18\Community\MSBuild\Microsoft\VisualStudio\v18.0\TeamTest\Microsoft.TeamTest.targets(4,5): message :       BeforeResolveReferences;
C:\Program Files\Microsoft Visual Studio\18\Community\MSBuild\Microsoft\VisualStudio\v18.0\TeamTest\Microsoft.TeamTest.targets(4,5): message :       AssignProjectConfiguration;
C:\Program Files\Microsoft Visual Studio\18\Community\MSBuild\Microsoft\VisualStudio\v18.0\TeamTest\Microsoft.TeamTest.targets(4,5): message :       ResolveProjectReferences;
C:\Program Files\Microsoft Visual Studio\18\Community\MSBuild\Microsoft\VisualStudio\v18.0\TeamTest\Microsoft.TeamTest.targets(4,5): message :       FindInvalidProjectReferences;
C:\Program Files\Microsoft Visual Studio\18\Community\MSBuild\Microsoft\VisualStudio\v18.0\TeamTest\Microsoft.TeamTest.targets(4,5): message :       ResolveNativeReferences;
C:\Program Files\Microsoft Visual Studio\18\Community\MSBuild\Microsoft\VisualStudio\v18.0\TeamTest\Microsoft.TeamTest.targets(4,5): message :       ResolveAssemblyReferences;
C:\Program Files\Microsoft Visual Studio\18\Community\MSBuild\Microsoft\VisualStudio\v18.0\TeamTest\Microsoft.TeamTest.targets(4,5): message :       GenerateBindingRedirects;
C:\Program Files\Microsoft Visual Studio\18\Community\MSBuild\Microsoft\VisualStudio\v18.0\TeamTest\Microsoft.TeamTest.targets(4,5): message :       GenerateBindingRedirectsUpdateAppConfig;
C:\Program Files\Microsoft Visual Studio\18\Community\MSBuild\Microsoft\VisualStudio\v18.0\TeamTest\Microsoft.TeamTest.targets(4,5): message :       ResolveComReferences;
C:\Program Files\Microsoft Visual Studio\18\Community\MSBuild\Microsoft\VisualStudio\v18.0\TeamTest\Microsoft.TeamTest.targets(4,5): message :       AfterResolveReferences
C:\Program Files\Microsoft Visual Studio\18\Community\MSBuild\Microsoft\VisualStudio\v18.0\TeamTest\Microsoft.TeamTest.targets(4,5): message :     ;
C:\Program Files\Microsoft Visual Studio\18\Community\MSBuild\Microsoft\VisualStudio\v18.0\TeamTest\Microsoft.TeamTest.targets(4,5): message :       ResolveTestReferences
C:\Program Files\Microsoft Visual Studio\18\Community\MSBuild\Microsoft\VisualStudio\v18.0\TeamTest\Microsoft.TeamTest.targets(4,5): message :     " (previous value: "
C:\Program Files\Microsoft Visual Studio\18\Community\MSBuild\Microsoft\VisualStudio\v18.0\TeamTest\Microsoft.TeamTest.targets(4,5): message :       BeforeResolveReferences;
C:\Program Files\Microsoft Visual Studio\18\Community\MSBuild\Microsoft\VisualStudio\v18.0\TeamTest\Microsoft.TeamTest.targets(4,5): message :       AssignProjectConfiguration;
C:\Program Files\Microsoft Visual Studio\18\Community\MSBuild\Microsoft\VisualStudio\v18.0\TeamTest\Microsoft.TeamTest.targets(4,5): message :       ResolveProjectReferences;
C:\Program Files\Microsoft Visual Studio\18\Community\MSBuild\Microsoft\VisualStudio\v18.0\TeamTest\Microsoft.TeamTest.targets(4,5): message :       FindInvalidProjectReferences;
C:\Program Files\Microsoft Visual Studio\18\Community\MSBuild\Microsoft\VisualStudio\v18.0\TeamTest\Microsoft.TeamTest.targets(4,5): message :       ResolveNativeReferences;
C:\Program Files\Microsoft Visual Studio\18\Community\MSBuild\Microsoft\VisualStudio\v18.0\TeamTest\Microsoft.TeamTest.targets(4,5): message :       ResolveAssemblyReferences;
C:\Program Files\Microsoft Visual Studio\18\Community\MSBuild\Microsoft\VisualStudio\v18.0\TeamTest\Microsoft.TeamTest.targets(4,5): message :       GenerateBindingRedirects;
C:\Program Files\Microsoft Visual Studio\18\Community\MSBuild\Microsoft\VisualStudio\v18.0\TeamTest\Microsoft.TeamTest.targets(4,5): message :       GenerateBindingRedirectsUpdateAppConfig;
C:\Program Files\Microsoft Visual Studio\18\Community\MSBuild\Microsoft\VisualStudio\v18.0\TeamTest\Microsoft.TeamTest.targets(4,5): message :       ResolveComReferences;
C:\Program Files\Microsoft Visual Studio\18\Community\MSBuild\Microsoft\VisualStudio\v18.0\TeamTest\Microsoft.TeamTest.targets(4,5): message :       AfterResolveReferences
C:\Program Files\Microsoft Visual Studio\18\Community\MSBuild\Microsoft\VisualStudio\v18.0\TeamTest\Microsoft.TeamTest.targets(4,5): message :     ") at C:\Program Files\Microsoft Visual Studio\18\Community\MSBuild\Microsoft\VisualStudio\v18.0\TeamTest\Microsoft.TeamTest.targets (4,5)
Search paths being used for $(MSBuildExtensionsPath) are C:\Program Files\Microsoft Visual Studio\18\Community\MSBuild;$(MSBuildProgramFiles32)\MSBuild
Trying to import C:\Program Files\Microsoft Visual Studio\18\Community\MSBuild\$(MSBuildToolsVersion)\Microsoft.Common.targets\ImportAfter\* using extensions path C:\Program Files\Microsoft Visual Studio\18\Community\MSBuild
Search paths being used for $(MSBuildExtensionsPath) are C:\Program Files\Microsoft Visual Studio\18\Community\MSBuild;$(MSBuildProgramFiles32)\MSBuild
Search paths being used for $(MSBuildExtensionsPath) are C:\Program Files\Microsoft Visual Studio\18\Community\MSBuild;$(MSBuildProgramFiles32)\MSBuild
Trying to import C:\Program Files\Microsoft Visual Studio\18\Community\MSBuild\Microsoft\VisualStudio\WebTools.Aspire\Microsoft.WebTools.Aspire.targets using extensions path C:\Program Files\Microsoft Visual Studio\18\Community\MSBuild
C:\Program Files\Microsoft Visual Studio\18\Community\MSBuild\Microsoft\VisualStudio\WebTools.Aspire\Microsoft.WebTools.Aspire.targets(25,5): message : Property reassignment: $(JsonSchemaCombinedFilePath)="F:\projects\DroidNet\artifacts\obj\Oxygen.Editor.Interop\Debug_net9.0\CombinedComponentSchema.json" (previous value: "F:\projects\DroidNet\projects\Oxygen.Editor.Interop\src\../../..\artifacts\obj\Oxygen.Editor.Interop\Debug_net9.0\\CombinedComponentSchema.json") at C:\Program Files\Microsoft Visual Studio\18\Community\MSBuild\Microsoft\VisualStudio\WebTools.Aspire\Microsoft.WebTools.Aspire.targets (25,5)
C:\Program Files\Microsoft Visual Studio\18\Community\MSBuild\Microsoft\VisualStudio\WebTools.Aspire\Microsoft.WebTools.Aspire.targets(27,5): message : Property reassignment: $(AppSettingsJsonSchemaCombinedFilePath)="F:\projects\DroidNet\artifacts\obj\Oxygen.Editor.Interop\Debug_net9.0\AppSettingsSchema.json" (previous value: "F:\projects\DroidNet\projects\Oxygen.Editor.Interop\src\../../..\artifacts\obj\Oxygen.Editor.Interop\Debug_net9.0\\AppSettingsSchema.json") at C:\Program Files\Microsoft Visual Studio\18\Community\MSBuild\Microsoft\VisualStudio\WebTools.Aspire\Microsoft.WebTools.Aspire.targets (27,5)
C:\Users\abdes\.nuget\packages\nerdbank.gitversioning\3.9.50\build\Nerdbank.GitVersioning.targets(11,5): message : Property reassignment: $(CleanDependsOn)="
C:\Users\abdes\.nuget\packages\nerdbank.gitversioning\3.9.50\build\Nerdbank.GitVersioning.targets(11,5): message :       GetBuildVersion;
C:\Users\abdes\.nuget\packages\nerdbank.gitversioning\3.9.50\build\Nerdbank.GitVersioning.targets(11,5): message :
C:\Users\abdes\.nuget\packages\nerdbank.gitversioning\3.9.50\build\Nerdbank.GitVersioning.targets(11,5): message :       BeforeClean;
C:\Users\abdes\.nuget\packages\nerdbank.gitversioning\3.9.50\build\Nerdbank.GitVersioning.targets(11,5): message :       UnmanagedUnregistration;
C:\Users\abdes\.nuget\packages\nerdbank.gitversioning\3.9.50\build\Nerdbank.GitVersioning.targets(11,5): message :       CoreClean;
C:\Users\abdes\.nuget\packages\nerdbank.gitversioning\3.9.50\build\Nerdbank.GitVersioning.targets(11,5): message :       CleanReferencedProjects;
C:\Users\abdes\.nuget\packages\nerdbank.gitversioning\3.9.50\build\Nerdbank.GitVersioning.targets(11,5): message :       CleanPublishFolder;
C:\Users\abdes\.nuget\packages\nerdbank.gitversioning\3.9.50\build\Nerdbank.GitVersioning.targets(11,5): message :       AfterClean
C:\Users\abdes\.nuget\packages\nerdbank.gitversioning\3.9.50\build\Nerdbank.GitVersioning.targets(11,5): message :
C:\Users\abdes\.nuget\packages\nerdbank.gitversioning\3.9.50\build\Nerdbank.GitVersioning.targets(11,5): message :     " (previous value: "
C:\Users\abdes\.nuget\packages\nerdbank.gitversioning\3.9.50\build\Nerdbank.GitVersioning.targets(11,5): message :       BeforeClean;
C:\Users\abdes\.nuget\packages\nerdbank.gitversioning\3.9.50\build\Nerdbank.GitVersioning.targets(11,5): message :       UnmanagedUnregistration;
C:\Users\abdes\.nuget\packages\nerdbank.gitversioning\3.9.50\build\Nerdbank.GitVersioning.targets(11,5): message :       CoreClean;
C:\Users\abdes\.nuget\packages\nerdbank.gitversioning\3.9.50\build\Nerdbank.GitVersioning.targets(11,5): message :       CleanReferencedProjects;
C:\Users\abdes\.nuget\packages\nerdbank.gitversioning\3.9.50\build\Nerdbank.GitVersioning.targets(11,5): message :       CleanPublishFolder;
C:\Users\abdes\.nuget\packages\nerdbank.gitversioning\3.9.50\build\Nerdbank.GitVersioning.targets(11,5): message :       AfterClean
C:\Users\abdes\.nuget\packages\nerdbank.gitversioning\3.9.50\build\Nerdbank.GitVersioning.targets(11,5): message :     ") at C:\Users\abdes\.nuget\packages\nerdbank.gitversioning\3.9.50\build\Nerdbank.GitVersioning.targets (11,5)
F:\projects\DroidNet\Directory.build.targets(32,9): message : Property reassignment: $(PackageOutputPath)="F:\projects\DroidNet\artifacts\package\Debug\" (previous value: "bin\Package") at F:\projects\DroidNet\Directory.build.targets (32,9)
C:\Program Files\Microsoft Visual Studio\18\Community\MSBuild\Microsoft\VC\v180\Microsoft.BuildSteps.Targets(39,5): message : Property reassignment: $(DebugType)="" (previous value: "none") at C:\Program Files\Microsoft Visual Studio\18\Community\MSBuild\Microsoft\VC\v180\Microsoft.BuildSteps.Targets (39,5)
C:\Program Files\Microsoft Visual Studio\18\Community\MSBuild\Microsoft\VC\v180\Microsoft.BuildSteps.Targets(122,5): message : Property reassignment: $(BuildDependsOn)="
C:\Program Files\Microsoft Visual Studio\18\Community\MSBuild\Microsoft\VC\v180\Microsoft.BuildSteps.Targets(122,5): message :       _PrepareForBuild;
C:\Program Files\Microsoft Visual Studio\18\Community\MSBuild\Microsoft\VC\v180\Microsoft.BuildSteps.Targets(122,5): message :
C:\Program Files\Microsoft Visual Studio\18\Community\MSBuild\Microsoft\VC\v180\Microsoft.BuildSteps.Targets(122,5): message :       ResolveReferences;
C:\Program Files\Microsoft Visual Studio\18\Community\MSBuild\Microsoft\VC\v180\Microsoft.BuildSteps.Targets(122,5): message :       PrepareForBuild;
C:\Program Files\Microsoft Visual Studio\18\Community\MSBuild\Microsoft\VC\v180\Microsoft.BuildSteps.Targets(122,5): message :       InitializeBuildStatus;
C:\Program Files\Microsoft Visual Studio\18\Community\MSBuild\Microsoft\VC\v180\Microsoft.BuildSteps.Targets(122,5): message :       BuildGenerateSources;
C:\Program Files\Microsoft Visual Studio\18\Community\MSBuild\Microsoft\VC\v180\Microsoft.BuildSteps.Targets(122,5): message :       BuildCompile;
C:\Program Files\Microsoft Visual Studio\18\Community\MSBuild\Microsoft\VC\v180\Microsoft.BuildSteps.Targets(122,5): message :       BuildLink;
C:\Program Files\Microsoft Visual Studio\18\Community\MSBuild\Microsoft\VC\v180\Microsoft.BuildSteps.Targets(122,5): message :     ;
C:\Program Files\Microsoft Visual Studio\18\Community\MSBuild\Microsoft\VC\v180\Microsoft.BuildSteps.Targets(122,5): message :       AfterBuild;
C:\Program Files\Microsoft Visual Studio\18\Community\MSBuild\Microsoft\VC\v180\Microsoft.BuildSteps.Targets(122,5): message :       IncrementalClean;
C:\Program Files\Microsoft Visual Studio\18\Community\MSBuild\Microsoft\VC\v180\Microsoft.BuildSteps.Targets(122,5): message :       TlogCleanup;
C:\Program Files\Microsoft Visual Studio\18\Community\MSBuild\Microsoft\VC\v180\Microsoft.BuildSteps.Targets(122,5): message :       FinalizeBuildStatus;
C:\Program Files\Microsoft Visual Studio\18\Community\MSBuild\Microsoft\VC\v180\Microsoft.BuildSteps.Targets(122,5): message :     " (previous value: "
C:\Program Files\Microsoft Visual Studio\18\Community\MSBuild\Microsoft\VC\v180\Microsoft.BuildSteps.Targets(122,5): message :       BeforeBuild;
C:\Program Files\Microsoft Visual Studio\18\Community\MSBuild\Microsoft\VC\v180\Microsoft.BuildSteps.Targets(122,5): message :       CoreBuild;
C:\Program Files\Microsoft Visual Studio\18\Community\MSBuild\Microsoft\VC\v180\Microsoft.BuildSteps.Targets(122,5): message :       AfterBuild
C:\Program Files\Microsoft Visual Studio\18\Community\MSBuild\Microsoft\VC\v180\Microsoft.BuildSteps.Targets(122,5): message :     ") at C:\Program Files\Microsoft Visual Studio\18\Community\MSBuild\Microsoft\VC\v180\Microsoft.BuildSteps.Targets (122,5)
C:\Program Files\Microsoft Visual Studio\18\Community\MSBuild\Microsoft\VC\v180\Microsoft.BuildSteps.Targets(131,5): message : Property reassignment: $(RebuildDependsOn)="
C:\Program Files\Microsoft Visual Studio\18\Community\MSBuild\Microsoft\VC\v180\Microsoft.BuildSteps.Targets(131,5): message :       _PrepareForRebuild;
C:\Program Files\Microsoft Visual Studio\18\Community\MSBuild\Microsoft\VC\v180\Microsoft.BuildSteps.Targets(131,5): message :
C:\Program Files\Microsoft Visual Studio\18\Community\MSBuild\Microsoft\VC\v180\Microsoft.BuildSteps.Targets(131,5): message :       BeforeRebuild;
C:\Program Files\Microsoft Visual Studio\18\Community\MSBuild\Microsoft\VC\v180\Microsoft.BuildSteps.Targets(131,5): message :       Clean;
C:\Program Files\Microsoft Visual Studio\18\Community\MSBuild\Microsoft\VC\v180\Microsoft.BuildSteps.Targets(131,5): message :       Build;
C:\Program Files\Microsoft Visual Studio\18\Community\MSBuild\Microsoft\VC\v180\Microsoft.BuildSteps.Targets(131,5): message :       AfterRebuild;
C:\Program Files\Microsoft Visual Studio\18\Community\MSBuild\Microsoft\VC\v180\Microsoft.BuildSteps.Targets(131,5): message :     ;
C:\Program Files\Microsoft Visual Studio\18\Community\MSBuild\Microsoft\VC\v180\Microsoft.BuildSteps.Targets(131,5): message :     " (previous value: "
C:\Program Files\Microsoft Visual Studio\18\Community\MSBuild\Microsoft\VC\v180\Microsoft.BuildSteps.Targets(131,5): message :       BeforeRebuild;
C:\Program Files\Microsoft Visual Studio\18\Community\MSBuild\Microsoft\VC\v180\Microsoft.BuildSteps.Targets(131,5): message :       Clean;
C:\Program Files\Microsoft Visual Studio\18\Community\MSBuild\Microsoft\VC\v180\Microsoft.BuildSteps.Targets(131,5): message :       Build;
C:\Program Files\Microsoft Visual Studio\18\Community\MSBuild\Microsoft\VC\v180\Microsoft.BuildSteps.Targets(131,5): message :       AfterRebuild;
C:\Program Files\Microsoft Visual Studio\18\Community\MSBuild\Microsoft\VC\v180\Microsoft.BuildSteps.Targets(131,5): message :     ") at C:\Program Files\Microsoft Visual Studio\18\Community\MSBuild\Microsoft\VC\v180\Microsoft.BuildSteps.Targets (131,5)
C:\Program Files\Microsoft Visual Studio\18\Community\MSBuild\Microsoft\VC\v180\Microsoft.BuildSteps.Targets(136,5): message : Property reassignment: $(CleanDependsOn)="
C:\Program Files\Microsoft Visual Studio\18\Community\MSBuild\Microsoft\VC\v180\Microsoft.BuildSteps.Targets(136,5): message :       _PrepareForClean;
C:\Program Files\Microsoft Visual Studio\18\Community\MSBuild\Microsoft\VC\v180\Microsoft.BuildSteps.Targets(136,5): message :
C:\Program Files\Microsoft Visual Studio\18\Community\MSBuild\Microsoft\VC\v180\Microsoft.BuildSteps.Targets(136,5): message :       GetBuildVersion;
C:\Program Files\Microsoft Visual Studio\18\Community\MSBuild\Microsoft\VC\v180\Microsoft.BuildSteps.Targets(136,5): message :
C:\Program Files\Microsoft Visual Studio\18\Community\MSBuild\Microsoft\VC\v180\Microsoft.BuildSteps.Targets(136,5): message :       BeforeClean;
C:\Program Files\Microsoft Visual Studio\18\Community\MSBuild\Microsoft\VC\v180\Microsoft.BuildSteps.Targets(136,5): message :       UnmanagedUnregistration;
C:\Program Files\Microsoft Visual Studio\18\Community\MSBuild\Microsoft\VC\v180\Microsoft.BuildSteps.Targets(136,5): message :       CoreClean;
C:\Program Files\Microsoft Visual Studio\18\Community\MSBuild\Microsoft\VC\v180\Microsoft.BuildSteps.Targets(136,5): message :       CleanReferencedProjects;
C:\Program Files\Microsoft Visual Studio\18\Community\MSBuild\Microsoft\VC\v180\Microsoft.BuildSteps.Targets(136,5): message :       CleanPublishFolder;
C:\Program Files\Microsoft Visual Studio\18\Community\MSBuild\Microsoft\VC\v180\Microsoft.BuildSteps.Targets(136,5): message :       AfterClean
C:\Program Files\Microsoft Visual Studio\18\Community\MSBuild\Microsoft\VC\v180\Microsoft.BuildSteps.Targets(136,5): message :
C:\Program Files\Microsoft Visual Studio\18\Community\MSBuild\Microsoft\VC\v180\Microsoft.BuildSteps.Targets(136,5): message :     ;
C:\Program Files\Microsoft Visual Studio\18\Community\MSBuild\Microsoft\VC\v180\Microsoft.BuildSteps.Targets(136,5): message :     " (previous value: "
C:\Program Files\Microsoft Visual Studio\18\Community\MSBuild\Microsoft\VC\v180\Microsoft.BuildSteps.Targets(136,5): message :       GetBuildVersion;
C:\Program Files\Microsoft Visual Studio\18\Community\MSBuild\Microsoft\VC\v180\Microsoft.BuildSteps.Targets(136,5): message :
C:\Program Files\Microsoft Visual Studio\18\Community\MSBuild\Microsoft\VC\v180\Microsoft.BuildSteps.Targets(136,5): message :       BeforeClean;
C:\Program Files\Microsoft Visual Studio\18\Community\MSBuild\Microsoft\VC\v180\Microsoft.BuildSteps.Targets(136,5): message :       UnmanagedUnregistration;
C:\Program Files\Microsoft Visual Studio\18\Community\MSBuild\Microsoft\VC\v180\Microsoft.BuildSteps.Targets(136,5): message :       CoreClean;
C:\Program Files\Microsoft Visual Studio\18\Community\MSBuild\Microsoft\VC\v180\Microsoft.BuildSteps.Targets(136,5): message :       CleanReferencedProjects;
C:\Program Files\Microsoft Visual Studio\18\Community\MSBuild\Microsoft\VC\v180\Microsoft.BuildSteps.Targets(136,5): message :       CleanPublishFolder;
C:\Program Files\Microsoft Visual Studio\18\Community\MSBuild\Microsoft\VC\v180\Microsoft.BuildSteps.Targets(136,5): message :       AfterClean
C:\Program Files\Microsoft Visual Studio\18\Community\MSBuild\Microsoft\VC\v180\Microsoft.BuildSteps.Targets(136,5): message :
C:\Program Files\Microsoft Visual Studio\18\Community\MSBuild\Microsoft\VC\v180\Microsoft.BuildSteps.Targets(136,5): message :     ") at C:\Program Files\Microsoft Visual Studio\18\Community\MSBuild\Microsoft\VC\v180\Microsoft.BuildSteps.Targets (136,5)
C:\Program Files\Microsoft Visual Studio\18\Community\MSBuild\Microsoft\VC\v180\Microsoft.BuildSteps.Targets(218,5): message : Property reassignment: $(_TLogProjectName)="Oxygen.E.FB1BE623" (previous value: "Oxygen.Editor.Interop") at C:\Program Files\Microsoft Visual Studio\18\Community\MSBuild\Microsoft\VC\v180\Microsoft.BuildSteps.Targets (218,5)
C:\Program Files\Microsoft Visual Studio\18\Community\MSBuild\Microsoft\VC\v180\Microsoft.CppBuild.targets(60,5): message : Property reassignment: $(BeforeBuildGenerateSourcesTargets)="
C:\Program Files\Microsoft Visual Studio\18\Community\MSBuild\Microsoft\VC\v180\Microsoft.CppBuild.targets(60,5): message :
C:\Program Files\Microsoft Visual Studio\18\Community\MSBuild\Microsoft\VC\v180\Microsoft.CppBuild.targets(60,5): message :       ;
C:\Program Files\Microsoft Visual Studio\18\Community\MSBuild\Microsoft\VC\v180\Microsoft.CppBuild.targets(60,5): message :       BeforeBuildGenerateSources;
C:\Program Files\Microsoft Visual Studio\18\Community\MSBuild\Microsoft\VC\v180\Microsoft.CppBuild.targets(60,5): message :     ;
C:\Program Files\Microsoft Visual Studio\18\Community\MSBuild\Microsoft\VC\v180\Microsoft.CppBuild.targets(60,5): message :     " (previous value: "
C:\Program Files\Microsoft Visual Studio\18\Community\MSBuild\Microsoft\VC\v180\Microsoft.CppBuild.targets(60,5): message :       ;
C:\Program Files\Microsoft Visual Studio\18\Community\MSBuild\Microsoft\VC\v180\Microsoft.CppBuild.targets(60,5): message :       BeforeBuildGenerateSources;
C:\Program Files\Microsoft Visual Studio\18\Community\MSBuild\Microsoft\VC\v180\Microsoft.CppBuild.targets(60,5): message :     ") at C:\Program Files\Microsoft Visual Studio\18\Community\MSBuild\Microsoft\VC\v180\Microsoft.CppBuild.targets (60,5)
C:\Program Files\Microsoft Visual Studio\18\Community\MSBuild\Microsoft\VC\v180\Microsoft.CppBuild.targets(71,5): message : Property reassignment: $(AfterBuildGenerateSourcesTargets)="
C:\Program Files\Microsoft Visual Studio\18\Community\MSBuild\Microsoft\VC\v180\Microsoft.CppBuild.targets(71,5): message :
C:\Program Files\Microsoft Visual Studio\18\Community\MSBuild\Microsoft\VC\v180\Microsoft.CppBuild.targets(71,5): message :       ;
C:\Program Files\Microsoft Visual Studio\18\Community\MSBuild\Microsoft\VC\v180\Microsoft.CppBuild.targets(71,5): message :       AfterBuildGenerateSources;
C:\Program Files\Microsoft Visual Studio\18\Community\MSBuild\Microsoft\VC\v180\Microsoft.CppBuild.targets(71,5): message :     ;
C:\Program Files\Microsoft Visual Studio\18\Community\MSBuild\Microsoft\VC\v180\Microsoft.CppBuild.targets(71,5): message :       AfterBuildGenerateSourcesEvent;
C:\Program Files\Microsoft Visual Studio\18\Community\MSBuild\Microsoft\VC\v180\Microsoft.CppBuild.targets(71,5): message :     " (previous value: "
C:\Program Files\Microsoft Visual Studio\18\Community\MSBuild\Microsoft\VC\v180\Microsoft.CppBuild.targets(71,5): message :       ;
C:\Program Files\Microsoft Visual Studio\18\Community\MSBuild\Microsoft\VC\v180\Microsoft.CppBuild.targets(71,5): message :       AfterBuildGenerateSources;
C:\Program Files\Microsoft Visual Studio\18\Community\MSBuild\Microsoft\VC\v180\Microsoft.CppBuild.targets(71,5): message :     ") at C:\Program Files\Microsoft Visual Studio\18\Community\MSBuild\Microsoft\VC\v180\Microsoft.CppBuild.targets (71,5)
C:\Program Files\Microsoft Visual Studio\18\Community\MSBuild\Microsoft\VC\v180\Microsoft.CppBuild.targets(140,5): message : Property reassignment: $(BuildGenerateSourcesAction)="_BuildGenerateSourcesAction" (previous value: "Build") at C:\Program Files\Microsoft Visual Studio\18\Community\MSBuild\Microsoft\VC\v180\Microsoft.CppBuild.targets (140,5)
C:\Program Files\Microsoft Visual Studio\18\Community\MSBuild\Microsoft\VC\v180\Microsoft.CppBuild.targets(141,5): message : Property reassignment: $(BuildCompileAction)="_BuildCompileAction" (previous value: "Build") at C:\Program Files\Microsoft Visual Studio\18\Community\MSBuild\Microsoft\VC\v180\Microsoft.CppBuild.targets (141,5)
C:\Program Files\Microsoft Visual Studio\18\Community\MSBuild\Microsoft\VC\v180\Microsoft.CppBuild.targets(142,5): message : Property reassignment: $(BuildLinkAction)="_BuildLinkAction" (previous value: "Build") at C:\Program Files\Microsoft Visual Studio\18\Community\MSBuild\Microsoft\VC\v180\Microsoft.CppBuild.targets (142,5)
C:\Program Files\Microsoft Visual Studio\18\Community\MSBuild\Microsoft\VC\v180\Microsoft.CppBuild.targets(258,5): message : Property reassignment: $(DetermineProjectTypeTargets)="_PrepareForReferenceResolution;
C:\Program Files\Microsoft Visual Studio\18\Community\MSBuild\Microsoft\VC\v180\Microsoft.CppBuild.targets(258,5): message :       ;
C:\Program Files\Microsoft Visual Studio\18\Community\MSBuild\Microsoft\VC\v180\Microsoft.CppBuild.targets(258,5): message :       AddExternalIncludDirectoriesToPaths
C:\Program Files\Microsoft Visual Studio\18\Community\MSBuild\Microsoft\VC\v180\Microsoft.CppBuild.targets(258,5): message :     " (previous value: "
C:\Program Files\Microsoft Visual Studio\18\Community\MSBuild\Microsoft\VC\v180\Microsoft.CppBuild.targets(258,5): message :       ;
C:\Program Files\Microsoft Visual Studio\18\Community\MSBuild\Microsoft\VC\v180\Microsoft.CppBuild.targets(258,5): message :       AddExternalIncludDirectoriesToPaths
C:\Program Files\Microsoft Visual Studio\18\Community\MSBuild\Microsoft\VC\v180\Microsoft.CppBuild.targets(258,5): message :     ") at C:\Program Files\Microsoft Visual Studio\18\Community\MSBuild\Microsoft\VC\v180\Microsoft.CppBuild.targets (258,5)
C:\Program Files\Microsoft Visual Studio\18\Community\MSBuild\Microsoft\VC\v180\Microsoft.CppBuild.targets(323,5): message : Property reassignment: $(ResolveReferencesDependsOn)="_PrepareForReferenceResolution;ComputeCrtSDKReference;
C:\Program Files\Microsoft Visual Studio\18\Community\MSBuild\Microsoft\VC\v180\Microsoft.CppBuild.targets(323,5): message :
C:\Program Files\Microsoft Visual Studio\18\Community\MSBuild\Microsoft\VC\v180\Microsoft.CppBuild.targets(323,5): message :       BeforeResolveReferences;
C:\Program Files\Microsoft Visual Studio\18\Community\MSBuild\Microsoft\VC\v180\Microsoft.CppBuild.targets(323,5): message :       AssignProjectConfiguration;
C:\Program Files\Microsoft Visual Studio\18\Community\MSBuild\Microsoft\VC\v180\Microsoft.CppBuild.targets(323,5): message :       ResolveProjectReferences;
C:\Program Files\Microsoft Visual Studio\18\Community\MSBuild\Microsoft\VC\v180\Microsoft.CppBuild.targets(323,5): message :       FindInvalidProjectReferences;
C:\Program Files\Microsoft Visual Studio\18\Community\MSBuild\Microsoft\VC\v180\Microsoft.CppBuild.targets(323,5): message :       ResolveNativeReferences;
C:\Program Files\Microsoft Visual Studio\18\Community\MSBuild\Microsoft\VC\v180\Microsoft.CppBuild.targets(323,5): message :       ResolveAssemblyReferences;
C:\Program Files\Microsoft Visual Studio\18\Community\MSBuild\Microsoft\VC\v180\Microsoft.CppBuild.targets(323,5): message :       GenerateBindingRedirects;
C:\Program Files\Microsoft Visual Studio\18\Community\MSBuild\Microsoft\VC\v180\Microsoft.CppBuild.targets(323,5): message :       GenerateBindingRedirectsUpdateAppConfig;
C:\Program Files\Microsoft Visual Studio\18\Community\MSBuild\Microsoft\VC\v180\Microsoft.CppBuild.targets(323,5): message :       ResolveComReferences;
C:\Program Files\Microsoft Visual Studio\18\Community\MSBuild\Microsoft\VC\v180\Microsoft.CppBuild.targets(323,5): message :       AfterResolveReferences
C:\Program Files\Microsoft Visual Studio\18\Community\MSBuild\Microsoft\VC\v180\Microsoft.CppBuild.targets(323,5): message :     ;
C:\Program Files\Microsoft Visual Studio\18\Community\MSBuild\Microsoft\VC\v180\Microsoft.CppBuild.targets(323,5): message :       ResolveTestReferences
C:\Program Files\Microsoft Visual Studio\18\Community\MSBuild\Microsoft\VC\v180\Microsoft.CppBuild.targets(323,5): message :     " (previous value: "
C:\Program Files\Microsoft Visual Studio\18\Community\MSBuild\Microsoft\VC\v180\Microsoft.CppBuild.targets(323,5): message :
C:\Program Files\Microsoft Visual Studio\18\Community\MSBuild\Microsoft\VC\v180\Microsoft.CppBuild.targets(323,5): message :       BeforeResolveReferences;
C:\Program Files\Microsoft Visual Studio\18\Community\MSBuild\Microsoft\VC\v180\Microsoft.CppBuild.targets(323,5): message :       AssignProjectConfiguration;
C:\Program Files\Microsoft Visual Studio\18\Community\MSBuild\Microsoft\VC\v180\Microsoft.CppBuild.targets(323,5): message :       ResolveProjectReferences;
C:\Program Files\Microsoft Visual Studio\18\Community\MSBuild\Microsoft\VC\v180\Microsoft.CppBuild.targets(323,5): message :       FindInvalidProjectReferences;
C:\Program Files\Microsoft Visual Studio\18\Community\MSBuild\Microsoft\VC\v180\Microsoft.CppBuild.targets(323,5): message :       ResolveNativeReferences;
C:\Program Files\Microsoft Visual Studio\18\Community\MSBuild\Microsoft\VC\v180\Microsoft.CppBuild.targets(323,5): message :       ResolveAssemblyReferences;
C:\Program Files\Microsoft Visual Studio\18\Community\MSBuild\Microsoft\VC\v180\Microsoft.CppBuild.targets(323,5): message :       GenerateBindingRedirects;
C:\Program Files\Microsoft Visual Studio\18\Community\MSBuild\Microsoft\VC\v180\Microsoft.CppBuild.targets(323,5): message :       GenerateBindingRedirectsUpdateAppConfig;
C:\Program Files\Microsoft Visual Studio\18\Community\MSBuild\Microsoft\VC\v180\Microsoft.CppBuild.targets(323,5): message :       ResolveComReferences;
C:\Program Files\Microsoft Visual Studio\18\Community\MSBuild\Microsoft\VC\v180\Microsoft.CppBuild.targets(323,5): message :       AfterResolveReferences
C:\Program Files\Microsoft Visual Studio\18\Community\MSBuild\Microsoft\VC\v180\Microsoft.CppBuild.targets(323,5): message :     ;
C:\Program Files\Microsoft Visual Studio\18\Community\MSBuild\Microsoft\VC\v180\Microsoft.CppBuild.targets(323,5): message :       ResolveTestReferences
C:\Program Files\Microsoft Visual Studio\18\Community\MSBuild\Microsoft\VC\v180\Microsoft.CppBuild.targets(323,5): message :     ") at C:\Program Files\Microsoft Visual Studio\18\Community\MSBuild\Microsoft\VC\v180\Microsoft.CppBuild.targets (323,5)
C:\Program Files\Microsoft Visual Studio\18\Community\MSBuild\Microsoft\VC\v180\Microsoft.CppBuild.targets(324,5): message : Property reassignment: $(ResolveAssemblyReferencesDependsOn)="_PrepareForReferenceResolution;
C:\Program Files\Microsoft Visual Studio\18\Community\MSBuild\Microsoft\VC\v180\Microsoft.CppBuild.targets(324,5): message :       ResolveProjectReferences;
C:\Program Files\Microsoft Visual Studio\18\Community\MSBuild\Microsoft\VC\v180\Microsoft.CppBuild.targets(324,5): message :       FindInvalidProjectReferences;
C:\Program Files\Microsoft Visual Studio\18\Community\MSBuild\Microsoft\VC\v180\Microsoft.CppBuild.targets(324,5): message :       GetFrameworkPaths;
C:\Program Files\Microsoft Visual Studio\18\Community\MSBuild\Microsoft\VC\v180\Microsoft.CppBuild.targets(324,5): message :       GetReferenceAssemblyPaths;
C:\Program Files\Microsoft Visual Studio\18\Community\MSBuild\Microsoft\VC\v180\Microsoft.CppBuild.targets(324,5): message :       PrepareForBuild;
C:\Program Files\Microsoft Visual Studio\18\Community\MSBuild\Microsoft\VC\v180\Microsoft.CppBuild.targets(324,5): message :       ResolveSDKReferences;
C:\Program Files\Microsoft Visual Studio\18\Community\MSBuild\Microsoft\VC\v180\Microsoft.CppBuild.targets(324,5): message :       ExpandSDKReferences;
C:\Program Files\Microsoft Visual Studio\18\Community\MSBuild\Microsoft\VC\v180\Microsoft.CppBuild.targets(324,5): message :     " (previous value: "
C:\Program Files\Microsoft Visual Studio\18\Community\MSBuild\Microsoft\VC\v180\Microsoft.CppBuild.targets(324,5): message :       ResolveProjectReferences;
C:\Program Files\Microsoft Visual Studio\18\Community\MSBuild\Microsoft\VC\v180\Microsoft.CppBuild.targets(324,5): message :       FindInvalidProjectReferences;
C:\Program Files\Microsoft Visual Studio\18\Community\MSBuild\Microsoft\VC\v180\Microsoft.CppBuild.targets(324,5): message :       GetFrameworkPaths;
C:\Program Files\Microsoft Visual Studio\18\Community\MSBuild\Microsoft\VC\v180\Microsoft.CppBuild.targets(324,5): message :       GetReferenceAssemblyPaths;
C:\Program Files\Microsoft Visual Studio\18\Community\MSBuild\Microsoft\VC\v180\Microsoft.CppBuild.targets(324,5): message :       PrepareForBuild;
C:\Program Files\Microsoft Visual Studio\18\Community\MSBuild\Microsoft\VC\v180\Microsoft.CppBuild.targets(324,5): message :       ResolveSDKReferences;
C:\Program Files\Microsoft Visual Studio\18\Community\MSBuild\Microsoft\VC\v180\Microsoft.CppBuild.targets(324,5): message :       ExpandSDKReferences;
C:\Program Files\Microsoft Visual Studio\18\Community\MSBuild\Microsoft\VC\v180\Microsoft.CppBuild.targets(324,5): message :     ") at C:\Program Files\Microsoft Visual Studio\18\Community\MSBuild\Microsoft\VC\v180\Microsoft.CppBuild.targets (324,5)
C:\Program Files\Microsoft Visual Studio\18\Community\MSBuild\Microsoft\VC\v180\Microsoft.CppBuild.targets(325,5): message : Property reassignment: $(ResolveSDKReferencesDependsOn)="_PrepareForReferenceResolution;ComputeCrtSDKReference;
C:\Program Files\Microsoft Visual Studio\18\Community\MSBuild\Microsoft\VC\v180\Microsoft.CppBuild.targets(325,5): message :       GetInstalledSDKLocations
C:\Program Files\Microsoft Visual Studio\18\Community\MSBuild\Microsoft\VC\v180\Microsoft.CppBuild.targets(325,5): message :     " (previous value: "
C:\Program Files\Microsoft Visual Studio\18\Community\MSBuild\Microsoft\VC\v180\Microsoft.CppBuild.targets(325,5): message :       GetInstalledSDKLocations
C:\Program Files\Microsoft Visual Studio\18\Community\MSBuild\Microsoft\VC\v180\Microsoft.CppBuild.targets(325,5): message :     ") at C:\Program Files\Microsoft Visual Studio\18\Community\MSBuild\Microsoft\VC\v180\Microsoft.CppBuild.targets (325,5)
C:\Program Files\Microsoft Visual Studio\18\Community\MSBuild\Microsoft\VC\v180\Microsoft.CppBuild.targets(656,5): message : Property reassignment: $(ComputeCompileInputsTargets)="
C:\Program Files\Microsoft Visual Studio\18\Community\MSBuild\Microsoft\VC\v180\Microsoft.CppBuild.targets(656,5): message :
C:\Program Files\Microsoft Visual Studio\18\Community\MSBuild\Microsoft\VC\v180\Microsoft.CppBuild.targets(656,5): message :       ;
C:\Program Files\Microsoft Visual Studio\18\Community\MSBuild\Microsoft\VC\v180\Microsoft.CppBuild.targets(656,5): message :       GenerateTargetFrameworkMonikerAttribute;
C:\Program Files\Microsoft Visual Studio\18\Community\MSBuild\Microsoft\VC\v180\Microsoft.CppBuild.targets(656,5): message :     ;
C:\Program Files\Microsoft Visual Studio\18\Community\MSBuild\Microsoft\VC\v180\Microsoft.CppBuild.targets(656,5): message :       ComputeMIDLGeneratedCompileInputs;
C:\Program Files\Microsoft Visual Studio\18\Community\MSBuild\Microsoft\VC\v180\Microsoft.CppBuild.targets(656,5): message :     " (previous value: "
C:\Program Files\Microsoft Visual Studio\18\Community\MSBuild\Microsoft\VC\v180\Microsoft.CppBuild.targets(656,5): message :       ;
C:\Program Files\Microsoft Visual Studio\18\Community\MSBuild\Microsoft\VC\v180\Microsoft.CppBuild.targets(656,5): message :       GenerateTargetFrameworkMonikerAttribute;
C:\Program Files\Microsoft Visual Studio\18\Community\MSBuild\Microsoft\VC\v180\Microsoft.CppBuild.targets(656,5): message :     ") at C:\Program Files\Microsoft Visual Studio\18\Community\MSBuild\Microsoft\VC\v180\Microsoft.CppBuild.targets (656,5)
C:\Program Files\Microsoft Visual Studio\18\Community\MSBuild\Microsoft\VC\v180\Microsoft.CppBuild.targets(972,5): message : Property reassignment: $(ComputeLinkInputsTargets)="
C:\Program Files\Microsoft Visual Studio\18\Community\MSBuild\Microsoft\VC\v180\Microsoft.CppBuild.targets(972,5): message :
C:\Program Files\Microsoft Visual Studio\18\Community\MSBuild\Microsoft\VC\v180\Microsoft.CppBuild.targets(972,5): message :       ;
C:\Program Files\Microsoft Visual Studio\18\Community\MSBuild\Microsoft\VC\v180\Microsoft.CppBuild.targets(972,5): message :       ComputeRCGeneratedLinkInputs;
C:\Program Files\Microsoft Visual Studio\18\Community\MSBuild\Microsoft\VC\v180\Microsoft.CppBuild.targets(972,5): message :     ;
C:\Program Files\Microsoft Visual Studio\18\Community\MSBuild\Microsoft\VC\v180\Microsoft.CppBuild.targets(972,5): message :       ComputeManifestGeneratedLinkerInputs;
C:\Program Files\Microsoft Visual Studio\18\Community\MSBuild\Microsoft\VC\v180\Microsoft.CppBuild.targets(972,5): message :     " (previous value: "
C:\Program Files\Microsoft Visual Studio\18\Community\MSBuild\Microsoft\VC\v180\Microsoft.CppBuild.targets(972,5): message :       ;
C:\Program Files\Microsoft Visual Studio\18\Community\MSBuild\Microsoft\VC\v180\Microsoft.CppBuild.targets(972,5): message :       ComputeRCGeneratedLinkInputs;
C:\Program Files\Microsoft Visual Studio\18\Community\MSBuild\Microsoft\VC\v180\Microsoft.CppBuild.targets(972,5): message :     ") at C:\Program Files\Microsoft Visual Studio\18\Community\MSBuild\Microsoft\VC\v180\Microsoft.CppBuild.targets (972,5)
C:\Program Files\Microsoft Visual Studio\18\Community\MSBuild\Microsoft\VC\v180\Microsoft.CppBuild.targets(1169,5): message : Property reassignment: $(ComputeCompileInputsTargets)="
C:\Program Files\Microsoft Visual Studio\18\Community\MSBuild\Microsoft\VC\v180\Microsoft.CppBuild.targets(1169,5): message :
C:\Program Files\Microsoft Visual Studio\18\Community\MSBuild\Microsoft\VC\v180\Microsoft.CppBuild.targets(1169,5): message :
C:\Program Files\Microsoft Visual Studio\18\Community\MSBuild\Microsoft\VC\v180\Microsoft.CppBuild.targets(1169,5): message :       ;
C:\Program Files\Microsoft Visual Studio\18\Community\MSBuild\Microsoft\VC\v180\Microsoft.CppBuild.targets(1169,5): message :       GenerateTargetFrameworkMonikerAttribute;
C:\Program Files\Microsoft Visual Studio\18\Community\MSBuild\Microsoft\VC\v180\Microsoft.CppBuild.targets(1169,5): message :     ;
C:\Program Files\Microsoft Visual Studio\18\Community\MSBuild\Microsoft\VC\v180\Microsoft.CppBuild.targets(1169,5): message :       ComputeMIDLGeneratedCompileInputs;
C:\Program Files\Microsoft Visual Studio\18\Community\MSBuild\Microsoft\VC\v180\Microsoft.CppBuild.targets(1169,5): message :     ;
C:\Program Files\Microsoft Visual Studio\18\Community\MSBuild\Microsoft\VC\v180\Microsoft.CppBuild.targets(1169,5): message :       ComputeCLInputPDBName;
C:\Program Files\Microsoft Visual Studio\18\Community\MSBuild\Microsoft\VC\v180\Microsoft.CppBuild.targets(1169,5): message :       ComputeReferenceCLInput;
C:\Program Files\Microsoft Visual Studio\18\Community\MSBuild\Microsoft\VC\v180\Microsoft.CppBuild.targets(1169,5): message :       WarnCompileDuplicatedFilename
C:\Program Files\Microsoft Visual Studio\18\Community\MSBuild\Microsoft\VC\v180\Microsoft.CppBuild.targets(1169,5): message :     " (previous value: "
C:\Program Files\Microsoft Visual Studio\18\Community\MSBuild\Microsoft\VC\v180\Microsoft.CppBuild.targets(1169,5): message :
C:\Program Files\Microsoft Visual Studio\18\Community\MSBuild\Microsoft\VC\v180\Microsoft.CppBuild.targets(1169,5): message :       ;
C:\Program Files\Microsoft Visual Studio\18\Community\MSBuild\Microsoft\VC\v180\Microsoft.CppBuild.targets(1169,5): message :       GenerateTargetFrameworkMonikerAttribute;
C:\Program Files\Microsoft Visual Studio\18\Community\MSBuild\Microsoft\VC\v180\Microsoft.CppBuild.targets(1169,5): message :     ;
C:\Program Files\Microsoft Visual Studio\18\Community\MSBuild\Microsoft\VC\v180\Microsoft.CppBuild.targets(1169,5): message :       ComputeMIDLGeneratedCompileInputs;
C:\Program Files\Microsoft Visual Studio\18\Community\MSBuild\Microsoft\VC\v180\Microsoft.CppBuild.targets(1169,5): message :     ") at C:\Program Files\Microsoft Visual Studio\18\Community\MSBuild\Microsoft\VC\v180\Microsoft.CppBuild.targets (1169,5)
C:\Program Files\Microsoft Visual Studio\18\Community\MSBuild\Microsoft\VC\v180\Microsoft.CppBuild.targets(1221,5): message : Property reassignment: $(ComputeLinkInputsTargets)="
C:\Program Files\Microsoft Visual Studio\18\Community\MSBuild\Microsoft\VC\v180\Microsoft.CppBuild.targets(1221,5): message :
C:\Program Files\Microsoft Visual Studio\18\Community\MSBuild\Microsoft\VC\v180\Microsoft.CppBuild.targets(1221,5): message :
C:\Program Files\Microsoft Visual Studio\18\Community\MSBuild\Microsoft\VC\v180\Microsoft.CppBuild.targets(1221,5): message :       ;
C:\Program Files\Microsoft Visual Studio\18\Community\MSBuild\Microsoft\VC\v180\Microsoft.CppBuild.targets(1221,5): message :       ComputeRCGeneratedLinkInputs;
C:\Program Files\Microsoft Visual Studio\18\Community\MSBuild\Microsoft\VC\v180\Microsoft.CppBuild.targets(1221,5): message :     ;
C:\Program Files\Microsoft Visual Studio\18\Community\MSBuild\Microsoft\VC\v180\Microsoft.CppBuild.targets(1221,5): message :       ComputeManifestGeneratedLinkerInputs;
C:\Program Files\Microsoft Visual Studio\18\Community\MSBuild\Microsoft\VC\v180\Microsoft.CppBuild.targets(1221,5): message :     ;
C:\Program Files\Microsoft Visual Studio\18\Community\MSBuild\Microsoft\VC\v180\Microsoft.CppBuild.targets(1221,5): message :       ComputeCustomBuildOutput;
C:\Program Files\Microsoft Visual Studio\18\Community\MSBuild\Microsoft\VC\v180\Microsoft.CppBuild.targets(1221,5): message :     " (previous value: "
C:\Program Files\Microsoft Visual Studio\18\Community\MSBuild\Microsoft\VC\v180\Microsoft.CppBuild.targets(1221,5): message :
C:\Program Files\Microsoft Visual Studio\18\Community\MSBuild\Microsoft\VC\v180\Microsoft.CppBuild.targets(1221,5): message :       ;
C:\Program Files\Microsoft Visual Studio\18\Community\MSBuild\Microsoft\VC\v180\Microsoft.CppBuild.targets(1221,5): message :       ComputeRCGeneratedLinkInputs;
C:\Program Files\Microsoft Visual Studio\18\Community\MSBuild\Microsoft\VC\v180\Microsoft.CppBuild.targets(1221,5): message :     ;
C:\Program Files\Microsoft Visual Studio\18\Community\MSBuild\Microsoft\VC\v180\Microsoft.CppBuild.targets(1221,5): message :       ComputeManifestGeneratedLinkerInputs;
C:\Program Files\Microsoft Visual Studio\18\Community\MSBuild\Microsoft\VC\v180\Microsoft.CppBuild.targets(1221,5): message :     ") at C:\Program Files\Microsoft Visual Studio\18\Community\MSBuild\Microsoft\VC\v180\Microsoft.CppBuild.targets (1221,5)
C:\Program Files\Microsoft Visual Studio\18\Community\MSBuild\Microsoft\VC\v180\Microsoft.CppBuild.targets(1228,5): message : Property reassignment: $(ComputeLibInputsTargets)="
C:\Program Files\Microsoft Visual Studio\18\Community\MSBuild\Microsoft\VC\v180\Microsoft.CppBuild.targets(1228,5): message :
C:\Program Files\Microsoft Visual Studio\18\Community\MSBuild\Microsoft\VC\v180\Microsoft.CppBuild.targets(1228,5): message :       ;
C:\Program Files\Microsoft Visual Studio\18\Community\MSBuild\Microsoft\VC\v180\Microsoft.CppBuild.targets(1228,5): message :       ComputeRCGeneratedLibInputs;
C:\Program Files\Microsoft Visual Studio\18\Community\MSBuild\Microsoft\VC\v180\Microsoft.CppBuild.targets(1228,5): message :     ;
C:\Program Files\Microsoft Visual Studio\18\Community\MSBuild\Microsoft\VC\v180\Microsoft.CppBuild.targets(1228,5): message :       ComputeCustomBuildOutput;
C:\Program Files\Microsoft Visual Studio\18\Community\MSBuild\Microsoft\VC\v180\Microsoft.CppBuild.targets(1228,5): message :     " (previous value: "
C:\Program Files\Microsoft Visual Studio\18\Community\MSBuild\Microsoft\VC\v180\Microsoft.CppBuild.targets(1228,5): message :       ;
C:\Program Files\Microsoft Visual Studio\18\Community\MSBuild\Microsoft\VC\v180\Microsoft.CppBuild.targets(1228,5): message :       ComputeRCGeneratedLibInputs;
C:\Program Files\Microsoft Visual Studio\18\Community\MSBuild\Microsoft\VC\v180\Microsoft.CppBuild.targets(1228,5): message :     ") at C:\Program Files\Microsoft Visual Studio\18\Community\MSBuild\Microsoft\VC\v180\Microsoft.CppBuild.targets (1228,5)
C:\Program Files\Microsoft Visual Studio\18\Community\MSBuild\Microsoft\VC\v180\Microsoft.CppBuild.targets(1235,5): message : Property reassignment: $(ComputeImpLibInputsTargets)="
C:\Program Files\Microsoft Visual Studio\18\Community\MSBuild\Microsoft\VC\v180\Microsoft.CppBuild.targets(1235,5): message :
C:\Program Files\Microsoft Visual Studio\18\Community\MSBuild\Microsoft\VC\v180\Microsoft.CppBuild.targets(1235,5): message :
C:\Program Files\Microsoft Visual Studio\18\Community\MSBuild\Microsoft\VC\v180\Microsoft.CppBuild.targets(1235,5): message :       ;
C:\Program Files\Microsoft Visual Studio\18\Community\MSBuild\Microsoft\VC\v180\Microsoft.CppBuild.targets(1235,5): message :       ComputeRCGeneratedLibInputs;
C:\Program Files\Microsoft Visual Studio\18\Community\MSBuild\Microsoft\VC\v180\Microsoft.CppBuild.targets(1235,5): message :     ;
C:\Program Files\Microsoft Visual Studio\18\Community\MSBuild\Microsoft\VC\v180\Microsoft.CppBuild.targets(1235,5): message :       ComputeRCGeneratedImpLibInputs;
C:\Program Files\Microsoft Visual Studio\18\Community\MSBuild\Microsoft\VC\v180\Microsoft.CppBuild.targets(1235,5): message :     ;
C:\Program Files\Microsoft Visual Studio\18\Community\MSBuild\Microsoft\VC\v180\Microsoft.CppBuild.targets(1235,5): message :       ComputeCustomBuildOutput;
C:\Program Files\Microsoft Visual Studio\18\Community\MSBuild\Microsoft\VC\v180\Microsoft.CppBuild.targets(1235,5): message :     " (previous value: "
C:\Program Files\Microsoft Visual Studio\18\Community\MSBuild\Microsoft\VC\v180\Microsoft.CppBuild.targets(1235,5): message :
C:\Program Files\Microsoft Visual Studio\18\Community\MSBuild\Microsoft\VC\v180\Microsoft.CppBuild.targets(1235,5): message :       ;
C:\Program Files\Microsoft Visual Studio\18\Community\MSBuild\Microsoft\VC\v180\Microsoft.CppBuild.targets(1235,5): message :       ComputeRCGeneratedLibInputs;
C:\Program Files\Microsoft Visual Studio\18\Community\MSBuild\Microsoft\VC\v180\Microsoft.CppBuild.targets(1235,5): message :     ;
C:\Program Files\Microsoft Visual Studio\18\Community\MSBuild\Microsoft\VC\v180\Microsoft.CppBuild.targets(1235,5): message :       ComputeRCGeneratedImpLibInputs;
C:\Program Files\Microsoft Visual Studio\18\Community\MSBuild\Microsoft\VC\v180\Microsoft.CppBuild.targets(1235,5): message :     ") at C:\Program Files\Microsoft Visual Studio\18\Community\MSBuild\Microsoft\VC\v180\Microsoft.CppBuild.targets (1235,5)
C:\Program Files\Microsoft Visual Studio\18\Community\MSBuild\Microsoft\VC\v180\Microsoft.CppBuild.targets(1296,5): message : Property reassignment: $(ComputeLinkInputsTargets)="
C:\Program Files\Microsoft Visual Studio\18\Community\MSBuild\Microsoft\VC\v180\Microsoft.CppBuild.targets(1296,5): message :
C:\Program Files\Microsoft Visual Studio\18\Community\MSBuild\Microsoft\VC\v180\Microsoft.CppBuild.targets(1296,5): message :
C:\Program Files\Microsoft Visual Studio\18\Community\MSBuild\Microsoft\VC\v180\Microsoft.CppBuild.targets(1296,5): message :
C:\Program Files\Microsoft Visual Studio\18\Community\MSBuild\Microsoft\VC\v180\Microsoft.CppBuild.targets(1296,5): message :       ;
C:\Program Files\Microsoft Visual Studio\18\Community\MSBuild\Microsoft\VC\v180\Microsoft.CppBuild.targets(1296,5): message :       ComputeRCGeneratedLinkInputs;
C:\Program Files\Microsoft Visual Studio\18\Community\MSBuild\Microsoft\VC\v180\Microsoft.CppBuild.targets(1296,5): message :     ;
C:\Program Files\Microsoft Visual Studio\18\Community\MSBuild\Microsoft\VC\v180\Microsoft.CppBuild.targets(1296,5): message :       ComputeManifestGeneratedLinkerInputs;
C:\Program Files\Microsoft Visual Studio\18\Community\MSBuild\Microsoft\VC\v180\Microsoft.CppBuild.targets(1296,5): message :     ;
C:\Program Files\Microsoft Visual Studio\18\Community\MSBuild\Microsoft\VC\v180\Microsoft.CppBuild.targets(1296,5): message :       ComputeCustomBuildOutput;
C:\Program Files\Microsoft Visual Studio\18\Community\MSBuild\Microsoft\VC\v180\Microsoft.CppBuild.targets(1296,5): message :     ;
C:\Program Files\Microsoft Visual Studio\18\Community\MSBuild\Microsoft\VC\v180\Microsoft.CppBuild.targets(1296,5): message :       ComputeCLGeneratedLinkInputs;
C:\Program Files\Microsoft Visual Studio\18\Community\MSBuild\Microsoft\VC\v180\Microsoft.CppBuild.targets(1296,5): message :     " (previous value: "
C:\Program Files\Microsoft Visual Studio\18\Community\MSBuild\Microsoft\VC\v180\Microsoft.CppBuild.targets(1296,5): message :
C:\Program Files\Microsoft Visual Studio\18\Community\MSBuild\Microsoft\VC\v180\Microsoft.CppBuild.targets(1296,5): message :
C:\Program Files\Microsoft Visual Studio\18\Community\MSBuild\Microsoft\VC\v180\Microsoft.CppBuild.targets(1296,5): message :       ;
C:\Program Files\Microsoft Visual Studio\18\Community\MSBuild\Microsoft\VC\v180\Microsoft.CppBuild.targets(1296,5): message :       ComputeRCGeneratedLinkInputs;
C:\Program Files\Microsoft Visual Studio\18\Community\MSBuild\Microsoft\VC\v180\Microsoft.CppBuild.targets(1296,5): message :     ;
C:\Program Files\Microsoft Visual Studio\18\Community\MSBuild\Microsoft\VC\v180\Microsoft.CppBuild.targets(1296,5): message :       ComputeManifestGeneratedLinkerInputs;
C:\Program Files\Microsoft Visual Studio\18\Community\MSBuild\Microsoft\VC\v180\Microsoft.CppBuild.targets(1296,5): message :     ;
C:\Program Files\Microsoft Visual Studio\18\Community\MSBuild\Microsoft\VC\v180\Microsoft.CppBuild.targets(1296,5): message :       ComputeCustomBuildOutput;
C:\Program Files\Microsoft Visual Studio\18\Community\MSBuild\Microsoft\VC\v180\Microsoft.CppBuild.targets(1296,5): message :     ") at C:\Program Files\Microsoft Visual Studio\18\Community\MSBuild\Microsoft\VC\v180\Microsoft.CppBuild.targets (1296,5)
C:\Program Files\Microsoft Visual Studio\18\Community\MSBuild\Microsoft\VC\v180\Microsoft.CppBuild.targets(1311,5): message : Property reassignment: $(ComputeLibInputsTargets)="
C:\Program Files\Microsoft Visual Studio\18\Community\MSBuild\Microsoft\VC\v180\Microsoft.CppBuild.targets(1311,5): message :
C:\Program Files\Microsoft Visual Studio\18\Community\MSBuild\Microsoft\VC\v180\Microsoft.CppBuild.targets(1311,5): message :
C:\Program Files\Microsoft Visual Studio\18\Community\MSBuild\Microsoft\VC\v180\Microsoft.CppBuild.targets(1311,5): message :       ;
C:\Program Files\Microsoft Visual Studio\18\Community\MSBuild\Microsoft\VC\v180\Microsoft.CppBuild.targets(1311,5): message :       ComputeRCGeneratedLibInputs;
C:\Program Files\Microsoft Visual Studio\18\Community\MSBuild\Microsoft\VC\v180\Microsoft.CppBuild.targets(1311,5): message :     ;
C:\Program Files\Microsoft Visual Studio\18\Community\MSBuild\Microsoft\VC\v180\Microsoft.CppBuild.targets(1311,5): message :       ComputeCustomBuildOutput;
C:\Program Files\Microsoft Visual Studio\18\Community\MSBuild\Microsoft\VC\v180\Microsoft.CppBuild.targets(1311,5): message :     ;
C:\Program Files\Microsoft Visual Studio\18\Community\MSBuild\Microsoft\VC\v180\Microsoft.CppBuild.targets(1311,5): message :       ComputeCLGeneratedLibInputs;
C:\Program Files\Microsoft Visual Studio\18\Community\MSBuild\Microsoft\VC\v180\Microsoft.CppBuild.targets(1311,5): message :     " (previous value: "
C:\Program Files\Microsoft Visual Studio\18\Community\MSBuild\Microsoft\VC\v180\Microsoft.CppBuild.targets(1311,5): message :
C:\Program Files\Microsoft Visual Studio\18\Community\MSBuild\Microsoft\VC\v180\Microsoft.CppBuild.targets(1311,5): message :       ;
C:\Program Files\Microsoft Visual Studio\18\Community\MSBuild\Microsoft\VC\v180\Microsoft.CppBuild.targets(1311,5): message :       ComputeRCGeneratedLibInputs;
C:\Program Files\Microsoft Visual Studio\18\Community\MSBuild\Microsoft\VC\v180\Microsoft.CppBuild.targets(1311,5): message :     ;
C:\Program Files\Microsoft Visual Studio\18\Community\MSBuild\Microsoft\VC\v180\Microsoft.CppBuild.targets(1311,5): message :       ComputeCustomBuildOutput;
C:\Program Files\Microsoft Visual Studio\18\Community\MSBuild\Microsoft\VC\v180\Microsoft.CppBuild.targets(1311,5): message :     ") at C:\Program Files\Microsoft Visual Studio\18\Community\MSBuild\Microsoft\VC\v180\Microsoft.CppBuild.targets (1311,5)
C:\Program Files\Microsoft Visual Studio\18\Community\MSBuild\Microsoft\VC\v180\Microsoft.CppBuild.targets(1326,5): message : Property reassignment: $(ComputeImpLibInputsTargets)="
C:\Program Files\Microsoft Visual Studio\18\Community\MSBuild\Microsoft\VC\v180\Microsoft.CppBuild.targets(1326,5): message :
C:\Program Files\Microsoft Visual Studio\18\Community\MSBuild\Microsoft\VC\v180\Microsoft.CppBuild.targets(1326,5): message :
C:\Program Files\Microsoft Visual Studio\18\Community\MSBuild\Microsoft\VC\v180\Microsoft.CppBuild.targets(1326,5): message :
C:\Program Files\Microsoft Visual Studio\18\Community\MSBuild\Microsoft\VC\v180\Microsoft.CppBuild.targets(1326,5): message :       ;
C:\Program Files\Microsoft Visual Studio\18\Community\MSBuild\Microsoft\VC\v180\Microsoft.CppBuild.targets(1326,5): message :       ComputeRCGeneratedLibInputs;
C:\Program Files\Microsoft Visual Studio\18\Community\MSBuild\Microsoft\VC\v180\Microsoft.CppBuild.targets(1326,5): message :     ;
C:\Program Files\Microsoft Visual Studio\18\Community\MSBuild\Microsoft\VC\v180\Microsoft.CppBuild.targets(1326,5): message :       ComputeRCGeneratedImpLibInputs;
C:\Program Files\Microsoft Visual Studio\18\Community\MSBuild\Microsoft\VC\v180\Microsoft.CppBuild.targets(1326,5): message :     ;
C:\Program Files\Microsoft Visual Studio\18\Community\MSBuild\Microsoft\VC\v180\Microsoft.CppBuild.targets(1326,5): message :       ComputeCustomBuildOutput;
C:\Program Files\Microsoft Visual Studio\18\Community\MSBuild\Microsoft\VC\v180\Microsoft.CppBuild.targets(1326,5): message :     ;
C:\Program Files\Microsoft Visual Studio\18\Community\MSBuild\Microsoft\VC\v180\Microsoft.CppBuild.targets(1326,5): message :       ComputeCLGeneratedImpLibInputs;
C:\Program Files\Microsoft Visual Studio\18\Community\MSBuild\Microsoft\VC\v180\Microsoft.CppBuild.targets(1326,5): message :     " (previous value: "
C:\Program Files\Microsoft Visual Studio\18\Community\MSBuild\Microsoft\VC\v180\Microsoft.CppBuild.targets(1326,5): message :
C:\Program Files\Microsoft Visual Studio\18\Community\MSBuild\Microsoft\VC\v180\Microsoft.CppBuild.targets(1326,5): message :
C:\Program Files\Microsoft Visual Studio\18\Community\MSBuild\Microsoft\VC\v180\Microsoft.CppBuild.targets(1326,5): message :       ;
C:\Program Files\Microsoft Visual Studio\18\Community\MSBuild\Microsoft\VC\v180\Microsoft.CppBuild.targets(1326,5): message :       ComputeRCGeneratedLibInputs;
C:\Program Files\Microsoft Visual Studio\18\Community\MSBuild\Microsoft\VC\v180\Microsoft.CppBuild.targets(1326,5): message :     ;
C:\Program Files\Microsoft Visual Studio\18\Community\MSBuild\Microsoft\VC\v180\Microsoft.CppBuild.targets(1326,5): message :       ComputeRCGeneratedImpLibInputs;
C:\Program Files\Microsoft Visual Studio\18\Community\MSBuild\Microsoft\VC\v180\Microsoft.CppBuild.targets(1326,5): message :     ;
C:\Program Files\Microsoft Visual Studio\18\Community\MSBuild\Microsoft\VC\v180\Microsoft.CppBuild.targets(1326,5): message :       ComputeCustomBuildOutput;
C:\Program Files\Microsoft Visual Studio\18\Community\MSBuild\Microsoft\VC\v180\Microsoft.CppBuild.targets(1326,5): message :     ") at C:\Program Files\Microsoft Visual Studio\18\Community\MSBuild\Microsoft\VC\v180\Microsoft.CppBuild.targets (1326,5)
C:\Program Files\Microsoft Visual Studio\18\Community\MSBuild\Microsoft\VC\v180\Microsoft.CppBuild.targets(1357,5): message : Property reassignment: $(ComputeLinkInputsTargets)="
C:\Program Files\Microsoft Visual Studio\18\Community\MSBuild\Microsoft\VC\v180\Microsoft.CppBuild.targets(1357,5): message :
C:\Program Files\Microsoft Visual Studio\18\Community\MSBuild\Microsoft\VC\v180\Microsoft.CppBuild.targets(1357,5): message :
C:\Program Files\Microsoft Visual Studio\18\Community\MSBuild\Microsoft\VC\v180\Microsoft.CppBuild.targets(1357,5): message :
C:\Program Files\Microsoft Visual Studio\18\Community\MSBuild\Microsoft\VC\v180\Microsoft.CppBuild.targets(1357,5): message :
C:\Program Files\Microsoft Visual Studio\18\Community\MSBuild\Microsoft\VC\v180\Microsoft.CppBuild.targets(1357,5): message :       ;
C:\Program Files\Microsoft Visual Studio\18\Community\MSBuild\Microsoft\VC\v180\Microsoft.CppBuild.targets(1357,5): message :       ComputeRCGeneratedLinkInputs;
C:\Program Files\Microsoft Visual Studio\18\Community\MSBuild\Microsoft\VC\v180\Microsoft.CppBuild.targets(1357,5): message :     ;
C:\Program Files\Microsoft Visual Studio\18\Community\MSBuild\Microsoft\VC\v180\Microsoft.CppBuild.targets(1357,5): message :       ComputeManifestGeneratedLinkerInputs;
C:\Program Files\Microsoft Visual Studio\18\Community\MSBuild\Microsoft\VC\v180\Microsoft.CppBuild.targets(1357,5): message :     ;
C:\Program Files\Microsoft Visual Studio\18\Community\MSBuild\Microsoft\VC\v180\Microsoft.CppBuild.targets(1357,5): message :       ComputeCustomBuildOutput;
C:\Program Files\Microsoft Visual Studio\18\Community\MSBuild\Microsoft\VC\v180\Microsoft.CppBuild.targets(1357,5): message :     ;
C:\Program Files\Microsoft Visual Studio\18\Community\MSBuild\Microsoft\VC\v180\Microsoft.CppBuild.targets(1357,5): message :       ComputeCLGeneratedLinkInputs;
C:\Program Files\Microsoft Visual Studio\18\Community\MSBuild\Microsoft\VC\v180\Microsoft.CppBuild.targets(1357,5): message :     ;
C:\Program Files\Microsoft Visual Studio\18\Community\MSBuild\Microsoft\VC\v180\Microsoft.CppBuild.targets(1357,5): message :       ComputeLinkInputsFromProject;
C:\Program Files\Microsoft Visual Studio\18\Community\MSBuild\Microsoft\VC\v180\Microsoft.CppBuild.targets(1357,5): message :     " (previous value: "
C:\Program Files\Microsoft Visual Studio\18\Community\MSBuild\Microsoft\VC\v180\Microsoft.CppBuild.targets(1357,5): message :
C:\Program Files\Microsoft Visual Studio\18\Community\MSBuild\Microsoft\VC\v180\Microsoft.CppBuild.targets(1357,5): message :
C:\Program Files\Microsoft Visual Studio\18\Community\MSBuild\Microsoft\VC\v180\Microsoft.CppBuild.targets(1357,5): message :
C:\Program Files\Microsoft Visual Studio\18\Community\MSBuild\Microsoft\VC\v180\Microsoft.CppBuild.targets(1357,5): message :       ;
C:\Program Files\Microsoft Visual Studio\18\Community\MSBuild\Microsoft\VC\v180\Microsoft.CppBuild.targets(1357,5): message :       ComputeRCGeneratedLinkInputs;
C:\Program Files\Microsoft Visual Studio\18\Community\MSBuild\Microsoft\VC\v180\Microsoft.CppBuild.targets(1357,5): message :     ;
C:\Program Files\Microsoft Visual Studio\18\Community\MSBuild\Microsoft\VC\v180\Microsoft.CppBuild.targets(1357,5): message :       ComputeManifestGeneratedLinkerInputs;
C:\Program Files\Microsoft Visual Studio\18\Community\MSBuild\Microsoft\VC\v180\Microsoft.CppBuild.targets(1357,5): message :     ;
C:\Program Files\Microsoft Visual Studio\18\Community\MSBuild\Microsoft\VC\v180\Microsoft.CppBuild.targets(1357,5): message :       ComputeCustomBuildOutput;
C:\Program Files\Microsoft Visual Studio\18\Community\MSBuild\Microsoft\VC\v180\Microsoft.CppBuild.targets(1357,5): message :     ;
C:\Program Files\Microsoft Visual Studio\18\Community\MSBuild\Microsoft\VC\v180\Microsoft.CppBuild.targets(1357,5): message :       ComputeCLGeneratedLinkInputs;
C:\Program Files\Microsoft Visual Studio\18\Community\MSBuild\Microsoft\VC\v180\Microsoft.CppBuild.targets(1357,5): message :     ") at C:\Program Files\Microsoft Visual Studio\18\Community\MSBuild\Microsoft\VC\v180\Microsoft.CppBuild.targets (1357,5)
C:\Program Files\Microsoft Visual Studio\18\Community\MSBuild\Microsoft\VC\v180\Microsoft.CppBuild.targets(1375,5): message : Property reassignment: $(ComputeLibInputsTargets)="
C:\Program Files\Microsoft Visual Studio\18\Community\MSBuild\Microsoft\VC\v180\Microsoft.CppBuild.targets(1375,5): message :
C:\Program Files\Microsoft Visual Studio\18\Community\MSBuild\Microsoft\VC\v180\Microsoft.CppBuild.targets(1375,5): message :
C:\Program Files\Microsoft Visual Studio\18\Community\MSBuild\Microsoft\VC\v180\Microsoft.CppBuild.targets(1375,5): message :
C:\Program Files\Microsoft Visual Studio\18\Community\MSBuild\Microsoft\VC\v180\Microsoft.CppBuild.targets(1375,5): message :       ;
C:\Program Files\Microsoft Visual Studio\18\Community\MSBuild\Microsoft\VC\v180\Microsoft.CppBuild.targets(1375,5): message :       ComputeRCGeneratedLibInputs;
C:\Program Files\Microsoft Visual Studio\18\Community\MSBuild\Microsoft\VC\v180\Microsoft.CppBuild.targets(1375,5): message :     ;
C:\Program Files\Microsoft Visual Studio\18\Community\MSBuild\Microsoft\VC\v180\Microsoft.CppBuild.targets(1375,5): message :       ComputeCustomBuildOutput;
C:\Program Files\Microsoft Visual Studio\18\Community\MSBuild\Microsoft\VC\v180\Microsoft.CppBuild.targets(1375,5): message :     ;
C:\Program Files\Microsoft Visual Studio\18\Community\MSBuild\Microsoft\VC\v180\Microsoft.CppBuild.targets(1375,5): message :       ComputeCLGeneratedLibInputs;
C:\Program Files\Microsoft Visual Studio\18\Community\MSBuild\Microsoft\VC\v180\Microsoft.CppBuild.targets(1375,5): message :     ;
C:\Program Files\Microsoft Visual Studio\18\Community\MSBuild\Microsoft\VC\v180\Microsoft.CppBuild.targets(1375,5): message :       ComputeLibInputsFromProject;
C:\Program Files\Microsoft Visual Studio\18\Community\MSBuild\Microsoft\VC\v180\Microsoft.CppBuild.targets(1375,5): message :     " (previous value: "
C:\Program Files\Microsoft Visual Studio\18\Community\MSBuild\Microsoft\VC\v180\Microsoft.CppBuild.targets(1375,5): message :
C:\Program Files\Microsoft Visual Studio\18\Community\MSBuild\Microsoft\VC\v180\Microsoft.CppBuild.targets(1375,5): message :
C:\Program Files\Microsoft Visual Studio\18\Community\MSBuild\Microsoft\VC\v180\Microsoft.CppBuild.targets(1375,5): message :       ;
C:\Program Files\Microsoft Visual Studio\18\Community\MSBuild\Microsoft\VC\v180\Microsoft.CppBuild.targets(1375,5): message :       ComputeRCGeneratedLibInputs;
C:\Program Files\Microsoft Visual Studio\18\Community\MSBuild\Microsoft\VC\v180\Microsoft.CppBuild.targets(1375,5): message :     ;
C:\Program Files\Microsoft Visual Studio\18\Community\MSBuild\Microsoft\VC\v180\Microsoft.CppBuild.targets(1375,5): message :       ComputeCustomBuildOutput;
C:\Program Files\Microsoft Visual Studio\18\Community\MSBuild\Microsoft\VC\v180\Microsoft.CppBuild.targets(1375,5): message :     ;
C:\Program Files\Microsoft Visual Studio\18\Community\MSBuild\Microsoft\VC\v180\Microsoft.CppBuild.targets(1375,5): message :       ComputeCLGeneratedLibInputs;
C:\Program Files\Microsoft Visual Studio\18\Community\MSBuild\Microsoft\VC\v180\Microsoft.CppBuild.targets(1375,5): message :     ") at C:\Program Files\Microsoft Visual Studio\18\Community\MSBuild\Microsoft\VC\v180\Microsoft.CppBuild.targets (1375,5)
C:\Program Files\Microsoft Visual Studio\18\Community\MSBuild\Microsoft\VC\v180\Microsoft.CppBuild.targets(1393,5): message : Property reassignment: $(ComputeImpLibInputsTargets)="
C:\Program Files\Microsoft Visual Studio\18\Community\MSBuild\Microsoft\VC\v180\Microsoft.CppBuild.targets(1393,5): message :
C:\Program Files\Microsoft Visual Studio\18\Community\MSBuild\Microsoft\VC\v180\Microsoft.CppBuild.targets(1393,5): message :
C:\Program Files\Microsoft Visual Studio\18\Community\MSBuild\Microsoft\VC\v180\Microsoft.CppBuild.targets(1393,5): message :
C:\Program Files\Microsoft Visual Studio\18\Community\MSBuild\Microsoft\VC\v180\Microsoft.CppBuild.targets(1393,5): message :
C:\Program Files\Microsoft Visual Studio\18\Community\MSBuild\Microsoft\VC\v180\Microsoft.CppBuild.targets(1393,5): message :       ;
C:\Program Files\Microsoft Visual Studio\18\Community\MSBuild\Microsoft\VC\v180\Microsoft.CppBuild.targets(1393,5): message :       ComputeRCGeneratedLibInputs;
C:\Program Files\Microsoft Visual Studio\18\Community\MSBuild\Microsoft\VC\v180\Microsoft.CppBuild.targets(1393,5): message :     ;
C:\Program Files\Microsoft Visual Studio\18\Community\MSBuild\Microsoft\VC\v180\Microsoft.CppBuild.targets(1393,5): message :       ComputeRCGeneratedImpLibInputs;
C:\Program Files\Microsoft Visual Studio\18\Community\MSBuild\Microsoft\VC\v180\Microsoft.CppBuild.targets(1393,5): message :     ;
C:\Program Files\Microsoft Visual Studio\18\Community\MSBuild\Microsoft\VC\v180\Microsoft.CppBuild.targets(1393,5): message :       ComputeCustomBuildOutput;
C:\Program Files\Microsoft Visual Studio\18\Community\MSBuild\Microsoft\VC\v180\Microsoft.CppBuild.targets(1393,5): message :     ;
C:\Program Files\Microsoft Visual Studio\18\Community\MSBuild\Microsoft\VC\v180\Microsoft.CppBuild.targets(1393,5): message :       ComputeCLGeneratedImpLibInputs;
C:\Program Files\Microsoft Visual Studio\18\Community\MSBuild\Microsoft\VC\v180\Microsoft.CppBuild.targets(1393,5): message :     ;
C:\Program Files\Microsoft Visual Studio\18\Community\MSBuild\Microsoft\VC\v180\Microsoft.CppBuild.targets(1393,5): message :       ComputeImpLibInputsFromProject;
C:\Program Files\Microsoft Visual Studio\18\Community\MSBuild\Microsoft\VC\v180\Microsoft.CppBuild.targets(1393,5): message :     " (previous value: "
C:\Program Files\Microsoft Visual Studio\18\Community\MSBuild\Microsoft\VC\v180\Microsoft.CppBuild.targets(1393,5): message :
C:\Program Files\Microsoft Visual Studio\18\Community\MSBuild\Microsoft\VC\v180\Microsoft.CppBuild.targets(1393,5): message :
C:\Program Files\Microsoft Visual Studio\18\Community\MSBuild\Microsoft\VC\v180\Microsoft.CppBuild.targets(1393,5): message :
C:\Program Files\Microsoft Visual Studio\18\Community\MSBuild\Microsoft\VC\v180\Microsoft.CppBuild.targets(1393,5): message :       ;
C:\Program Files\Microsoft Visual Studio\18\Community\MSBuild\Microsoft\VC\v180\Microsoft.CppBuild.targets(1393,5): message :       ComputeRCGeneratedLibInputs;
C:\Program Files\Microsoft Visual Studio\18\Community\MSBuild\Microsoft\VC\v180\Microsoft.CppBuild.targets(1393,5): message :     ;
C:\Program Files\Microsoft Visual Studio\18\Community\MSBuild\Microsoft\VC\v180\Microsoft.CppBuild.targets(1393,5): message :       ComputeRCGeneratedImpLibInputs;
C:\Program Files\Microsoft Visual Studio\18\Community\MSBuild\Microsoft\VC\v180\Microsoft.CppBuild.targets(1393,5): message :     ;
C:\Program Files\Microsoft Visual Studio\18\Community\MSBuild\Microsoft\VC\v180\Microsoft.CppBuild.targets(1393,5): message :       ComputeCustomBuildOutput;
C:\Program Files\Microsoft Visual Studio\18\Community\MSBuild\Microsoft\VC\v180\Microsoft.CppBuild.targets(1393,5): message :     ;
C:\Program Files\Microsoft Visual Studio\18\Community\MSBuild\Microsoft\VC\v180\Microsoft.CppBuild.targets(1393,5): message :       ComputeCLGeneratedImpLibInputs;
C:\Program Files\Microsoft Visual Studio\18\Community\MSBuild\Microsoft\VC\v180\Microsoft.CppBuild.targets(1393,5): message :     ") at C:\Program Files\Microsoft Visual Studio\18\Community\MSBuild\Microsoft\VC\v180\Microsoft.CppBuild.targets (1393,5)
C:\Program Files\Microsoft Visual Studio\18\Community\MSBuild\Microsoft\VC\v180\Microsoft.CppBuild.targets(1517,5): message : Property reassignment: $(ComputeLinkInputsTargets)="
C:\Program Files\Microsoft Visual Studio\18\Community\MSBuild\Microsoft\VC\v180\Microsoft.CppBuild.targets(1517,5): message :
C:\Program Files\Microsoft Visual Studio\18\Community\MSBuild\Microsoft\VC\v180\Microsoft.CppBuild.targets(1517,5): message :
C:\Program Files\Microsoft Visual Studio\18\Community\MSBuild\Microsoft\VC\v180\Microsoft.CppBuild.targets(1517,5): message :
C:\Program Files\Microsoft Visual Studio\18\Community\MSBuild\Microsoft\VC\v180\Microsoft.CppBuild.targets(1517,5): message :
C:\Program Files\Microsoft Visual Studio\18\Community\MSBuild\Microsoft\VC\v180\Microsoft.CppBuild.targets(1517,5): message :
C:\Program Files\Microsoft Visual Studio\18\Community\MSBuild\Microsoft\VC\v180\Microsoft.CppBuild.targets(1517,5): message :       ;
C:\Program Files\Microsoft Visual Studio\18\Community\MSBuild\Microsoft\VC\v180\Microsoft.CppBuild.targets(1517,5): message :       ComputeRCGeneratedLinkInputs;
C:\Program Files\Microsoft Visual Studio\18\Community\MSBuild\Microsoft\VC\v180\Microsoft.CppBuild.targets(1517,5): message :     ;
C:\Program Files\Microsoft Visual Studio\18\Community\MSBuild\Microsoft\VC\v180\Microsoft.CppBuild.targets(1517,5): message :       ComputeManifestGeneratedLinkerInputs;
C:\Program Files\Microsoft Visual Studio\18\Community\MSBuild\Microsoft\VC\v180\Microsoft.CppBuild.targets(1517,5): message :     ;
C:\Program Files\Microsoft Visual Studio\18\Community\MSBuild\Microsoft\VC\v180\Microsoft.CppBuild.targets(1517,5): message :       ComputeCustomBuildOutput;
C:\Program Files\Microsoft Visual Studio\18\Community\MSBuild\Microsoft\VC\v180\Microsoft.CppBuild.targets(1517,5): message :     ;
C:\Program Files\Microsoft Visual Studio\18\Community\MSBuild\Microsoft\VC\v180\Microsoft.CppBuild.targets(1517,5): message :       ComputeCLGeneratedLinkInputs;
C:\Program Files\Microsoft Visual Studio\18\Community\MSBuild\Microsoft\VC\v180\Microsoft.CppBuild.targets(1517,5): message :     ;
C:\Program Files\Microsoft Visual Studio\18\Community\MSBuild\Microsoft\VC\v180\Microsoft.CppBuild.targets(1517,5): message :       ComputeLinkInputsFromProject;
C:\Program Files\Microsoft Visual Studio\18\Community\MSBuild\Microsoft\VC\v180\Microsoft.CppBuild.targets(1517,5): message :     ;
C:\Program Files\Microsoft Visual Studio\18\Community\MSBuild\Microsoft\VC\v180\Microsoft.CppBuild.targets(1517,5): message :       ComputeReferenceLinkInputs;
C:\Program Files\Microsoft Visual Studio\18\Community\MSBuild\Microsoft\VC\v180\Microsoft.CppBuild.targets(1517,5): message :     " (previous value: "
C:\Program Files\Microsoft Visual Studio\18\Community\MSBuild\Microsoft\VC\v180\Microsoft.CppBuild.targets(1517,5): message :
C:\Program Files\Microsoft Visual Studio\18\Community\MSBuild\Microsoft\VC\v180\Microsoft.CppBuild.targets(1517,5): message :
C:\Program Files\Microsoft Visual Studio\18\Community\MSBuild\Microsoft\VC\v180\Microsoft.CppBuild.targets(1517,5): message :
C:\Program Files\Microsoft Visual Studio\18\Community\MSBuild\Microsoft\VC\v180\Microsoft.CppBuild.targets(1517,5): message :
C:\Program Files\Microsoft Visual Studio\18\Community\MSBuild\Microsoft\VC\v180\Microsoft.CppBuild.targets(1517,5): message :       ;
C:\Program Files\Microsoft Visual Studio\18\Community\MSBuild\Microsoft\VC\v180\Microsoft.CppBuild.targets(1517,5): message :       ComputeRCGeneratedLinkInputs;
C:\Program Files\Microsoft Visual Studio\18\Community\MSBuild\Microsoft\VC\v180\Microsoft.CppBuild.targets(1517,5): message :     ;
C:\Program Files\Microsoft Visual Studio\18\Community\MSBuild\Microsoft\VC\v180\Microsoft.CppBuild.targets(1517,5): message :       ComputeManifestGeneratedLinkerInputs;
C:\Program Files\Microsoft Visual Studio\18\Community\MSBuild\Microsoft\VC\v180\Microsoft.CppBuild.targets(1517,5): message :     ;
C:\Program Files\Microsoft Visual Studio\18\Community\MSBuild\Microsoft\VC\v180\Microsoft.CppBuild.targets(1517,5): message :       ComputeCustomBuildOutput;
C:\Program Files\Microsoft Visual Studio\18\Community\MSBuild\Microsoft\VC\v180\Microsoft.CppBuild.targets(1517,5): message :     ;
C:\Program Files\Microsoft Visual Studio\18\Community\MSBuild\Microsoft\VC\v180\Microsoft.CppBuild.targets(1517,5): message :       ComputeCLGeneratedLinkInputs;
C:\Program Files\Microsoft Visual Studio\18\Community\MSBuild\Microsoft\VC\v180\Microsoft.CppBuild.targets(1517,5): message :     ;
C:\Program Files\Microsoft Visual Studio\18\Community\MSBuild\Microsoft\VC\v180\Microsoft.CppBuild.targets(1517,5): message :       ComputeLinkInputsFromProject;
C:\Program Files\Microsoft Visual Studio\18\Community\MSBuild\Microsoft\VC\v180\Microsoft.CppBuild.targets(1517,5): message :     ") at C:\Program Files\Microsoft Visual Studio\18\Community\MSBuild\Microsoft\VC\v180\Microsoft.CppBuild.targets (1517,5)
C:\Program Files\Microsoft Visual Studio\18\Community\MSBuild\Microsoft\VC\v180\Microsoft.CppBuild.targets(1555,5): message : Property reassignment: $(ComputeLibInputsTargets)="
C:\Program Files\Microsoft Visual Studio\18\Community\MSBuild\Microsoft\VC\v180\Microsoft.CppBuild.targets(1555,5): message :
C:\Program Files\Microsoft Visual Studio\18\Community\MSBuild\Microsoft\VC\v180\Microsoft.CppBuild.targets(1555,5): message :
C:\Program Files\Microsoft Visual Studio\18\Community\MSBuild\Microsoft\VC\v180\Microsoft.CppBuild.targets(1555,5): message :
C:\Program Files\Microsoft Visual Studio\18\Community\MSBuild\Microsoft\VC\v180\Microsoft.CppBuild.targets(1555,5): message :
C:\Program Files\Microsoft Visual Studio\18\Community\MSBuild\Microsoft\VC\v180\Microsoft.CppBuild.targets(1555,5): message :       ;
C:\Program Files\Microsoft Visual Studio\18\Community\MSBuild\Microsoft\VC\v180\Microsoft.CppBuild.targets(1555,5): message :       ComputeRCGeneratedLibInputs;
C:\Program Files\Microsoft Visual Studio\18\Community\MSBuild\Microsoft\VC\v180\Microsoft.CppBuild.targets(1555,5): message :     ;
C:\Program Files\Microsoft Visual Studio\18\Community\MSBuild\Microsoft\VC\v180\Microsoft.CppBuild.targets(1555,5): message :       ComputeCustomBuildOutput;
C:\Program Files\Microsoft Visual Studio\18\Community\MSBuild\Microsoft\VC\v180\Microsoft.CppBuild.targets(1555,5): message :     ;
C:\Program Files\Microsoft Visual Studio\18\Community\MSBuild\Microsoft\VC\v180\Microsoft.CppBuild.targets(1555,5): message :       ComputeCLGeneratedLibInputs;
C:\Program Files\Microsoft Visual Studio\18\Community\MSBuild\Microsoft\VC\v180\Microsoft.CppBuild.targets(1555,5): message :     ;
C:\Program Files\Microsoft Visual Studio\18\Community\MSBuild\Microsoft\VC\v180\Microsoft.CppBuild.targets(1555,5): message :       ComputeLibInputsFromProject;
C:\Program Files\Microsoft Visual Studio\18\Community\MSBuild\Microsoft\VC\v180\Microsoft.CppBuild.targets(1555,5): message :     ;
C:\Program Files\Microsoft Visual Studio\18\Community\MSBuild\Microsoft\VC\v180\Microsoft.CppBuild.targets(1555,5): message :       ComputeReferenceLibInputs;
C:\Program Files\Microsoft Visual Studio\18\Community\MSBuild\Microsoft\VC\v180\Microsoft.CppBuild.targets(1555,5): message :     " (previous value: "
C:\Program Files\Microsoft Visual Studio\18\Community\MSBuild\Microsoft\VC\v180\Microsoft.CppBuild.targets(1555,5): message :
C:\Program Files\Microsoft Visual Studio\18\Community\MSBuild\Microsoft\VC\v180\Microsoft.CppBuild.targets(1555,5): message :
C:\Program Files\Microsoft Visual Studio\18\Community\MSBuild\Microsoft\VC\v180\Microsoft.CppBuild.targets(1555,5): message :
C:\Program Files\Microsoft Visual Studio\18\Community\MSBuild\Microsoft\VC\v180\Microsoft.CppBuild.targets(1555,5): message :       ;
C:\Program Files\Microsoft Visual Studio\18\Community\MSBuild\Microsoft\VC\v180\Microsoft.CppBuild.targets(1555,5): message :       ComputeRCGeneratedLibInputs;
C:\Program Files\Microsoft Visual Studio\18\Community\MSBuild\Microsoft\VC\v180\Microsoft.CppBuild.targets(1555,5): message :     ;
C:\Program Files\Microsoft Visual Studio\18\Community\MSBuild\Microsoft\VC\v180\Microsoft.CppBuild.targets(1555,5): message :       ComputeCustomBuildOutput;
C:\Program Files\Microsoft Visual Studio\18\Community\MSBuild\Microsoft\VC\v180\Microsoft.CppBuild.targets(1555,5): message :     ;
C:\Program Files\Microsoft Visual Studio\18\Community\MSBuild\Microsoft\VC\v180\Microsoft.CppBuild.targets(1555,5): message :       ComputeCLGeneratedLibInputs;
C:\Program Files\Microsoft Visual Studio\18\Community\MSBuild\Microsoft\VC\v180\Microsoft.CppBuild.targets(1555,5): message :     ;
C:\Program Files\Microsoft Visual Studio\18\Community\MSBuild\Microsoft\VC\v180\Microsoft.CppBuild.targets(1555,5): message :       ComputeLibInputsFromProject;
C:\Program Files\Microsoft Visual Studio\18\Community\MSBuild\Microsoft\VC\v180\Microsoft.CppBuild.targets(1555,5): message :     ") at C:\Program Files\Microsoft Visual Studio\18\Community\MSBuild\Microsoft\VC\v180\Microsoft.CppBuild.targets (1555,5)
C:\Program Files\Microsoft Visual Studio\18\Community\MSBuild\Microsoft\VC\v180\Microsoft.CppBuild.targets(1612,5): message : Property reassignment: $(ComputeLibInputsTargets)="
C:\Program Files\Microsoft Visual Studio\18\Community\MSBuild\Microsoft\VC\v180\Microsoft.CppBuild.targets(1612,5): message :       ComputeLibAdditionalOptions;
C:\Program Files\Microsoft Visual Studio\18\Community\MSBuild\Microsoft\VC\v180\Microsoft.CppBuild.targets(1612,5): message :
C:\Program Files\Microsoft Visual Studio\18\Community\MSBuild\Microsoft\VC\v180\Microsoft.CppBuild.targets(1612,5): message :
C:\Program Files\Microsoft Visual Studio\18\Community\MSBuild\Microsoft\VC\v180\Microsoft.CppBuild.targets(1612,5): message :
C:\Program Files\Microsoft Visual Studio\18\Community\MSBuild\Microsoft\VC\v180\Microsoft.CppBuild.targets(1612,5): message :
C:\Program Files\Microsoft Visual Studio\18\Community\MSBuild\Microsoft\VC\v180\Microsoft.CppBuild.targets(1612,5): message :
C:\Program Files\Microsoft Visual Studio\18\Community\MSBuild\Microsoft\VC\v180\Microsoft.CppBuild.targets(1612,5): message :       ;
C:\Program Files\Microsoft Visual Studio\18\Community\MSBuild\Microsoft\VC\v180\Microsoft.CppBuild.targets(1612,5): message :       ComputeRCGeneratedLibInputs;
C:\Program Files\Microsoft Visual Studio\18\Community\MSBuild\Microsoft\VC\v180\Microsoft.CppBuild.targets(1612,5): message :     ;
C:\Program Files\Microsoft Visual Studio\18\Community\MSBuild\Microsoft\VC\v180\Microsoft.CppBuild.targets(1612,5): message :       ComputeCustomBuildOutput;
C:\Program Files\Microsoft Visual Studio\18\Community\MSBuild\Microsoft\VC\v180\Microsoft.CppBuild.targets(1612,5): message :     ;
C:\Program Files\Microsoft Visual Studio\18\Community\MSBuild\Microsoft\VC\v180\Microsoft.CppBuild.targets(1612,5): message :       ComputeCLGeneratedLibInputs;
C:\Program Files\Microsoft Visual Studio\18\Community\MSBuild\Microsoft\VC\v180\Microsoft.CppBuild.targets(1612,5): message :     ;
C:\Program Files\Microsoft Visual Studio\18\Community\MSBuild\Microsoft\VC\v180\Microsoft.CppBuild.targets(1612,5): message :       ComputeLibInputsFromProject;
C:\Program Files\Microsoft Visual Studio\18\Community\MSBuild\Microsoft\VC\v180\Microsoft.CppBuild.targets(1612,5): message :     ;
C:\Program Files\Microsoft Visual Studio\18\Community\MSBuild\Microsoft\VC\v180\Microsoft.CppBuild.targets(1612,5): message :       ComputeReferenceLibInputs;
C:\Program Files\Microsoft Visual Studio\18\Community\MSBuild\Microsoft\VC\v180\Microsoft.CppBuild.targets(1612,5): message :
C:\Program Files\Microsoft Visual Studio\18\Community\MSBuild\Microsoft\VC\v180\Microsoft.CppBuild.targets(1612,5): message :     " (previous value: "
C:\Program Files\Microsoft Visual Studio\18\Community\MSBuild\Microsoft\VC\v180\Microsoft.CppBuild.targets(1612,5): message :
C:\Program Files\Microsoft Visual Studio\18\Community\MSBuild\Microsoft\VC\v180\Microsoft.CppBuild.targets(1612,5): message :
C:\Program Files\Microsoft Visual Studio\18\Community\MSBuild\Microsoft\VC\v180\Microsoft.CppBuild.targets(1612,5): message :
C:\Program Files\Microsoft Visual Studio\18\Community\MSBuild\Microsoft\VC\v180\Microsoft.CppBuild.targets(1612,5): message :
C:\Program Files\Microsoft Visual Studio\18\Community\MSBuild\Microsoft\VC\v180\Microsoft.CppBuild.targets(1612,5): message :       ;
C:\Program Files\Microsoft Visual Studio\18\Community\MSBuild\Microsoft\VC\v180\Microsoft.CppBuild.targets(1612,5): message :       ComputeRCGeneratedLibInputs;
C:\Program Files\Microsoft Visual Studio\18\Community\MSBuild\Microsoft\VC\v180\Microsoft.CppBuild.targets(1612,5): message :     ;
C:\Program Files\Microsoft Visual Studio\18\Community\MSBuild\Microsoft\VC\v180\Microsoft.CppBuild.targets(1612,5): message :       ComputeCustomBuildOutput;
C:\Program Files\Microsoft Visual Studio\18\Community\MSBuild\Microsoft\VC\v180\Microsoft.CppBuild.targets(1612,5): message :     ;
C:\Program Files\Microsoft Visual Studio\18\Community\MSBuild\Microsoft\VC\v180\Microsoft.CppBuild.targets(1612,5): message :       ComputeCLGeneratedLibInputs;
C:\Program Files\Microsoft Visual Studio\18\Community\MSBuild\Microsoft\VC\v180\Microsoft.CppBuild.targets(1612,5): message :     ;
C:\Program Files\Microsoft Visual Studio\18\Community\MSBuild\Microsoft\VC\v180\Microsoft.CppBuild.targets(1612,5): message :       ComputeLibInputsFromProject;
C:\Program Files\Microsoft Visual Studio\18\Community\MSBuild\Microsoft\VC\v180\Microsoft.CppBuild.targets(1612,5): message :     ;
C:\Program Files\Microsoft Visual Studio\18\Community\MSBuild\Microsoft\VC\v180\Microsoft.CppBuild.targets(1612,5): message :       ComputeReferenceLibInputs;
C:\Program Files\Microsoft Visual Studio\18\Community\MSBuild\Microsoft\VC\v180\Microsoft.CppBuild.targets(1612,5): message :     ") at C:\Program Files\Microsoft Visual Studio\18\Community\MSBuild\Microsoft\VC\v180\Microsoft.CppBuild.targets (1612,5)
C:\Program Files\Microsoft Visual Studio\18\Community\MSBuild\Microsoft\VC\v180\Microsoft.CppBuild.targets(1800,5): message : Property reassignment: $(GetProjectInfoForReferenceDependsOn)="
C:\Program Files\Microsoft Visual Studio\18\Community\MSBuild\Microsoft\VC\v180\Microsoft.CppBuild.targets(1800,5): message :
C:\Program Files\Microsoft Visual Studio\18\Community\MSBuild\Microsoft\VC\v180\Microsoft.CppBuild.targets(1800,5): message :       ;
C:\Program Files\Microsoft Visual Studio\18\Community\MSBuild\Microsoft\VC\v180\Microsoft.CppBuild.targets(1800,5): message :       AddPublicIncludeDirectoriesToProjectsInfoForReference;
C:\Program Files\Microsoft Visual Studio\18\Community\MSBuild\Microsoft\VC\v180\Microsoft.CppBuild.targets(1800,5): message :     ;
C:\Program Files\Microsoft Visual Studio\18\Community\MSBuild\Microsoft\VC\v180\Microsoft.CppBuild.targets(1800,5): message :       AddPublicBMIsToProjectsInfoForReference;
C:\Program Files\Microsoft Visual Studio\18\Community\MSBuild\Microsoft\VC\v180\Microsoft.CppBuild.targets(1800,5): message :       AddDeployRecipeFileToProjectsInfoForReference;
C:\Program Files\Microsoft Visual Studio\18\Community\MSBuild\Microsoft\VC\v180\Microsoft.CppBuild.targets(1800,5): message :       AddLibrariesToProjectsInfoForReference;
C:\Program Files\Microsoft Visual Studio\18\Community\MSBuild\Microsoft\VC\v180\Microsoft.CppBuild.targets(1800,5): message :     " (previous value: "
C:\Program Files\Microsoft Visual Studio\18\Community\MSBuild\Microsoft\VC\v180\Microsoft.CppBuild.targets(1800,5): message :       ;
C:\Program Files\Microsoft Visual Studio\18\Community\MSBuild\Microsoft\VC\v180\Microsoft.CppBuild.targets(1800,5): message :       AddPublicIncludeDirectoriesToProjectsInfoForReference;
C:\Program Files\Microsoft Visual Studio\18\Community\MSBuild\Microsoft\VC\v180\Microsoft.CppBuild.targets(1800,5): message :     ") at C:\Program Files\Microsoft Visual Studio\18\Community\MSBuild\Microsoft\VC\v180\Microsoft.CppBuild.targets (1800,5)
C:\Program Files\Microsoft Visual Studio\18\Community\MSBuild\Microsoft\VC\v180\Microsoft.CppBuild.targets(2225,5): message : Property reassignment: $(DocumentationProjectOutputGroupDependsOn)="ResolvedXDCMake;ComputeCLCompileGeneratedXDCFiles" (previous value: "") at C:\Program Files\Microsoft Visual Studio\18\Community\MSBuild\Microsoft\VC\v180\Microsoft.CppBuild.targets (2225,5)
C:\Program Files\Microsoft Visual Studio\18\Community\MSBuild\Microsoft\VC\v180\Microsoft.CppBuild.targets(2291,5): message : Property reassignment: $(ContentFilesProjectOutputGroupDependsOn)="PrepareForBuild;AssignTargetPaths;PrepareForBuild;AssignTargetPaths;MakeDirsForFxc" (previous value: "PrepareForBuild;AssignTargetPaths") at C:\Program Files\Microsoft Visual Studio\18\Community\MSBuild\Microsoft\VC\v180\Microsoft.CppBuild.targets (2291,5)
An SDK attempted to set the environment variable "DOTNET_HOST_PATH" to "C:\Program Files\dotnet\dotnet.exe" but it was already set by another SDK.
C:\Program Files\dotnet\sdk\10.0.100\Sdks\Microsoft.NET.Sdk\targets\Microsoft.PackageDependencyResolution.targets(29,5): message : Property reassignment: $(ProjectAssetsCacheFile)="F:\projects\DroidNet\artifacts\obj\Oxygen.Editor.Interop\Debug_net9.0\Oxygen.Editor.Interop.assets.cache" (previous value: "F:\projects\DroidNet\projects\Oxygen.Editor.Interop\src\../../..\artifacts\obj\Oxygen.Editor.Interop\Debug_net9.0\Oxygen.Editor.Interop.assets.cache") at C:\Program Files\dotnet\sdk\10.0.100\Sdks\Microsoft.NET.Sdk\targets\Microsoft.PackageDependencyResolution.targets (29,5)
C:\Program Files\dotnet\sdk\10.0.100\Sdks\Microsoft.NET.Sdk\targets\Microsoft.PackageDependencyResolution.targets(80,5): message : Property reassignment: $(ResolveAssemblyReferencesDependsOn)="
C:\Program Files\dotnet\sdk\10.0.100\Sdks\Microsoft.NET.Sdk\targets\Microsoft.PackageDependencyResolution.targets(80,5): message :       _PrepareForReferenceResolution;
C:\Program Files\dotnet\sdk\10.0.100\Sdks\Microsoft.NET.Sdk\targets\Microsoft.PackageDependencyResolution.targets(80,5): message :       ResolveProjectReferences;
C:\Program Files\dotnet\sdk\10.0.100\Sdks\Microsoft.NET.Sdk\targets\Microsoft.PackageDependencyResolution.targets(80,5): message :       FindInvalidProjectReferences;
C:\Program Files\dotnet\sdk\10.0.100\Sdks\Microsoft.NET.Sdk\targets\Microsoft.PackageDependencyResolution.targets(80,5): message :       GetFrameworkPaths;
C:\Program Files\dotnet\sdk\10.0.100\Sdks\Microsoft.NET.Sdk\targets\Microsoft.PackageDependencyResolution.targets(80,5): message :       GetReferenceAssemblyPaths;
C:\Program Files\dotnet\sdk\10.0.100\Sdks\Microsoft.NET.Sdk\targets\Microsoft.PackageDependencyResolution.targets(80,5): message :       PrepareForBuild;
C:\Program Files\dotnet\sdk\10.0.100\Sdks\Microsoft.NET.Sdk\targets\Microsoft.PackageDependencyResolution.targets(80,5): message :       ResolveSDKReferences;
C:\Program Files\dotnet\sdk\10.0.100\Sdks\Microsoft.NET.Sdk\targets\Microsoft.PackageDependencyResolution.targets(80,5): message :       ExpandSDKReferences;
C:\Program Files\dotnet\sdk\10.0.100\Sdks\Microsoft.NET.Sdk\targets\Microsoft.PackageDependencyResolution.targets(80,5): message :     ;
C:\Program Files\dotnet\sdk\10.0.100\Sdks\Microsoft.NET.Sdk\targets\Microsoft.PackageDependencyResolution.targets(80,5): message :       ResolvePackageDependenciesForBuild;
C:\Program Files\dotnet\sdk\10.0.100\Sdks\Microsoft.NET.Sdk\targets\Microsoft.PackageDependencyResolution.targets(80,5): message :       _HandlePackageFileConflicts;
C:\Program Files\dotnet\sdk\10.0.100\Sdks\Microsoft.NET.Sdk\targets\Microsoft.PackageDependencyResolution.targets(80,5): message :     " (previous value: "_PrepareForReferenceResolution;
C:\Program Files\dotnet\sdk\10.0.100\Sdks\Microsoft.NET.Sdk\targets\Microsoft.PackageDependencyResolution.targets(80,5): message :       ResolveProjectReferences;
C:\Program Files\dotnet\sdk\10.0.100\Sdks\Microsoft.NET.Sdk\targets\Microsoft.PackageDependencyResolution.targets(80,5): message :       FindInvalidProjectReferences;
C:\Program Files\dotnet\sdk\10.0.100\Sdks\Microsoft.NET.Sdk\targets\Microsoft.PackageDependencyResolution.targets(80,5): message :       GetFrameworkPaths;
C:\Program Files\dotnet\sdk\10.0.100\Sdks\Microsoft.NET.Sdk\targets\Microsoft.PackageDependencyResolution.targets(80,5): message :       GetReferenceAssemblyPaths;
C:\Program Files\dotnet\sdk\10.0.100\Sdks\Microsoft.NET.Sdk\targets\Microsoft.PackageDependencyResolution.targets(80,5): message :       PrepareForBuild;
C:\Program Files\dotnet\sdk\10.0.100\Sdks\Microsoft.NET.Sdk\targets\Microsoft.PackageDependencyResolution.targets(80,5): message :       ResolveSDKReferences;
C:\Program Files\dotnet\sdk\10.0.100\Sdks\Microsoft.NET.Sdk\targets\Microsoft.PackageDependencyResolution.targets(80,5): message :       ExpandSDKReferences;
C:\Program Files\dotnet\sdk\10.0.100\Sdks\Microsoft.NET.Sdk\targets\Microsoft.PackageDependencyResolution.targets(80,5): message :     ") at C:\Program Files\dotnet\sdk\10.0.100\Sdks\Microsoft.NET.Sdk\targets\Microsoft.PackageDependencyResolution.targets (80,5)
C:\Program Files\dotnet\sdk\10.0.100\Sdks\Microsoft.NET.Sdk\targets\Microsoft.PackageDependencyResolution.targets(86,5): message : Property reassignment: $(PrepareResourcesDependsOn)="
C:\Program Files\dotnet\sdk\10.0.100\Sdks\Microsoft.NET.Sdk\targets\Microsoft.PackageDependencyResolution.targets(86,5): message :       ResolvePackageDependenciesForBuild;
C:\Program Files\dotnet\sdk\10.0.100\Sdks\Microsoft.NET.Sdk\targets\Microsoft.PackageDependencyResolution.targets(86,5): message :       _HandlePackageFileConflicts;
C:\Program Files\dotnet\sdk\10.0.100\Sdks\Microsoft.NET.Sdk\targets\Microsoft.PackageDependencyResolution.targets(86,5): message :
C:\Program Files\dotnet\sdk\10.0.100\Sdks\Microsoft.NET.Sdk\targets\Microsoft.PackageDependencyResolution.targets(86,5): message :       ValidationExtension;
C:\Program Files\dotnet\sdk\10.0.100\Sdks\Microsoft.NET.Sdk\targets\Microsoft.PackageDependencyResolution.targets(86,5): message :       ExpressionBuildExtension;
C:\Program Files\dotnet\sdk\10.0.100\Sdks\Microsoft.NET.Sdk\targets\Microsoft.PackageDependencyResolution.targets(86,5): message :
C:\Program Files\dotnet\sdk\10.0.100\Sdks\Microsoft.NET.Sdk\targets\Microsoft.PackageDependencyResolution.targets(86,5): message :       XamlMarkupCompilePass1;
C:\Program Files\dotnet\sdk\10.0.100\Sdks\Microsoft.NET.Sdk\targets\Microsoft.PackageDependencyResolution.targets(86,5): message :       XamlMarkupCompilePass2;
C:\Program Files\dotnet\sdk\10.0.100\Sdks\Microsoft.NET.Sdk\targets\Microsoft.PackageDependencyResolution.targets(86,5): message :
C:\Program Files\dotnet\sdk\10.0.100\Sdks\Microsoft.NET.Sdk\targets\Microsoft.PackageDependencyResolution.targets(86,5): message :       ;
C:\Program Files\dotnet\sdk\10.0.100\Sdks\Microsoft.NET.Sdk\targets\Microsoft.PackageDependencyResolution.targets(86,5): message :       PrepareResourceNames;
C:\Program Files\dotnet\sdk\10.0.100\Sdks\Microsoft.NET.Sdk\targets\Microsoft.PackageDependencyResolution.targets(86,5): message :       ResGen;
C:\Program Files\dotnet\sdk\10.0.100\Sdks\Microsoft.NET.Sdk\targets\Microsoft.PackageDependencyResolution.targets(86,5): message :       CompileLicxFiles
C:\Program Files\dotnet\sdk\10.0.100\Sdks\Microsoft.NET.Sdk\targets\Microsoft.PackageDependencyResolution.targets(86,5): message :
C:\Program Files\dotnet\sdk\10.0.100\Sdks\Microsoft.NET.Sdk\targets\Microsoft.PackageDependencyResolution.targets(86,5): message :
C:\Program Files\dotnet\sdk\10.0.100\Sdks\Microsoft.NET.Sdk\targets\Microsoft.PackageDependencyResolution.targets(86,5): message :
C:\Program Files\dotnet\sdk\10.0.100\Sdks\Microsoft.NET.Sdk\targets\Microsoft.PackageDependencyResolution.targets(86,5): message :     " (previous value: "
C:\Program Files\dotnet\sdk\10.0.100\Sdks\Microsoft.NET.Sdk\targets\Microsoft.PackageDependencyResolution.targets(86,5): message :       ValidationExtension;
C:\Program Files\dotnet\sdk\10.0.100\Sdks\Microsoft.NET.Sdk\targets\Microsoft.PackageDependencyResolution.targets(86,5): message :       ExpressionBuildExtension;
C:\Program Files\dotnet\sdk\10.0.100\Sdks\Microsoft.NET.Sdk\targets\Microsoft.PackageDependencyResolution.targets(86,5): message :
C:\Program Files\dotnet\sdk\10.0.100\Sdks\Microsoft.NET.Sdk\targets\Microsoft.PackageDependencyResolution.targets(86,5): message :       XamlMarkupCompilePass1;
C:\Program Files\dotnet\sdk\10.0.100\Sdks\Microsoft.NET.Sdk\targets\Microsoft.PackageDependencyResolution.targets(86,5): message :       XamlMarkupCompilePass2;
C:\Program Files\dotnet\sdk\10.0.100\Sdks\Microsoft.NET.Sdk\targets\Microsoft.PackageDependencyResolution.targets(86,5): message :
C:\Program Files\dotnet\sdk\10.0.100\Sdks\Microsoft.NET.Sdk\targets\Microsoft.PackageDependencyResolution.targets(86,5): message :       ;
C:\Program Files\dotnet\sdk\10.0.100\Sdks\Microsoft.NET.Sdk\targets\Microsoft.PackageDependencyResolution.targets(86,5): message :       PrepareResourceNames;
C:\Program Files\dotnet\sdk\10.0.100\Sdks\Microsoft.NET.Sdk\targets\Microsoft.PackageDependencyResolution.targets(86,5): message :       ResGen;
C:\Program Files\dotnet\sdk\10.0.100\Sdks\Microsoft.NET.Sdk\targets\Microsoft.PackageDependencyResolution.targets(86,5): message :       CompileLicxFiles
C:\Program Files\dotnet\sdk\10.0.100\Sdks\Microsoft.NET.Sdk\targets\Microsoft.PackageDependencyResolution.targets(86,5): message :
C:\Program Files\dotnet\sdk\10.0.100\Sdks\Microsoft.NET.Sdk\targets\Microsoft.PackageDependencyResolution.targets(86,5): message :
C:\Program Files\dotnet\sdk\10.0.100\Sdks\Microsoft.NET.Sdk\targets\Microsoft.PackageDependencyResolution.targets(86,5): message :     ") at C:\Program Files\dotnet\sdk\10.0.100\Sdks\Microsoft.NET.Sdk\targets\Microsoft.PackageDependencyResolution.targets (86,5)
C:\Program Files\dotnet\sdk\10.0.100\Sdks\Microsoft.NET.Sdk\targets\Microsoft.NET.Sdk.DefaultItems.targets(37,5): message : Property reassignment: $(DefaultItemExcludes)=";bin\/**;F:\projects\DroidNet\projects\Oxygen.Editor.Interop\src\../../..\artifacts\obj\Oxygen.Editor.Interop\/**" (previous value: ";bin\/**") at C:\Program Files\dotnet\sdk\10.0.100\Sdks\Microsoft.NET.Sdk\targets\Microsoft.NET.Sdk.DefaultItems.targets (37,5)
C:\Program Files\dotnet\sdk\10.0.100\Sdks\Microsoft.NET.Sdk\targets\Microsoft.NET.Sdk.DefaultItems.targets(40,5): message : Property reassignment: $(DefaultItemExcludes)=";bin\/**;F:\projects\DroidNet\projects\Oxygen.Editor.Interop\src\../../..\artifacts\obj\Oxygen.Editor.Interop\/**;**/*.user" (previous value: ";bin\/**;F:\projects\DroidNet\projects\Oxygen.Editor.Interop\src\../../..\artifacts\obj\Oxygen.Editor.Interop\/**") at C:\Program Files\dotnet\sdk\10.0.100\Sdks\Microsoft.NET.Sdk\targets\Microsoft.NET.Sdk.DefaultItems.targets (40,5)
C:\Program Files\dotnet\sdk\10.0.100\Sdks\Microsoft.NET.Sdk\targets\Microsoft.NET.Sdk.DefaultItems.targets(41,5): message : Property reassignment: $(DefaultItemExcludes)=";bin\/**;F:\projects\DroidNet\projects\Oxygen.Editor.Interop\src\../../..\artifacts\obj\Oxygen.Editor.Interop\/**;**/*.user;**/*.*proj" (previous value: ";bin\/**;F:\projects\DroidNet\projects\Oxygen.Editor.Interop\src\../../..\artifacts\obj\Oxygen.Editor.Interop\/**;**/*.user") at C:\Program Files\dotnet\sdk\10.0.100\Sdks\Microsoft.NET.Sdk\targets\Microsoft.NET.Sdk.DefaultItems.targets (41,5)
C:\Program Files\dotnet\sdk\10.0.100\Sdks\Microsoft.NET.Sdk\targets\Microsoft.NET.Sdk.DefaultItems.targets(42,5): message : Property reassignment: $(DefaultItemExcludes)=";bin\/**;F:\projects\DroidNet\projects\Oxygen.Editor.Interop\src\../../..\artifacts\obj\Oxygen.Editor.Interop\/**;**/*.user;**/*.*proj;**/*.sln" (previous value: ";bin\/**;F:\projects\DroidNet\projects\Oxygen.Editor.Interop\src\../../..\artifacts\obj\Oxygen.Editor.Interop\/**;**/*.user;**/*.*proj") at C:\Program Files\dotnet\sdk\10.0.100\Sdks\Microsoft.NET.Sdk\targets\Microsoft.NET.Sdk.DefaultItems.targets (42,5)
C:\Program Files\dotnet\sdk\10.0.100\Sdks\Microsoft.NET.Sdk\targets\Microsoft.NET.Sdk.DefaultItems.targets(43,5): message : Property reassignment: $(DefaultItemExcludes)=";bin\/**;F:\projects\DroidNet\projects\Oxygen.Editor.Interop\src\../../..\artifacts\obj\Oxygen.Editor.Interop\/**;**/*.user;**/*.*proj;**/*.sln;**/*.slnx" (previous value: ";bin\/**;F:\projects\DroidNet\projects\Oxygen.Editor.Interop\src\../../..\artifacts\obj\Oxygen.Editor.Interop\/**;**/*.user;**/*.*proj;**/*.sln") at C:\Program Files\dotnet\sdk\10.0.100\Sdks\Microsoft.NET.Sdk\targets\Microsoft.NET.Sdk.DefaultItems.targets (43,5)
C:\Program Files\dotnet\sdk\10.0.100\Sdks\Microsoft.NET.Sdk\targets\Microsoft.NET.Sdk.DefaultItems.targets(44,5): message : Property reassignment: $(DefaultItemExcludes)=";bin\/**;F:\projects\DroidNet\projects\Oxygen.Editor.Interop\src\../../..\artifacts\obj\Oxygen.Editor.Interop\/**;**/*.user;**/*.*proj;**/*.sln;**/*.slnx;**/*.vssscc" (previous value: ";bin\/**;F:\projects\DroidNet\projects\Oxygen.Editor.Interop\src\../../..\artifacts\obj\Oxygen.Editor.Interop\/**;**/*.user;**/*.*proj;**/*.sln;**/*.slnx") at C:\Program Files\dotnet\sdk\10.0.100\Sdks\Microsoft.NET.Sdk\targets\Microsoft.NET.Sdk.DefaultItems.targets (44,5)
C:\Program Files\dotnet\sdk\10.0.100\Sdks\Microsoft.NET.Sdk\targets\Microsoft.NET.Sdk.DefaultItems.targets(45,5): message : Property reassignment: $(DefaultItemExcludes)=";bin\/**;F:\projects\DroidNet\projects\Oxygen.Editor.Interop\src\../../..\artifacts\obj\Oxygen.Editor.Interop\/**;**/*.user;**/*.*proj;**/*.sln;**/*.slnx;**/*.vssscc;**/.DS_Store" (previous value: ";bin\/**;F:\projects\DroidNet\projects\Oxygen.Editor.Interop\src\../../..\artifacts\obj\Oxygen.Editor.Interop\/**;**/*.user;**/*.*proj;**/*.sln;**/*.slnx;**/*.vssscc") at C:\Program Files\dotnet\sdk\10.0.100\Sdks\Microsoft.NET.Sdk\targets\Microsoft.NET.Sdk.DefaultItems.targets (45,5)
C:\Program Files\dotnet\sdk\10.0.100\Sdks\Microsoft.NET.Sdk\targets\Microsoft.NET.Sdk.FrameworkReferenceResolution.targets(14,5): message : Property reassignment: $(ResolveAssemblyReferencesDependsOn)="
C:\Program Files\dotnet\sdk\10.0.100\Sdks\Microsoft.NET.Sdk\targets\Microsoft.NET.Sdk.FrameworkReferenceResolution.targets(14,5): message :
C:\Program Files\dotnet\sdk\10.0.100\Sdks\Microsoft.NET.Sdk\targets\Microsoft.NET.Sdk.FrameworkReferenceResolution.targets(14,5): message :       _PrepareForReferenceResolution;
C:\Program Files\dotnet\sdk\10.0.100\Sdks\Microsoft.NET.Sdk\targets\Microsoft.NET.Sdk.FrameworkReferenceResolution.targets(14,5): message :       ResolveProjectReferences;
C:\Program Files\dotnet\sdk\10.0.100\Sdks\Microsoft.NET.Sdk\targets\Microsoft.NET.Sdk.FrameworkReferenceResolution.targets(14,5): message :       FindInvalidProjectReferences;
C:\Program Files\dotnet\sdk\10.0.100\Sdks\Microsoft.NET.Sdk\targets\Microsoft.NET.Sdk.FrameworkReferenceResolution.targets(14,5): message :       GetFrameworkPaths;
C:\Program Files\dotnet\sdk\10.0.100\Sdks\Microsoft.NET.Sdk\targets\Microsoft.NET.Sdk.FrameworkReferenceResolution.targets(14,5): message :       GetReferenceAssemblyPaths;
C:\Program Files\dotnet\sdk\10.0.100\Sdks\Microsoft.NET.Sdk\targets\Microsoft.NET.Sdk.FrameworkReferenceResolution.targets(14,5): message :       PrepareForBuild;
C:\Program Files\dotnet\sdk\10.0.100\Sdks\Microsoft.NET.Sdk\targets\Microsoft.NET.Sdk.FrameworkReferenceResolution.targets(14,5): message :       ResolveSDKReferences;
C:\Program Files\dotnet\sdk\10.0.100\Sdks\Microsoft.NET.Sdk\targets\Microsoft.NET.Sdk.FrameworkReferenceResolution.targets(14,5): message :       ExpandSDKReferences;
C:\Program Files\dotnet\sdk\10.0.100\Sdks\Microsoft.NET.Sdk\targets\Microsoft.NET.Sdk.FrameworkReferenceResolution.targets(14,5): message :     ;
C:\Program Files\dotnet\sdk\10.0.100\Sdks\Microsoft.NET.Sdk\targets\Microsoft.NET.Sdk.FrameworkReferenceResolution.targets(14,5): message :       ResolvePackageDependenciesForBuild;
C:\Program Files\dotnet\sdk\10.0.100\Sdks\Microsoft.NET.Sdk\targets\Microsoft.NET.Sdk.FrameworkReferenceResolution.targets(14,5): message :       _HandlePackageFileConflicts;
C:\Program Files\dotnet\sdk\10.0.100\Sdks\Microsoft.NET.Sdk\targets\Microsoft.NET.Sdk.FrameworkReferenceResolution.targets(14,5): message :     ;
C:\Program Files\dotnet\sdk\10.0.100\Sdks\Microsoft.NET.Sdk\targets\Microsoft.NET.Sdk.FrameworkReferenceResolution.targets(14,5): message :       ResolveTargetingPackAssets;
C:\Program Files\dotnet\sdk\10.0.100\Sdks\Microsoft.NET.Sdk\targets\Microsoft.NET.Sdk.FrameworkReferenceResolution.targets(14,5): message :     " (previous value: "
C:\Program Files\dotnet\sdk\10.0.100\Sdks\Microsoft.NET.Sdk\targets\Microsoft.NET.Sdk.FrameworkReferenceResolution.targets(14,5): message :       _PrepareForReferenceResolution;
C:\Program Files\dotnet\sdk\10.0.100\Sdks\Microsoft.NET.Sdk\targets\Microsoft.NET.Sdk.FrameworkReferenceResolution.targets(14,5): message :       ResolveProjectReferences;
C:\Program Files\dotnet\sdk\10.0.100\Sdks\Microsoft.NET.Sdk\targets\Microsoft.NET.Sdk.FrameworkReferenceResolution.targets(14,5): message :       FindInvalidProjectReferences;
C:\Program Files\dotnet\sdk\10.0.100\Sdks\Microsoft.NET.Sdk\targets\Microsoft.NET.Sdk.FrameworkReferenceResolution.targets(14,5): message :       GetFrameworkPaths;
C:\Program Files\dotnet\sdk\10.0.100\Sdks\Microsoft.NET.Sdk\targets\Microsoft.NET.Sdk.FrameworkReferenceResolution.targets(14,5): message :       GetReferenceAssemblyPaths;
C:\Program Files\dotnet\sdk\10.0.100\Sdks\Microsoft.NET.Sdk\targets\Microsoft.NET.Sdk.FrameworkReferenceResolution.targets(14,5): message :       PrepareForBuild;
C:\Program Files\dotnet\sdk\10.0.100\Sdks\Microsoft.NET.Sdk\targets\Microsoft.NET.Sdk.FrameworkReferenceResolution.targets(14,5): message :       ResolveSDKReferences;
C:\Program Files\dotnet\sdk\10.0.100\Sdks\Microsoft.NET.Sdk\targets\Microsoft.NET.Sdk.FrameworkReferenceResolution.targets(14,5): message :       ExpandSDKReferences;
C:\Program Files\dotnet\sdk\10.0.100\Sdks\Microsoft.NET.Sdk\targets\Microsoft.NET.Sdk.FrameworkReferenceResolution.targets(14,5): message :     ;
C:\Program Files\dotnet\sdk\10.0.100\Sdks\Microsoft.NET.Sdk\targets\Microsoft.NET.Sdk.FrameworkReferenceResolution.targets(14,5): message :       ResolvePackageDependenciesForBuild;
C:\Program Files\dotnet\sdk\10.0.100\Sdks\Microsoft.NET.Sdk\targets\Microsoft.NET.Sdk.FrameworkReferenceResolution.targets(14,5): message :       _HandlePackageFileConflicts;
C:\Program Files\dotnet\sdk\10.0.100\Sdks\Microsoft.NET.Sdk\targets\Microsoft.NET.Sdk.FrameworkReferenceResolution.targets(14,5): message :     ") at C:\Program Files\dotnet\sdk\10.0.100\Sdks\Microsoft.NET.Sdk\targets\Microsoft.NET.Sdk.FrameworkReferenceResolution.targets (14,5)
C:\Program Files\dotnet\sdk\10.0.100\Sdks\Microsoft.NET.Sdk\targets\Microsoft.NET.Sdk.targets(44,5): message : Property reassignment: $(_GenerateRuntimeConfigurationPropertyInputsCache)="F:\projects\DroidNet\artifacts\obj\Oxygen.Editor.Interop\Debug_net9.0\Oxygen.Editor.Interop.genruntimeconfig.cache" (previous value: "F:\projects\DroidNet\projects\Oxygen.Editor.Interop\src\../../..\artifacts\obj\Oxygen.Editor.Interop\Debug_net9.0\Oxygen.Editor.Interop.genruntimeconfig.cache") at C:\Program Files\dotnet\sdk\10.0.100\Sdks\Microsoft.NET.Sdk\targets\Microsoft.NET.Sdk.targets (44,5)
C:\Program Files\dotnet\sdk\10.0.100\Sdks\Microsoft.NET.Sdk\targets\Microsoft.NET.Sdk.targets(46,5): message : Property reassignment: $(_GeneratePublishDependencyFilePropertyInputsCache)="F:\projects\DroidNet\artifacts\obj\Oxygen.Editor.Interop\Debug_net9.0\Oxygen.Editor.Interop.genpublishdeps.cache" (previous value: "F:\projects\DroidNet\projects\Oxygen.Editor.Interop\src\../../..\artifacts\obj\Oxygen.Editor.Interop\Debug_net9.0\Oxygen.Editor.Interop.genpublishdeps.cache") at C:\Program Files\dotnet\sdk\10.0.100\Sdks\Microsoft.NET.Sdk\targets\Microsoft.NET.Sdk.targets (46,5)
C:\Program Files\dotnet\sdk\10.0.100\Sdks\Microsoft.NET.Sdk\targets\Microsoft.NET.Sdk.targets(48,5): message : Property reassignment: $(_GenerateSingleFileBundlePropertyInputsCache)="F:\projects\DroidNet\artifacts\obj\Oxygen.Editor.Interop\Debug_net9.0\Oxygen.Editor.Interop.genbundle.cache" (previous value: "F:\projects\DroidNet\projects\Oxygen.Editor.Interop\src\../../..\artifacts\obj\Oxygen.Editor.Interop\Debug_net9.0\Oxygen.Editor.Interop.genbundle.cache") at C:\Program Files\dotnet\sdk\10.0.100\Sdks\Microsoft.NET.Sdk\targets\Microsoft.NET.Sdk.targets (48,5)
C:\Program Files\dotnet\sdk\10.0.100\Sdks\Microsoft.NET.Sdk\targets\Microsoft.NET.Sdk.targets(81,5): message : Property reassignment: $(GenerateRuntimeConfigDevFile)="false" (previous value: "true") at C:\Program Files\dotnet\sdk\10.0.100\Sdks\Microsoft.NET.Sdk\targets\Microsoft.NET.Sdk.targets (81,5)
C:\Program Files\dotnet\sdk\10.0.100\Sdks\Microsoft.NET.Sdk\targets\Microsoft.NET.Sdk.targets(98,5): message : Property reassignment: $(_DefaultUserProfileRuntimeStorePath)="C:\Users\abdes" (previous value: "") at C:\Program Files\dotnet\sdk\10.0.100\Sdks\Microsoft.NET.Sdk\targets\Microsoft.NET.Sdk.targets (98,5)
C:\Program Files\dotnet\sdk\10.0.100\Sdks\Microsoft.NET.Sdk\targets\Microsoft.NET.Sdk.targets(99,5): message : Property reassignment: $(_DefaultUserProfileRuntimeStorePath)="C:\Users\abdes\.dotnet\store" (previous value: "C:\Users\abdes") at C:\Program Files\dotnet\sdk\10.0.100\Sdks\Microsoft.NET.Sdk\targets\Microsoft.NET.Sdk.targets (99,5)
C:\Program Files\dotnet\sdk\10.0.100\Sdks\Microsoft.NET.Sdk\targets\Microsoft.NET.Sdk.targets(144,5): message : Property reassignment: $(AvailablePlatforms)="Any CPU,x86,x64,ARM32" (previous value: "Any CPU,x86,x64") at C:\Program Files\dotnet\sdk\10.0.100\Sdks\Microsoft.NET.Sdk\targets\Microsoft.NET.Sdk.targets (144,5)
C:\Program Files\dotnet\sdk\10.0.100\Sdks\Microsoft.NET.Sdk\targets\Microsoft.NET.Sdk.targets(148,5): message : Property reassignment: $(AvailablePlatforms)="Any CPU,x86,x64,ARM32,ARM64" (previous value: "Any CPU,x86,x64,ARM32") at C:\Program Files\dotnet\sdk\10.0.100\Sdks\Microsoft.NET.Sdk\targets\Microsoft.NET.Sdk.targets (148,5)
C:\Program Files\dotnet\sdk\10.0.100\Sdks\Microsoft.NET.Sdk\targets\Microsoft.NET.Sdk.targets(204,5): message : Property reassignment: $(CoreBuildDependsOn)="
C:\Program Files\dotnet\sdk\10.0.100\Sdks\Microsoft.NET.Sdk\targets\Microsoft.NET.Sdk.targets(204,5): message :       _CheckForBuildWithNoBuild;
C:\Program Files\dotnet\sdk\10.0.100\Sdks\Microsoft.NET.Sdk\targets\Microsoft.NET.Sdk.targets(204,5): message :
C:\Program Files\dotnet\sdk\10.0.100\Sdks\Microsoft.NET.Sdk\targets\Microsoft.NET.Sdk.targets(204,5): message :       BuildOnlySettings;
C:\Program Files\dotnet\sdk\10.0.100\Sdks\Microsoft.NET.Sdk\targets\Microsoft.NET.Sdk.targets(204,5): message :       PrepareForBuild;
C:\Program Files\dotnet\sdk\10.0.100\Sdks\Microsoft.NET.Sdk\targets\Microsoft.NET.Sdk.targets(204,5): message :       PreBuildEvent;
C:\Program Files\dotnet\sdk\10.0.100\Sdks\Microsoft.NET.Sdk\targets\Microsoft.NET.Sdk.targets(204,5): message :       ResolveReferences;
C:\Program Files\dotnet\sdk\10.0.100\Sdks\Microsoft.NET.Sdk\targets\Microsoft.NET.Sdk.targets(204,5): message :       PrepareResources;
C:\Program Files\dotnet\sdk\10.0.100\Sdks\Microsoft.NET.Sdk\targets\Microsoft.NET.Sdk.targets(204,5): message :       ResolveKeySource;
C:\Program Files\dotnet\sdk\10.0.100\Sdks\Microsoft.NET.Sdk\targets\Microsoft.NET.Sdk.targets(204,5): message :       Compile;
C:\Program Files\dotnet\sdk\10.0.100\Sdks\Microsoft.NET.Sdk\targets\Microsoft.NET.Sdk.targets(204,5): message :       ExportWindowsMDFile;
C:\Program Files\dotnet\sdk\10.0.100\Sdks\Microsoft.NET.Sdk\targets\Microsoft.NET.Sdk.targets(204,5): message :       UnmanagedUnregistration;
C:\Program Files\dotnet\sdk\10.0.100\Sdks\Microsoft.NET.Sdk\targets\Microsoft.NET.Sdk.targets(204,5): message :       GenerateSerializationAssemblies;
C:\Program Files\dotnet\sdk\10.0.100\Sdks\Microsoft.NET.Sdk\targets\Microsoft.NET.Sdk.targets(204,5): message :       CreateSatelliteAssemblies;
C:\Program Files\dotnet\sdk\10.0.100\Sdks\Microsoft.NET.Sdk\targets\Microsoft.NET.Sdk.targets(204,5): message :       GenerateManifests;
C:\Program Files\dotnet\sdk\10.0.100\Sdks\Microsoft.NET.Sdk\targets\Microsoft.NET.Sdk.targets(204,5): message :       GetTargetPath;
C:\Program Files\dotnet\sdk\10.0.100\Sdks\Microsoft.NET.Sdk\targets\Microsoft.NET.Sdk.targets(204,5): message :       PrepareForRun;
C:\Program Files\dotnet\sdk\10.0.100\Sdks\Microsoft.NET.Sdk\targets\Microsoft.NET.Sdk.targets(204,5): message :       UnmanagedRegistration;
C:\Program Files\dotnet\sdk\10.0.100\Sdks\Microsoft.NET.Sdk\targets\Microsoft.NET.Sdk.targets(204,5): message :       IncrementalClean;
C:\Program Files\dotnet\sdk\10.0.100\Sdks\Microsoft.NET.Sdk\targets\Microsoft.NET.Sdk.targets(204,5): message :       PostBuildEvent
C:\Program Files\dotnet\sdk\10.0.100\Sdks\Microsoft.NET.Sdk\targets\Microsoft.NET.Sdk.targets(204,5): message :     ;
C:\Program Files\dotnet\sdk\10.0.100\Sdks\Microsoft.NET.Sdk\targets\Microsoft.NET.Sdk.targets(204,5): message :       GenerateBuildDependencyFile;
C:\Program Files\dotnet\sdk\10.0.100\Sdks\Microsoft.NET.Sdk\targets\Microsoft.NET.Sdk.targets(204,5): message :       GenerateBuildRuntimeConfigurationFiles
C:\Program Files\dotnet\sdk\10.0.100\Sdks\Microsoft.NET.Sdk\targets\Microsoft.NET.Sdk.targets(204,5): message :     " (previous value: "
C:\Program Files\dotnet\sdk\10.0.100\Sdks\Microsoft.NET.Sdk\targets\Microsoft.NET.Sdk.targets(204,5): message :       BuildOnlySettings;
C:\Program Files\dotnet\sdk\10.0.100\Sdks\Microsoft.NET.Sdk\targets\Microsoft.NET.Sdk.targets(204,5): message :       PrepareForBuild;
C:\Program Files\dotnet\sdk\10.0.100\Sdks\Microsoft.NET.Sdk\targets\Microsoft.NET.Sdk.targets(204,5): message :       PreBuildEvent;
C:\Program Files\dotnet\sdk\10.0.100\Sdks\Microsoft.NET.Sdk\targets\Microsoft.NET.Sdk.targets(204,5): message :       ResolveReferences;
C:\Program Files\dotnet\sdk\10.0.100\Sdks\Microsoft.NET.Sdk\targets\Microsoft.NET.Sdk.targets(204,5): message :       PrepareResources;
C:\Program Files\dotnet\sdk\10.0.100\Sdks\Microsoft.NET.Sdk\targets\Microsoft.NET.Sdk.targets(204,5): message :       ResolveKeySource;
C:\Program Files\dotnet\sdk\10.0.100\Sdks\Microsoft.NET.Sdk\targets\Microsoft.NET.Sdk.targets(204,5): message :       Compile;
C:\Program Files\dotnet\sdk\10.0.100\Sdks\Microsoft.NET.Sdk\targets\Microsoft.NET.Sdk.targets(204,5): message :       ExportWindowsMDFile;
C:\Program Files\dotnet\sdk\10.0.100\Sdks\Microsoft.NET.Sdk\targets\Microsoft.NET.Sdk.targets(204,5): message :       UnmanagedUnregistration;
C:\Program Files\dotnet\sdk\10.0.100\Sdks\Microsoft.NET.Sdk\targets\Microsoft.NET.Sdk.targets(204,5): message :       GenerateSerializationAssemblies;
C:\Program Files\dotnet\sdk\10.0.100\Sdks\Microsoft.NET.Sdk\targets\Microsoft.NET.Sdk.targets(204,5): message :       CreateSatelliteAssemblies;
C:\Program Files\dotnet\sdk\10.0.100\Sdks\Microsoft.NET.Sdk\targets\Microsoft.NET.Sdk.targets(204,5): message :       GenerateManifests;
C:\Program Files\dotnet\sdk\10.0.100\Sdks\Microsoft.NET.Sdk\targets\Microsoft.NET.Sdk.targets(204,5): message :       GetTargetPath;
C:\Program Files\dotnet\sdk\10.0.100\Sdks\Microsoft.NET.Sdk\targets\Microsoft.NET.Sdk.targets(204,5): message :       PrepareForRun;
C:\Program Files\dotnet\sdk\10.0.100\Sdks\Microsoft.NET.Sdk\targets\Microsoft.NET.Sdk.targets(204,5): message :       UnmanagedRegistration;
C:\Program Files\dotnet\sdk\10.0.100\Sdks\Microsoft.NET.Sdk\targets\Microsoft.NET.Sdk.targets(204,5): message :       IncrementalClean;
C:\Program Files\dotnet\sdk\10.0.100\Sdks\Microsoft.NET.Sdk\targets\Microsoft.NET.Sdk.targets(204,5): message :       PostBuildEvent
C:\Program Files\dotnet\sdk\10.0.100\Sdks\Microsoft.NET.Sdk\targets\Microsoft.NET.Sdk.targets(204,5): message :     ") at C:\Program Files\dotnet\sdk\10.0.100\Sdks\Microsoft.NET.Sdk\targets\Microsoft.NET.Sdk.targets (204,5)
C:\Program Files\dotnet\sdk\10.0.100\Sdks\Microsoft.NET.Sdk\targets\Microsoft.NET.Sdk.targets(213,5): message : Property reassignment: $(CoreCleanDependsOn)="
C:\Program Files\dotnet\sdk\10.0.100\Sdks\Microsoft.NET.Sdk\targets\Microsoft.NET.Sdk.targets(213,5): message :       _SdkBeforeClean;
C:\Program Files\dotnet\sdk\10.0.100\Sdks\Microsoft.NET.Sdk\targets\Microsoft.NET.Sdk.targets(213,5): message :
C:\Program Files\dotnet\sdk\10.0.100\Sdks\Microsoft.NET.Sdk\targets\Microsoft.NET.Sdk.targets(213,5): message :     " (previous value: "") at C:\Program Files\dotnet\sdk\10.0.100\Sdks\Microsoft.NET.Sdk\targets\Microsoft.NET.Sdk.targets (213,5)
C:\Program Files\dotnet\sdk\10.0.100\Sdks\Microsoft.NET.Sdk\targets\Microsoft.NET.Sdk.targets(220,5): message : Property reassignment: $(RebuildDependsOn)="
C:\Program Files\dotnet\sdk\10.0.100\Sdks\Microsoft.NET.Sdk\targets\Microsoft.NET.Sdk.targets(220,5): message :       _SdkBeforeRebuild;
C:\Program Files\dotnet\sdk\10.0.100\Sdks\Microsoft.NET.Sdk\targets\Microsoft.NET.Sdk.targets(220,5): message :
C:\Program Files\dotnet\sdk\10.0.100\Sdks\Microsoft.NET.Sdk\targets\Microsoft.NET.Sdk.targets(220,5): message :       _PrepareForRebuild;
C:\Program Files\dotnet\sdk\10.0.100\Sdks\Microsoft.NET.Sdk\targets\Microsoft.NET.Sdk.targets(220,5): message :
C:\Program Files\dotnet\sdk\10.0.100\Sdks\Microsoft.NET.Sdk\targets\Microsoft.NET.Sdk.targets(220,5): message :       BeforeRebuild;
C:\Program Files\dotnet\sdk\10.0.100\Sdks\Microsoft.NET.Sdk\targets\Microsoft.NET.Sdk.targets(220,5): message :       Clean;
C:\Program Files\dotnet\sdk\10.0.100\Sdks\Microsoft.NET.Sdk\targets\Microsoft.NET.Sdk.targets(220,5): message :       Build;
C:\Program Files\dotnet\sdk\10.0.100\Sdks\Microsoft.NET.Sdk\targets\Microsoft.NET.Sdk.targets(220,5): message :       AfterRebuild;
C:\Program Files\dotnet\sdk\10.0.100\Sdks\Microsoft.NET.Sdk\targets\Microsoft.NET.Sdk.targets(220,5): message :     ;
C:\Program Files\dotnet\sdk\10.0.100\Sdks\Microsoft.NET.Sdk\targets\Microsoft.NET.Sdk.targets(220,5): message :
C:\Program Files\dotnet\sdk\10.0.100\Sdks\Microsoft.NET.Sdk\targets\Microsoft.NET.Sdk.targets(220,5): message :     " (previous value: "
C:\Program Files\dotnet\sdk\10.0.100\Sdks\Microsoft.NET.Sdk\targets\Microsoft.NET.Sdk.targets(220,5): message :       _PrepareForRebuild;
C:\Program Files\dotnet\sdk\10.0.100\Sdks\Microsoft.NET.Sdk\targets\Microsoft.NET.Sdk.targets(220,5): message :
C:\Program Files\dotnet\sdk\10.0.100\Sdks\Microsoft.NET.Sdk\targets\Microsoft.NET.Sdk.targets(220,5): message :       BeforeRebuild;
C:\Program Files\dotnet\sdk\10.0.100\Sdks\Microsoft.NET.Sdk\targets\Microsoft.NET.Sdk.targets(220,5): message :       Clean;
C:\Program Files\dotnet\sdk\10.0.100\Sdks\Microsoft.NET.Sdk\targets\Microsoft.NET.Sdk.targets(220,5): message :       Build;
C:\Program Files\dotnet\sdk\10.0.100\Sdks\Microsoft.NET.Sdk\targets\Microsoft.NET.Sdk.targets(220,5): message :       AfterRebuild;
C:\Program Files\dotnet\sdk\10.0.100\Sdks\Microsoft.NET.Sdk\targets\Microsoft.NET.Sdk.targets(220,5): message :     ;
C:\Program Files\dotnet\sdk\10.0.100\Sdks\Microsoft.NET.Sdk\targets\Microsoft.NET.Sdk.targets(220,5): message :     ") at C:\Program Files\dotnet\sdk\10.0.100\Sdks\Microsoft.NET.Sdk\targets\Microsoft.NET.Sdk.targets (220,5)
C:\Program Files\dotnet\sdk\10.0.100\Sdks\Microsoft.NET.Sdk\targets\Microsoft.NET.Sdk.targets(799,5): message : Property reassignment: $(CompileDependsOn)="
C:\Program Files\dotnet\sdk\10.0.100\Sdks\Microsoft.NET.Sdk\targets\Microsoft.NET.Sdk.targets(799,5): message :
C:\Program Files\dotnet\sdk\10.0.100\Sdks\Microsoft.NET.Sdk\targets\Microsoft.NET.Sdk.targets(799,5): message :       ResolveReferences;
C:\Program Files\dotnet\sdk\10.0.100\Sdks\Microsoft.NET.Sdk\targets\Microsoft.NET.Sdk.targets(799,5): message :       ResolveKeySource;
C:\Program Files\dotnet\sdk\10.0.100\Sdks\Microsoft.NET.Sdk\targets\Microsoft.NET.Sdk.targets(799,5): message :       SetWin32ManifestProperties;
C:\Program Files\dotnet\sdk\10.0.100\Sdks\Microsoft.NET.Sdk\targets\Microsoft.NET.Sdk.targets(799,5): message :       _SetPreferNativeArm64Win32ManifestProperties;
C:\Program Files\dotnet\sdk\10.0.100\Sdks\Microsoft.NET.Sdk\targets\Microsoft.NET.Sdk.targets(799,5): message :       FindReferenceAssembliesForReferences;
C:\Program Files\dotnet\sdk\10.0.100\Sdks\Microsoft.NET.Sdk\targets\Microsoft.NET.Sdk.targets(799,5): message :       _GenerateCompileInputs;
C:\Program Files\dotnet\sdk\10.0.100\Sdks\Microsoft.NET.Sdk\targets\Microsoft.NET.Sdk.targets(799,5): message :       BeforeCompile;
C:\Program Files\dotnet\sdk\10.0.100\Sdks\Microsoft.NET.Sdk\targets\Microsoft.NET.Sdk.targets(799,5): message :       _TimeStampBeforeCompile;
C:\Program Files\dotnet\sdk\10.0.100\Sdks\Microsoft.NET.Sdk\targets\Microsoft.NET.Sdk.targets(799,5): message :       _GenerateCompileDependencyCache;
C:\Program Files\dotnet\sdk\10.0.100\Sdks\Microsoft.NET.Sdk\targets\Microsoft.NET.Sdk.targets(799,5): message :       CoreCompile;
C:\Program Files\dotnet\sdk\10.0.100\Sdks\Microsoft.NET.Sdk\targets\Microsoft.NET.Sdk.targets(799,5): message :       _TimeStampAfterCompile;
C:\Program Files\dotnet\sdk\10.0.100\Sdks\Microsoft.NET.Sdk\targets\Microsoft.NET.Sdk.targets(799,5): message :       AfterCompile;
C:\Program Files\dotnet\sdk\10.0.100\Sdks\Microsoft.NET.Sdk\targets\Microsoft.NET.Sdk.targets(799,5): message :     ;
C:\Program Files\dotnet\sdk\10.0.100\Sdks\Microsoft.NET.Sdk\targets\Microsoft.NET.Sdk.targets(799,5): message :       _CreateAppHost;
C:\Program Files\dotnet\sdk\10.0.100\Sdks\Microsoft.NET.Sdk\targets\Microsoft.NET.Sdk.targets(799,5): message :       _CreateComHost;
C:\Program Files\dotnet\sdk\10.0.100\Sdks\Microsoft.NET.Sdk\targets\Microsoft.NET.Sdk.targets(799,5): message :       _GetIjwHostPaths;
C:\Program Files\dotnet\sdk\10.0.100\Sdks\Microsoft.NET.Sdk\targets\Microsoft.NET.Sdk.targets(799,5): message :     " (previous value: "
C:\Program Files\dotnet\sdk\10.0.100\Sdks\Microsoft.NET.Sdk\targets\Microsoft.NET.Sdk.targets(799,5): message :       ResolveReferences;
C:\Program Files\dotnet\sdk\10.0.100\Sdks\Microsoft.NET.Sdk\targets\Microsoft.NET.Sdk.targets(799,5): message :       ResolveKeySource;
C:\Program Files\dotnet\sdk\10.0.100\Sdks\Microsoft.NET.Sdk\targets\Microsoft.NET.Sdk.targets(799,5): message :       SetWin32ManifestProperties;
C:\Program Files\dotnet\sdk\10.0.100\Sdks\Microsoft.NET.Sdk\targets\Microsoft.NET.Sdk.targets(799,5): message :       _SetPreferNativeArm64Win32ManifestProperties;
C:\Program Files\dotnet\sdk\10.0.100\Sdks\Microsoft.NET.Sdk\targets\Microsoft.NET.Sdk.targets(799,5): message :       FindReferenceAssembliesForReferences;
C:\Program Files\dotnet\sdk\10.0.100\Sdks\Microsoft.NET.Sdk\targets\Microsoft.NET.Sdk.targets(799,5): message :       _GenerateCompileInputs;
C:\Program Files\dotnet\sdk\10.0.100\Sdks\Microsoft.NET.Sdk\targets\Microsoft.NET.Sdk.targets(799,5): message :       BeforeCompile;
C:\Program Files\dotnet\sdk\10.0.100\Sdks\Microsoft.NET.Sdk\targets\Microsoft.NET.Sdk.targets(799,5): message :       _TimeStampBeforeCompile;
C:\Program Files\dotnet\sdk\10.0.100\Sdks\Microsoft.NET.Sdk\targets\Microsoft.NET.Sdk.targets(799,5): message :       _GenerateCompileDependencyCache;
C:\Program Files\dotnet\sdk\10.0.100\Sdks\Microsoft.NET.Sdk\targets\Microsoft.NET.Sdk.targets(799,5): message :       CoreCompile;
C:\Program Files\dotnet\sdk\10.0.100\Sdks\Microsoft.NET.Sdk\targets\Microsoft.NET.Sdk.targets(799,5): message :       _TimeStampAfterCompile;
C:\Program Files\dotnet\sdk\10.0.100\Sdks\Microsoft.NET.Sdk\targets\Microsoft.NET.Sdk.targets(799,5): message :       AfterCompile;
C:\Program Files\dotnet\sdk\10.0.100\Sdks\Microsoft.NET.Sdk\targets\Microsoft.NET.Sdk.targets(799,5): message :     ") at C:\Program Files\dotnet\sdk\10.0.100\Sdks\Microsoft.NET.Sdk\targets\Microsoft.NET.Sdk.targets (799,5)
C:\Program Files\dotnet\sdk\10.0.100\Sdks\Microsoft.NET.Sdk\targets\Microsoft.NET.Sdk.targets(1131,5): message : Property reassignment: $(CreateSatelliteAssembliesDependsOn)="
C:\Program Files\dotnet\sdk\10.0.100\Sdks\Microsoft.NET.Sdk\targets\Microsoft.NET.Sdk.targets(1131,5): message :
C:\Program Files\dotnet\sdk\10.0.100\Sdks\Microsoft.NET.Sdk\targets\Microsoft.NET.Sdk.targets(1131,5): message :       ;
C:\Program Files\dotnet\sdk\10.0.100\Sdks\Microsoft.NET.Sdk\targets\Microsoft.NET.Sdk.targets(1131,5): message :       _GenerateSatelliteAssemblyInputs;
C:\Program Files\dotnet\sdk\10.0.100\Sdks\Microsoft.NET.Sdk\targets\Microsoft.NET.Sdk.targets(1131,5): message :       ComputeIntermediateSatelliteAssemblies;
C:\Program Files\dotnet\sdk\10.0.100\Sdks\Microsoft.NET.Sdk\targets\Microsoft.NET.Sdk.targets(1131,5): message :       GenerateSatelliteAssemblies
C:\Program Files\dotnet\sdk\10.0.100\Sdks\Microsoft.NET.Sdk\targets\Microsoft.NET.Sdk.targets(1131,5): message :     ;
C:\Program Files\dotnet\sdk\10.0.100\Sdks\Microsoft.NET.Sdk\targets\Microsoft.NET.Sdk.targets(1131,5): message :       CoreGenerateSatelliteAssemblies
C:\Program Files\dotnet\sdk\10.0.100\Sdks\Microsoft.NET.Sdk\targets\Microsoft.NET.Sdk.targets(1131,5): message :     " (previous value: "
C:\Program Files\dotnet\sdk\10.0.100\Sdks\Microsoft.NET.Sdk\targets\Microsoft.NET.Sdk.targets(1131,5): message :       ;
C:\Program Files\dotnet\sdk\10.0.100\Sdks\Microsoft.NET.Sdk\targets\Microsoft.NET.Sdk.targets(1131,5): message :       _GenerateSatelliteAssemblyInputs;
C:\Program Files\dotnet\sdk\10.0.100\Sdks\Microsoft.NET.Sdk\targets\Microsoft.NET.Sdk.targets(1131,5): message :       ComputeIntermediateSatelliteAssemblies;
C:\Program Files\dotnet\sdk\10.0.100\Sdks\Microsoft.NET.Sdk\targets\Microsoft.NET.Sdk.targets(1131,5): message :       GenerateSatelliteAssemblies
C:\Program Files\dotnet\sdk\10.0.100\Sdks\Microsoft.NET.Sdk\targets\Microsoft.NET.Sdk.targets(1131,5): message :     ") at C:\Program Files\dotnet\sdk\10.0.100\Sdks\Microsoft.NET.Sdk\targets\Microsoft.NET.Sdk.targets (1131,5)
C:\Program Files\dotnet\sdk\10.0.100\Sdks\Microsoft.SourceLink.GitLab\build\Microsoft.SourceLink.GitLab.targets(12,5): message : Property reassignment: $(SourceLinkUrlInitializerTargets)=";_InitializeGitHubSourceLinkUrl;_InitializeGitLabSourceLinkUrl" (previous value: ";_InitializeGitHubSourceLinkUrl") at C:\Program Files\dotnet\sdk\10.0.100\Sdks\Microsoft.SourceLink.GitLab\build\Microsoft.SourceLink.GitLab.targets (12,5)
C:\Program Files\dotnet\sdk\10.0.100\Sdks\Microsoft.SourceLink.GitLab\build\Microsoft.SourceLink.GitLab.targets(13,5): message : Property reassignment: $(SourceControlManagerUrlTranslationTargets)=";TranslateGitHubUrlsInSourceControlInformation;TranslateGitLabUrlsInSourceControlInformation" (previous value: ";TranslateGitHubUrlsInSourceControlInformation") at C:\Program Files\dotnet\sdk\10.0.100\Sdks\Microsoft.SourceLink.GitLab\build\Microsoft.SourceLink.GitLab.targets (13,5)
C:\Program Files\dotnet\sdk\10.0.100\Sdks\Microsoft.SourceLink.AzureRepos.Git\build\Microsoft.SourceLink.AzureRepos.Git.targets(12,5): message : Property reassignment: $(SourceLinkUrlInitializerTargets)=";_InitializeGitHubSourceLinkUrl;_InitializeGitLabSourceLinkUrl;_InitializeAzureReposGitSourceLinkUrl" (previous value: ";_InitializeGitHubSourceLinkUrl;_InitializeGitLabSourceLinkUrl") at C:\Program Files\dotnet\sdk\10.0.100\Sdks\Microsoft.SourceLink.AzureRepos.Git\build\Microsoft.SourceLink.AzureRepos.Git.targets (12,5)
C:\Program Files\dotnet\sdk\10.0.100\Sdks\Microsoft.SourceLink.AzureRepos.Git\build\Microsoft.SourceLink.AzureRepos.Git.targets(13,5): message : Property reassignment: $(SourceControlManagerUrlTranslationTargets)=";TranslateGitHubUrlsInSourceControlInformation;TranslateGitLabUrlsInSourceControlInformation;TranslateAzureReposGitUrlsInSourceControlInformation" (previous value: ";TranslateGitHubUrlsInSourceControlInformation;TranslateGitLabUrlsInSourceControlInformation") at C:\Program Files\dotnet\sdk\10.0.100\Sdks\Microsoft.SourceLink.AzureRepos.Git\build\Microsoft.SourceLink.AzureRepos.Git.targets (13,5)
C:\Program Files\dotnet\sdk\10.0.100\Sdks\Microsoft.SourceLink.Bitbucket.Git\build\Microsoft.SourceLink.Bitbucket.Git.targets(12,5): message : Property reassignment: $(SourceLinkUrlInitializerTargets)=";_InitializeGitHubSourceLinkUrl;_InitializeGitLabSourceLinkUrl;_InitializeAzureReposGitSourceLinkUrl;_InitializeBitbucketGitSourceLinkUrl" (previous value: ";_InitializeGitHubSourceLinkUrl;_InitializeGitLabSourceLinkUrl;_InitializeAzureReposGitSourceLinkUrl") at C:\Program Files\dotnet\sdk\10.0.100\Sdks\Microsoft.SourceLink.Bitbucket.Git\build\Microsoft.SourceLink.Bitbucket.Git.targets (12,5)
C:\Program Files\dotnet\sdk\10.0.100\Sdks\Microsoft.SourceLink.Bitbucket.Git\build\Microsoft.SourceLink.Bitbucket.Git.targets(13,5): message : Property reassignment: $(SourceControlManagerUrlTranslationTargets)=";TranslateGitHubUrlsInSourceControlInformation;TranslateGitLabUrlsInSourceControlInformation;TranslateAzureReposGitUrlsInSourceControlInformation;TranslateBitbucketGitUrlsInSourceControlInformation" (previous value: ";TranslateGitHubUrlsInSourceControlInformation;TranslateGitLabUrlsInSourceControlInformation;TranslateAzureReposGitUrlsInSourceControlInformation") at C:\Program Files\dotnet\sdk\10.0.100\Sdks\Microsoft.SourceLink.Bitbucket.Git\build\Microsoft.SourceLink.Bitbucket.Git.targets (13,5)
C:\Program Files\dotnet\sdk\10.0.100\Sdks\Microsoft.NET.Sdk\targets\Microsoft.NET.DesignerSupport.targets(21,5): message : Property reassignment: $(DesignerRuntimeImplementationProjectOutputGroupDependsOn)="
C:\Program Files\dotnet\sdk\10.0.100\Sdks\Microsoft.NET.Sdk\targets\Microsoft.NET.DesignerSupport.targets(21,5): message :
C:\Program Files\dotnet\sdk\10.0.100\Sdks\Microsoft.NET.Sdk\targets\Microsoft.NET.DesignerSupport.targets(21,5): message :       ;
C:\Program Files\dotnet\sdk\10.0.100\Sdks\Microsoft.NET.Sdk\targets\Microsoft.NET.DesignerSupport.targets(21,5): message :
C:\Program Files\dotnet\sdk\10.0.100\Sdks\Microsoft.NET.Sdk\targets\Microsoft.NET.DesignerSupport.targets(21,5): message :       ;
C:\Program Files\dotnet\sdk\10.0.100\Sdks\Microsoft.NET.Sdk\targets\Microsoft.NET.DesignerSupport.targets(21,5): message :       BuildOnlySettings;
C:\Program Files\dotnet\sdk\10.0.100\Sdks\Microsoft.NET.Sdk\targets\Microsoft.NET.DesignerSupport.targets(21,5): message :       PrepareForBuild;
C:\Program Files\dotnet\sdk\10.0.100\Sdks\Microsoft.NET.Sdk\targets\Microsoft.NET.DesignerSupport.targets(21,5): message :       AssignTargetPaths;
C:\Program Files\dotnet\sdk\10.0.100\Sdks\Microsoft.NET.Sdk\targets\Microsoft.NET.DesignerSupport.targets(21,5): message :       ResolveReferences
C:\Program Files\dotnet\sdk\10.0.100\Sdks\Microsoft.NET.Sdk\targets\Microsoft.NET.DesignerSupport.targets(21,5): message :
C:\Program Files\dotnet\sdk\10.0.100\Sdks\Microsoft.NET.Sdk\targets\Microsoft.NET.DesignerSupport.targets(21,5): message :     ;
C:\Program Files\dotnet\sdk\10.0.100\Sdks\Microsoft.NET.Sdk\targets\Microsoft.NET.DesignerSupport.targets(21,5): message :       _GenerateDesignerDepsFile;
C:\Program Files\dotnet\sdk\10.0.100\Sdks\Microsoft.NET.Sdk\targets\Microsoft.NET.DesignerSupport.targets(21,5): message :       _GenerateDesignerRuntimeConfigFile;
C:\Program Files\dotnet\sdk\10.0.100\Sdks\Microsoft.NET.Sdk\targets\Microsoft.NET.DesignerSupport.targets(21,5): message :       GetCopyToOutputDirectoryItems;
C:\Program Files\dotnet\sdk\10.0.100\Sdks\Microsoft.NET.Sdk\targets\Microsoft.NET.DesignerSupport.targets(21,5): message :       _GatherDesignerShadowCopyFiles;
C:\Program Files\dotnet\sdk\10.0.100\Sdks\Microsoft.NET.Sdk\targets\Microsoft.NET.DesignerSupport.targets(21,5): message :     " (previous value: "
C:\Program Files\dotnet\sdk\10.0.100\Sdks\Microsoft.NET.Sdk\targets\Microsoft.NET.DesignerSupport.targets(21,5): message :       ;
C:\Program Files\dotnet\sdk\10.0.100\Sdks\Microsoft.NET.Sdk\targets\Microsoft.NET.DesignerSupport.targets(21,5): message :
C:\Program Files\dotnet\sdk\10.0.100\Sdks\Microsoft.NET.Sdk\targets\Microsoft.NET.DesignerSupport.targets(21,5): message :       ;
C:\Program Files\dotnet\sdk\10.0.100\Sdks\Microsoft.NET.Sdk\targets\Microsoft.NET.DesignerSupport.targets(21,5): message :       BuildOnlySettings;
C:\Program Files\dotnet\sdk\10.0.100\Sdks\Microsoft.NET.Sdk\targets\Microsoft.NET.DesignerSupport.targets(21,5): message :       PrepareForBuild;
C:\Program Files\dotnet\sdk\10.0.100\Sdks\Microsoft.NET.Sdk\targets\Microsoft.NET.DesignerSupport.targets(21,5): message :       AssignTargetPaths;
C:\Program Files\dotnet\sdk\10.0.100\Sdks\Microsoft.NET.Sdk\targets\Microsoft.NET.DesignerSupport.targets(21,5): message :       ResolveReferences
C:\Program Files\dotnet\sdk\10.0.100\Sdks\Microsoft.NET.Sdk\targets\Microsoft.NET.DesignerSupport.targets(21,5): message :
C:\Program Files\dotnet\sdk\10.0.100\Sdks\Microsoft.NET.Sdk\targets\Microsoft.NET.DesignerSupport.targets(21,5): message :     ") at C:\Program Files\dotnet\sdk\10.0.100\Sdks\Microsoft.NET.Sdk\targets\Microsoft.NET.DesignerSupport.targets (21,5)
C:\Program Files\dotnet\sdk\10.0.100\Sdks\Microsoft.NET.Sdk\targets\Microsoft.NET.Windows.targets(239,5): message : Property reassignment: $(_RunCsWinRTGeneratorPropertyInputsCachePath)="F:\projects\DroidNet\artifacts\obj\Oxygen.Editor.Interop\Debug_net9.0\Oxygen.Editor.Interop.cswinrtgen.cache" (previous value: "F:\projects\DroidNet\projects\Oxygen.Editor.Interop\src\../../..\artifacts\obj\Oxygen.Editor.Interop\Debug_net9.0\Oxygen.Editor.Interop.cswinrtgen.cache") at C:\Program Files\dotnet\sdk\10.0.100\Sdks\Microsoft.NET.Sdk\targets\Microsoft.NET.Windows.targets (239,5)
C:\Program Files\Microsoft Visual Studio\18\Community\MSBuild\Microsoft\VC\v180\Microsoft.CppCommon.targets(315,5): message : Property reassignment: $(ComputeCompileInputsTargets)="
C:\Program Files\Microsoft Visual Studio\18\Community\MSBuild\Microsoft\VC\v180\Microsoft.CppCommon.targets(315,5): message :
C:\Program Files\Microsoft Visual Studio\18\Community\MSBuild\Microsoft\VC\v180\Microsoft.CppCommon.targets(315,5): message :
C:\Program Files\Microsoft Visual Studio\18\Community\MSBuild\Microsoft\VC\v180\Microsoft.CppCommon.targets(315,5): message :
C:\Program Files\Microsoft Visual Studio\18\Community\MSBuild\Microsoft\VC\v180\Microsoft.CppCommon.targets(315,5): message :       ;
C:\Program Files\Microsoft Visual Studio\18\Community\MSBuild\Microsoft\VC\v180\Microsoft.CppCommon.targets(315,5): message :       GenerateTargetFrameworkMonikerAttribute;
C:\Program Files\Microsoft Visual Studio\18\Community\MSBuild\Microsoft\VC\v180\Microsoft.CppCommon.targets(315,5): message :     ;
C:\Program Files\Microsoft Visual Studio\18\Community\MSBuild\Microsoft\VC\v180\Microsoft.CppCommon.targets(315,5): message :       ComputeMIDLGeneratedCompileInputs;
C:\Program Files\Microsoft Visual Studio\18\Community\MSBuild\Microsoft\VC\v180\Microsoft.CppCommon.targets(315,5): message :     ;
C:\Program Files\Microsoft Visual Studio\18\Community\MSBuild\Microsoft\VC\v180\Microsoft.CppCommon.targets(315,5): message :       ComputeCLInputPDBName;
C:\Program Files\Microsoft Visual Studio\18\Community\MSBuild\Microsoft\VC\v180\Microsoft.CppCommon.targets(315,5): message :       ComputeReferenceCLInput;
C:\Program Files\Microsoft Visual Studio\18\Community\MSBuild\Microsoft\VC\v180\Microsoft.CppCommon.targets(315,5): message :       WarnCompileDuplicatedFilename
C:\Program Files\Microsoft Visual Studio\18\Community\MSBuild\Microsoft\VC\v180\Microsoft.CppCommon.targets(315,5): message :     ;
C:\Program Files\Microsoft Visual Studio\18\Community\MSBuild\Microsoft\VC\v180\Microsoft.CppCommon.targets(315,5): message :       ;
C:\Program Files\Microsoft Visual Studio\18\Community\MSBuild\Microsoft\VC\v180\Microsoft.CppCommon.targets(315,5): message :       ComputeStdModulesCompileInputs;
C:\Program Files\Microsoft Visual Studio\18\Community\MSBuild\Microsoft\VC\v180\Microsoft.CppCommon.targets(315,5): message :       FixupCLCompileOptions;
C:\Program Files\Microsoft Visual Studio\18\Community\MSBuild\Microsoft\VC\v180\Microsoft.CppCommon.targets(315,5): message :       SetModuleDependencies;
C:\Program Files\Microsoft Visual Studio\18\Community\MSBuild\Microsoft\VC\v180\Microsoft.CppCommon.targets(315,5): message :     " (previous value: "
C:\Program Files\Microsoft Visual Studio\18\Community\MSBuild\Microsoft\VC\v180\Microsoft.CppCommon.targets(315,5): message :
C:\Program Files\Microsoft Visual Studio\18\Community\MSBuild\Microsoft\VC\v180\Microsoft.CppCommon.targets(315,5): message :
C:\Program Files\Microsoft Visual Studio\18\Community\MSBuild\Microsoft\VC\v180\Microsoft.CppCommon.targets(315,5): message :       ;
C:\Program Files\Microsoft Visual Studio\18\Community\MSBuild\Microsoft\VC\v180\Microsoft.CppCommon.targets(315,5): message :       GenerateTargetFrameworkMonikerAttribute;
C:\Program Files\Microsoft Visual Studio\18\Community\MSBuild\Microsoft\VC\v180\Microsoft.CppCommon.targets(315,5): message :     ;
C:\Program Files\Microsoft Visual Studio\18\Community\MSBuild\Microsoft\VC\v180\Microsoft.CppCommon.targets(315,5): message :       ComputeMIDLGeneratedCompileInputs;
C:\Program Files\Microsoft Visual Studio\18\Community\MSBuild\Microsoft\VC\v180\Microsoft.CppCommon.targets(315,5): message :     ;
C:\Program Files\Microsoft Visual Studio\18\Community\MSBuild\Microsoft\VC\v180\Microsoft.CppCommon.targets(315,5): message :       ComputeCLInputPDBName;
C:\Program Files\Microsoft Visual Studio\18\Community\MSBuild\Microsoft\VC\v180\Microsoft.CppCommon.targets(315,5): message :       ComputeReferenceCLInput;
C:\Program Files\Microsoft Visual Studio\18\Community\MSBuild\Microsoft\VC\v180\Microsoft.CppCommon.targets(315,5): message :       WarnCompileDuplicatedFilename
C:\Program Files\Microsoft Visual Studio\18\Community\MSBuild\Microsoft\VC\v180\Microsoft.CppCommon.targets(315,5): message :     ") at C:\Program Files\Microsoft Visual Studio\18\Community\MSBuild\Microsoft\VC\v180\Microsoft.CppCommon.targets (315,5)
C:\Program Files\Microsoft Visual Studio\18\Community\MSBuild\Microsoft\VC\v180\Microsoft.CppCommon.targets(2128,5): message : Property reassignment: $(BuildingProject)="true" (previous value: "false") at C:\Program Files\Microsoft Visual Studio\18\Community\MSBuild\Microsoft\VC\v180\Microsoft.CppCommon.targets (2128,5)
C:\Program Files\Microsoft Visual Studio\18\Community\MSBuild\Microsoft\VC\v180\Microsoft.CppCommon.targets(2674,5): message : Property reassignment: $(ContentFilesProjectOutputGroupDependsOn)="PrepareForBuild;AssignTargetPaths;PrepareForBuild;AssignTargetPaths;MakeDirsForFxc;_CreateCopyFileItems;" (previous value: "PrepareForBuild;AssignTargetPaths;PrepareForBuild;AssignTargetPaths;MakeDirsForFxc") at C:\Program Files\Microsoft Visual Studio\18\Community\MSBuild\Microsoft\VC\v180\Microsoft.CppCommon.targets (2674,5)
C:\Program Files\Microsoft Visual Studio\18\Community\MSBuild\Microsoft\VC\v180\Microsoft.Cpp.WindowsSDK.targets(16,5): message : Property reassignment: $(PrepareForBuildDependsOn)="_CheckWindowsSDKInstalled;;GetFrameworkPaths;GetReferenceAssemblyPaths;AssignLinkMetadata;SetCABuildNativeEnvironmentVariables" (previous value: ";GetFrameworkPaths;GetReferenceAssemblyPaths;AssignLinkMetadata;SetCABuildNativeEnvironmentVariables") at C:\Program Files\Microsoft Visual Studio\18\Community\MSBuild\Microsoft\VC\v180\Microsoft.Cpp.WindowsSDK.targets (16,5)
C:\Program Files\Microsoft Visual Studio\18\Community\MSBuild\Microsoft\VC\v180\Microsoft.CppClean.targets(22,5): message : Property reassignment: $(CleanDependsOn)="
C:\Program Files\Microsoft Visual Studio\18\Community\MSBuild\Microsoft\VC\v180\Microsoft.CppClean.targets(22,5): message :
C:\Program Files\Microsoft Visual Studio\18\Community\MSBuild\Microsoft\VC\v180\Microsoft.CppClean.targets(22,5): message :       _PrepareForClean;
C:\Program Files\Microsoft Visual Studio\18\Community\MSBuild\Microsoft\VC\v180\Microsoft.CppClean.targets(22,5): message :
C:\Program Files\Microsoft Visual Studio\18\Community\MSBuild\Microsoft\VC\v180\Microsoft.CppClean.targets(22,5): message :       GetBuildVersion;
C:\Program Files\Microsoft Visual Studio\18\Community\MSBuild\Microsoft\VC\v180\Microsoft.CppClean.targets(22,5): message :
C:\Program Files\Microsoft Visual Studio\18\Community\MSBuild\Microsoft\VC\v180\Microsoft.CppClean.targets(22,5): message :       BeforeClean;
C:\Program Files\Microsoft Visual Studio\18\Community\MSBuild\Microsoft\VC\v180\Microsoft.CppClean.targets(22,5): message :       UnmanagedUnregistration;
C:\Program Files\Microsoft Visual Studio\18\Community\MSBuild\Microsoft\VC\v180\Microsoft.CppClean.targets(22,5): message :       CoreClean;
C:\Program Files\Microsoft Visual Studio\18\Community\MSBuild\Microsoft\VC\v180\Microsoft.CppClean.targets(22,5): message :       CleanReferencedProjects;
C:\Program Files\Microsoft Visual Studio\18\Community\MSBuild\Microsoft\VC\v180\Microsoft.CppClean.targets(22,5): message :       CleanPublishFolder;
C:\Program Files\Microsoft Visual Studio\18\Community\MSBuild\Microsoft\VC\v180\Microsoft.CppClean.targets(22,5): message :       AfterClean
C:\Program Files\Microsoft Visual Studio\18\Community\MSBuild\Microsoft\VC\v180\Microsoft.CppClean.targets(22,5): message :
C:\Program Files\Microsoft Visual Studio\18\Community\MSBuild\Microsoft\VC\v180\Microsoft.CppClean.targets(22,5): message :     ;
C:\Program Files\Microsoft Visual Studio\18\Community\MSBuild\Microsoft\VC\v180\Microsoft.CppClean.targets(22,5): message :     ;
C:\Program Files\Microsoft Visual Studio\18\Community\MSBuild\Microsoft\VC\v180\Microsoft.CppClean.targets(22,5): message :       CppClean
C:\Program Files\Microsoft Visual Studio\18\Community\MSBuild\Microsoft\VC\v180\Microsoft.CppClean.targets(22,5): message :     " (previous value: "
C:\Program Files\Microsoft Visual Studio\18\Community\MSBuild\Microsoft\VC\v180\Microsoft.CppClean.targets(22,5): message :       _PrepareForClean;
C:\Program Files\Microsoft Visual Studio\18\Community\MSBuild\Microsoft\VC\v180\Microsoft.CppClean.targets(22,5): message :
C:\Program Files\Microsoft Visual Studio\18\Community\MSBuild\Microsoft\VC\v180\Microsoft.CppClean.targets(22,5): message :       GetBuildVersion;
C:\Program Files\Microsoft Visual Studio\18\Community\MSBuild\Microsoft\VC\v180\Microsoft.CppClean.targets(22,5): message :
C:\Program Files\Microsoft Visual Studio\18\Community\MSBuild\Microsoft\VC\v180\Microsoft.CppClean.targets(22,5): message :       BeforeClean;
C:\Program Files\Microsoft Visual Studio\18\Community\MSBuild\Microsoft\VC\v180\Microsoft.CppClean.targets(22,5): message :       UnmanagedUnregistration;
C:\Program Files\Microsoft Visual Studio\18\Community\MSBuild\Microsoft\VC\v180\Microsoft.CppClean.targets(22,5): message :       CoreClean;
C:\Program Files\Microsoft Visual Studio\18\Community\MSBuild\Microsoft\VC\v180\Microsoft.CppClean.targets(22,5): message :       CleanReferencedProjects;
C:\Program Files\Microsoft Visual Studio\18\Community\MSBuild\Microsoft\VC\v180\Microsoft.CppClean.targets(22,5): message :       CleanPublishFolder;
C:\Program Files\Microsoft Visual Studio\18\Community\MSBuild\Microsoft\VC\v180\Microsoft.CppClean.targets(22,5): message :       AfterClean
C:\Program Files\Microsoft Visual Studio\18\Community\MSBuild\Microsoft\VC\v180\Microsoft.CppClean.targets(22,5): message :
C:\Program Files\Microsoft Visual Studio\18\Community\MSBuild\Microsoft\VC\v180\Microsoft.CppClean.targets(22,5): message :     ;
C:\Program Files\Microsoft Visual Studio\18\Community\MSBuild\Microsoft\VC\v180\Microsoft.CppClean.targets(22,5): message :     ") at C:\Program Files\Microsoft Visual Studio\18\Community\MSBuild\Microsoft\VC\v180\Microsoft.CppClean.targets (22,5)
C:\Program Files\Microsoft Visual Studio\18\Community\MSBuild\Microsoft\VC\v180\Microsoft.CppClean.targets(92,5): message : Property reassignment: $(CppCleanDependsOn)="
C:\Program Files\Microsoft Visual Studio\18\Community\MSBuild\Microsoft\VC\v180\Microsoft.CppClean.targets(92,5): message :       BeforeCppClean;
C:\Program Files\Microsoft Visual Studio\18\Community\MSBuild\Microsoft\VC\v180\Microsoft.CppClean.targets(92,5): message :       ;
C:\Program Files\Microsoft Visual Studio\18\Community\MSBuild\Microsoft\VC\v180\Microsoft.CppClean.targets(92,5): message :       CoreCppClean;
C:\Program Files\Microsoft Visual Studio\18\Community\MSBuild\Microsoft\VC\v180\Microsoft.CppClean.targets(92,5): message :       AfterCppClean;
C:\Program Files\Microsoft Visual Studio\18\Community\MSBuild\Microsoft\VC\v180\Microsoft.CppClean.targets(92,5): message :     ;PGInstrumentedClean" (previous value: "
C:\Program Files\Microsoft Visual Studio\18\Community\MSBuild\Microsoft\VC\v180\Microsoft.CppClean.targets(92,5): message :       BeforeCppClean;
C:\Program Files\Microsoft Visual Studio\18\Community\MSBuild\Microsoft\VC\v180\Microsoft.CppClean.targets(92,5): message :       ;
C:\Program Files\Microsoft Visual Studio\18\Community\MSBuild\Microsoft\VC\v180\Microsoft.CppClean.targets(92,5): message :       CoreCppClean;
C:\Program Files\Microsoft Visual Studio\18\Community\MSBuild\Microsoft\VC\v180\Microsoft.CppClean.targets(92,5): message :       AfterCppClean;
C:\Program Files\Microsoft Visual Studio\18\Community\MSBuild\Microsoft\VC\v180\Microsoft.CppClean.targets(92,5): message :     ") at C:\Program Files\Microsoft Visual Studio\18\Community\MSBuild\Microsoft\VC\v180\Microsoft.CppClean.targets (92,5)
C:\Program Files\Microsoft Visual Studio\18\Community\MSBuild\Microsoft\VC\v180\Microsoft.Cpp.DesignTime.targets(542,5): message : Property reassignment: $(BuildDependsOn)="SetTelemetryEnvironmentVariables;
C:\Program Files\Microsoft Visual Studio\18\Community\MSBuild\Microsoft\VC\v180\Microsoft.Cpp.DesignTime.targets(542,5): message :       _PrepareForBuild;
C:\Program Files\Microsoft Visual Studio\18\Community\MSBuild\Microsoft\VC\v180\Microsoft.Cpp.DesignTime.targets(542,5): message :
C:\Program Files\Microsoft Visual Studio\18\Community\MSBuild\Microsoft\VC\v180\Microsoft.Cpp.DesignTime.targets(542,5): message :       ResolveReferences;
C:\Program Files\Microsoft Visual Studio\18\Community\MSBuild\Microsoft\VC\v180\Microsoft.Cpp.DesignTime.targets(542,5): message :       PrepareForBuild;
C:\Program Files\Microsoft Visual Studio\18\Community\MSBuild\Microsoft\VC\v180\Microsoft.Cpp.DesignTime.targets(542,5): message :       InitializeBuildStatus;
C:\Program Files\Microsoft Visual Studio\18\Community\MSBuild\Microsoft\VC\v180\Microsoft.Cpp.DesignTime.targets(542,5): message :       BuildGenerateSources;
C:\Program Files\Microsoft Visual Studio\18\Community\MSBuild\Microsoft\VC\v180\Microsoft.Cpp.DesignTime.targets(542,5): message :       BuildCompile;
C:\Program Files\Microsoft Visual Studio\18\Community\MSBuild\Microsoft\VC\v180\Microsoft.Cpp.DesignTime.targets(542,5): message :       BuildLink;
C:\Program Files\Microsoft Visual Studio\18\Community\MSBuild\Microsoft\VC\v180\Microsoft.Cpp.DesignTime.targets(542,5): message :     ;
C:\Program Files\Microsoft Visual Studio\18\Community\MSBuild\Microsoft\VC\v180\Microsoft.Cpp.DesignTime.targets(542,5): message :       AfterBuild;
C:\Program Files\Microsoft Visual Studio\18\Community\MSBuild\Microsoft\VC\v180\Microsoft.Cpp.DesignTime.targets(542,5): message :       IncrementalClean;
C:\Program Files\Microsoft Visual Studio\18\Community\MSBuild\Microsoft\VC\v180\Microsoft.Cpp.DesignTime.targets(542,5): message :       TlogCleanup;
C:\Program Files\Microsoft Visual Studio\18\Community\MSBuild\Microsoft\VC\v180\Microsoft.Cpp.DesignTime.targets(542,5): message :       FinalizeBuildStatus;
C:\Program Files\Microsoft Visual Studio\18\Community\MSBuild\Microsoft\VC\v180\Microsoft.Cpp.DesignTime.targets(542,5): message :     " (previous value: "
C:\Program Files\Microsoft Visual Studio\18\Community\MSBuild\Microsoft\VC\v180\Microsoft.Cpp.DesignTime.targets(542,5): message :       _PrepareForBuild;
C:\Program Files\Microsoft Visual Studio\18\Community\MSBuild\Microsoft\VC\v180\Microsoft.Cpp.DesignTime.targets(542,5): message :
C:\Program Files\Microsoft Visual Studio\18\Community\MSBuild\Microsoft\VC\v180\Microsoft.Cpp.DesignTime.targets(542,5): message :       ResolveReferences;
C:\Program Files\Microsoft Visual Studio\18\Community\MSBuild\Microsoft\VC\v180\Microsoft.Cpp.DesignTime.targets(542,5): message :       PrepareForBuild;
C:\Program Files\Microsoft Visual Studio\18\Community\MSBuild\Microsoft\VC\v180\Microsoft.Cpp.DesignTime.targets(542,5): message :       InitializeBuildStatus;
C:\Program Files\Microsoft Visual Studio\18\Community\MSBuild\Microsoft\VC\v180\Microsoft.Cpp.DesignTime.targets(542,5): message :       BuildGenerateSources;
C:\Program Files\Microsoft Visual Studio\18\Community\MSBuild\Microsoft\VC\v180\Microsoft.Cpp.DesignTime.targets(542,5): message :       BuildCompile;
C:\Program Files\Microsoft Visual Studio\18\Community\MSBuild\Microsoft\VC\v180\Microsoft.Cpp.DesignTime.targets(542,5): message :       BuildLink;
C:\Program Files\Microsoft Visual Studio\18\Community\MSBuild\Microsoft\VC\v180\Microsoft.Cpp.DesignTime.targets(542,5): message :     ;
C:\Program Files\Microsoft Visual Studio\18\Community\MSBuild\Microsoft\VC\v180\Microsoft.Cpp.DesignTime.targets(542,5): message :       AfterBuild;
C:\Program Files\Microsoft Visual Studio\18\Community\MSBuild\Microsoft\VC\v180\Microsoft.Cpp.DesignTime.targets(542,5): message :       IncrementalClean;
C:\Program Files\Microsoft Visual Studio\18\Community\MSBuild\Microsoft\VC\v180\Microsoft.Cpp.DesignTime.targets(542,5): message :       TlogCleanup;
C:\Program Files\Microsoft Visual Studio\18\Community\MSBuild\Microsoft\VC\v180\Microsoft.Cpp.DesignTime.targets(542,5): message :       FinalizeBuildStatus;
C:\Program Files\Microsoft Visual Studio\18\Community\MSBuild\Microsoft\VC\v180\Microsoft.Cpp.DesignTime.targets(542,5): message :     ") at C:\Program Files\Microsoft Visual Studio\18\Community\MSBuild\Microsoft\VC\v180\Microsoft.Cpp.DesignTime.targets (542,5)
C:\Program Files\Microsoft Visual Studio\18\Community\MSBuild\Microsoft\VC\v180\Microsoft.Cpp.DesignTime.targets(543,5): message : Property reassignment: $(RebuildDependsOn)="SetTelemetryEnvironmentVariables;
C:\Program Files\Microsoft Visual Studio\18\Community\MSBuild\Microsoft\VC\v180\Microsoft.Cpp.DesignTime.targets(543,5): message :       _SdkBeforeRebuild;
C:\Program Files\Microsoft Visual Studio\18\Community\MSBuild\Microsoft\VC\v180\Microsoft.Cpp.DesignTime.targets(543,5): message :
C:\Program Files\Microsoft Visual Studio\18\Community\MSBuild\Microsoft\VC\v180\Microsoft.Cpp.DesignTime.targets(543,5): message :       _PrepareForRebuild;
C:\Program Files\Microsoft Visual Studio\18\Community\MSBuild\Microsoft\VC\v180\Microsoft.Cpp.DesignTime.targets(543,5): message :
C:\Program Files\Microsoft Visual Studio\18\Community\MSBuild\Microsoft\VC\v180\Microsoft.Cpp.DesignTime.targets(543,5): message :       BeforeRebuild;
C:\Program Files\Microsoft Visual Studio\18\Community\MSBuild\Microsoft\VC\v180\Microsoft.Cpp.DesignTime.targets(543,5): message :       Clean;
C:\Program Files\Microsoft Visual Studio\18\Community\MSBuild\Microsoft\VC\v180\Microsoft.Cpp.DesignTime.targets(543,5): message :       Build;
C:\Program Files\Microsoft Visual Studio\18\Community\MSBuild\Microsoft\VC\v180\Microsoft.Cpp.DesignTime.targets(543,5): message :       AfterRebuild;
C:\Program Files\Microsoft Visual Studio\18\Community\MSBuild\Microsoft\VC\v180\Microsoft.Cpp.DesignTime.targets(543,5): message :     ;
C:\Program Files\Microsoft Visual Studio\18\Community\MSBuild\Microsoft\VC\v180\Microsoft.Cpp.DesignTime.targets(543,5): message :
C:\Program Files\Microsoft Visual Studio\18\Community\MSBuild\Microsoft\VC\v180\Microsoft.Cpp.DesignTime.targets(543,5): message :     " (previous value: "
C:\Program Files\Microsoft Visual Studio\18\Community\MSBuild\Microsoft\VC\v180\Microsoft.Cpp.DesignTime.targets(543,5): message :       _SdkBeforeRebuild;
C:\Program Files\Microsoft Visual Studio\18\Community\MSBuild\Microsoft\VC\v180\Microsoft.Cpp.DesignTime.targets(543,5): message :
C:\Program Files\Microsoft Visual Studio\18\Community\MSBuild\Microsoft\VC\v180\Microsoft.Cpp.DesignTime.targets(543,5): message :       _PrepareForRebuild;
C:\Program Files\Microsoft Visual Studio\18\Community\MSBuild\Microsoft\VC\v180\Microsoft.Cpp.DesignTime.targets(543,5): message :
C:\Program Files\Microsoft Visual Studio\18\Community\MSBuild\Microsoft\VC\v180\Microsoft.Cpp.DesignTime.targets(543,5): message :       BeforeRebuild;
C:\Program Files\Microsoft Visual Studio\18\Community\MSBuild\Microsoft\VC\v180\Microsoft.Cpp.DesignTime.targets(543,5): message :       Clean;
C:\Program Files\Microsoft Visual Studio\18\Community\MSBuild\Microsoft\VC\v180\Microsoft.Cpp.DesignTime.targets(543,5): message :       Build;
C:\Program Files\Microsoft Visual Studio\18\Community\MSBuild\Microsoft\VC\v180\Microsoft.Cpp.DesignTime.targets(543,5): message :       AfterRebuild;
C:\Program Files\Microsoft Visual Studio\18\Community\MSBuild\Microsoft\VC\v180\Microsoft.Cpp.DesignTime.targets(543,5): message :     ;
C:\Program Files\Microsoft Visual Studio\18\Community\MSBuild\Microsoft\VC\v180\Microsoft.Cpp.DesignTime.targets(543,5): message :
C:\Program Files\Microsoft Visual Studio\18\Community\MSBuild\Microsoft\VC\v180\Microsoft.Cpp.DesignTime.targets(543,5): message :     ") at C:\Program Files\Microsoft Visual Studio\18\Community\MSBuild\Microsoft\VC\v180\Microsoft.Cpp.DesignTime.targets (543,5)
Overriding target "GenerateCompiledExpressionsTempFile" in project "C:\WINDOWS\Microsoft.NET\Framework\v4.0.30319\Microsoft.WorkflowBuildExtensions.targets" with target "GenerateCompiledExpressionsTempFile" from project "C:\Program Files\Microsoft Visual Studio\18\Community\MSBuild\Current\Bin\amd64\Microsoft.WorkflowBuildExtensions.targets".
Overriding target "GenerateTargetFrameworkMonikerAttribute" in project "C:\Program Files\Microsoft Visual Studio\18\Community\MSBuild\Current\Bin\amd64\Microsoft.Common.CurrentVersion.targets" with target "GenerateTargetFrameworkMonikerAttribute" from project "C:\Program Files\Microsoft Visual Studio\18\Community\MSBuild\Microsoft\VC\v180\Microsoft.BuildSteps.Targets".
Overriding target "Build" in project "C:\Program Files\Microsoft Visual Studio\18\Community\MSBuild\Current\Bin\amd64\Microsoft.Common.CurrentVersion.targets" with target "Build" from project "C:\Program Files\Microsoft Visual Studio\18\Community\MSBuild\Microsoft\VC\v180\Microsoft.BuildSteps.Targets".
Overriding target "Rebuild" in project "C:\Program Files\Microsoft Visual Studio\18\Community\MSBuild\Current\Bin\amd64\Microsoft.Common.CurrentVersion.targets" with target "Rebuild" from project "C:\Program Files\Microsoft Visual Studio\18\Community\MSBuild\Microsoft\VC\v180\Microsoft.BuildSteps.Targets".
Overriding target "AfterBuild" in project "C:\Program Files\Microsoft Visual Studio\18\Community\MSBuild\Current\Bin\amd64\Microsoft.Common.CurrentVersion.targets" with target "AfterBuild" from project "C:\Program Files\Microsoft Visual Studio\18\Community\MSBuild\Microsoft\VC\v180\Microsoft.BuildSteps.Targets".
Overriding target "PrepareForBuild" in project "C:\Program Files\Microsoft Visual Studio\18\Community\MSBuild\Current\Bin\amd64\Microsoft.Common.CurrentVersion.targets" with target "PrepareForBuild" from project "C:\Program Files\Microsoft Visual Studio\18\Community\MSBuild\Microsoft\VC\v180\Microsoft.CppBuild.targets".
Overriding target "GetTargetPath" in project "C:\Program Files\Microsoft Visual Studio\18\Community\MSBuild\Current\Bin\amd64\Microsoft.Common.CurrentVersion.targets" with target "GetTargetPath" from project "C:\Program Files\Microsoft Visual Studio\18\Community\MSBuild\Microsoft\VC\v180\Microsoft.CppBuild.targets".
Overriding target "ComputeIntermediateSatelliteAssemblies" in project "C:\Program Files\Microsoft Visual Studio\18\Community\MSBuild\Current\Bin\amd64\Microsoft.Common.CurrentVersion.targets" with target "ComputeIntermediateSatelliteAssemblies" from project "C:\Program Files\Microsoft Visual Studio\18\Community\MSBuild\Microsoft\VC\v180\Microsoft.CppBuild.targets".
Overriding target "ClCompile" in project "C:\Program Files\Microsoft Visual Studio\18\Community\MSBuild\Microsoft\VC\v180\Microsoft.CppBuild.targets" with target "ClCompile" from project "C:\Program Files\Microsoft Visual Studio\18\Community\MSBuild\Microsoft\VC\v180\Microsoft.CppBuild.targets".
Overriding target "ResourceCompile" in project "C:\Program Files\Microsoft Visual Studio\18\Community\MSBuild\Microsoft\VC\v180\Microsoft.CppBuild.targets" with target "ResourceCompile" from project "C:\Program Files\Microsoft Visual Studio\18\Community\MSBuild\Microsoft\VC\v180\Microsoft.CppBuild.targets".
Overriding target "Lib" in project "C:\Program Files\Microsoft Visual Studio\18\Community\MSBuild\Microsoft\VC\v180\Microsoft.CppBuild.targets" with target "Lib" from project "C:\Program Files\Microsoft Visual Studio\18\Community\MSBuild\Microsoft\VC\v180\Microsoft.CppBuild.targets".
Overriding target "Link" in project "C:\Program Files\Microsoft Visual Studio\18\Community\MSBuild\Microsoft\VC\v180\Microsoft.CppBuild.targets" with target "Link" from project "C:\Program Files\Microsoft Visual Studio\18\Community\MSBuild\Microsoft\VC\v180\Microsoft.CppBuild.targets".
Overriding target "AllProjectOutputGroups" in project "C:\Program Files\Microsoft Visual Studio\18\Community\MSBuild\Current\Bin\amd64\Microsoft.Common.CurrentVersion.targets" with target "AllProjectOutputGroups" from project "C:\Program Files\Microsoft Visual Studio\18\Community\MSBuild\Microsoft\VC\v180\Microsoft.CppBuild.targets".
Overriding target "BuiltProjectOutputGroup" in project "C:\Program Files\Microsoft Visual Studio\18\Community\MSBuild\Current\Bin\amd64\Microsoft.Common.CurrentVersion.targets" with target "BuiltProjectOutputGroup" from project "C:\Program Files\Microsoft Visual Studio\18\Community\MSBuild\Microsoft\VC\v180\Microsoft.CppBuild.targets".
Overriding target "DebugSymbolsProjectOutputGroup" in project "C:\Program Files\Microsoft Visual Studio\18\Community\MSBuild\Current\Bin\amd64\Microsoft.Common.CurrentVersion.targets" with target "DebugSymbolsProjectOutputGroup" from project "C:\Program Files\Microsoft Visual Studio\18\Community\MSBuild\Microsoft\VC\v180\Microsoft.CppBuild.targets".
Overriding target "DocumentationProjectOutputGroup" in project "C:\Program Files\Microsoft Visual Studio\18\Community\MSBuild\Current\Bin\amd64\Microsoft.Common.CurrentVersion.targets" with target "DocumentationProjectOutputGroup" from project "C:\Program Files\Microsoft Visual Studio\18\Community\MSBuild\Microsoft\VC\v180\Microsoft.CppBuild.targets".
Overriding target "SourceFilesProjectOutputGroup" in project "C:\Program Files\Microsoft Visual Studio\18\Community\MSBuild\Current\Bin\amd64\Microsoft.Common.CurrentVersion.targets" with target "SourceFilesProjectOutputGroup" from project "C:\Program Files\Microsoft Visual Studio\18\Community\MSBuild\Microsoft\VC\v180\Microsoft.CppBuild.targets".
Overriding target "ContentFilesProjectOutputGroup" in project "C:\Program Files\Microsoft Visual Studio\18\Community\MSBuild\Current\Bin\amd64\Microsoft.Common.CurrentVersion.targets" with target "ContentFilesProjectOutputGroup" from project "C:\Program Files\Microsoft Visual Studio\18\Community\MSBuild\Microsoft\VC\v180\Microsoft.CppBuild.targets".
Overriding target "AllProjectOutputGroupsDependencies" in project "C:\Program Files\Microsoft Visual Studio\18\Community\MSBuild\Current\Bin\amd64\Microsoft.Common.CurrentVersion.targets" with target "AllProjectOutputGroupsDependencies" from project "C:\Program Files\Microsoft Visual Studio\18\Community\MSBuild\Microsoft\VC\v180\Microsoft.CppBuild.targets".
Overriding target "BuiltProjectOutputGroupDependencies" in project "C:\Program Files\Microsoft Visual Studio\18\Community\MSBuild\Current\Bin\amd64\Microsoft.Common.CurrentVersion.targets" with target "BuiltProjectOutputGroupDependencies" from project "C:\Program Files\Microsoft Visual Studio\18\Community\MSBuild\Microsoft\VC\v180\Microsoft.CppBuild.targets".
Overriding target "DebugSymbolsProjectOutputGroupDependencies" in project "C:\Program Files\Microsoft Visual Studio\18\Community\MSBuild\Current\Bin\amd64\Microsoft.Common.CurrentVersion.targets" with target "DebugSymbolsProjectOutputGroupDependencies" from project "C:\Program Files\Microsoft Visual Studio\18\Community\MSBuild\Microsoft\VC\v180\Microsoft.CppBuild.targets".
Overriding target "DocumentationProjectOutputGroupDependencies" in project "C:\Program Files\Microsoft Visual Studio\18\Community\MSBuild\Current\Bin\amd64\Microsoft.Common.CurrentVersion.targets" with target "DocumentationProjectOutputGroupDependencies" from project "C:\Program Files\Microsoft Visual Studio\18\Community\MSBuild\Microsoft\VC\v180\Microsoft.CppBuild.targets".
Overriding target "ResolveFrameworkReferences" in project "C:\Program Files\Microsoft Visual Studio\18\Community\MSBuild\Current\Bin\amd64\Microsoft.Common.CurrentVersion.targets" with target "ResolveFrameworkReferences" from project "C:\Program Files\dotnet\sdk\10.0.100\Sdks\Microsoft.NET.Sdk\targets\Microsoft.NET.Sdk.FrameworkReferenceResolution.targets".
Overriding target "GenerateSupportedTargetFrameworkAlias" in project "C:\Program Files\Microsoft Visual Studio\18\Community\MSBuild\Current\Bin\amd64\Microsoft.Common.CurrentVersion.targets" with target "GenerateSupportedTargetFrameworkAlias" from project "C:\Program Files\dotnet\sdk\10.0.100\Sdks\Microsoft.NET.Sdk\targets\Microsoft.NET.Sdk.targets".
Overriding target "GetReferenceAssemblyPaths" in project "C:\Program Files\Microsoft Visual Studio\18\Community\MSBuild\Current\Bin\amd64\Microsoft.Common.CurrentVersion.targets" with target "GetReferenceAssemblyPaths" from project "C:\Program Files\dotnet\sdk\10.0.100\Sdks\Microsoft.NET.Sdk\targets\Microsoft.NET.DisableStandardFrameworkResolution.targets".
Overriding target "GetFrameworkPaths" in project "C:\Program Files\Microsoft Visual Studio\18\Community\MSBuild\Current\Bin\amd64\Microsoft.Common.CurrentVersion.targets" with target "GetFrameworkPaths" from project "C:\Program Files\dotnet\sdk\10.0.100\Sdks\Microsoft.NET.Sdk\targets\Microsoft.NET.DisableStandardFrameworkResolution.targets".
Overriding target "DesignerRuntimeImplementationProjectOutputGroup" in project "C:\Program Files\Microsoft Visual Studio\18\Community\MSBuild\Current\Bin\amd64\Microsoft.Common.CurrentVersion.targets" with target "DesignerRuntimeImplementationProjectOutputGroup" from project "C:\Program Files\dotnet\sdk\10.0.100\Sdks\Microsoft.NET.Sdk\targets\Microsoft.NET.DesignerSupport.targets".
Overriding target "Publish" in project "C:\Program Files\Microsoft Visual Studio\18\Community\MSBuild\Current\Bin\amd64\Microsoft.Common.CurrentVersion.targets" with target "Publish" from project "C:\Program Files\dotnet\sdk\10.0.100\Sdks\Microsoft.NET.Sdk\targets\Microsoft.NET.Publish.targets".
Overriding target "ResolveReadyToRunCompilers" in project "C:\Program Files\dotnet\sdk\10.0.100\Sdks\Microsoft.NET.Sdk\targets\Microsoft.NET.CrossGen.targets" with target "ResolveReadyToRunCompilers" from project "C:\Program Files\dotnet\sdk\10.0.100\Sdks\Microsoft.NET.Sdk\targets\Microsoft.NET.Publish.targets".
Overriding target "GetCopyToPublishDirectoryItems" in project "C:\Program Files\Microsoft Visual Studio\18\Community\MSBuild\Current\Bin\amd64\Microsoft.Common.CurrentVersion.targets" with target "GetCopyToPublishDirectoryItems" from project "C:\Program Files\dotnet\sdk\10.0.100\Sdks\Microsoft.NET.Sdk\targets\Microsoft.NET.Publish.targets".
Overriding target "Run" in project "C:\Program Files\Microsoft Visual Studio\18\Community\MSBuild\Current\Bin\amd64\Microsoft.Common.CurrentVersion.targets" with target "Run" from project "C:\Program Files\dotnet\sdk\10.0.100\Sdks\Microsoft.NET.Sdk\targets\Microsoft.NET.Sdk.targets".
Overriding target "PreBuildEvent" in project "C:\Program Files\Microsoft Visual Studio\18\Community\MSBuild\Current\Bin\amd64\Microsoft.Common.CurrentVersion.targets" with target "PreBuildEvent" from project "C:\Program Files\Microsoft Visual Studio\18\Community\MSBuild\Microsoft\VC\v180\Microsoft.CppCommon.targets".
Overriding target "PostBuildEvent" in project "C:\Program Files\Microsoft Visual Studio\18\Community\MSBuild\Current\Bin\amd64\Microsoft.Common.CurrentVersion.targets" with target "PostBuildEvent" from project "C:\Program Files\Microsoft Visual Studio\18\Community\MSBuild\Microsoft\VC\v180\Microsoft.CppCommon.targets".
Overriding target "ClCompile" in project "C:\Program Files\Microsoft Visual Studio\18\Community\MSBuild\Microsoft\VC\v180\Microsoft.CppBuild.targets" with target "ClCompile" from project "C:\Program Files\Microsoft Visual Studio\18\Community\MSBuild\Microsoft\VC\v180\Microsoft.CppCommon.targets".
Overriding target "Link" in project "C:\Program Files\Microsoft Visual Studio\18\Community\MSBuild\Microsoft\VC\v180\Microsoft.CppBuild.targets" with target "Link" from project "C:\Program Files\Microsoft Visual Studio\18\Community\MSBuild\Microsoft\VC\v180\Microsoft.CppCommon.targets".
Overriding target "Lib" in project "C:\Program Files\Microsoft Visual Studio\18\Community\MSBuild\Microsoft\VC\v180\Microsoft.CppBuild.targets" with target "Lib" from project "C:\Program Files\Microsoft Visual Studio\18\Community\MSBuild\Microsoft\VC\v180\Microsoft.CppCommon.targets".
Overriding target "ImpLib" in project "C:\Program Files\Microsoft Visual Studio\18\Community\MSBuild\Microsoft\VC\v180\Microsoft.CppBuild.targets" with target "ImpLib" from project "C:\Program Files\Microsoft Visual Studio\18\Community\MSBuild\Microsoft\VC\v180\Microsoft.CppCommon.targets".
Overriding target "Midl" in project "C:\Program Files\Microsoft Visual Studio\18\Community\MSBuild\Microsoft\VC\v180\Microsoft.CppBuild.targets" with target "Midl" from project "C:\Program Files\Microsoft Visual Studio\18\Community\MSBuild\Microsoft\VC\v180\Microsoft.CppCommon.targets".
Overriding target "ResourceCompile" in project "C:\Program Files\Microsoft Visual Studio\18\Community\MSBuild\Microsoft\VC\v180\Microsoft.CppBuild.targets" with target "ResourceCompile" from project "C:\Program Files\Microsoft Visual Studio\18\Community\MSBuild\Microsoft\VC\v180\Microsoft.CppCommon.targets".
Overriding target "BeforeResGen" in project "C:\Program Files\Microsoft Visual Studio\18\Community\MSBuild\Current\Bin\amd64\Microsoft.Common.CurrentVersion.targets" with target "BeforeResGen" from project "C:\Program Files\Microsoft Visual Studio\18\Community\MSBuild\Microsoft\VC\v180\Microsoft.CppCommon.targets".
Overriding target "ResGen" in project "C:\Program Files\Microsoft Visual Studio\18\Community\MSBuild\Current\Bin\amd64\Microsoft.Common.CurrentVersion.targets" with target "ResGen" from project "C:\Program Files\Microsoft Visual Studio\18\Community\MSBuild\Microsoft\VC\v180\Microsoft.CppCommon.targets".
Overriding target "GenerateSatelliteAssemblies" in project "C:\Program Files\Microsoft Visual Studio\18\Community\MSBuild\Current\Bin\amd64\Microsoft.Common.CurrentVersion.targets" with target "GenerateSatelliteAssemblies" from project "C:\Program Files\Microsoft Visual Studio\18\Community\MSBuild\Microsoft\VC\v180\Microsoft.CppCommon.targets".
Overriding target "Manifest" in project "C:\Program Files\Microsoft Visual Studio\18\Community\MSBuild\Microsoft\VC\v180\Microsoft.CppBuild.targets" with target "Manifest" from project "C:\Program Files\Microsoft Visual Studio\18\Community\MSBuild\Microsoft\VC\v180\Microsoft.CppCommon.targets".
Overriding target "XdcMake" in project "C:\Program Files\Microsoft Visual Studio\18\Community\MSBuild\Microsoft\VC\v180\Microsoft.CppBuild.targets" with target "XdcMake" from project "C:\Program Files\Microsoft Visual Studio\18\Community\MSBuild\Microsoft\VC\v180\Microsoft.CppCommon.targets".
Overriding target "BscMake" in project "C:\Program Files\Microsoft Visual Studio\18\Community\MSBuild\Microsoft\VC\v180\Microsoft.CppBuild.targets" with target "BscMake" from project "C:\Program Files\Microsoft Visual Studio\18\Community\MSBuild\Microsoft\VC\v180\Microsoft.CppCommon.targets".
Overriding target "ComputeMetaGenInputs" in project "C:\Program Files\Microsoft Visual Studio\18\Community\MSBuild\Microsoft\VC\v180\Microsoft.MetaGen.targets" with target "ComputeMetaGenInputs" from project "C:\Program Files\Microsoft Visual Studio\18\Community\MSBuild\Microsoft\VC\v180\Microsoft.CppCommon.targets".
Overriding target "GetNativeManifest" in project "C:\Program Files\Microsoft Visual Studio\18\Community\MSBuild\Current\Bin\amd64\Microsoft.Common.CurrentVersion.targets" with target "GetNativeManifest" from project "C:\Program Files\Microsoft Visual Studio\18\Community\MSBuild\Microsoft\VC\v180\Microsoft.CppCommon.targets".
Overriding target "GetTargetPathWithTargetPlatformMoniker" in project "C:\Program Files\Microsoft Visual Studio\18\Community\MSBuild\Current\Bin\amd64\Microsoft.Common.CurrentVersion.targets" with target "GetTargetPathWithTargetPlatformMoniker" from project "C:\Program Files\Microsoft Visual Studio\18\Community\MSBuild\Microsoft\VC\v180\Microsoft.Cpp.DesignTime.targets".
The target "CoreCompile" listed in a BeforeTargets attribute at "C:\Program Files\dotnet\sdk\10.0.100\Sdks\Microsoft.NET.Sdk\targets\Microsoft.NET.RuntimeIdentifierInference.targets (386,11)" does not exist in the project, and will be ignored.
The target "CoreCompile" listed in a BeforeTargets attribute at "C:\Program Files\dotnet\sdk\10.0.100\Sdks\Microsoft.NET.Sdk\targets\Microsoft.NET.Sdk.BeforeCommon.targets (271,11)" does not exist in the project, and will be ignored.
The target "CompileDesignTime" listed in a BeforeTargets attribute at "C:\Program Files\Microsoft Visual Studio\18\Community\MSBuild\Microsoft\VisualStudio\WebTools.Aspire\Microsoft.WebTools.Aspire.targets (44,11)" does not exist in the project, and will be ignored.
The target "CompileDesignTime" listed in a BeforeTargets attribute at "C:\Program Files\Microsoft Visual Studio\18\Community\MSBuild\Microsoft\VisualStudio\WebTools.Aspire\Microsoft.WebTools.Aspire.targets (57,11)" does not exist in the project, and will be ignored.
The target "EnsureNuGetManifestMetadata" listed in a BeforeTargets attribute at "C:\Users\abdes\.nuget\packages\nerdbank.gitversioning\3.9.50\build\Nerdbank.GitVersioning.targets (235,11)" does not exist in the project, and will be ignored.
The target "PrepareForRazorCompile" listed in a BeforeTargets attribute at "C:\Users\abdes\.nuget\packages\nerdbank.gitversioning\3.9.50\build\Nerdbank.GitVersioning.targets (257,11)" does not exist in the project, and will be ignored.
The target "_GetAndroidPackageName" listed in a BeforeTargets attribute at "C:\Users\abdes\.nuget\packages\nerdbank.gitversioning\3.9.50\build\Nerdbank.GitVersioning.targets (268,11)" does not exist in the project, and will be ignored.
The target "_CompileAppManifest" listed in a BeforeTargets attribute at "C:\Users\abdes\.nuget\packages\nerdbank.gitversioning\3.9.50\build\Nerdbank.GitVersioning.targets (292,11)" does not exist in the project, and will be ignored.
The target "MauiGeneratePackageAppxManifest" listed in a BeforeTargets attribute at "C:\Users\abdes\.nuget\packages\nerdbank.gitversioning\3.9.50\build\Nerdbank.GitVersioning.targets (304,11)" does not exist in the project, and will be ignored.
The target "GenerateNuspec" listed in a BeforeTargets attribute at "C:\Users\abdes\.nuget\packages\nerdbank.gitversioning\3.9.50\build\Nerdbank.GitVersioning.targets (317,11)" does not exist in the project, and will be ignored.
The target "_GetPackageFiles" listed in a BeforeTargets attribute at "C:\Users\abdes\.nuget\packages\nerdbank.gitversioning\3.9.50\build\Nerdbank.GitVersioning.targets (317,11)" does not exist in the project, and will be ignored.
The target "GenerateNuspec" listed in a BeforeTargets attribute at "C:\Users\abdes\.nuget\packages\nerdbank.gitversioning\3.9.50\build\Nerdbank.GitVersioning.targets (340,11)" does not exist in the project, and will be ignored.
The target "ResolveNuGetPackageAssets" listed in an AfterTargets attribute at "C:\Users\abdes\.nuget\packages\microsoft.extensions.logging.abstractions\10.0.0\buildTransitive\net8.0\Microsoft.Extensions.Logging.Abstractions.targets (11,11)" does not exist in the project, and will be ignored.
The target "ResolveNuGetPackageAssets" listed in an AfterTargets attribute at "C:\Users\abdes\.nuget\packages\microsoft.extensions.logging.abstractions\10.0.0\buildTransitive\net8.0\Microsoft.Extensions.Logging.Abstractions.targets (23,11)" does not exist in the project, and will be ignored.
The target "GenerateNuspec" listed in a BeforeTargets attribute at "F:\projects\DroidNet\Directory.build.targets (103,40)" does not exist in the project, and will be ignored.
The target "CoreCompile" listed in a BeforeTargets attribute at "C:\Program Files\dotnet\sdk\10.0.100\Sdks\Microsoft.NET.Sdk\targets\Microsoft.NET.Sdk.DefaultItems.Shared.targets (179,41)" does not exist in the project, and will be ignored.
The target "GetAssemblyAttributes" listed in a BeforeTargets attribute at "C:\Program Files\dotnet\sdk\10.0.100\Sdks\Microsoft.NET.Sdk\targets\Microsoft.NET.Sdk.FrameworkReferenceResolution.targets (574,11)" does not exist in the project, and will be ignored.
The target "CoreCompile" listed in a BeforeTargets attribute at "C:\Program Files\dotnet\sdk\10.0.100\Sdks\Microsoft.NET.Sdk\targets\Microsoft.NET.Sdk.targets (247,11)" does not exist in the project, and will be ignored.
The target "CoreCompile" listed in a BeforeTargets attribute at "C:\Program Files\dotnet\sdk\10.0.100\Sdks\Microsoft.SourceLink.Common\build\Microsoft.SourceLink.Common.targets (23,11)" does not exist in the project, and will be ignored.
Project "F:\projects\DroidNet\projects\Oxygen.Editor.Interop\src\Oxygen.Editor.Interop.vcxproj" on node 1 (Build target(s)).
Target "NBGV_SetDefaults" in file "C:\Users\abdes\.nuget\packages\nerdbank.gitversioning\3.9.50\build\Nerdbank.GitVersioning.targets" from project "F:\projects\DroidNet\projects\Oxygen.Editor.Interop\src\Oxygen.Editor.Interop.vcxproj" (entry point):
C:\Users\abdes\.nuget\packages\nerdbank.gitversioning\3.9.50\build\Nerdbank.GitVersioning.targets(76,7): message : Property reassignment: $(PrepareForBuildDependsOn)=" [F:\projects\DroidNet\projects\Oxygen.Editor.Interop\src\Oxygen.Editor.Interop.vcxproj]
C:\Users\abdes\.nuget\packages\nerdbank.gitversioning\3.9.50\build\Nerdbank.GitVersioning.targets(76,7): message :         GenerateNativeNBGVVersionInfo; [F:\projects\DroidNet\projects\Oxygen.Editor.Interop\src\Oxygen.Editor.Interop.vcxproj]
C:\Users\abdes\.nuget\packages\nerdbank.gitversioning\3.9.50\build\Nerdbank.GitVersioning.targets(76,7): message :         _CheckWindowsSDKInstalled;;GetFrameworkPaths;GetReferenceAssemblyPaths;AssignLinkMetadata;SetCABuildNativeEnvironmentVariables; [F:\projects\DroidNet\projects\Oxygen.Editor.Interop\src\Oxygen.Editor.Interop.vcxproj]
C:\Users\abdes\.nuget\packages\nerdbank.gitversioning\3.9.50\build\Nerdbank.GitVersioning.targets(76,7): message :       " (previous value: "_CheckWindowsSDKInstalled;;GetFrameworkPaths;GetReferenceAssemblyPaths;AssignLinkMetadata;SetCABuildNativeEnvironmentVariables") at C:\Users\abdes\.nuget\packages\nerdbank.gitversioning\3.9.50\build\Nerdbank.GitVersioning.targets (76,7) [F:\projects\DroidNet\projects\Oxygen.Editor.Interop\src\Oxygen.Editor.Interop.vcxproj]
C:\Users\abdes\.nuget\packages\nerdbank.gitversioning\3.9.50\build\Nerdbank.GitVersioning.targets(81,7): message : Property reassignment: $(PrepareResourcesDependsOn)=" [F:\projects\DroidNet\projects\Oxygen.Editor.Interop\src\Oxygen.Editor.Interop.vcxproj]
C:\Users\abdes\.nuget\packages\nerdbank.gitversioning\3.9.50\build\Nerdbank.GitVersioning.targets(81,7): message :         GenerateAssemblyNBGVVersionInfo; [F:\projects\DroidNet\projects\Oxygen.Editor.Interop\src\Oxygen.Editor.Interop.vcxproj]
C:\Users\abdes\.nuget\packages\nerdbank.gitversioning\3.9.50\build\Nerdbank.GitVersioning.targets(81,7): message :          [F:\projects\DroidNet\projects\Oxygen.Editor.Interop\src\Oxygen.Editor.Interop.vcxproj]
C:\Users\abdes\.nuget\packages\nerdbank.gitversioning\3.9.50\build\Nerdbank.GitVersioning.targets(81,7): message :       ResolvePackageDependenciesForBuild; [F:\projects\DroidNet\projects\Oxygen.Editor.Interop\src\Oxygen.Editor.Interop.vcxproj]
C:\Users\abdes\.nuget\packages\nerdbank.gitversioning\3.9.50\build\Nerdbank.GitVersioning.targets(81,7): message :       _HandlePackageFileConflicts; [F:\projects\DroidNet\projects\Oxygen.Editor.Interop\src\Oxygen.Editor.Interop.vcxproj]
C:\Users\abdes\.nuget\packages\nerdbank.gitversioning\3.9.50\build\Nerdbank.GitVersioning.targets(81,7): message :        [F:\projects\DroidNet\projects\Oxygen.Editor.Interop\src\Oxygen.Editor.Interop.vcxproj]
C:\Users\abdes\.nuget\packages\nerdbank.gitversioning\3.9.50\build\Nerdbank.GitVersioning.targets(81,7): message :       ValidationExtension; [F:\projects\DroidNet\projects\Oxygen.Editor.Interop\src\Oxygen.Editor.Interop.vcxproj]
C:\Users\abdes\.nuget\packages\nerdbank.gitversioning\3.9.50\build\Nerdbank.GitVersioning.targets(81,7): message :       ExpressionBuildExtension; [F:\projects\DroidNet\projects\Oxygen.Editor.Interop\src\Oxygen.Editor.Interop.vcxproj]
C:\Users\abdes\.nuget\packages\nerdbank.gitversioning\3.9.50\build\Nerdbank.GitVersioning.targets(81,7): message :        [F:\projects\DroidNet\projects\Oxygen.Editor.Interop\src\Oxygen.Editor.Interop.vcxproj]
C:\Users\abdes\.nuget\packages\nerdbank.gitversioning\3.9.50\build\Nerdbank.GitVersioning.targets(81,7): message :       XamlMarkupCompilePass1; [F:\projects\DroidNet\projects\Oxygen.Editor.Interop\src\Oxygen.Editor.Interop.vcxproj]
C:\Users\abdes\.nuget\packages\nerdbank.gitversioning\3.9.50\build\Nerdbank.GitVersioning.targets(81,7): message :       XamlMarkupCompilePass2; [F:\projects\DroidNet\projects\Oxygen.Editor.Interop\src\Oxygen.Editor.Interop.vcxproj]
C:\Users\abdes\.nuget\packages\nerdbank.gitversioning\3.9.50\build\Nerdbank.GitVersioning.targets(81,7): message :        [F:\projects\DroidNet\projects\Oxygen.Editor.Interop\src\Oxygen.Editor.Interop.vcxproj]
C:\Users\abdes\.nuget\packages\nerdbank.gitversioning\3.9.50\build\Nerdbank.GitVersioning.targets(81,7): message :       ; [F:\projects\DroidNet\projects\Oxygen.Editor.Interop\src\Oxygen.Editor.Interop.vcxproj]
C:\Users\abdes\.nuget\packages\nerdbank.gitversioning\3.9.50\build\Nerdbank.GitVersioning.targets(81,7): message :       PrepareResourceNames; [F:\projects\DroidNet\projects\Oxygen.Editor.Interop\src\Oxygen.Editor.Interop.vcxproj]
C:\Users\abdes\.nuget\packages\nerdbank.gitversioning\3.9.50\build\Nerdbank.GitVersioning.targets(81,7): message :       ResGen; [F:\projects\DroidNet\projects\Oxygen.Editor.Interop\src\Oxygen.Editor.Interop.vcxproj]
C:\Users\abdes\.nuget\packages\nerdbank.gitversioning\3.9.50\build\Nerdbank.GitVersioning.targets(81,7): message :       CompileLicxFiles [F:\projects\DroidNet\projects\Oxygen.Editor.Interop\src\Oxygen.Editor.Interop.vcxproj]
C:\Users\abdes\.nuget\packages\nerdbank.gitversioning\3.9.50\build\Nerdbank.GitVersioning.targets(81,7): message :       [F:\projects\DroidNet\projects\Oxygen.Editor.Interop\src\Oxygen.Editor.Interop.vcxproj]
C:\Users\abdes\.nuget\packages\nerdbank.gitversioning\3.9.50\build\Nerdbank.GitVersioning.targets(81,7): message :      [F:\projects\DroidNet\projects\Oxygen.Editor.Interop\src\Oxygen.Editor.Interop.vcxproj]
C:\Users\abdes\.nuget\packages\nerdbank.gitversioning\3.9.50\build\Nerdbank.GitVersioning.targets(81,7): message :      [F:\projects\DroidNet\projects\Oxygen.Editor.Interop\src\Oxygen.Editor.Interop.vcxproj]
C:\Users\abdes\.nuget\packages\nerdbank.gitversioning\3.9.50\build\Nerdbank.GitVersioning.targets(81,7): message :      [F:\projects\DroidNet\projects\Oxygen.Editor.Interop\src\Oxygen.Editor.Interop.vcxproj]
C:\Users\abdes\.nuget\packages\nerdbank.gitversioning\3.9.50\build\Nerdbank.GitVersioning.targets(81,7): message :       " (previous value: " [F:\projects\DroidNet\projects\Oxygen.Editor.Interop\src\Oxygen.Editor.Interop.vcxproj]
C:\Users\abdes\.nuget\packages\nerdbank.gitversioning\3.9.50\build\Nerdbank.GitVersioning.targets(81,7): message :       ResolvePackageDependenciesForBuild; [F:\projects\DroidNet\projects\Oxygen.Editor.Interop\src\Oxygen.Editor.Interop.vcxproj]
C:\Users\abdes\.nuget\packages\nerdbank.gitversioning\3.9.50\build\Nerdbank.GitVersioning.targets(81,7): message :       _HandlePackageFileConflicts; [F:\projects\DroidNet\projects\Oxygen.Editor.Interop\src\Oxygen.Editor.Interop.vcxproj]
C:\Users\abdes\.nuget\packages\nerdbank.gitversioning\3.9.50\build\Nerdbank.GitVersioning.targets(81,7): message :        [F:\projects\DroidNet\projects\Oxygen.Editor.Interop\src\Oxygen.Editor.Interop.vcxproj]
C:\Users\abdes\.nuget\packages\nerdbank.gitversioning\3.9.50\build\Nerdbank.GitVersioning.targets(81,7): message :       ValidationExtension; [F:\projects\DroidNet\projects\Oxygen.Editor.Interop\src\Oxygen.Editor.Interop.vcxproj]
C:\Users\abdes\.nuget\packages\nerdbank.gitversioning\3.9.50\build\Nerdbank.GitVersioning.targets(81,7): message :       ExpressionBuildExtension; [F:\projects\DroidNet\projects\Oxygen.Editor.Interop\src\Oxygen.Editor.Interop.vcxproj]
C:\Users\abdes\.nuget\packages\nerdbank.gitversioning\3.9.50\build\Nerdbank.GitVersioning.targets(81,7): message :        [F:\projects\DroidNet\projects\Oxygen.Editor.Interop\src\Oxygen.Editor.Interop.vcxproj]
C:\Users\abdes\.nuget\packages\nerdbank.gitversioning\3.9.50\build\Nerdbank.GitVersioning.targets(81,7): message :       XamlMarkupCompilePass1; [F:\projects\DroidNet\projects\Oxygen.Editor.Interop\src\Oxygen.Editor.Interop.vcxproj]
C:\Users\abdes\.nuget\packages\nerdbank.gitversioning\3.9.50\build\Nerdbank.GitVersioning.targets(81,7): message :       XamlMarkupCompilePass2; [F:\projects\DroidNet\projects\Oxygen.Editor.Interop\src\Oxygen.Editor.Interop.vcxproj]
C:\Users\abdes\.nuget\packages\nerdbank.gitversioning\3.9.50\build\Nerdbank.GitVersioning.targets(81,7): message :        [F:\projects\DroidNet\projects\Oxygen.Editor.Interop\src\Oxygen.Editor.Interop.vcxproj]
C:\Users\abdes\.nuget\packages\nerdbank.gitversioning\3.9.50\build\Nerdbank.GitVersioning.targets(81,7): message :       ; [F:\projects\DroidNet\projects\Oxygen.Editor.Interop\src\Oxygen.Editor.Interop.vcxproj]
C:\Users\abdes\.nuget\packages\nerdbank.gitversioning\3.9.50\build\Nerdbank.GitVersioning.targets(81,7): message :       PrepareResourceNames; [F:\projects\DroidNet\projects\Oxygen.Editor.Interop\src\Oxygen.Editor.Interop.vcxproj]
C:\Users\abdes\.nuget\packages\nerdbank.gitversioning\3.9.50\build\Nerdbank.GitVersioning.targets(81,7): message :       ResGen; [F:\projects\DroidNet\projects\Oxygen.Editor.Interop\src\Oxygen.Editor.Interop.vcxproj]
C:\Users\abdes\.nuget\packages\nerdbank.gitversioning\3.9.50\build\Nerdbank.GitVersioning.targets(81,7): message :       CompileLicxFiles [F:\projects\DroidNet\projects\Oxygen.Editor.Interop\src\Oxygen.Editor.Interop.vcxproj]
C:\Users\abdes\.nuget\packages\nerdbank.gitversioning\3.9.50\build\Nerdbank.GitVersioning.targets(81,7): message :       [F:\projects\DroidNet\projects\Oxygen.Editor.Interop\src\Oxygen.Editor.Interop.vcxproj]
C:\Users\abdes\.nuget\packages\nerdbank.gitversioning\3.9.50\build\Nerdbank.GitVersioning.targets(81,7): message :      [F:\projects\DroidNet\projects\Oxygen.Editor.Interop\src\Oxygen.Editor.Interop.vcxproj]
C:\Users\abdes\.nuget\packages\nerdbank.gitversioning\3.9.50\build\Nerdbank.GitVersioning.targets(81,7): message :      [F:\projects\DroidNet\projects\Oxygen.Editor.Interop\src\Oxygen.Editor.Interop.vcxproj]
C:\Users\abdes\.nuget\packages\nerdbank.gitversioning\3.9.50\build\Nerdbank.GitVersioning.targets(81,7): message :     ") at C:\Users\abdes\.nuget\packages\nerdbank.gitversioning\3.9.50\build\Nerdbank.GitVersioning.targets (81,7) [F:\projects\DroidNet\projects\Oxygen.Editor.Interop\src\Oxygen.Editor.Interop.vcxproj]
Done building target "NBGV_SetDefaults" in project "Oxygen.Editor.Interop.vcxproj".
Target "_CollectTargetFrameworkForTelemetry" in file "C:\Program Files\dotnet\sdk\10.0.100\Sdks\Microsoft.NET.Sdk\targets\Microsoft.NET.TargetFrameworkInference.targets" from project "F:\projects\DroidNet\projects\Oxygen.Editor.Interop\src\Oxygen.Editor.Interop.vcxproj" (target "_CheckForInvalidConfigurationAndPlatform" depends on it):
Using "AllowEmptyTelemetry" task from assembly "C:\Program Files\dotnet\sdk\10.0.100\Sdks\Microsoft.NET.Sdk\targets\..\tools\net472\Microsoft.NET.Build.Tasks.dll".
Task "AllowEmptyTelemetry"
Done executing task "AllowEmptyTelemetry".
Done building target "_CollectTargetFrameworkForTelemetry" in project "Oxygen.Editor.Interop.vcxproj".
Target "_CheckForUnsupportedTargetPlatformIdentifier" in file "C:\Program Files\dotnet\sdk\10.0.100\Sdks\Microsoft.NET.Sdk\targets\Microsoft.NET.TargetFrameworkInference.targets" from project "F:\projects\DroidNet\projects\Oxygen.Editor.Interop\src\Oxygen.Editor.Interop.vcxproj" (target "_CheckForInvalidConfigurationAndPlatform" depends on it):
Done building target "_CheckForUnsupportedTargetPlatformIdentifier" in project "Oxygen.Editor.Interop.vcxproj".
Target "_CheckForUnsupportedNETCoreVersion" in file "C:\Program Files\dotnet\sdk\10.0.100\Sdks\Microsoft.NET.Sdk\targets\Microsoft.NET.TargetFrameworkInference.targets" from project "F:\projects\DroidNet\projects\Oxygen.Editor.Interop\src\Oxygen.Editor.Interop.vcxproj" (target "_CheckForInvalidConfigurationAndPlatform" depends on it):
Done building target "_CheckForUnsupportedNETCoreVersion" in project "Oxygen.Editor.Interop.vcxproj".
Target "_CheckForUnsupportedCppNETCoreVersion" in file "C:\Program Files\dotnet\sdk\10.0.100\Sdks\Microsoft.NET.Sdk\targets\Microsoft.NET.TargetFrameworkInference.targets" from project "F:\projects\DroidNet\projects\Oxygen.Editor.Interop\src\Oxygen.Editor.Interop.vcxproj" (target "_CheckForInvalidConfigurationAndPlatform" depends on it):
Done building target "_CheckForUnsupportedCppNETCoreVersion" in project "Oxygen.Editor.Interop.vcxproj".
Target "_CheckForSupportedOSPlatformVersionHigherThanTargetPlatformVersion" in file "C:\Program Files\dotnet\sdk\10.0.100\Sdks\Microsoft.NET.Sdk\targets\Microsoft.NET.TargetFrameworkInference.targets" from project "F:\projects\DroidNet\projects\Oxygen.Editor.Interop\src\Oxygen.Editor.Interop.vcxproj" (target "_CheckForInvalidConfigurationAndPlatform" depends on it):
Done building target "_CheckForSupportedOSPlatformVersionHigherThanTargetPlatformVersion" in project "Oxygen.Editor.Interop.vcxproj".
Target "_NormalizeTargetPlatformVersion" in file "C:\Program Files\dotnet\sdk\10.0.100\Sdks\Microsoft.NET.Sdk\targets\Microsoft.NET.TargetFrameworkInference.targets" from project "F:\projects\DroidNet\projects\Oxygen.Editor.Interop\src\Oxygen.Editor.Interop.vcxproj" (target "_CheckForInvalidTargetPlatformVersion" depends on it):
Done building target "_NormalizeTargetPlatformVersion" in project "Oxygen.Editor.Interop.vcxproj".
Target "_CheckForInvalidTargetPlatformVersion" in file "C:\Program Files\dotnet\sdk\10.0.100\Sdks\Microsoft.NET.Sdk\targets\Microsoft.NET.TargetFrameworkInference.targets" from project "F:\projects\DroidNet\projects\Oxygen.Editor.Interop\src\Oxygen.Editor.Interop.vcxproj" (target "_CheckForInvalidConfigurationAndPlatform" depends on it):
Done building target "_CheckForInvalidTargetPlatformVersion" in project "Oxygen.Editor.Interop.vcxproj".
Target "_CheckForUnsupportedHostingUsage" in file "C:\Program Files\dotnet\sdk\10.0.100\Sdks\Microsoft.NET.Sdk\targets\Microsoft.NET.RuntimeIdentifierInference.targets" from project "F:\projects\DroidNet\projects\Oxygen.Editor.Interop\src\Oxygen.Editor.Interop.vcxproj" (target "_CheckForInvalidConfigurationAndPlatform" depends on it):
Done building target "_CheckForUnsupportedHostingUsage" in project "Oxygen.Editor.Interop.vcxproj".
Target "_CheckAndUnsetUnsupportedPrefer32Bit" in file "C:\Program Files\dotnet\sdk\10.0.100\Sdks\Microsoft.NET.Sdk\targets\Microsoft.NET.RuntimeIdentifierInference.targets" from project "F:\projects\DroidNet\projects\Oxygen.Editor.Interop\src\Oxygen.Editor.Interop.vcxproj" (target "_CheckForInvalidConfigurationAndPlatform" depends on it):
Done building target "_CheckAndUnsetUnsupportedPrefer32Bit" in project "Oxygen.Editor.Interop.vcxproj".
Target "_CheckForLanguageAndFeatureCombinationSupport" in file "C:\Program Files\dotnet\sdk\10.0.100\Sdks\Microsoft.NET.Sdk\targets\Microsoft.NET.RuntimeIdentifierInference.targets" from project "F:\projects\DroidNet\projects\Oxygen.Editor.Interop\src\Oxygen.Editor.Interop.vcxproj" (target "_CheckForInvalidConfigurationAndPlatform" depends on it):
Done building target "_CheckForLanguageAndFeatureCombinationSupport" in project "Oxygen.Editor.Interop.vcxproj".
Target "UpdateAspNetToFrameworkReference" in file "C:\Program Files\dotnet\sdk\10.0.100\Sdks\Microsoft.NET.Sdk\targets\Microsoft.NET.Sdk.DefaultItems.Shared.targets" from project "F:\projects\DroidNet\projects\Oxygen.Editor.Interop\src\Oxygen.Editor.Interop.vcxproj" (target "ApplyImplicitVersions" depends on it):
Using "CheckIfPackageReferenceShouldBeFrameworkReference" task from assembly "C:\Program Files\dotnet\sdk\10.0.100\Sdks\Microsoft.NET.Sdk\targets\..\tools\net472\Microsoft.NET.Build.Tasks.dll".
Task "CheckIfPackageReferenceShouldBeFrameworkReference"
Done executing task "CheckIfPackageReferenceShouldBeFrameworkReference".
Task "CheckIfPackageReferenceShouldBeFrameworkReference"
Done executing task "CheckIfPackageReferenceShouldBeFrameworkReference".
Done building target "UpdateAspNetToFrameworkReference" in project "Oxygen.Editor.Interop.vcxproj".
Target "CheckForImplicitPackageReferenceOverrides" in file "C:\Program Files\dotnet\sdk\10.0.100\Sdks\Microsoft.NET.Sdk\targets\Microsoft.NET.Sdk.DefaultItems.Shared.targets" from project "F:\projects\DroidNet\projects\Oxygen.Editor.Interop\src\Oxygen.Editor.Interop.vcxproj" (target "ApplyImplicitVersions" depends on it):
Using "CheckForImplicitPackageReferenceOverrides" task from assembly "C:\Program Files\dotnet\sdk\10.0.100\Sdks\Microsoft.NET.Sdk\targets\..\tools\net472\Microsoft.NET.Build.Tasks.dll".
Task "CheckForImplicitPackageReferenceOverrides"
Done executing task "CheckForImplicitPackageReferenceOverrides".
Done building target "CheckForImplicitPackageReferenceOverrides" in project "Oxygen.Editor.Interop.vcxproj".
Target "ApplyImplicitVersions" in file "C:\Program Files\dotnet\sdk\10.0.100\Sdks\Microsoft.NET.Sdk\targets\Microsoft.NET.Sdk.DefaultItems.Shared.targets" from project "F:\projects\DroidNet\projects\Oxygen.Editor.Interop\src\Oxygen.Editor.Interop.vcxproj" (target "CollectPackageReferences" depends on it):
Using "ApplyImplicitVersions" task from assembly "C:\Program Files\dotnet\sdk\10.0.100\Sdks\Microsoft.NET.Sdk\targets\..\tools\net472\Microsoft.NET.Build.Tasks.dll".
Task "ApplyImplicitVersions"
Done executing task "ApplyImplicitVersions".
Done building target "ApplyImplicitVersions" in project "Oxygen.Editor.Interop.vcxproj".
Target "CheckForImplicitPackageReferenceOverrides" skipped. Previously built successfully.
Target "_ComputeToolPackInputsToProcessFrameworkReferences" in file "C:\Program Files\dotnet\sdk\10.0.100\Sdks\Microsoft.NET.Sdk\targets\Microsoft.NET.Publish.targets" from project "F:\projects\DroidNet\projects\Oxygen.Editor.Interop\src\Oxygen.Editor.Interop.vcxproj" (target "ProcessFrameworkReferences" depends on it):
Done building target "_ComputeToolPackInputsToProcessFrameworkReferences" in project "Oxygen.Editor.Interop.vcxproj".
Target "ProcessFrameworkReferences" in file "C:\Program Files\dotnet\sdk\10.0.100\Sdks\Microsoft.NET.Sdk\targets\Microsoft.NET.Sdk.FrameworkReferenceResolution.targets" from project "F:\projects\DroidNet\projects\Oxygen.Editor.Interop\src\Oxygen.Editor.Interop.vcxproj" (target "CollectPackageReferences" depends on it):
Using "CheckForDuplicateFrameworkReferences" task from assembly "C:\Program Files\dotnet\sdk\10.0.100\Sdks\Microsoft.NET.Sdk\targets\..\tools\net472\Microsoft.NET.Build.Tasks.dll".
Task "CheckForDuplicateFrameworkReferences"
Done executing task "CheckForDuplicateFrameworkReferences".
Using "ProcessFrameworkReferences" task from assembly "C:\Program Files\dotnet\sdk\10.0.100\Sdks\Microsoft.NET.Sdk\targets\..\tools\net472\Microsoft.NET.Build.Tasks.dll".
Task "ProcessFrameworkReferences"
  Found 1 known framework references for target framework .NETCoreApp
  Found 5 known runtime packs for target framework .NETCoreApp
  Selected Microsoft.NETCore.App with RIDs 'linux-arm;linux-arm64;linux-musl-arm64;linux-musl-x64;linux-x64;osx-x64;tizen.4.0.0-armel;tizen.5.0.0-armel;win-arm64;win-x64;win-x86;linux-musl-arm;osx-arm64;linux-s390x;linux-loongarch64;linux-bionic-arm;linux-bionic-arm64;linux-bionic-x64;linux-bionic-x86;linux-ppc64le;freebsd-x64;freebsd-arm64;linux-riscv64;linux-musl-riscv64;linux-musl-loongarch64'
  Selected targeting pack 'Microsoft.NETCore.App@9.0.11'
  Added runtime framework 'Microsoft.NETCore.App@9.0.0'
  Selected Microsoft.WindowsDesktop.App with RIDs 'win-x64;win-x86;win-arm64'
  Selected targeting pack 'Microsoft.WindowsDesktop.App@9.0.11'
  Added runtime framework 'Microsoft.WindowsDesktop.App@9.0.0'
  Selected Microsoft.WindowsDesktop.App with RIDs 'win-x64;win-x86;win-arm64'
  Selected targeting pack 'Microsoft.WindowsDesktop.App.WPF@9.0.11'
  Added runtime framework 'Microsoft.WindowsDesktop.App@9.0.0'
  Selected Microsoft.WindowsDesktop.App with RIDs 'win-x64;win-x86;win-arm64'
  Selected targeting pack 'Microsoft.WindowsDesktop.App.WindowsForms@9.0.11'
  Added runtime framework 'Microsoft.WindowsDesktop.App@9.0.0'
  Selected Microsoft.AspNetCore.App with RIDs 'win-x64;win-x86;osx-x64;linux-musl-x64;linux-musl-arm64;linux-x64;linux-arm;linux-arm64;linux-musl-arm;win-arm64;osx-arm64;linux-s390x;linux-loongarch64;linux-ppc64le;freebsd-x64;freebsd-arm64;linux-riscv64;linux-musl-riscv64;linux-loongarch64;linux-musl-loongarch64'
  Selected targeting pack 'Microsoft.AspNetCore.App@9.0.11'
  Added runtime framework 'Microsoft.AspNetCore.App@9.0.0'
Done executing task "ProcessFrameworkReferences".
Using "ResolveAppHosts" task from assembly "C:\Program Files\dotnet\sdk\10.0.100\Sdks\Microsoft.NET.Sdk\targets\..\tools\net472\Microsoft.NET.Build.Tasks.dll".
Task "ResolveAppHosts"
Done executing task "ResolveAppHosts".
Done building target "ProcessFrameworkReferences" in project "Oxygen.Editor.Interop.vcxproj".
Target "_CheckMicrosoftNetCompilersToolsetFrameworkPackageReference" in file "C:\Program Files\dotnet\sdk\10.0.100\Sdks\Microsoft.NET.Sdk\targets\Microsoft.NET.Sdk.targets" from project "F:\projects\DroidNet\projects\Oxygen.Editor.Interop\src\Oxygen.Editor.Interop.vcxproj" (target "CollectPackageReferences" depends on it):
Done building target "_CheckMicrosoftNetCompilersToolsetFrameworkPackageReference" in project "Oxygen.Editor.Interop.vcxproj".
Target "_CheckForObsoleteDotNetCliToolReferences" in file "C:\Program Files\dotnet\sdk\10.0.100\Sdks\Microsoft.NET.Sdk\targets\Microsoft.NET.ObsoleteReferences.targets" from project "F:\projects\DroidNet\projects\Oxygen.Editor.Interop\src\Oxygen.Editor.Interop.vcxproj" (target "CollectPackageReferences" depends on it):
Done building target "_CheckForObsoleteDotNetCliToolReferences" in project "Oxygen.Editor.Interop.vcxproj".
Target "CollectPackageReferences" in file "C:\Program Files\Microsoft Visual Studio\18\Community\Common7\IDE\CommonExtensions\Microsoft\NuGet\NuGet.targets" from project "F:\projects\DroidNet\projects\Oxygen.Editor.Interop\src\Oxygen.Editor.Interop.vcxproj" (target "_GetRestoreProjectStyle" depends on it):
Assembly loaded during TaskRun: NuGet.Build.Tasks, Version=7.0.0.289, Culture=neutral, PublicKeyToken=31bf3856ad364e35 (location: C:\Program Files\Microsoft Visual Studio\18\Community\Common7\IDE\CommonExtensions\Microsoft\NuGet\NuGet.Build.Tasks.dll, MVID: fee15de6-003d-4971-a247-b3cfa76f0ad5, AppDomain: [Default])
Assembly loaded during TaskRun: NuGet.Commands, Version=7.0.0.289, Culture=neutral, PublicKeyToken=31bf3856ad364e35 (location: C:\Program Files\Microsoft Visual Studio\18\Community\Common7\IDE\CommonExtensions\Microsoft\NuGet\NuGet.Commands.dll, MVID: 732062d8-ee75-4e3c-87bd-29bdc66d9dd2, AppDomain: [Default])
Assembly loaded during TaskRun: Microsoft.Build.Utilities.v4.0, Version=4.0.0.0, Culture=neutral, PublicKeyToken=b03f5f7f11d50a3a (location: C:\WINDOWS\Microsoft.Net\assembly\GAC_MSIL\Microsoft.Build.Utilities.v4.0\v4.0_4.0.0.0__b03f5f7f11d50a3a\Microsoft.Build.Utilities.v4.0.dll, MVID: 886c2746-1988-46be-801b-c22c34f01f6c, AppDomain: [Default])
Assembly loaded during TaskRun: NuGet.ProjectModel, Version=7.0.0.289, Culture=neutral, PublicKeyToken=31bf3856ad364e35 (location: C:\Program Files\Microsoft Visual Studio\18\Community\Common7\IDE\CommonExtensions\Microsoft\NuGet\NuGet.ProjectModel.dll, MVID: 82261537-3623-4ff9-adaf-20c2f525784b, AppDomain: [Default])
Using "CheckForDuplicateNuGetItemsTask" task from assembly "C:\Program Files\Microsoft Visual Studio\18\Community\Common7\IDE\CommonExtensions\Microsoft\NuGet\NuGet.Build.Tasks.dll".
Task "CheckForDuplicateNuGetItemsTask"
Done executing task "CheckForDuplicateNuGetItemsTask".
Done building target "CollectPackageReferences" in project "Oxygen.Editor.Interop.vcxproj".
Target "_GetRestoreProjectStyle" in file "C:\Program Files\Microsoft Visual Studio\18\Community\Common7\IDE\CommonExtensions\Microsoft\NuGet\NuGet.targets" from project "F:\projects\DroidNet\projects\Oxygen.Editor.Interop\src\Oxygen.Editor.Interop.vcxproj" (target "EnableIntermediateOutputPathMismatchWarning" depends on it):
Using "GetRestoreProjectStyleTask" task from assembly "C:\Program Files\Microsoft Visual Studio\18\Community\Common7\IDE\CommonExtensions\Microsoft\NuGet\NuGet.Build.Tasks.dll".
Task "GetRestoreProjectStyleTask"
Done executing task "GetRestoreProjectStyleTask".
Done building target "_GetRestoreProjectStyle" in project "Oxygen.Editor.Interop.vcxproj".
Target "EnableIntermediateOutputPathMismatchWarning" in file "C:\Program Files\Microsoft Visual Studio\18\Community\Common7\IDE\CommonExtensions\Microsoft\NuGet\NuGet.targets" from project "F:\projects\DroidNet\projects\Oxygen.Editor.Interop\src\Oxygen.Editor.Interop.vcxproj" (target "_CheckForInvalidConfigurationAndPlatform" depends on it):
Done building target "EnableIntermediateOutputPathMismatchWarning" in project "Oxygen.Editor.Interop.vcxproj".
Target "ApplyImplicitVersions" skipped. Previously built successfully.
Target "CheckForImplicitPackageReferenceOverrides" skipped. Previously built successfully.
Target "CheckForDuplicateItems" in file "C:\Program Files\dotnet\sdk\10.0.100\Sdks\Microsoft.NET.Sdk\targets\Microsoft.NET.Sdk.DefaultItems.Shared.targets" from project "F:\projects\DroidNet\projects\Oxygen.Editor.Interop\src\Oxygen.Editor.Interop.vcxproj" (target "_CheckForInvalidConfigurationAndPlatform" depends on it):
Using "CheckForDuplicateItems" task from assembly "C:\Program Files\dotnet\sdk\10.0.100\Sdks\Microsoft.NET.Sdk\targets\..\tools\net472\Microsoft.NET.Build.Tasks.dll".
Task "CheckForDuplicateItems"
Done executing task "CheckForDuplicateItems".
Task "CheckForDuplicateItems"
Done executing task "CheckForDuplicateItems".
Task "CheckForDuplicateItems"
Done executing task "CheckForDuplicateItems".
Done building target "CheckForDuplicateItems" in project "Oxygen.Editor.Interop.vcxproj".
Target "ProcessFrameworkReferences" skipped. Previously built successfully.
Target "_CheckForInvalidConfigurationAndPlatform" in file "C:\Program Files\Microsoft Visual Studio\18\Community\MSBuild\Current\Bin\amd64\Microsoft.Common.CurrentVersion.targets" from project "F:\projects\DroidNet\projects\Oxygen.Editor.Interop\src\Oxygen.Editor.Interop.vcxproj" (target "SetTelemetryEnvironmentVariables" depends on it):
Using "Message" task from assembly "Microsoft.Build.Tasks.Core, Version=15.1.0.0, Culture=neutral, PublicKeyToken=b03f5f7f11d50a3a".
Task "Message"
  Configuration=Debug
Done executing task "Message".
Task "Message"
  Platform=x64
Done executing task "Message".
Done building target "_CheckForInvalidConfigurationAndPlatform" in project "Oxygen.Editor.Interop.vcxproj".
Target "ValidateCommandLineProperties" in file "C:\Program Files\dotnet\sdk\10.0.100\Sdks\Microsoft.NET.Sdk\targets\Microsoft.NET.Sdk.targets" from project "F:\projects\DroidNet\projects\Oxygen.Editor.Interop\src\Oxygen.Editor.Interop.vcxproj" (target "SetTelemetryEnvironmentVariables" depends on it):
Done building target "ValidateCommandLineProperties" in project "Oxygen.Editor.Interop.vcxproj".
Target "_CheckForInvalidConfigurationAndPlatform" skipped. Previously built successfully.
Target "SetTelemetryEnvironmentVariables" in file "C:\Program Files\Microsoft Visual Studio\18\Community\MSBuild\Microsoft\VC\v180\Microsoft.Cpp.DesignTime.targets" from project "F:\projects\DroidNet\projects\Oxygen.Editor.Interop\src\Oxygen.Editor.Interop.vcxproj" (target "Build" depends on it):
Using "SetEnv" task from assembly "C:\Program Files\Microsoft Visual Studio\18\Community\MSBuild\Microsoft\VC\v180\Microsoft.Build.CppTasks.Common.dll".
Task "SetEnv"
  VSTEL_SolutionSessionID=
Done executing task "SetEnv".
Task "SetEnv"
  VSTEL_CurrentSolutionBuildID=
Done executing task "SetEnv".
Task "SetEnv"
  VSTEL_ProjectID={FB1BE623-1DF5-4201-8DFB-F3648378DD21}
Done executing task "SetEnv".
Task "SetEnv"
  VSTEL_SolutionPath=*Undefined*
Done executing task "SetEnv".
Task "SetEnv"
  VSTEL_MSBuildProjectFullPath=F:\projects\DroidNet\projects\Oxygen.Editor.Interop\src\Oxygen.Editor.Interop.vcxproj
Done executing task "SetEnv".
Done building target "SetTelemetryEnvironmentVariables" in project "Oxygen.Editor.Interop.vcxproj".
Target "_PrepareForBuild" in file "C:\Program Files\Microsoft Visual Studio\18\Community\MSBuild\Microsoft\VC\v180\Microsoft.BuildSteps.Targets" from project "F:\projects\DroidNet\projects\Oxygen.Editor.Interop\src\Oxygen.Editor.Interop.vcxproj" (target "Build" depends on it):
Done building target "_PrepareForBuild" in project "Oxygen.Editor.Interop.vcxproj".
Target "_PrepareForReferenceResolution" in file "C:\Program Files\Microsoft Visual Studio\18\Community\MSBuild\Microsoft\VC\v180\Microsoft.CppBuild.targets" from project "F:\projects\DroidNet\projects\Oxygen.Editor.Interop\src\Oxygen.Editor.Interop.vcxproj" (target "ResolveReferences" depends on it):
C:\Program Files\Microsoft Visual Studio\18\Community\MSBuild\Microsoft\VC\v180\Microsoft.CppBuild.targets(280,7): message : Property reassignment: $(CopyLocalProjectReference)="false" (previous value: "true") at C:\Program Files\Microsoft Visual Studio\18\Community\MSBuild\Microsoft\VC\v180\Microsoft.CppBuild.targets (280,7) [F:\projects\DroidNet\projects\Oxygen.Editor.Interop\src\Oxygen.Editor.Interop.vcxproj]
Done building target "_PrepareForReferenceResolution" in project "Oxygen.Editor.Interop.vcxproj".
Target "BeforeResolveReferences" in file "C:\Program Files\Microsoft Visual Studio\18\Community\MSBuild\Current\Bin\amd64\Microsoft.Common.CurrentVersion.targets" from project "F:\projects\DroidNet\projects\Oxygen.Editor.Interop\src\Oxygen.Editor.Interop.vcxproj" (target "ResolveReferences" depends on it):
Done building target "BeforeResolveReferences" in project "Oxygen.Editor.Interop.vcxproj".
Target "IgnoreJavaScriptOutputAssembly" in file "C:\Program Files\Microsoft Visual Studio\18\Community\MSBuild\Current\Bin\amd64\Microsoft.Common.CurrentVersion.targets" from project "F:\projects\DroidNet\projects\Oxygen.Editor.Interop\src\Oxygen.Editor.Interop.vcxproj" (target "AssignProjectConfiguration" depends on it):
Done building target "IgnoreJavaScriptOutputAssembly" in project "Oxygen.Editor.Interop.vcxproj".
Target "ProcessFrameworkReferences" skipped. Previously built successfully.
Target "_DefaultMicrosoftNETPlatformLibrary" in file "C:\Program Files\dotnet\sdk\10.0.100\Sdks\Microsoft.NET.Sdk\targets\Microsoft.NET.Sdk.Shared.targets" from project "F:\projects\DroidNet\projects\Oxygen.Editor.Interop\src\Oxygen.Editor.Interop.vcxproj" (target "ResolvePackageAssets" depends on it):
Done building target "_DefaultMicrosoftNETPlatformLibrary" in project "Oxygen.Editor.Interop.vcxproj".
Target "_ComputePackageReferencePublish" in file "C:\Program Files\dotnet\sdk\10.0.100\Sdks\Microsoft.NET.Sdk\targets\Microsoft.NET.Sdk.Shared.targets" from project "F:\projects\DroidNet\projects\Oxygen.Editor.Interop\src\Oxygen.Editor.Interop.vcxproj" (target "ResolvePackageAssets" depends on it):
Done building target "_ComputePackageReferencePublish" in project "Oxygen.Editor.Interop.vcxproj".
Target "ResolvePackageAssets" in file "C:\Program Files\dotnet\sdk\10.0.100\Sdks\Microsoft.NET.Sdk\targets\Microsoft.PackageDependencyResolution.targets" from project "F:\projects\DroidNet\projects\Oxygen.Editor.Interop\src\Oxygen.Editor.Interop.vcxproj" (target "ResolveLockFileReferences" depends on it):
Using "ResolvePackageAssets" task from assembly "C:\Program Files\dotnet\sdk\10.0.100\Sdks\Microsoft.NET.Sdk\targets\..\tools\net472\Microsoft.NET.Build.Tasks.dll".
Task "ResolvePackageAssets"
Done executing task "ResolvePackageAssets".
Done building target "ResolvePackageAssets" in project "Oxygen.Editor.Interop.vcxproj".
Target "ResolveLockFileReferences" in file "C:\Program Files\dotnet\sdk\10.0.100\Sdks\Microsoft.NET.Sdk\targets\Microsoft.PackageDependencyResolution.targets" from project "F:\projects\DroidNet\projects\Oxygen.Editor.Interop\src\Oxygen.Editor.Interop.vcxproj" (target "ResolvePackageDependenciesForBuild" depends on it):
Using "JoinItems" task from assembly "C:\Program Files\dotnet\sdk\10.0.100\Sdks\Microsoft.NET.Sdk\targets\..\tools\net472\Microsoft.NET.Build.Tasks.dll".
Task "JoinItems"
Done executing task "JoinItems".
Done building target "ResolveLockFileReferences" in project "Oxygen.Editor.Interop.vcxproj".
Target "ResolvePackageAssets" skipped. Previously built successfully.
Target "ResolveLockFileAnalyzers" in file "C:\Program Files\dotnet\sdk\10.0.100\Sdks\Microsoft.NET.Sdk\targets\Microsoft.PackageDependencyResolution.targets" from project "F:\projects\DroidNet\projects\Oxygen.Editor.Interop\src\Oxygen.Editor.Interop.vcxproj" (target "ResolvePackageDependenciesForBuild" depends on it):
Done building target "ResolveLockFileAnalyzers" in project "Oxygen.Editor.Interop.vcxproj".
Target "ResolvePackageAssets" skipped. Previously built successfully.
Target "ResolveLockFileCopyLocalFiles" in file "C:\Program Files\dotnet\sdk\10.0.100\Sdks\Microsoft.NET.Sdk\targets\Microsoft.PackageDependencyResolution.targets" from project "F:\projects\DroidNet\projects\Oxygen.Editor.Interop\src\Oxygen.Editor.Interop.vcxproj" (target "ResolvePackageDependenciesForBuild" depends on it):
Done building target "ResolveLockFileCopyLocalFiles" in project "Oxygen.Editor.Interop.vcxproj".
Target "ResolvePackageAssets" skipped. Previously built successfully.
Target "IncludeTransitiveProjectReferences" in file "C:\Program Files\dotnet\sdk\10.0.100\Sdks\Microsoft.NET.Sdk\targets\Microsoft.PackageDependencyResolution.targets" from project "F:\projects\DroidNet\projects\Oxygen.Editor.Interop\src\Oxygen.Editor.Interop.vcxproj" (target "ResolvePackageDependenciesForBuild" depends on it):
Done building target "IncludeTransitiveProjectReferences" in project "Oxygen.Editor.Interop.vcxproj".
Target "ResolvePackageDependenciesForBuild" in file "C:\Program Files\dotnet\sdk\10.0.100\Sdks\Microsoft.NET.Sdk\targets\Microsoft.PackageDependencyResolution.targets" from project "F:\projects\DroidNet\projects\Oxygen.Editor.Interop\src\Oxygen.Editor.Interop.vcxproj" (target "AssignProjectConfiguration" depends on it):
Done building target "ResolvePackageDependenciesForBuild" in project "Oxygen.Editor.Interop.vcxproj".
Target "_SplitProjectReferencesByFileExistence" in file "C:\Program Files\Microsoft Visual Studio\18\Community\MSBuild\Current\Bin\amd64\Microsoft.Common.CurrentVersion.targets" from project "F:\projects\DroidNet\projects\Oxygen.Editor.Interop\src\Oxygen.Editor.Interop.vcxproj" (target "PrepareProjectReferences" depends on it):
Done building target "_SplitProjectReferencesByFileExistence" in project "Oxygen.Editor.Interop.vcxproj".
Target "_AddOutputPathToGlobalPropertiesToRemove" in file "C:\Program Files\Microsoft Visual Studio\18\Community\MSBuild\Current\Bin\amd64\Microsoft.Common.CurrentVersion.targets" from project "F:\projects\DroidNet\projects\Oxygen.Editor.Interop\src\Oxygen.Editor.Interop.vcxproj" (target "_GetProjectReferenceTargetFrameworkProperties" depends on it):
Done building target "_AddOutputPathToGlobalPropertiesToRemove" in project "Oxygen.Editor.Interop.vcxproj".
Target "_GetProjectReferenceTargetFrameworkProperties" in file "C:\Program Files\Microsoft Visual Studio\18\Community\MSBuild\Current\Bin\amd64\Microsoft.Common.CurrentVersion.targets" from project "F:\projects\DroidNet\projects\Oxygen.Editor.Interop\src\Oxygen.Editor.Interop.vcxproj" (target "PrepareProjectReferences" depends on it):
Using "MSBuild" task from assembly "Microsoft.Build.Tasks.Core, Version=15.1.0.0, Culture=neutral, PublicKeyToken=b03f5f7f11d50a3a".
Task "MSBuild"
Done executing task "MSBuild".
Using "SetRidAgnosticValueForProjects" task from assembly "Microsoft.Build.Tasks.Core, Version=15.1.0.0, Culture=neutral, PublicKeyToken=b03f5f7f11d50a3a".
Task "SetRidAgnosticValueForProjects"
Done executing task "SetRidAgnosticValueForProjects".
Done building target "_GetProjectReferenceTargetFrameworkProperties" in project "Oxygen.Editor.Interop.vcxproj".
Target "_CalculateIsVSTestTestProject" in file "C:\Program Files\dotnet\sdk\10.0.100\Sdks\Microsoft.NET.Sdk\targets\Microsoft.NET.Sdk.targets" from project "F:\projects\DroidNet\projects\Oxygen.Editor.Interop\src\Oxygen.Editor.Interop.vcxproj" (target "ValidateExecutableReferences" depends on it):
Done building target "_CalculateIsVSTestTestProject" in project "Oxygen.Editor.Interop.vcxproj".
Target "ValidateExecutableReferences" in file "C:\Program Files\dotnet\sdk\10.0.100\Sdks\Microsoft.NET.Sdk\targets\Microsoft.NET.Sdk.targets" from project "F:\projects\DroidNet\projects\Oxygen.Editor.Interop\src\Oxygen.Editor.Interop.vcxproj" (target "PrepareProjectReferences" depends on it):
Using "ValidateExecutableReferences" task from assembly "C:\Program Files\dotnet\sdk\10.0.100\Sdks\Microsoft.NET.Sdk\targets\..\tools\net472\Microsoft.NET.Build.Tasks.dll".
Task "ValidateExecutableReferences"
Done executing task "ValidateExecutableReferences".
Done building target "ValidateExecutableReferences" in project "Oxygen.Editor.Interop.vcxproj".
Target "PrepareProjectReferences" in file "C:\Program Files\Microsoft Visual Studio\18\Community\MSBuild\Current\Bin\amd64\Microsoft.Common.CurrentVersion.targets" from project "F:\projects\DroidNet\projects\Oxygen.Editor.Interop\src\Oxygen.Editor.Interop.vcxproj" (target "ResolveProjectReferences" depends on it):
Done building target "PrepareProjectReferences" in project "Oxygen.Editor.Interop.vcxproj".
Target "ResolveProjectReferences" in file "C:\Program Files\Microsoft Visual Studio\18\Community\MSBuild\Current\Bin\amd64\Microsoft.Common.CurrentVersion.targets" from project "F:\projects\DroidNet\projects\Oxygen.Editor.Interop\src\Oxygen.Editor.Interop.vcxproj" (target "ResolveReferences" depends on it):
Done building target "ResolveProjectReferences" in project "Oxygen.Editor.Interop.vcxproj".
Target "RemoveManagedWinRTComponentWinMDReferences" in file "C:\Program Files\dotnet\sdk\10.0.100\Sdks\Microsoft.NET.Sdk\targets\Microsoft.NET.Windows.targets" from project "F:\projects\DroidNet\projects\Oxygen.Editor.Interop\src\Oxygen.Editor.Interop.vcxproj" (target "ResolveReferences" depends on it):
Done building target "RemoveManagedWinRTComponentWinMDReferences" in project "Oxygen.Editor.Interop.vcxproj".
Target "_PrepareForReferenceResolution" skipped. Previously built successfully.
Target "ResolveProjectReferences" skipped. Previously built successfully.
Target "GetFrameworkPaths" in file "C:\Program Files\dotnet\sdk\10.0.100\Sdks\Microsoft.NET.Sdk\targets\Microsoft.NET.DisableStandardFrameworkResolution.targets" from project "F:\projects\DroidNet\projects\Oxygen.Editor.Interop\src\Oxygen.Editor.Interop.vcxproj" (target "ResolveAssemblyReferences" depends on it):
Done building target "GetFrameworkPaths" in project "Oxygen.Editor.Interop.vcxproj".
Target "GetReferenceAssemblyPaths" in file "C:\Program Files\dotnet\sdk\10.0.100\Sdks\Microsoft.NET.Sdk\targets\Microsoft.NET.DisableStandardFrameworkResolution.targets" from project "F:\projects\DroidNet\projects\Oxygen.Editor.Interop\src\Oxygen.Editor.Interop.vcxproj" (target "ResolveAssemblyReferences" depends on it):
Done building target "GetReferenceAssemblyPaths" in project "Oxygen.Editor.Interop.vcxproj".
Target "AddExternalIncludDirectoriesToPaths" in file "C:\Program Files\Microsoft Visual Studio\18\Community\MSBuild\Microsoft\VC\v180\Microsoft.Cpp.Current.targets" from project "F:\projects\DroidNet\projects\Oxygen.Editor.Interop\src\Oxygen.Editor.Interop.vcxproj" (target "SetBuildDefaultEnvironmentVariables" depends on it):
Done building target "AddExternalIncludDirectoriesToPaths" in project "Oxygen.Editor.Interop.vcxproj".
Target "SetBuildDefaultEnvironmentVariables" in file "C:\Program Files\Microsoft Visual Studio\18\Community\MSBuild\Microsoft\VC\v180\Microsoft.Cpp.Current.targets" from project "F:\projects\DroidNet\projects\Oxygen.Editor.Interop\src\Oxygen.Editor.Interop.vcxproj" (target "PrepareForBuild" depends on it):
Task "SetEnv"
  PATH=C:\Program Files\Microsoft Visual Studio\18\Community\VC\Tools\MSVC\14.50.35717\bin\HostX64\x64;C:\Program Files (x86)\Windows Kits\10\bin\10.0.26100.0\x64;;C:\Program Files (x86)\Microsoft SDKs\Windows\v10.0A\bin\NETFX 4.8 Tools\x64;C:\Program Files (x86)\Windows Kits\10\bin\10.0.26100.0\x86;;C:\Program Files (x86)\Microsoft SDKs\Windows\v10.0A\bin\NETFX 4.8 Tools;C:\Program Files\Microsoft Visual Studio\18\Community\Common7\tools;C:\Program Files\Microsoft Visual Studio\18\Community\Common7\ide;C:\Program Files (x86)\HTML Help Workshop;;C:\Program Files\Microsoft Visual Studio\18\Community\MSBuild\Current\Bin\amd64;C:\WINDOWS\Microsoft.NET\Framework64\v4.0.30319\;C:\WINDOWS\Microsoft.NET\Framework\v4.0.30319\;C:\Program Files\Microsoft Visual Studio\18\Community\MSBuild\Current\Bin;C:\WINDOWS\Microsoft.NET\Framework\v4.0.30319\;;F:\projects\.venv\Scripts;C:\Program Files\Microsoft Visual Studio\18\Community\VC\Tools\MSVC\14.50.35717\bin\HostX64\x64;C:\Program Files\Microsoft Visual Studio\18\Community\Common7\IDE\VC\VCPackages;C:\Program Files\Microsoft Visual Studio\18\Community\Common7\IDE\CommonExtensions\Microsoft\TestWindow;C:\Program Files\Microsoft Visual Studio\18\Community\Common7\IDE\CommonExtensions\Microsoft\TeamFoundation\Team Explorer;C:\Program Files\Microsoft Visual Studio\18\Community\MSBuild\Current\bin\Roslyn;C:\Program Files (x86)\Microsoft SDKs\Windows\v10.0A\bin\NETFX 4.8 Tools\x64\;C:\Program Files\Microsoft Visual Studio\18\Community\Common7\IDE\CommonExtensions\Microsoft\FSharp\Tools;C:\Program Files\Microsoft Visual Studio\18\Community\Team Tools\DiagnosticsHub\Collector;C:\Program Files\Microsoft Visual Studio\18\Community\Common7\IDE\Extensions\Microsoft\CodeCoverage.Console;C:\Program Files (x86)\Windows Kits\10\bin\10.0.26100.0\\x64;C:\Program Files (x86)\Windows Kits\10\bin\\x64;C:\Program Files\Microsoft Visual Studio\18\Community\\MSBuild\Current\Bin\amd64;C:\Windows\Microsoft.NET\Framework64\v4.0.30319;C:\Program Files\Microsoft Visual Studio\18\Community\Common7\IDE\;C:\Program Files\Microsoft Visual Studio\18\Community\Common7\Tools\;C:\Program Files\PowerShell\7;C:\Program Files (x86)\oh-my-posh\bin\;C:\Program Files (x86)\VMware\VMware Workstation\bin\;C:\WINDOWS\system32;C:\WINDOWS;C:\WINDOWS\System32\Wbem;C:\WINDOWS\System32\WindowsPowerShell\v1.0\;C:\WINDOWS\System32\OpenSSH\;C:\Program Files\NVIDIA Corporation\NVIDIA App\NvDLISR;C:\Program Files (x86)\NVIDIA Corporation\PhysX\Common;C:\Program Files\doxygen\bin;C:\Program Files\Git\cmd;C:\Program Files\GitHub CLI\;C:\Program Files\nodejs\;C:\Program Files\PowerShell\7\;C:\Program Files\Pandoc\;C:\Program Files (x86)\Windows Kits\10\Windows Performance Toolkit\;C:\Program Files\dotnet\;C:\Program Files\CMake\bin;C:\Users\abdes\AppData\Local\Programs\oh-my-posh\bin\;C:\Program Files\LLVM\bin;F:\projects\DroidNet\projects\Oxygen.Engine\out\install\bin;C:\Program Files\Graphviz\bin;D:\dev\ccache;D:\dev\ninja;C:\Program Files\Conan\conan;F:\python\Scripts\;F:\python\;C:\Users\abdes\AppData\Local\Microsoft\WindowsApps;C:\Users\abdes\AppData\Local\Microsoft\WinGet\Packages\junegunn.fzf_Microsoft.Winget.Source_8wekyb3d8bbwe;C:\Program Files\Microsoft Visual Studio\18\Community\VC\Tools\MSVC\14.50.35717\bin\Hostx64\x64;C:\Users\abdes\AppData\Local\Programs\Microsoft VS Code\bin;C:\Users\abdes\.dotnet\tools;C:\Users\abdes\AppData\Roaming\npm;G:\Antigravity\bin;C:\Program Files\Microsoft Visual Studio\18\Community\Common7\IDE\CommonExtensions\Microsoft\CMake\CMake\bin;C:\Program Files\Microsoft Visual Studio\18\Community\Common7\IDE\CommonExtensions\Microsoft\CMake\Ninja;C:\Program Files\Microsoft Visual Studio\18\Community\Common7\IDE\VC\Linux\bin\ConnectionManagerExe;C:\Program Files\Microsoft Visual Studio\18\Community\VC\vcpkg;D:\dev\bin;
C:\Program Files\Microsoft Visual Studio\18\Community\MSBuild\Microsoft\VC\v180\Microsoft.Cpp.Current.targets(87,7): message : Property reassignment: $(Path)="C:\Program Files\Microsoft Visual Studio\18\Community\VC\Tools\MSVC\14.50.35717\bin\HostX64\x64%3bC:\Program Files %28x86%29\Windows Kits\10\bin\10.0.26100.0\x64%3b%3bC:\Program Files %28x86%29\Microsoft SDKs\Windows\v10.0A\bin\NETFX 4.8 Tools\x64%3bC:\Program Files %28x86%29\Windows Kits\10\bin\10.0.26100.0\x86%3b%3bC:\Program Files %28x86%29\Microsoft SDKs\Windows\v10.0A\bin\NETFX 4.8 Tools%3bC:\Program Files\Microsoft Visual Studio\18\Community\Common7\tools%3bC:\Program Files\Microsoft Visual Studio\18\Community\Common7\ide%3bC:\Program Files %28x86%29\HTML Help Workshop%3b%3bC:\Program Files\Microsoft Visual Studio\18\Community\MSBuild\Current\Bin\amd64%3bC:\WINDOWS\Microsoft.NET\Framework64\v4.0.30319\%3bC:\WINDOWS\Microsoft.NET\Framework\v4.0.30319\%3bC:\Program Files\Microsoft Visual Studio\18\Community\MSBuild\Current\Bin%3bC:\WINDOWS\Microsoft.NET\Framework\v4.0.30319\%3b%3bF:\projects\.venv\Scripts%3bC:\Program Files\Microsoft Visual Studio\18\Community\VC\Tools\MSVC\14.50.35717\bin\HostX64\x64%3bC:\Program Files\Microsoft Visual Studio\18\Community\Common7\IDE\VC\VCPackages%3bC:\Program Files\Microsoft Visual Studio\18\Community\Common7\IDE\CommonExtensions\Microsoft\TestWindow%3bC:\Program Files\Microsoft Visual Studio\18\Community\Common7\IDE\CommonExtensions\Microsoft\TeamFoundation\Team Explorer%3bC:\Program Files\Microsoft Visual Studio\18\Community\MSBuild\Current\bin\Roslyn%3bC:\Program Files %28x86%29\Microsoft SDKs\Windows\v10.0A\bin\NETFX 4.8 Tools\x64\%3bC:\Program Files\Microsoft Visual Studio\18\Community\Common7\IDE\CommonExtensions\Microsoft\FSharp\Tools%3bC:\Program Files\Microsoft Visual Studio\18\Community\Team Tools\DiagnosticsHub\Collector%3bC:\Program Files\Microsoft Visual Studio\18\Community\Common7\IDE\Extensions\Microsoft\CodeCoverage.Console%3bC:\Program Files %28x86%29\Windows Kits\10\bin\10.0.26100.0\\x64%3bC:\Program Files %28x86%29\Windows Kits\10\bin\\x64%3bC:\Program Files\Microsoft Visual Studio\18\Community\\MSBuild\Current\Bin\amd64%3bC:\Windows\Microsoft.NET\Framework64\v4.0.30319%3bC:\Program Files\Microsoft Visual Studio\18\Community\Common7\IDE\%3bC:\Program Files\Microsoft Visual Studio\18\Community\Common7\Tools\%3bC:\Program Files\PowerShell\7%3bC:\Program Files %28x86%29\oh-my-posh\bin\%3bC:\Program Files %28x86%29\VMware\VMware Workstation\bin\%3bC:\WINDOWS\system32%3bC:\WINDOWS%3bC:\WINDOWS\System32\Wbem%3bC:\WINDOWS\System32\WindowsPowerShell\v1.0\%3bC:\WINDOWS\System32\OpenSSH\%3bC:\Program Files\NVIDIA Corporation\NVIDIA App\NvDLISR%3bC:\Program Files %28x86%29\NVIDIA Corporation\PhysX\Common%3bC:\Program Files\doxygen\bin%3bC:\Program Files\Git\cmd%3bC:\Program Files\GitHub CLI\%3bC:\Program Files\nodejs\%3bC:\Program Files\PowerShell\7\%3bC:\Program Files\Pandoc\%3bC:\Program Files %28x86%29\Windows Kits\10\Windows Performance Toolkit\%3bC:\Program Files\dotnet\%3bC:\Program Files\CMake\bin%3bC:\Users\abdes\AppData\Local\Programs\oh-my-posh\bin\%3bC:\Program Files\LLVM\bin%3bF:\projects\DroidNet\projects\Oxygen.Engine\out\install\bin%3bC:\Program Files\Graphviz\bin%3bD:\dev\ccache%3bD:\dev\ninja%3bC:\Program Files\Conan\conan%3bF:\python\Scripts\%3bF:\python\%3bC:\Users\abdes\AppData\Local\Microsoft\WindowsApps%3bC:\Users\abdes\AppData\Local\Microsoft\WinGet\Packages\junegunn.fzf_Microsoft.Winget.Source_8wekyb3d8bbwe%3bC:\Program Files\Microsoft Visual Studio\18\Community\VC\Tools\MSVC\14.50.35717\bin\Hostx64\x64%3bC:\Users\abdes\AppData\Local\Programs\Microsoft VS Code\bin%3bC:\Users\abdes\.dotnet\tools%3bC:\Users\abdes\AppData\Roaming\npm%3bG:\Antigravity\bin%3bC:\Program Files\Microsoft Visual Studio\18\Community\Common7\IDE\CommonExtensions\Microsoft\CMake\CMake\bin%3bC:\Program Files\Microsoft Visual Studio\18\Community\Common7\IDE\CommonExtensions\Microsoft\CMake\Ninja%3bC:\Program Files\Microsoft Visual Studio\18\Community\Common7\IDE\VC\Linux\bin\ConnectionManagerExe%3bC:\Program Files\Microsoft Visual Studio\18\Community\VC\vcpkg%3bD:\dev\bin%3b" (previous value: "F:\projects\.venv\Scripts;C:\Program Files\Microsoft Visual Studio\18\Community\VC\Tools\MSVC\14.50.35717\bin\HostX64\x64;C:\Program Files\Microsoft Visual Studio\18\Community\Common7\IDE\VC\VCPackages;C:\Program Files\Microsoft Visual Studio\18\Community\Common7\IDE\CommonExtensions\Microsoft\TestWindow;C:\Program Files\Microsoft Visual Studio\18\Community\Common7\IDE\CommonExtensions\Microsoft\TeamFoundation\Team Explorer;C:\Program Files\Microsoft Visual Studio\18\Community\MSBuild\Current\bin\Roslyn;C:\Program Files (x86)\Microsoft SDKs\Windows\v10.0A\bin\NETFX 4.8 Tools\x64\;C:\Program Files\Microsoft Visual Studio\18\Community\Common7\IDE\CommonExtensions\Microsoft\FSharp\Tools;C:\Program Files\Microsoft Visual Studio\18\Community\Team Tools\DiagnosticsHub\Collector;C:\Program Files\Microsoft Visual Studio\18\Community\Common7\IDE\Extensions\Microsoft\CodeCoverage.Console;C:\Program Files (x86)\Windows Kits\10\bin\10.0.26100.0\\x64;C:\Program Files (x86)\Windows Kits\10\bin\\x64;C:\Program Files\Microsoft Visual Studio\18\Community\\MSBuild\Current\Bin\amd64;C:\Windows\Microsoft.NET\Framework64\v4.0.30319;C:\Program Files\Microsoft Visual Studio\18\Community\Common7\IDE\;C:\Program Files\Microsoft Visual Studio\18\Community\Common7\Tools\;C:\Program Files\PowerShell\7;C:\Program Files (x86)\oh-my-posh\bin\;C:\Program Files (x86)\VMware\VMware Workstation\bin\;C:\WINDOWS\system32;C:\WINDOWS;C:\WINDOWS\System32\Wbem;C:\WINDOWS\System32\WindowsPowerShell\v1.0\;C:\WINDOWS\System32\OpenSSH\;C:\Program Files\NVIDIA Corporation\NVIDIA App\NvDLISR;C:\Program Files (x86)\NVIDIA Corporation\PhysX\Common;C:\Program Files\doxygen\bin;C:\Program Files\Git\cmd;C:\Program Files\GitHub CLI\;C:\Program Files\nodejs\;C:\Program Files\PowerShell\7\;C:\Program Files\Pandoc\;C:\Program Files (x86)\Windows Kits\10\Windows Performance Toolkit\;C:\Program Files\dotnet\;C:\Program Files\CMake\bin;C:\Users\abdes\AppData\Local\Programs\oh-my-posh\bin\;C:\Program Files\LLVM\bin;F:\projects\DroidNet\projects\Oxygen.Engine\out\install\bin;C:\Program Files\Graphviz\bin;D:\dev\ccache;D:\dev\ninja;C:\Program Files\Conan\conan;F:\python\Scripts\;F:\python\;C:\Users\abdes\AppData\Local\Microsoft\WindowsApps;C:\Users\abdes\AppData\Local\Microsoft\WinGet\Packages\junegunn.fzf_Microsoft.Winget.Source_8wekyb3d8bbwe;C:\Program Files\Microsoft Visual Studio\18\Community\VC\Tools\MSVC\14.50.35717\bin\Hostx64\x64;C:\Users\abdes\AppData\Local\Programs\Microsoft VS Code\bin;C:\Users\abdes\.dotnet\tools;C:\Users\abdes\AppData\Roaming\npm;G:\Antigravity\bin;C:\Program Files\Microsoft Visual Studio\18\Community\Common7\IDE\CommonExtensions\Microsoft\CMake\CMake\bin;C:\Program Files\Microsoft Visual Studio\18\Community\Common7\IDE\CommonExtensions\Microsoft\CMake\Ninja;C:\Program Files\Microsoft Visual Studio\18\Community\Common7\IDE\VC\Linux\bin\ConnectionManagerExe;C:\Program Files\Microsoft Visual Studio\18\Community\VC\vcpkg;D:\dev\bin") at C:\Program Files\Microsoft Visual Studio\18\Community\MSBuild\Microsoft\VC\v180\Microsoft.Cpp.Current.targets (87,7) [F:\projects\DroidNet\projects\Oxygen.Editor.Interop\src\Oxygen.Editor.Interop.vcxproj]
Done executing task "SetEnv".
Task "SetEnv"
  LIB=C:\Program Files\Microsoft Visual Studio\18\Community\VC\Tools\MSVC\14.50.35717\lib\x64;;C:\Program Files\Microsoft Visual Studio\18\Community\VC\Tools\MSVC\14.50.35717\atlmfc\lib\x64;;C:\Program Files\Microsoft Visual Studio\18\Community\VC\Auxiliary\VS\lib\x64;;C:\Program Files (x86)\Windows Kits\10\lib\10.0.26100.0\ucrt\x64;;;C:\Program Files (x86)\Windows Kits\10\lib\10.0.26100.0\um\x64;C:\Program Files (x86)\Windows Kits\NETFXSDK\4.8\lib\um\x64;
C:\Program Files\Microsoft Visual Studio\18\Community\MSBuild\Microsoft\VC\v180\Microsoft.Cpp.Current.targets(93,7): message : Property reassignment: $(LIB)="C:\Program Files\Microsoft Visual Studio\18\Community\VC\Tools\MSVC\14.50.35717\lib\x64%3b%3bC:\Program Files\Microsoft Visual Studio\18\Community\VC\Tools\MSVC\14.50.35717\atlmfc\lib\x64%3b%3bC:\Program Files\Microsoft Visual Studio\18\Community\VC\Auxiliary\VS\lib\x64%3b%3bC:\Program Files %28x86%29\Windows Kits\10\lib\10.0.26100.0\ucrt\x64%3b%3b%3bC:\Program Files %28x86%29\Windows Kits\10\lib\10.0.26100.0\um\x64%3bC:\Program Files %28x86%29\Windows Kits\NETFXSDK\4.8\lib\um\x64%3b" (previous value: "C:\Program Files\Microsoft Visual Studio\18\Community\VC\Tools\MSVC\14.50.35717\ATLMFC\lib\x64;C:\Program Files\Microsoft Visual Studio\18\Community\VC\Tools\MSVC\14.50.35717\lib\x64;C:\Program Files (x86)\Windows Kits\NETFXSDK\4.8\lib\um\x64;C:\Program Files (x86)\Windows Kits\10\lib\10.0.26100.0\ucrt\x64;C:\Program Files (x86)\Windows Kits\10\\lib\10.0.26100.0\\um\x64") at C:\Program Files\Microsoft Visual Studio\18\Community\MSBuild\Microsoft\VC\v180\Microsoft.Cpp.Current.targets (93,7) [F:\projects\DroidNet\projects\Oxygen.Editor.Interop\src\Oxygen.Editor.Interop.vcxproj]
Done executing task "SetEnv".
Task "SetEnv"
  LIBPATH=C:\Program Files (x86)\Windows Kits\10\References;;C:\Program Files\Microsoft Visual Studio\18\Community\VC\Tools\MSVC\14.50.35717\atlmfc\lib\x64;;C:\Program Files\Microsoft Visual Studio\18\Community\VC\Tools\MSVC\14.50.35717\lib\x64;
C:\Program Files\Microsoft Visual Studio\18\Community\MSBuild\Microsoft\VC\v180\Microsoft.Cpp.Current.targets(99,7): message : Property reassignment: $(LIBPATH)="C:\Program Files %28x86%29\Windows Kits\10\References%3b%3bC:\Program Files\Microsoft Visual Studio\18\Community\VC\Tools\MSVC\14.50.35717\atlmfc\lib\x64%3b%3bC:\Program Files\Microsoft Visual Studio\18\Community\VC\Tools\MSVC\14.50.35717\lib\x64%3b" (previous value: "C:\Program Files\Microsoft Visual Studio\18\Community\VC\Tools\MSVC\14.50.35717\ATLMFC\lib\x64;C:\Program Files\Microsoft Visual Studio\18\Community\VC\Tools\MSVC\14.50.35717\lib\x64;C:\Program Files\Microsoft Visual Studio\18\Community\VC\Tools\MSVC\14.50.35717\lib\x86\store\references;C:\Program Files (x86)\Windows Kits\10\UnionMetadata\10.0.26100.0;C:\Program Files (x86)\Windows Kits\10\References\10.0.26100.0;C:\Windows\Microsoft.NET\Framework64\v4.0.30319") at C:\Program Files\Microsoft Visual Studio\18\Community\MSBuild\Microsoft\VC\v180\Microsoft.Cpp.Current.targets (99,7) [F:\projects\DroidNet\projects\Oxygen.Editor.Interop\src\Oxygen.Editor.Interop.vcxproj]
Done executing task "SetEnv".
Task "SetEnv"
  INCLUDE=C:\Program Files\Microsoft Visual Studio\18\Community\VC\Tools\MSVC\14.50.35717\include;;C:\Program Files\Microsoft Visual Studio\18\Community\VC\Tools\MSVC\14.50.35717\atlmfc\include;;C:\Program Files\Microsoft Visual Studio\18\Community\VC\Auxiliary\VS\include;;C:\Program Files (x86)\Windows Kits\10\Include\10.0.26100.0\ucrt;;;C:\Program Files (x86)\Windows Kits\10\Include\10.0.26100.0\um;C:\Program Files (x86)\Windows Kits\10\Include\10.0.26100.0\shared;C:\Program Files (x86)\Windows Kits\10\Include\10.0.26100.0\winrt;C:\Program Files (x86)\Windows Kits\10\Include\10.0.26100.0\cppwinrt;C:\Program Files (x86)\Windows Kits\NETFXSDK\4.8\Include\um;
C:\Program Files\Microsoft Visual Studio\18\Community\MSBuild\Microsoft\VC\v180\Microsoft.Cpp.Current.targets(105,7): message : Property reassignment: $(INCLUDE)="C:\Program Files\Microsoft Visual Studio\18\Community\VC\Tools\MSVC\14.50.35717\include%3b%3bC:\Program Files\Microsoft Visual Studio\18\Community\VC\Tools\MSVC\14.50.35717\atlmfc\include%3b%3bC:\Program Files\Microsoft Visual Studio\18\Community\VC\Auxiliary\VS\include%3b%3bC:\Program Files %28x86%29\Windows Kits\10\Include\10.0.26100.0\ucrt%3b%3b%3bC:\Program Files %28x86%29\Windows Kits\10\Include\10.0.26100.0\um%3bC:\Program Files %28x86%29\Windows Kits\10\Include\10.0.26100.0\shared%3bC:\Program Files %28x86%29\Windows Kits\10\Include\10.0.26100.0\winrt%3bC:\Program Files %28x86%29\Windows Kits\10\Include\10.0.26100.0\cppwinrt%3bC:\Program Files %28x86%29\Windows Kits\NETFXSDK\4.8\Include\um%3b" (previous value: "C:\Program Files\Microsoft Visual Studio\18\Community\VC\Tools\MSVC\14.50.35717\include;C:\Program Files\Microsoft Visual Studio\18\Community\VC\Tools\MSVC\14.50.35717\ATLMFC\include;C:\Program Files\Microsoft Visual Studio\18\Community\VC\Auxiliary\VS\include;C:\Program Files (x86)\Windows Kits\10\include\10.0.26100.0\ucrt;C:\Program Files (x86)\Windows Kits\10\\include\10.0.26100.0\\um;C:\Program Files (x86)\Windows Kits\10\\include\10.0.26100.0\\shared;C:\Program Files (x86)\Windows Kits\10\\include\10.0.26100.0\\winrt;C:\Program Files (x86)\Windows Kits\10\\include\10.0.26100.0\\cppwinrt;C:\Program Files (x86)\Windows Kits\NETFXSDK\4.8\include\um") at C:\Program Files\Microsoft Visual Studio\18\Community\MSBuild\Microsoft\VC\v180\Microsoft.Cpp.Current.targets (105,7) [F:\projects\DroidNet\projects\Oxygen.Editor.Interop\src\Oxygen.Editor.Interop.vcxproj]
Done executing task "SetEnv".
Task "SetEnv"
  EXTERNAL_INCLUDE=C:\Program Files\Microsoft Visual Studio\18\Community\VC\Tools\MSVC\14.50.35717\include;;C:\Program Files\Microsoft Visual Studio\18\Community\VC\Tools\MSVC\14.50.35717\atlmfc\include;;C:\Program Files\Microsoft Visual Studio\18\Community\VC\Auxiliary\VS\include;;C:\Program Files (x86)\Windows Kits\10\Include\10.0.26100.0\ucrt;;;C:\Program Files (x86)\Windows Kits\10\Include\10.0.26100.0\um;C:\Program Files (x86)\Windows Kits\10\Include\10.0.26100.0\shared;C:\Program Files (x86)\Windows Kits\10\Include\10.0.26100.0\winrt;C:\Program Files (x86)\Windows Kits\10\Include\10.0.26100.0\cppwinrt;C:\Program Files (x86)\Windows Kits\NETFXSDK\4.8\Include\um;
C:\Program Files\Microsoft Visual Studio\18\Community\MSBuild\Microsoft\VC\v180\Microsoft.Cpp.Current.targets(111,7): message : Property reassignment: $(EXTERNAL_INCLUDE)="C:\Program Files\Microsoft Visual Studio\18\Community\VC\Tools\MSVC\14.50.35717\include%3b%3bC:\Program Files\Microsoft Visual Studio\18\Community\VC\Tools\MSVC\14.50.35717\atlmfc\include%3b%3bC:\Program Files\Microsoft Visual Studio\18\Community\VC\Auxiliary\VS\include%3b%3bC:\Program Files %28x86%29\Windows Kits\10\Include\10.0.26100.0\ucrt%3b%3b%3bC:\Program Files %28x86%29\Windows Kits\10\Include\10.0.26100.0\um%3bC:\Program Files %28x86%29\Windows Kits\10\Include\10.0.26100.0\shared%3bC:\Program Files %28x86%29\Windows Kits\10\Include\10.0.26100.0\winrt%3bC:\Program Files %28x86%29\Windows Kits\10\Include\10.0.26100.0\cppwinrt%3bC:\Program Files %28x86%29\Windows Kits\NETFXSDK\4.8\Include\um%3b" (previous value: "C:\Program Files\Microsoft Visual Studio\18\Community\VC\Tools\MSVC\14.50.35717\include;C:\Program Files\Microsoft Visual Studio\18\Community\VC\Tools\MSVC\14.50.35717\ATLMFC\include;C:\Program Files\Microsoft Visual Studio\18\Community\VC\Auxiliary\VS\include;C:\Program Files (x86)\Windows Kits\10\include\10.0.26100.0\ucrt;C:\Program Files (x86)\Windows Kits\10\\include\10.0.26100.0\\um;C:\Program Files (x86)\Windows Kits\10\\include\10.0.26100.0\\shared;C:\Program Files (x86)\Windows Kits\10\\include\10.0.26100.0\\winrt;C:\Program Files (x86)\Windows Kits\10\\include\10.0.26100.0\\cppwinrt;C:\Program Files (x86)\Windows Kits\NETFXSDK\4.8\include\um") at C:\Program Files\Microsoft Visual Studio\18\Community\MSBuild\Microsoft\VC\v180\Microsoft.Cpp.Current.targets (111,7) [F:\projects\DroidNet\projects\Oxygen.Editor.Interop\src\Oxygen.Editor.Interop.vcxproj]
Done executing task "SetEnv".
Done building target "SetBuildDefaultEnvironmentVariables" in project "Oxygen.Editor.Interop.vcxproj".
Target "_PrepareForReferenceResolution" skipped. Previously built successfully.
Target "GetResolvedWinMD" in file "C:\Program Files\Microsoft Visual Studio\18\Community\MSBuild\Microsoft\VC\v180\Microsoft.CppBuild.targets" from project "F:\projects\DroidNet\projects\Oxygen.Editor.Interop\src\Oxygen.Editor.Interop.vcxproj" (target "PrepareForBuild" depends on it):
Done building target "GetResolvedWinMD" in project "Oxygen.Editor.Interop.vcxproj".
Target "InvokeGetBuildVersionTask" in file "C:\Users\abdes\.nuget\packages\nerdbank.gitversioning\3.9.50\build\MSBuildTargetCaching.targets" from project "F:\projects\DroidNet\projects\Oxygen.Editor.Interop\src\Oxygen.Editor.Interop.vcxproj" (target "GetBuildVersion" depends on it):
Task "MSBuild"
  Removing Properties:
    TargetFramework
    RuntimeIdentifier
  Overriding Global Properties for project "C:\Users\abdes\.nuget\packages\nerdbank.gitversioning\3.9.50\build\PrivateP2PCaching.proj" with:
    GitVersionBaseDirectory=F:\projects\DroidNet\
    BuildMetadata=
    PrereleaseIdentifiers=
    Configuration=Release
    Platform=AnyCPU
Property reassignment: $(MSBuildExtensionsPath)="C:\Program Files\Microsoft Visual Studio\18\Community\MSBuild" (previous value: "C:\Program Files (x86)\MSBuild") at
Property reassignment: $(MSBuildExtensionsPath32)="C:\Program Files\Microsoft Visual Studio\18\Community\MSBuild" (previous value: "C:\Program Files (x86)\MSBuild") at
Project "F:\projects\DroidNet\projects\Oxygen.Editor.Interop\src\Oxygen.Editor.Interop.vcxproj" (1) is building "C:\Users\abdes\.nuget\packages\nerdbank.gitversioning\3.9.50\build\PrivateP2PCaching.proj" (2) on node 1 (GetBuildVersion_Properties;GetBuildVersion_CloudBuildVersionVars target(s)).
Target "GetBuildVersionCore" in file "C:\Users\abdes\.nuget\packages\nerdbank.gitversioning\3.9.50\build\Nerdbank.GitVersioning.Inner.targets" from project "C:\Users\abdes\.nuget\packages\nerdbank.gitversioning\3.9.50\build\PrivateP2PCaching.proj" (target "GetBuildVersion_Properties" depends on it):
Assembly loaded during TaskRun: Nerdbank.GitVersioning.Tasks, Version=3.9.50.28654, Culture=neutral, PublicKeyToken=a4e8f1e6cbfd650b (location: C:\Users\abdes\.nuget\packages\nerdbank.gitversioning\3.9.50\build\MSBuildFull\Nerdbank.GitVersioning.Tasks.dll, MVID: 0c466fb4-7294-4be7-abc6-796e84459281, AppDomain: [Default])
Using "Nerdbank.GitVersioning.Tasks.GetBuildVersion" task from assembly "C:\Users\abdes\.nuget\packages\nerdbank.gitversioning\3.9.50\build\MSBuildFull/Nerdbank.GitVersioning.Tasks.dll".
Task "Nerdbank.GitVersioning.Tasks.GetBuildVersion"
  Assembly loaded during TaskRun (Nerdbank.GitVersioning.Tasks.GetBuildVersion): Nerdbank.GitVersioning, Version=3.9.50.28654, Culture=neutral, PublicKeyToken=a4e8f1e6cbfd650b (location: C:\Users\abdes\.nuget\packages\nerdbank.gitversioning\3.9.50\build\MSBuildFull\Nerdbank.GitVersioning.dll, MVID: 4ad26761-c2b0-41e0-8a31-3ecb3e01492d, AppDomain: [Default])
  Assembly loaded during TaskRun (Nerdbank.GitVersioning.Tasks.GetBuildVersion): LibGit2Sharp, Version=0.31.0.0, Culture=neutral, PublicKeyToken=7cbde695407f0333 (location: C:\Users\abdes\.nuget\packages\nerdbank.gitversioning\3.9.50\build\MSBuildFull\LibGit2Sharp.dll, MVID: ab296fac-a077-4648-b3de-fef86b0e4f18, AppDomain: [Default])
  Assembly loaded during TaskRun (Nerdbank.GitVersioning.Tasks.GetBuildVersion): Validation, Version=2.6.0.0, Culture=neutral, PublicKeyToken=2fc06f0d701809a7 (location: C:\Users\abdes\.nuget\packages\nerdbank.gitversioning\3.9.50\build\MSBuildFull\Validation.dll, MVID: 08d0b0e3-7f93-45e3-8966-49f6301f39dc, AppDomain: [Default])
  Cloud build provider: None
  Assembly loaded during TaskRun (Nerdbank.GitVersioning.Tasks.GetBuildVersion): System.Buffers, Version=4.0.5.0, Culture=neutral, PublicKeyToken=cc7b13ffcd2ddd51 (location: C:\Users\abdes\.nuget\packages\nerdbank.gitversioning\3.9.50\build\MSBuildFull\System.Buffers.dll, MVID: 2326c636-b1c4-4835-a109-42b280d74e94, AppDomain: [Default])
  Assembly loaded during TaskRun (Nerdbank.GitVersioning.Tasks.GetBuildVersion): System.Runtime.Serialization, Version=4.0.0.0, Culture=neutral, PublicKeyToken=b77a5c561934e089 (location: C:\WINDOWS\Microsoft.Net\assembly\GAC_MSIL\System.Runtime.Serialization\v4.0_4.0.0.0__b77a5c561934e089\System.Runtime.Serialization.dll, MVID: 48343404-766c-49a5-a6a3-c11ad26adb6a, AppDomain: [Default])
  Assembly loaded during TaskRun (Nerdbank.GitVersioning.Tasks.GetBuildVersion): System.Data, Version=4.0.0.0, Culture=neutral, PublicKeyToken=b77a5c561934e089 (location: C:\WINDOWS\Microsoft.Net\assembly\GAC_64\System.Data\v4.0_4.0.0.0__b77a5c561934e089\System.Data.dll, MVID: 8d145bdc-a1b1-4d8f-9b0b-c76708515aba, AppDomain: [Default])
Done executing task "Nerdbank.GitVersioning.Tasks.GetBuildVersion".
Task "Message"
  Building version 1.0.0.2429 from commit 87a11db6ccaf323bbf76ad52293c92f4853c4ca3
Done executing task "Message".
Task "Message"
  AssemblyInformationalVersion: 1.0.0.2429-alpha+87a11db6cc
Done executing task "Message".
Task "Message"
  NuGetPackageVersion: 1.0.0-alpha
Done executing task "Message".
Done building target "GetBuildVersionCore" in project "PrivateP2PCaching.proj".
Target "GetBuildVersion_Properties" in file "C:\Users\abdes\.nuget\packages\nerdbank.gitversioning\3.9.50\build\Nerdbank.GitVersioning.Inner.targets" from project "C:\Users\abdes\.nuget\packages\nerdbank.gitversioning\3.9.50\build\PrivateP2PCaching.proj" (entry point):
Done building target "GetBuildVersion_Properties" in project "PrivateP2PCaching.proj".
Target "GetBuildVersionCore" skipped. Previously built successfully.
Target "GetBuildVersion_CloudBuildVersionVars" in file "C:\Users\abdes\.nuget\packages\nerdbank.gitversioning\3.9.50\build\Nerdbank.GitVersioning.Inner.targets" from project "C:\Users\abdes\.nuget\packages\nerdbank.gitversioning\3.9.50\build\PrivateP2PCaching.proj" (entry point):
Done building target "GetBuildVersion_CloudBuildVersionVars" in project "PrivateP2PCaching.proj".
Done Building Project "C:\Users\abdes\.nuget\packages\nerdbank.gitversioning\3.9.50\build\PrivateP2PCaching.proj" (GetBuildVersion_Properties;GetBuildVersion_CloudBuildVersionVars target(s)).

Done executing task "MSBuild".
Done building target "InvokeGetBuildVersionTask" in project "Oxygen.Editor.Interop.vcxproj".
Target "GetBuildVersion" in file "C:\Users\abdes\.nuget\packages\nerdbank.gitversioning\3.9.50\build\Nerdbank.GitVersioning.targets" from project "F:\projects\DroidNet\projects\Oxygen.Editor.Interop\src\Oxygen.Editor.Interop.vcxproj" (target "GenerateNativeNBGVVersionInfo" depends on it):
Using "CreateProperty" task from assembly "Microsoft.Build.Tasks.Core, Version=15.1.0.0, Culture=neutral, PublicKeyToken=b03f5f7f11d50a3a".
Task "CreateProperty"
Done executing task "CreateProperty".
Task "CreateProperty"
Done executing task "CreateProperty".
Task "CreateProperty"
Done executing task "CreateProperty".
Task "CreateProperty"
Done executing task "CreateProperty".
Task "CreateProperty"
Done executing task "CreateProperty".
Task "CreateProperty"
Done executing task "CreateProperty".
Task "CreateProperty"
Done executing task "CreateProperty".
Task "CreateProperty"
Done executing task "CreateProperty".
Task "CreateProperty"
Done executing task "CreateProperty".
Task "CreateProperty"
Done executing task "CreateProperty".
Task "CreateProperty"
Done executing task "CreateProperty".
Task "CreateProperty"
Done executing task "CreateProperty".
Task "CreateProperty"
Done executing task "CreateProperty".
Task "CreateProperty"
Done executing task "CreateProperty".
Task "CreateProperty"
Done executing task "CreateProperty".
Task "CreateProperty"
Done executing task "CreateProperty".
Task "CreateProperty"
Done executing task "CreateProperty".
Task "CreateProperty"
Done executing task "CreateProperty".
Task "CreateProperty"
Done executing task "CreateProperty".
Task "CreateProperty"
Done executing task "CreateProperty".
Task "CreateProperty"
Done executing task "CreateProperty".
Task "CreateProperty"
Done executing task "CreateProperty".
Task "CreateProperty"
Done executing task "CreateProperty".
Task "CreateProperty"
Done executing task "CreateProperty".
Done building target "GetBuildVersion" in project "Oxygen.Editor.Interop.vcxproj".
Target "GetBuildVersion" skipped. Previously built successfully.
Target "SetCloudBuildVersionVars" in file "C:\Users\abdes\.nuget\packages\nerdbank.gitversioning\3.9.50\build\Nerdbank.GitVersioning.targets" from project "F:\projects\DroidNet\projects\Oxygen.Editor.Interop\src\Oxygen.Editor.Interop.vcxproj" (target "GenerateNativeNBGVVersionInfo" depends on it):
Using "Nerdbank.GitVersioning.Tasks.SetCloudBuildVariables" task from assembly "C:\Users\abdes\.nuget\packages\nerdbank.gitversioning\3.9.50\build\MSBuildFull/Nerdbank.GitVersioning.Tasks.dll".
Task "Nerdbank.GitVersioning.Tasks.SetCloudBuildVariables"
  No supported cloud build detected, so no variables or build number set.
Done executing task "Nerdbank.GitVersioning.Tasks.SetCloudBuildVariables".
Done building target "SetCloudBuildVersionVars" in project "Oxygen.Editor.Interop.vcxproj".
Target "GetBuildVersion" skipped. Previously built successfully.
Target "SetCloudBuildNumberWithVersion" in file "C:\Users\abdes\.nuget\packages\nerdbank.gitversioning\3.9.50\build\Nerdbank.GitVersioning.targets" from project "F:\projects\DroidNet\projects\Oxygen.Editor.Interop\src\Oxygen.Editor.Interop.vcxproj" (target "GenerateNativeNBGVVersionInfo" depends on it):
Task "Nerdbank.GitVersioning.Tasks.SetCloudBuildVariables"
  No supported cloud build detected, so no variables or build number set.
Done executing task "Nerdbank.GitVersioning.Tasks.SetCloudBuildVariables".
Done building target "SetCloudBuildNumberWithVersion" in project "Oxygen.Editor.Interop.vcxproj".
Target "GenerateNativeNBGVVersionInfo" in file "C:\Users\abdes\.nuget\packages\nerdbank.gitversioning\3.9.50\build\Nerdbank.GitVersioning.targets" from project "F:\projects\DroidNet\projects\Oxygen.Editor.Interop\src\Oxygen.Editor.Interop.vcxproj" (target "PrepareForBuild" depends on it):
Using "MakeDir" task from assembly "Microsoft.Build.Tasks.Core, Version=15.1.0.0, Culture=neutral, PublicKeyToken=b03f5f7f11d50a3a".
Task "MakeDir"
Done executing task "MakeDir".
Using "Nerdbank.GitVersioning.Tasks.NativeVersionInfo" task from assembly "C:\Users\abdes\.nuget\packages\nerdbank.gitversioning\3.9.50\build\MSBuildFull/Nerdbank.GitVersioning.Tasks.dll".
Task "Nerdbank.GitVersioning.Tasks.NativeVersionInfo"
Done executing task "Nerdbank.GitVersioning.Tasks.NativeVersionInfo".
Using "Nerdbank.GitVersioning.Tasks.CompareFiles" task from assembly "C:\Users\abdes\.nuget\packages\nerdbank.gitversioning\3.9.50\build\MSBuildFull/Nerdbank.GitVersioning.Tasks.dll".
Task "Nerdbank.GitVersioning.Tasks.CompareFiles"
Done executing task "Nerdbank.GitVersioning.Tasks.CompareFiles".
Done building target "GenerateNativeNBGVVersionInfo" in project "Oxygen.Editor.Interop.vcxproj".
Target "_CheckWindowsSDKInstalled" in file "C:\Program Files\Microsoft Visual Studio\18\Community\MSBuild\Microsoft\VC\v180\Microsoft.Cpp.WindowsSDK.targets" from project "F:\projects\DroidNet\projects\Oxygen.Editor.Interop\src\Oxygen.Editor.Interop.vcxproj" (target "PrepareForBuild" depends on it):
Done building target "_CheckWindowsSDKInstalled" in project "Oxygen.Editor.Interop.vcxproj".
Target "GetFrameworkPaths" skipped. Previously built successfully.
Target "GetReferenceAssemblyPaths" skipped. Previously built successfully.
Target "SetCABuildNativeEnvironmentVariables" in file "C:\Program Files\Microsoft Visual Studio\18\Community\MSBuild\Microsoft\VisualStudio\v18.0\CodeAnalysis\Microsoft.CodeAnalysis.targets" from project "F:\projects\DroidNet\projects\Oxygen.Editor.Interop\src\Oxygen.Editor.Interop.vcxproj" (target "PrepareForBuild" depends on it):
Task "SetEnv"
  CAExcludePath=C:\Program Files\Microsoft Visual Studio\18\Community\VC\Tools\MSVC\14.50.35717\atlmfc\include;C:\Program Files\Microsoft Visual Studio\18\Community\VC\Tools\MSVC\14.50.35717\include;C:\Program Files (x86)\Windows Kits\10\Include\10.0.26100.0\ucrt;;C:\Program Files (x86)\Windows Kits\10\Include\10.0.26100.0\um;C:\Program Files (x86)\Windows Kits\10\Include\10.0.26100.0\shared;C:\Program Files (x86)\Windows Kits\10\Include\10.0.26100.0\winrt;C:\Program Files (x86)\Windows Kits\10\Include\10.0.26100.0\cppwinrt;C:\Program Files (x86)\Windows Kits\NETFXSDK\4.8\Include\um;
Done executing task "SetEnv".
Done building target "SetCABuildNativeEnvironmentVariables" in project "Oxygen.Editor.Interop.vcxproj".
Target "PrepareForBuild" in file "C:\Program Files\Microsoft Visual Studio\18\Community\MSBuild\Microsoft\VC\v180\Microsoft.CppBuild.targets" from project "F:\projects\DroidNet\projects\Oxygen.Editor.Interop\src\Oxygen.Editor.Interop.vcxproj" (target "ResolveAssemblyReferences" depends on it):
C:\Program Files\Microsoft Visual Studio\18\Community\MSBuild\Microsoft\VC\v180\Microsoft.CppBuild.targets(438,7): message : Property reassignment: $(BuildProjectReferences)="false" (previous value: "true") at C:\Program Files\Microsoft Visual Studio\18\Community\MSBuild\Microsoft\VC\v180\Microsoft.CppBuild.targets (438,7) [F:\projects\DroidNet\projects\Oxygen.Editor.Interop\src\Oxygen.Editor.Interop.vcxproj]
Task "MakeDir"
Done executing task "MakeDir".
Using "CheckVCToolsetVersion" task from assembly "C:\Program Files\Microsoft Visual Studio\18\Community\MSBuild\Microsoft\VC\v180\Microsoft.Build.CppTasks.Common.dll".
Task "CheckVCToolsetVersion"
Done executing task "CheckVCToolsetVersion".
C:\Program Files\Microsoft Visual Studio\18\Community\MSBuild\Microsoft\VC\v180\Microsoft.CppBuild.targets(553,7): message : Property 'TMP' with value 'C:\Users\abdes\AppData\Local\Temp' expanded from the environment. [F:\projects\DroidNet\projects\Oxygen.Editor.Interop\src\Oxygen.Editor.Interop.vcxproj]
C:\Program Files\Microsoft Visual Studio\18\Community\MSBuild\Microsoft\VC\v180\Microsoft.CppBuild.targets(554,7): message : Property 'TEMP' with value 'C:\Users\abdes\AppData\Local\Temp' expanded from the environment. [F:\projects\DroidNet\projects\Oxygen.Editor.Interop\src\Oxygen.Editor.Interop.vcxproj]
Using "VCMessage" task from assembly "C:\Program Files\Microsoft Visual Studio\18\Community\MSBuild\Microsoft\VC\v180\Microsoft.Build.CppTasks.Common.dll".
Task "VCMessage"
  Structured output is enabled. The formatting of compiler diagnostics will reflect the error hierarchy. See https://aka.ms/cpp/structured-output for more details.
Done executing task "VCMessage".
Task "MakeDir"
Done executing task "MakeDir".
Done building target "PrepareForBuild" in project "Oxygen.Editor.Interop.vcxproj".
Target "GenerateTargetFrameworkDefineConstants" in file "C:\Program Files\dotnet\sdk\10.0.100\Sdks\Microsoft.NET.Sdk\targets\Microsoft.NET.Sdk.BeforeCommon.targets" from project "F:\projects\DroidNet\projects\Oxygen.Editor.Interop\src\Oxygen.Editor.Interop.vcxproj" (target "AddImplicitDefineConstants" depends on it):
Done building target "GenerateTargetFrameworkDefineConstants" in project "Oxygen.Editor.Interop.vcxproj".
Target "GenerateTargetPlatformDefineConstants" in file "C:\Program Files\dotnet\sdk\10.0.100\Sdks\Microsoft.NET.Sdk\targets\Microsoft.NET.Sdk.BeforeCommon.targets" from project "F:\projects\DroidNet\projects\Oxygen.Editor.Interop\src\Oxygen.Editor.Interop.vcxproj" (target "AddImplicitDefineConstants" depends on it):
Done building target "GenerateTargetPlatformDefineConstants" in project "Oxygen.Editor.Interop.vcxproj".
Target "GenerateNETCompatibleDefineConstants" in file "C:\Program Files\dotnet\sdk\10.0.100\Sdks\Microsoft.NET.Sdk\targets\Microsoft.NET.Sdk.BeforeCommon.targets" from project "F:\projects\DroidNet\projects\Oxygen.Editor.Interop\src\Oxygen.Editor.Interop.vcxproj" (target "AddImplicitDefineConstants" depends on it):
Done building target "GenerateNETCompatibleDefineConstants" in project "Oxygen.Editor.Interop.vcxproj".
Target "GeneratePlatformCompatibleDefineConstants" in file "C:\Program Files\dotnet\sdk\10.0.100\Sdks\Microsoft.NET.Sdk\targets\Microsoft.NET.Sdk.BeforeCommon.targets" from project "F:\projects\DroidNet\projects\Oxygen.Editor.Interop\src\Oxygen.Editor.Interop.vcxproj" (target "AddImplicitDefineConstants" depends on it):
Done building target "GeneratePlatformCompatibleDefineConstants" in project "Oxygen.Editor.Interop.vcxproj".
Target "AddImplicitDefineConstants" in file "C:\Program Files\dotnet\sdk\10.0.100\Sdks\Microsoft.NET.Sdk\targets\Microsoft.NET.Sdk.BeforeCommon.targets" from project "F:\projects\DroidNet\projects\Oxygen.Editor.Interop\src\Oxygen.Editor.Interop.vcxproj" (target "ResolveAssemblyReferences" depends on it):
Done building target "AddImplicitDefineConstants" in project "Oxygen.Editor.Interop.vcxproj".
Target "_PrepareForReferenceResolution" skipped. Previously built successfully.
Target "ResolveSDKReferences" in file "C:\Program Files\Microsoft Visual Studio\18\Community\MSBuild\Current\Bin\amd64\Microsoft.Common.CurrentVersion.targets" from project "F:\projects\DroidNet\projects\Oxygen.Editor.Interop\src\Oxygen.Editor.Interop.vcxproj" (target "ResolveAssemblyReferences" depends on it):
Done building target "ResolveSDKReferences" in project "Oxygen.Editor.Interop.vcxproj".
Target "ResolveSDKReferences" skipped. Previously built successfully.
Target "ExpandSDKReferences" in file "C:\Program Files\Microsoft Visual Studio\18\Community\MSBuild\Current\Bin\amd64\Microsoft.Common.CurrentVersion.targets" from project "F:\projects\DroidNet\projects\Oxygen.Editor.Interop\src\Oxygen.Editor.Interop.vcxproj" (target "ResolveAssemblyReferences" depends on it):
Done building target "ExpandSDKReferences" in project "Oxygen.Editor.Interop.vcxproj".
Target "ResolvePackageDependenciesForBuild" skipped. Previously built successfully.
Target "GetFrameworkPaths" skipped. Previously built successfully.
Target "GetReferenceAssemblyPaths" skipped. Previously built successfully.
Target "ProcessFrameworkReferences" skipped. Previously built successfully.
Target "ResolvePackageAssets" skipped. Previously built successfully.
Target "ResolveFrameworkReferences" in file "C:\Program Files\dotnet\sdk\10.0.100\Sdks\Microsoft.NET.Sdk\targets\Microsoft.NET.Sdk.FrameworkReferenceResolution.targets" from project "F:\projects\DroidNet\projects\Oxygen.Editor.Interop\src\Oxygen.Editor.Interop.vcxproj" (target "ResolveTargetingPackAssets" depends on it):
Using "GetPackageDirectory" task from assembly "C:\Program Files\dotnet\sdk\10.0.100\Sdks\Microsoft.NET.Sdk\targets\..\tools\net472\Microsoft.NET.Build.Tasks.dll".
Task "GetPackageDirectory"
Done executing task "GetPackageDirectory".
Task "GetPackageDirectory"
Done executing task "GetPackageDirectory".
Task "GetPackageDirectory"
Done executing task "GetPackageDirectory".
Task "GetPackageDirectory"
Done executing task "GetPackageDirectory".
Task "GetPackageDirectory"
Done executing task "GetPackageDirectory".
Task "GetPackageDirectory"
Done executing task "GetPackageDirectory".
Task "GetPackageDirectory"
Done executing task "GetPackageDirectory".
Task "GetPackageDirectory"
Done executing task "GetPackageDirectory".
Task "GetPackageDirectory"
Done executing task "GetPackageDirectory".
Task "GetPackageDirectory"
Done executing task "GetPackageDirectory".
Using "ResolveFrameworkReferences" task from assembly "C:\Program Files\dotnet\sdk\10.0.100\Sdks\Microsoft.NET.Sdk\targets\..\tools\net472\Microsoft.NET.Build.Tasks.dll".
Task "ResolveFrameworkReferences"
Done executing task "ResolveFrameworkReferences".
Done building target "ResolveFrameworkReferences" in project "Oxygen.Editor.Interop.vcxproj".
Target "ResolveTargetingPackAssets" in file "C:\Program Files\dotnet\sdk\10.0.100\Sdks\Microsoft.NET.Sdk\targets\Microsoft.NET.Sdk.FrameworkReferenceResolution.targets" from project "F:\projects\DroidNet\projects\Oxygen.Editor.Interop\src\Oxygen.Editor.Interop.vcxproj" (target "_HandlePackageFileConflicts" depends on it):
Using "ResolveTargetingPackAssets" task from assembly "C:\Program Files\dotnet\sdk\10.0.100\Sdks\Microsoft.NET.Sdk\targets\..\tools\net472\Microsoft.NET.Build.Tasks.dll".
Task "ResolveTargetingPackAssets"
Done executing task "ResolveTargetingPackAssets".
Done building target "ResolveTargetingPackAssets" in project "Oxygen.Editor.Interop.vcxproj".
Target "ResolveOffByDefaultAnalyzers" in file "C:\Program Files\dotnet\sdk\10.0.100\Sdks\Microsoft.NET.Sdk\targets\Microsoft.NET.Sdk.FrameworkReferenceResolution.targets" from project "F:\projects\DroidNet\projects\Oxygen.Editor.Interop\src\Oxygen.Editor.Interop.vcxproj" (target "_HandlePackageFileConflicts" depends on it):
Done building target "ResolveOffByDefaultAnalyzers" in project "Oxygen.Editor.Interop.vcxproj".
Target "_HandlePackageFileConflicts" in file "C:\Program Files\dotnet\sdk\10.0.100\Sdks\Microsoft.NET.Sdk\targets\Microsoft.NET.ConflictResolution.targets" from project "F:\projects\DroidNet\projects\Oxygen.Editor.Interop\src\Oxygen.Editor.Interop.vcxproj" (target "ResolveAssemblyReferences" depends on it):
Using "ResolvePackageFileConflicts" task from assembly "C:\Program Files\dotnet\sdk\10.0.100\Sdks\Microsoft.NET.Sdk\targets\..\tools\net472\Microsoft.NET.Build.Tasks.dll".
Task "ResolvePackageFileConflicts"
  Encountered conflict between 'Reference:C:\Users\abdes\.nuget\packages\system.diagnostics.diagnosticsource\10.0.0\lib\net9.0\System.Diagnostics.DiagnosticSource.dll' and 'Reference:C:\Program Files\dotnet\packs\Microsoft.NETCore.App.Ref\9.0.11\ref/net9.0/System.Diagnostics.DiagnosticSource.dll'. Choosing 'Reference:C:\Users\abdes\.nuget\packages\system.diagnostics.diagnosticsource\10.0.0\lib\net9.0\System.Diagnostics.DiagnosticSource.dll' because AssemblyVersion '10.0.0.0' is greater than '9.0.0.0'.
  Encountered conflict between 'Platform:System.Diagnostics.DiagnosticSource.dll' and 'Runtime:C:\Users\abdes\.nuget\packages\system.diagnostics.diagnosticsource\10.0.0\lib\net9.0\System.Diagnostics.DiagnosticSource.dll'. Choosing 'Runtime:C:\Users\abdes\.nuget\packages\system.diagnostics.diagnosticsource\10.0.0\lib\net9.0\System.Diagnostics.DiagnosticSource.dll' because AssemblyVersion '10.0.0.0' is greater than '9.0.0.0'.
  Encountered conflict between 'Platform:mscorlib.dll' and 'Platform:mscorlib.dll'. Could not determine winner due to equal file and assembly versions.
  Encountered conflict between 'Platform:Microsoft.VisualBasic.dll' and 'Platform:Microsoft.VisualBasic.dll'. Could not determine winner due to equal file and assembly versions.
  Encountered conflict between 'Platform:System.dll' and 'Platform:System.dll'. Could not determine winner due to equal file and assembly versions.
  Encountered conflict between 'Platform:System.ComponentModel.DataAnnotations.dll' and 'Platform:System.ComponentModel.DataAnnotations.dll'. Could not determine winner due to equal file and assembly versions.
  Encountered conflict between 'Platform:System.Configuration.dll' and 'Platform:System.Configuration.dll'. Could not determine winner due to equal file and assembly versions.
  Encountered conflict between 'Platform:System.Core.dll' and 'Platform:System.Core.dll'. Could not determine winner due to equal file and assembly versions.
  Encountered conflict between 'Platform:System.Data.dll' and 'Platform:System.Data.dll'. Could not determine winner due to equal file and assembly versions.
  Encountered conflict between 'Platform:System.Drawing.dll' and 'Platform:System.Drawing.dll'. Could not determine winner due to equal file and assembly versions.
  Encountered conflict between 'Platform:System.IO.Compression.FileSystem.dll' and 'Platform:System.IO.Compression.FileSystem.dll'. Could not determine winner due to equal file and assembly versions.
  Encountered conflict between 'Platform:System.Net.dll' and 'Platform:System.Net.dll'. Could not determine winner due to equal file and assembly versions.
  Encountered conflict between 'Platform:System.Numerics.dll' and 'Platform:System.Numerics.dll'. Could not determine winner due to equal file and assembly versions.
  Encountered conflict between 'Platform:System.Runtime.Serialization.dll' and 'Platform:System.Runtime.Serialization.dll'. Could not determine winner due to equal file and assembly versions.
  Encountered conflict between 'Platform:System.Security.dll' and 'Platform:System.Security.dll'. Could not determine winner due to equal file and assembly versions.
  Encountered conflict between 'Platform:System.ServiceProcess.dll' and 'Platform:System.ServiceProcess.dll'. Could not determine winner due to equal file and assembly versions.
  Encountered conflict between 'Platform:System.ServiceModel.Web.dll' and 'Platform:System.ServiceModel.Web.dll'. Could not determine winner due to equal file and assembly versions.
  Encountered conflict between 'Platform:System.Transactions.dll' and 'Platform:System.Transactions.dll'. Could not determine winner due to equal file and assembly versions.
  Encountered conflict between 'Platform:System.Web.dll' and 'Platform:System.Web.dll'. Could not determine winner due to equal file and assembly versions.
  Encountered conflict between 'Platform:System.Windows.dll' and 'Platform:System.Windows.dll'. Could not determine winner due to equal file and assembly versions.
  Encountered conflict between 'Platform:System.Xml.dll' and 'Platform:System.Xml.dll'. Could not determine winner due to equal file and assembly versions.
  Encountered conflict between 'Platform:System.Xml.Serialization.dll' and 'Platform:System.Xml.Serialization.dll'. Could not determine winner due to equal file and assembly versions.
  Encountered conflict between 'Platform:System.Xml.Linq.dll' and 'Platform:System.Xml.Linq.dll'. Could not determine winner due to equal file and assembly versions.
  Encountered conflict between 'Platform:WindowsBase.dll' and 'Platform:WindowsBase.dll'. Could not determine winner due to equal file and assembly versions.
  Encountered conflict between 'Platform:netstandard.dll' and 'Platform:netstandard.dll'. Could not determine winner due to equal file and assembly versions.
  Encountered conflict between 'Platform:System.Private.CoreLib.dll' and 'Platform:System.Private.CoreLib.dll'. Could not determine winner due to equal file and assembly versions.
  Encountered conflict between 'Platform:System.Private.DataContractSerialization.dll' and 'Platform:System.Private.DataContractSerialization.dll'. Could not determine winner due to equal file and assembly versions.
  Encountered conflict between 'Platform:System.Private.Uri.dll' and 'Platform:System.Private.Uri.dll'. Could not determine winner due to equal file and assembly versions.
  Encountered conflict between 'Platform:System.Private.Xml.dll' and 'Platform:System.Private.Xml.dll'. Could not determine winner due to equal file and assembly versions.
  Encountered conflict between 'Platform:System.Private.Xml.Linq.dll' and 'Platform:System.Private.Xml.Linq.dll'. Could not determine winner due to equal file and assembly versions.
  Encountered conflict between 'Platform:mscordaccore_amd64_amd64_9.0.1125.51716.dll' and 'Platform:mscordaccore_amd64_amd64_9.0.1125.51716.dll'. Could not determine winner due to equal file and assembly versions.
Done executing task "ResolvePackageFileConflicts".
Done building target "_HandlePackageFileConflicts" in project "Oxygen.Editor.Interop.vcxproj".
Target "ResolveTargetingPackAssets" skipped. Previously built successfully.
Target "ResolveAssemblyReferences" in file "C:\Program Files\Microsoft Visual Studio\18\Community\MSBuild\Current\Bin\amd64\Microsoft.Common.CurrentVersion.targets" from project "F:\projects\DroidNet\projects\Oxygen.Editor.Interop\src\Oxygen.Editor.Interop.vcxproj" (target "ResolveReferences" depends on it):
Using "ResolveAssemblyReference" task from assembly "Microsoft.Build.Tasks.Core, Version=15.1.0.0, Culture=neutral, PublicKeyToken=b03f5f7f11d50a3a".
Task "ResolveAssemblyReference"
  TargetFrameworkMoniker:
      .NETCoreApp,Version=v9.0
  TargetFrameworkMonikerDisplayName:
      .NET 9.0
  TargetedRuntimeVersion:

  Assemblies:
      C:\Users\abdes\.nuget\packages\microsoft.extensions.dependencyinjection.abstractions\10.0.0\lib\net9.0\Microsoft.Extensions.DependencyInjection.Abstractions.dll
          Private = 'false'
          HintPath = 'C:\Users\abdes\.nuget\packages\microsoft.extensions.dependencyinjection.abstractions\10.0.0\lib\net9.0\Microsoft.Extensions.DependencyInjection.Abstractions.dll'
      C:\Users\abdes\.nuget\packages\microsoft.extensions.logging.abstractions\10.0.0\lib\net9.0\Microsoft.Extensions.Logging.Abstractions.dll
          Private = 'false'
          HintPath = 'C:\Users\abdes\.nuget\packages\microsoft.extensions.logging.abstractions\10.0.0\lib\net9.0\Microsoft.Extensions.Logging.Abstractions.dll'
      C:\Users\abdes\.nuget\packages\system.diagnostics.diagnosticsource\10.0.0\lib\net9.0\System.Diagnostics.DiagnosticSource.dll
          Private = 'false'
          HintPath = 'C:\Users\abdes\.nuget\packages\system.diagnostics.diagnosticsource\10.0.0\lib\net9.0\System.Diagnostics.DiagnosticSource.dll'
      C:\Program Files\dotnet\packs\Microsoft.NETCore.App.Ref\9.0.11\ref/net9.0/Microsoft.CSharp.dll
          Private = 'false'
      C:\Program Files\dotnet\packs\Microsoft.NETCore.App.Ref\9.0.11\ref/net9.0/Microsoft.VisualBasic.Core.dll
          Private = 'false'
      C:\Program Files\dotnet\packs\Microsoft.NETCore.App.Ref\9.0.11\ref/net9.0/Microsoft.VisualBasic.dll
          Private = 'false'
      C:\Program Files\dotnet\packs\Microsoft.NETCore.App.Ref\9.0.11\ref/net9.0/Microsoft.Win32.Primitives.dll
          Private = 'false'
      C:\Program Files\dotnet\packs\Microsoft.NETCore.App.Ref\9.0.11\ref/net9.0/Microsoft.Win32.Registry.dll
          Private = 'false'
      C:\Program Files\dotnet\packs\Microsoft.NETCore.App.Ref\9.0.11\ref/net9.0/System.AppContext.dll
          Private = 'false'
      C:\Program Files\dotnet\packs\Microsoft.NETCore.App.Ref\9.0.11\ref/net9.0/System.Buffers.dll
          Private = 'false'
      C:\Program Files\dotnet\packs\Microsoft.NETCore.App.Ref\9.0.11\ref/net9.0/System.Collections.Concurrent.dll
          Private = 'false'
      C:\Program Files\dotnet\packs\Microsoft.NETCore.App.Ref\9.0.11\ref/net9.0/System.Collections.Immutable.dll
          Private = 'false'
      C:\Program Files\dotnet\packs\Microsoft.NETCore.App.Ref\9.0.11\ref/net9.0/System.Collections.NonGeneric.dll
          Private = 'false'
      C:\Program Files\dotnet\packs\Microsoft.NETCore.App.Ref\9.0.11\ref/net9.0/System.Collections.Specialized.dll
          Private = 'false'
      C:\Program Files\dotnet\packs\Microsoft.NETCore.App.Ref\9.0.11\ref/net9.0/System.Collections.dll
          Private = 'false'
      C:\Program Files\dotnet\packs\Microsoft.NETCore.App.Ref\9.0.11\ref/net9.0/System.ComponentModel.Annotations.dll
          Private = 'false'
      C:\Program Files\dotnet\packs\Microsoft.NETCore.App.Ref\9.0.11\ref/net9.0/System.ComponentModel.DataAnnotations.dll
          Private = 'false'
      C:\Program Files\dotnet\packs\Microsoft.NETCore.App.Ref\9.0.11\ref/net9.0/System.ComponentModel.EventBasedAsync.dll
          Private = 'false'
      C:\Program Files\dotnet\packs\Microsoft.NETCore.App.Ref\9.0.11\ref/net9.0/System.ComponentModel.Primitives.dll
          Private = 'false'
      C:\Program Files\dotnet\packs\Microsoft.NETCore.App.Ref\9.0.11\ref/net9.0/System.ComponentModel.TypeConverter.dll
          Private = 'false'
      C:\Program Files\dotnet\packs\Microsoft.NETCore.App.Ref\9.0.11\ref/net9.0/System.ComponentModel.dll
          Private = 'false'
      C:\Program Files\dotnet\packs\Microsoft.NETCore.App.Ref\9.0.11\ref/net9.0/System.Configuration.dll
          Private = 'false'
      C:\Program Files\dotnet\packs\Microsoft.NETCore.App.Ref\9.0.11\ref/net9.0/System.Console.dll
          Private = 'false'
      C:\Program Files\dotnet\packs\Microsoft.NETCore.App.Ref\9.0.11\ref/net9.0/System.Core.dll
          Private = 'false'
      C:\Program Files\dotnet\packs\Microsoft.NETCore.App.Ref\9.0.11\ref/net9.0/System.Data.Common.dll
          Private = 'false'
      C:\Program Files\dotnet\packs\Microsoft.NETCore.App.Ref\9.0.11\ref/net9.0/System.Data.DataSetExtensions.dll
          Private = 'false'
      C:\Program Files\dotnet\packs\Microsoft.NETCore.App.Ref\9.0.11\ref/net9.0/System.Data.dll
          Private = 'false'
      C:\Program Files\dotnet\packs\Microsoft.NETCore.App.Ref\9.0.11\ref/net9.0/System.Diagnostics.Contracts.dll
          Private = 'false'
      C:\Program Files\dotnet\packs\Microsoft.NETCore.App.Ref\9.0.11\ref/net9.0/System.Diagnostics.Debug.dll
          Private = 'false'
      C:\Program Files\dotnet\packs\Microsoft.NETCore.App.Ref\9.0.11\ref/net9.0/System.Diagnostics.FileVersionInfo.dll
          Private = 'false'
      C:\Program Files\dotnet\packs\Microsoft.NETCore.App.Ref\9.0.11\ref/net9.0/System.Diagnostics.Process.dll
          Private = 'false'
      C:\Program Files\dotnet\packs\Microsoft.NETCore.App.Ref\9.0.11\ref/net9.0/System.Diagnostics.StackTrace.dll
          Private = 'false'
      C:\Program Files\dotnet\packs\Microsoft.NETCore.App.Ref\9.0.11\ref/net9.0/System.Diagnostics.TextWriterTraceListener.dll
          Private = 'false'
      C:\Program Files\dotnet\packs\Microsoft.NETCore.App.Ref\9.0.11\ref/net9.0/System.Diagnostics.Tools.dll
          Private = 'false'
      C:\Program Files\dotnet\packs\Microsoft.NETCore.App.Ref\9.0.11\ref/net9.0/System.Diagnostics.TraceSource.dll
          Private = 'false'
      C:\Program Files\dotnet\packs\Microsoft.NETCore.App.Ref\9.0.11\ref/net9.0/System.Diagnostics.Tracing.dll
          Private = 'false'
      C:\Program Files\dotnet\packs\Microsoft.NETCore.App.Ref\9.0.11\ref/net9.0/System.Drawing.Primitives.dll
          Private = 'false'
      C:\Program Files\dotnet\packs\Microsoft.NETCore.App.Ref\9.0.11\ref/net9.0/System.Drawing.dll
          Private = 'false'
      C:\Program Files\dotnet\packs\Microsoft.NETCore.App.Ref\9.0.11\ref/net9.0/System.Dynamic.Runtime.dll
          Private = 'false'
      C:\Program Files\dotnet\packs\Microsoft.NETCore.App.Ref\9.0.11\ref/net9.0/System.Formats.Asn1.dll
          Private = 'false'
      C:\Program Files\dotnet\packs\Microsoft.NETCore.App.Ref\9.0.11\ref/net9.0/System.Formats.Tar.dll
          Private = 'false'
      C:\Program Files\dotnet\packs\Microsoft.NETCore.App.Ref\9.0.11\ref/net9.0/System.Globalization.Calendars.dll
          Private = 'false'
      C:\Program Files\dotnet\packs\Microsoft.NETCore.App.Ref\9.0.11\ref/net9.0/System.Globalization.Extensions.dll
          Private = 'false'
      C:\Program Files\dotnet\packs\Microsoft.NETCore.App.Ref\9.0.11\ref/net9.0/System.Globalization.dll
          Private = 'false'
      C:\Program Files\dotnet\packs\Microsoft.NETCore.App.Ref\9.0.11\ref/net9.0/System.IO.Compression.Brotli.dll
          Private = 'false'
      C:\Program Files\dotnet\packs\Microsoft.NETCore.App.Ref\9.0.11\ref/net9.0/System.IO.Compression.FileSystem.dll
          Private = 'false'
      C:\Program Files\dotnet\packs\Microsoft.NETCore.App.Ref\9.0.11\ref/net9.0/System.IO.Compression.ZipFile.dll
          Private = 'false'
      C:\Program Files\dotnet\packs\Microsoft.NETCore.App.Ref\9.0.11\ref/net9.0/System.IO.Compression.dll
          Private = 'false'
      C:\Program Files\dotnet\packs\Microsoft.NETCore.App.Ref\9.0.11\ref/net9.0/System.IO.FileSystem.AccessControl.dll
          Private = 'false'
      C:\Program Files\dotnet\packs\Microsoft.NETCore.App.Ref\9.0.11\ref/net9.0/System.IO.FileSystem.DriveInfo.dll
          Private = 'false'
      C:\Program Files\dotnet\packs\Microsoft.NETCore.App.Ref\9.0.11\ref/net9.0/System.IO.FileSystem.Primitives.dll
          Private = 'false'
      C:\Program Files\dotnet\packs\Microsoft.NETCore.App.Ref\9.0.11\ref/net9.0/System.IO.FileSystem.Watcher.dll
          Private = 'false'
      C:\Program Files\dotnet\packs\Microsoft.NETCore.App.Ref\9.0.11\ref/net9.0/System.IO.FileSystem.dll
          Private = 'false'
      C:\Program Files\dotnet\packs\Microsoft.NETCore.App.Ref\9.0.11\ref/net9.0/System.IO.IsolatedStorage.dll
          Private = 'false'
      C:\Program Files\dotnet\packs\Microsoft.NETCore.App.Ref\9.0.11\ref/net9.0/System.IO.MemoryMappedFiles.dll
          Private = 'false'
      C:\Program Files\dotnet\packs\Microsoft.NETCore.App.Ref\9.0.11\ref/net9.0/System.IO.Pipelines.dll
          Private = 'false'
      C:\Program Files\dotnet\packs\Microsoft.NETCore.App.Ref\9.0.11\ref/net9.0/System.IO.Pipes.AccessControl.dll
          Private = 'false'
      C:\Program Files\dotnet\packs\Microsoft.NETCore.App.Ref\9.0.11\ref/net9.0/System.IO.Pipes.dll
          Private = 'false'
      C:\Program Files\dotnet\packs\Microsoft.NETCore.App.Ref\9.0.11\ref/net9.0/System.IO.UnmanagedMemoryStream.dll
          Private = 'false'
      C:\Program Files\dotnet\packs\Microsoft.NETCore.App.Ref\9.0.11\ref/net9.0/System.IO.dll
          Private = 'false'
      C:\Program Files\dotnet\packs\Microsoft.NETCore.App.Ref\9.0.11\ref/net9.0/System.Linq.Expressions.dll
          Private = 'false'
      C:\Program Files\dotnet\packs\Microsoft.NETCore.App.Ref\9.0.11\ref/net9.0/System.Linq.Parallel.dll
          Private = 'false'
      C:\Program Files\dotnet\packs\Microsoft.NETCore.App.Ref\9.0.11\ref/net9.0/System.Linq.Queryable.dll
          Private = 'false'
      C:\Program Files\dotnet\packs\Microsoft.NETCore.App.Ref\9.0.11\ref/net9.0/System.Linq.dll
          Private = 'false'
      C:\Program Files\dotnet\packs\Microsoft.NETCore.App.Ref\9.0.11\ref/net9.0/System.Memory.dll
          Private = 'false'
      C:\Program Files\dotnet\packs\Microsoft.NETCore.App.Ref\9.0.11\ref/net9.0/System.Net.Http.Json.dll
          Private = 'false'
      C:\Program Files\dotnet\packs\Microsoft.NETCore.App.Ref\9.0.11\ref/net9.0/System.Net.Http.dll
          Private = 'false'
      C:\Program Files\dotnet\packs\Microsoft.NETCore.App.Ref\9.0.11\ref/net9.0/System.Net.HttpListener.dll
          Private = 'false'
      C:\Program Files\dotnet\packs\Microsoft.NETCore.App.Ref\9.0.11\ref/net9.0/System.Net.Mail.dll
          Private = 'false'
      C:\Program Files\dotnet\packs\Microsoft.NETCore.App.Ref\9.0.11\ref/net9.0/System.Net.NameResolution.dll
          Private = 'false'
      C:\Program Files\dotnet\packs\Microsoft.NETCore.App.Ref\9.0.11\ref/net9.0/System.Net.NetworkInformation.dll
          Private = 'false'
      C:\Program Files\dotnet\packs\Microsoft.NETCore.App.Ref\9.0.11\ref/net9.0/System.Net.Ping.dll
          Private = 'false'
      C:\Program Files\dotnet\packs\Microsoft.NETCore.App.Ref\9.0.11\ref/net9.0/System.Net.Primitives.dll
          Private = 'false'
      C:\Program Files\dotnet\packs\Microsoft.NETCore.App.Ref\9.0.11\ref/net9.0/System.Net.Quic.dll
          Private = 'false'
      C:\Program Files\dotnet\packs\Microsoft.NETCore.App.Ref\9.0.11\ref/net9.0/System.Net.Requests.dll
          Private = 'false'
      C:\Program Files\dotnet\packs\Microsoft.NETCore.App.Ref\9.0.11\ref/net9.0/System.Net.Security.dll
          Private = 'false'
      C:\Program Files\dotnet\packs\Microsoft.NETCore.App.Ref\9.0.11\ref/net9.0/System.Net.ServicePoint.dll
          Private = 'false'
      C:\Program Files\dotnet\packs\Microsoft.NETCore.App.Ref\9.0.11\ref/net9.0/System.Net.Sockets.dll
          Private = 'false'
      C:\Program Files\dotnet\packs\Microsoft.NETCore.App.Ref\9.0.11\ref/net9.0/System.Net.WebClient.dll
          Private = 'false'
      C:\Program Files\dotnet\packs\Microsoft.NETCore.App.Ref\9.0.11\ref/net9.0/System.Net.WebHeaderCollection.dll
          Private = 'false'
      C:\Program Files\dotnet\packs\Microsoft.NETCore.App.Ref\9.0.11\ref/net9.0/System.Net.WebProxy.dll
          Private = 'false'
      C:\Program Files\dotnet\packs\Microsoft.NETCore.App.Ref\9.0.11\ref/net9.0/System.Net.WebSockets.Client.dll
          Private = 'false'
      C:\Program Files\dotnet\packs\Microsoft.NETCore.App.Ref\9.0.11\ref/net9.0/System.Net.WebSockets.dll
          Private = 'false'
      C:\Program Files\dotnet\packs\Microsoft.NETCore.App.Ref\9.0.11\ref/net9.0/System.Net.dll
          Private = 'false'
      C:\Program Files\dotnet\packs\Microsoft.NETCore.App.Ref\9.0.11\ref/net9.0/System.Numerics.Vectors.dll
          Private = 'false'
      C:\Program Files\dotnet\packs\Microsoft.NETCore.App.Ref\9.0.11\ref/net9.0/System.Numerics.dll
          Private = 'false'
      C:\Program Files\dotnet\packs\Microsoft.NETCore.App.Ref\9.0.11\ref/net9.0/System.ObjectModel.dll
          Private = 'false'
      C:\Program Files\dotnet\packs\Microsoft.NETCore.App.Ref\9.0.11\ref/net9.0/System.Reflection.DispatchProxy.dll
          Private = 'false'
      C:\Program Files\dotnet\packs\Microsoft.NETCore.App.Ref\9.0.11\ref/net9.0/System.Reflection.Emit.ILGeneration.dll
          Private = 'false'
      C:\Program Files\dotnet\packs\Microsoft.NETCore.App.Ref\9.0.11\ref/net9.0/System.Reflection.Emit.Lightweight.dll
          Private = 'false'
      C:\Program Files\dotnet\packs\Microsoft.NETCore.App.Ref\9.0.11\ref/net9.0/System.Reflection.Emit.dll
          Private = 'false'
      C:\Program Files\dotnet\packs\Microsoft.NETCore.App.Ref\9.0.11\ref/net9.0/System.Reflection.Extensions.dll
          Private = 'false'
      C:\Program Files\dotnet\packs\Microsoft.NETCore.App.Ref\9.0.11\ref/net9.0/System.Reflection.Metadata.dll
          Private = 'false'
      C:\Program Files\dotnet\packs\Microsoft.NETCore.App.Ref\9.0.11\ref/net9.0/System.Reflection.Primitives.dll
          Private = 'false'
      C:\Program Files\dotnet\packs\Microsoft.NETCore.App.Ref\9.0.11\ref/net9.0/System.Reflection.TypeExtensions.dll
          Private = 'false'
      C:\Program Files\dotnet\packs\Microsoft.NETCore.App.Ref\9.0.11\ref/net9.0/System.Reflection.dll
          Private = 'false'
      C:\Program Files\dotnet\packs\Microsoft.NETCore.App.Ref\9.0.11\ref/net9.0/System.Resources.Reader.dll
          Private = 'false'
      C:\Program Files\dotnet\packs\Microsoft.NETCore.App.Ref\9.0.11\ref/net9.0/System.Resources.ResourceManager.dll
          Private = 'false'
      C:\Program Files\dotnet\packs\Microsoft.NETCore.App.Ref\9.0.11\ref/net9.0/System.Resources.Writer.dll
          Private = 'false'
      C:\Program Files\dotnet\packs\Microsoft.NETCore.App.Ref\9.0.11\ref/net9.0/System.Runtime.CompilerServices.Unsafe.dll
          Private = 'false'
      C:\Program Files\dotnet\packs\Microsoft.NETCore.App.Ref\9.0.11\ref/net9.0/System.Runtime.CompilerServices.VisualC.dll
          Private = 'false'
      C:\Program Files\dotnet\packs\Microsoft.NETCore.App.Ref\9.0.11\ref/net9.0/System.Runtime.Extensions.dll
          Private = 'false'
      C:\Program Files\dotnet\packs\Microsoft.NETCore.App.Ref\9.0.11\ref/net9.0/System.Runtime.Handles.dll
          Private = 'false'
      C:\Program Files\dotnet\packs\Microsoft.NETCore.App.Ref\9.0.11\ref/net9.0/System.Runtime.InteropServices.JavaScript.dll
          Private = 'false'
      C:\Program Files\dotnet\packs\Microsoft.NETCore.App.Ref\9.0.11\ref/net9.0/System.Runtime.InteropServices.RuntimeInformation.dll
          Private = 'false'
      C:\Program Files\dotnet\packs\Microsoft.NETCore.App.Ref\9.0.11\ref/net9.0/System.Runtime.InteropServices.dll
          Private = 'false'
      C:\Program Files\dotnet\packs\Microsoft.NETCore.App.Ref\9.0.11\ref/net9.0/System.Runtime.Intrinsics.dll
          Private = 'false'
      C:\Program Files\dotnet\packs\Microsoft.NETCore.App.Ref\9.0.11\ref/net9.0/System.Runtime.Loader.dll
          Private = 'false'
      C:\Program Files\dotnet\packs\Microsoft.NETCore.App.Ref\9.0.11\ref/net9.0/System.Runtime.Numerics.dll
          Private = 'false'
      C:\Program Files\dotnet\packs\Microsoft.NETCore.App.Ref\9.0.11\ref/net9.0/System.Runtime.Serialization.Formatters.dll
          Private = 'false'
      C:\Program Files\dotnet\packs\Microsoft.NETCore.App.Ref\9.0.11\ref/net9.0/System.Runtime.Serialization.Json.dll
          Private = 'false'
      C:\Program Files\dotnet\packs\Microsoft.NETCore.App.Ref\9.0.11\ref/net9.0/System.Runtime.Serialization.Primitives.dll
          Private = 'false'
      C:\Program Files\dotnet\packs\Microsoft.NETCore.App.Ref\9.0.11\ref/net9.0/System.Runtime.Serialization.Xml.dll
          Private = 'false'
      C:\Program Files\dotnet\packs\Microsoft.NETCore.App.Ref\9.0.11\ref/net9.0/System.Runtime.Serialization.dll
          Private = 'false'
      C:\Program Files\dotnet\packs\Microsoft.NETCore.App.Ref\9.0.11\ref/net9.0/System.Runtime.dll
          Private = 'false'
      C:\Program Files\dotnet\packs\Microsoft.NETCore.App.Ref\9.0.11\ref/net9.0/System.Security.AccessControl.dll
          Private = 'false'
      C:\Program Files\dotnet\packs\Microsoft.NETCore.App.Ref\9.0.11\ref/net9.0/System.Security.Claims.dll
          Private = 'false'
      C:\Program Files\dotnet\packs\Microsoft.NETCore.App.Ref\9.0.11\ref/net9.0/System.Security.Cryptography.Algorithms.dll
          Private = 'false'
      C:\Program Files\dotnet\packs\Microsoft.NETCore.App.Ref\9.0.11\ref/net9.0/System.Security.Cryptography.Cng.dll
          Private = 'false'
      C:\Program Files\dotnet\packs\Microsoft.NETCore.App.Ref\9.0.11\ref/net9.0/System.Security.Cryptography.Csp.dll
          Private = 'false'
      C:\Program Files\dotnet\packs\Microsoft.NETCore.App.Ref\9.0.11\ref/net9.0/System.Security.Cryptography.Encoding.dll
          Private = 'false'
      C:\Program Files\dotnet\packs\Microsoft.NETCore.App.Ref\9.0.11\ref/net9.0/System.Security.Cryptography.OpenSsl.dll
          Private = 'false'
      C:\Program Files\dotnet\packs\Microsoft.NETCore.App.Ref\9.0.11\ref/net9.0/System.Security.Cryptography.Primitives.dll
          Private = 'false'
      C:\Program Files\dotnet\packs\Microsoft.NETCore.App.Ref\9.0.11\ref/net9.0/System.Security.Cryptography.X509Certificates.dll
          Private = 'false'
      C:\Program Files\dotnet\packs\Microsoft.NETCore.App.Ref\9.0.11\ref/net9.0/System.Security.Cryptography.dll
          Private = 'false'
      C:\Program Files\dotnet\packs\Microsoft.NETCore.App.Ref\9.0.11\ref/net9.0/System.Security.Principal.Windows.dll
          Private = 'false'
      C:\Program Files\dotnet\packs\Microsoft.NETCore.App.Ref\9.0.11\ref/net9.0/System.Security.Principal.dll
          Private = 'false'
      C:\Program Files\dotnet\packs\Microsoft.NETCore.App.Ref\9.0.11\ref/net9.0/System.Security.SecureString.dll
          Private = 'false'
      C:\Program Files\dotnet\packs\Microsoft.NETCore.App.Ref\9.0.11\ref/net9.0/System.Security.dll
          Private = 'false'
      C:\Program Files\dotnet\packs\Microsoft.NETCore.App.Ref\9.0.11\ref/net9.0/System.ServiceModel.Web.dll
          Private = 'false'
      C:\Program Files\dotnet\packs\Microsoft.NETCore.App.Ref\9.0.11\ref/net9.0/System.ServiceProcess.dll
          Private = 'false'
      C:\Program Files\dotnet\packs\Microsoft.NETCore.App.Ref\9.0.11\ref/net9.0/System.Text.Encoding.CodePages.dll
          Private = 'false'
      C:\Program Files\dotnet\packs\Microsoft.NETCore.App.Ref\9.0.11\ref/net9.0/System.Text.Encoding.Extensions.dll
          Private = 'false'
      C:\Program Files\dotnet\packs\Microsoft.NETCore.App.Ref\9.0.11\ref/net9.0/System.Text.Encoding.dll
          Private = 'false'
      C:\Program Files\dotnet\packs\Microsoft.NETCore.App.Ref\9.0.11\ref/net9.0/System.Text.Encodings.Web.dll
          Private = 'false'
      C:\Program Files\dotnet\packs\Microsoft.NETCore.App.Ref\9.0.11\ref/net9.0/System.Text.Json.dll
          Private = 'false'
      C:\Program Files\dotnet\packs\Microsoft.NETCore.App.Ref\9.0.11\ref/net9.0/System.Text.RegularExpressions.dll
          Private = 'false'
      C:\Program Files\dotnet\packs\Microsoft.NETCore.App.Ref\9.0.11\ref/net9.0/System.Threading.Channels.dll
          Private = 'false'
      C:\Program Files\dotnet\packs\Microsoft.NETCore.App.Ref\9.0.11\ref/net9.0/System.Threading.Overlapped.dll
          Private = 'false'
      C:\Program Files\dotnet\packs\Microsoft.NETCore.App.Ref\9.0.11\ref/net9.0/System.Threading.Tasks.Dataflow.dll
          Private = 'false'
      C:\Program Files\dotnet\packs\Microsoft.NETCore.App.Ref\9.0.11\ref/net9.0/System.Threading.Tasks.Extensions.dll
          Private = 'false'
      C:\Program Files\dotnet\packs\Microsoft.NETCore.App.Ref\9.0.11\ref/net9.0/System.Threading.Tasks.Parallel.dll
          Private = 'false'
      C:\Program Files\dotnet\packs\Microsoft.NETCore.App.Ref\9.0.11\ref/net9.0/System.Threading.Tasks.dll
          Private = 'false'
      C:\Program Files\dotnet\packs\Microsoft.NETCore.App.Ref\9.0.11\ref/net9.0/System.Threading.Thread.dll
          Private = 'false'
      C:\Program Files\dotnet\packs\Microsoft.NETCore.App.Ref\9.0.11\ref/net9.0/System.Threading.ThreadPool.dll
          Private = 'false'
      C:\Program Files\dotnet\packs\Microsoft.NETCore.App.Ref\9.0.11\ref/net9.0/System.Threading.Timer.dll
          Private = 'false'
      C:\Program Files\dotnet\packs\Microsoft.NETCore.App.Ref\9.0.11\ref/net9.0/System.Threading.dll
          Private = 'false'
      C:\Program Files\dotnet\packs\Microsoft.NETCore.App.Ref\9.0.11\ref/net9.0/System.Transactions.Local.dll
          Private = 'false'
      C:\Program Files\dotnet\packs\Microsoft.NETCore.App.Ref\9.0.11\ref/net9.0/System.Transactions.dll
          Private = 'false'
      C:\Program Files\dotnet\packs\Microsoft.NETCore.App.Ref\9.0.11\ref/net9.0/System.ValueTuple.dll
          Private = 'false'
      C:\Program Files\dotnet\packs\Microsoft.NETCore.App.Ref\9.0.11\ref/net9.0/System.Web.HttpUtility.dll
          Private = 'false'
      C:\Program Files\dotnet\packs\Microsoft.NETCore.App.Ref\9.0.11\ref/net9.0/System.Web.dll
          Private = 'false'
      C:\Program Files\dotnet\packs\Microsoft.NETCore.App.Ref\9.0.11\ref/net9.0/System.Windows.dll
          Private = 'false'
      C:\Program Files\dotnet\packs\Microsoft.NETCore.App.Ref\9.0.11\ref/net9.0/System.Xml.Linq.dll
          Private = 'false'
      C:\Program Files\dotnet\packs\Microsoft.NETCore.App.Ref\9.0.11\ref/net9.0/System.Xml.ReaderWriter.dll
          Private = 'false'
      C:\Program Files\dotnet\packs\Microsoft.NETCore.App.Ref\9.0.11\ref/net9.0/System.Xml.Serialization.dll
          Private = 'false'
      C:\Program Files\dotnet\packs\Microsoft.NETCore.App.Ref\9.0.11\ref/net9.0/System.Xml.XDocument.dll
          Private = 'false'
      C:\Program Files\dotnet\packs\Microsoft.NETCore.App.Ref\9.0.11\ref/net9.0/System.Xml.XPath.XDocument.dll
          Private = 'false'
      C:\Program Files\dotnet\packs\Microsoft.NETCore.App.Ref\9.0.11\ref/net9.0/System.Xml.XPath.dll
          Private = 'false'
      C:\Program Files\dotnet\packs\Microsoft.NETCore.App.Ref\9.0.11\ref/net9.0/System.Xml.XmlDocument.dll
          Private = 'false'
      C:\Program Files\dotnet\packs\Microsoft.NETCore.App.Ref\9.0.11\ref/net9.0/System.Xml.XmlSerializer.dll
          Private = 'false'
      C:\Program Files\dotnet\packs\Microsoft.NETCore.App.Ref\9.0.11\ref/net9.0/System.Xml.dll
          Private = 'false'
      C:\Program Files\dotnet\packs\Microsoft.NETCore.App.Ref\9.0.11\ref/net9.0/System.dll
          Private = 'false'
      C:\Program Files\dotnet\packs\Microsoft.NETCore.App.Ref\9.0.11\ref/net9.0/WindowsBase.dll
          Private = 'false'
      C:\Program Files\dotnet\packs\Microsoft.NETCore.App.Ref\9.0.11\ref/net9.0/mscorlib.dll
          Private = 'false'
      C:\Program Files\dotnet\packs\Microsoft.NETCore.App.Ref\9.0.11\ref/net9.0/netstandard.dll
          Private = 'false'
  AssemblyFiles:
  CandidateAssemblyFiles:
  TargetFrameworkDirectories:

  NonCultureResourceDirectories:

  InstalledAssemblyTables:
  IgnoreInstalledAssemblyTable:
      False
  SearchPaths:
      {CandidateAssemblyFiles}
      C:\Program Files (x86)\Windows Kits\10\References
      C:\Program Files\Microsoft Visual Studio\18\Community\VC\Tools\MSVC\14.50.35717\atlmfc\lib\x64
      C:\Program Files\Microsoft Visual Studio\18\Community\VC\Tools\MSVC\14.50.35717\lib\x64
      {HintPathFromItem}
      {TargetFrameworkDirectory}
      {AssemblyFoldersFromConfig:C:\Program Files\Microsoft Visual Studio\18\Community\MSBuild\Current\Bin\AssemblyFolders.config,v9.0}
      {Registry:Software\Microsoft\.NETCoreApp,v9.0,AssemblyFoldersEx}
      {AssemblyFolders}
      {GAC}
      {RawFileName}
      F:\projects\DroidNet\projects\Oxygen.Editor.Interop\src\../../..\artifacts\bin\Oxygen.Editor.Interop\Debug_net9.0\
  AllowedAssemblyExtensions:
      .winmd
      .dll
      .exe
  AllowedRelatedFileExtensions:
      .runtimeconfig.json
      .deps.json
  AppConfigFile:

  AutoUnify:
      True
  EnableCustomCulture:
      False
  EnableCustomCulture:
      False
  CopyLocalDependenciesWhenParentReferenceInGac:
      True
  FindDependencies:
      True
  TargetProcessorArchitecture:
      amd64
  StateFile:
      F:\projects\DroidNet\projects\Oxygen.Editor.Interop\src\../../..\artifacts\obj\Oxygen.Editor.Interop\Debug_net9.0\Oxygen.Editor.Interop.vcxproj.AssemblyReference.cache
  InstalledAssemblySubsetTables:
  IgnoreInstalledAssemblySubsetTable:
      False
  TargetFrameworkSubsets:
  FullTargetFrameworkSubsetNames:
      Full
  ProfileName:

  FullFrameworkFolders:
  LatestTargetFrameworkDirectories:
  ProfileTablesLocation:
  Primary reference "Microsoft.Extensions.DependencyInjection.Abstractions, Version=10.0.0.0, Culture=neutral, PublicKeyToken=adb9793829ddae60".
      Resolved file path is "C:\Users\abdes\.nuget\packages\microsoft.extensions.dependencyinjection.abstractions\10.0.0\lib\net9.0\Microsoft.Extensions.DependencyInjection.Abstractions.dll".
      Reference found at search path location "{HintPathFromItem}".
      This reference is not "CopyLocal" because at least one source item had "Private" set to "false" and no source items had "Private" set to "true".
  Primary reference "Microsoft.Extensions.Logging.Abstractions, Version=10.0.0.0, Culture=neutral, PublicKeyToken=adb9793829ddae60".
      Resolved file path is "C:\Users\abdes\.nuget\packages\microsoft.extensions.logging.abstractions\10.0.0\lib\net9.0\Microsoft.Extensions.Logging.Abstractions.dll".
      Reference found at search path location "{HintPathFromItem}".
      This reference is not "CopyLocal" because at least one source item had "Private" set to "false" and no source items had "Private" set to "true".
  Primary reference "System.Diagnostics.DiagnosticSource, Version=10.0.0.0, Culture=neutral, PublicKeyToken=cc7b13ffcd2ddd51".
      Resolved file path is "C:\Users\abdes\.nuget\packages\system.diagnostics.diagnosticsource\10.0.0\lib\net9.0\System.Diagnostics.DiagnosticSource.dll".
      Reference found at search path location "{HintPathFromItem}".
      This reference is not "CopyLocal" because at least one source item had "Private" set to "false" and no source items had "Private" set to "true".
  Primary reference "Microsoft.CSharp, Version=9.0.0.0, Culture=neutral, PublicKeyToken=b03f5f7f11d50a3a".
      Resolved file path is "C:\Program Files\dotnet\packs\Microsoft.NETCore.App.Ref\9.0.11\ref\net9.0\Microsoft.CSharp.dll".
      Reference found at search path location "{RawFileName}".
      This reference is not "CopyLocal" because at least one source item had "Private" set to "false" and no source items had "Private" set to "true".
  Primary reference "Microsoft.VisualBasic.Core, Version=14.0.0.0, Culture=neutral, PublicKeyToken=b03f5f7f11d50a3a".
      Resolved file path is "C:\Program Files\dotnet\packs\Microsoft.NETCore.App.Ref\9.0.11\ref\net9.0\Microsoft.VisualBasic.Core.dll".
      Reference found at search path location "{RawFileName}".
      This reference is not "CopyLocal" because at least one source item had "Private" set to "false" and no source items had "Private" set to "true".
  Primary reference "Microsoft.VisualBasic, Version=10.0.0.0, Culture=neutral, PublicKeyToken=b03f5f7f11d50a3a".
      Resolved file path is "C:\Program Files\dotnet\packs\Microsoft.NETCore.App.Ref\9.0.11\ref\net9.0\Microsoft.VisualBasic.dll".
      Reference found at search path location "{RawFileName}".
      This reference is not "CopyLocal" because at least one source item had "Private" set to "false" and no source items had "Private" set to "true".
  Primary reference "Microsoft.Win32.Primitives, Version=9.0.0.0, Culture=neutral, PublicKeyToken=b03f5f7f11d50a3a".
      Resolved file path is "C:\Program Files\dotnet\packs\Microsoft.NETCore.App.Ref\9.0.11\ref\net9.0\Microsoft.Win32.Primitives.dll".
      Reference found at search path location "{RawFileName}".
      This reference is not "CopyLocal" because at least one source item had "Private" set to "false" and no source items had "Private" set to "true".
  Primary reference "Microsoft.Win32.Registry, Version=9.0.0.0, Culture=neutral, PublicKeyToken=b03f5f7f11d50a3a".
      Resolved file path is "C:\Program Files\dotnet\packs\Microsoft.NETCore.App.Ref\9.0.11\ref\net9.0\Microsoft.Win32.Registry.dll".
      Reference found at search path location "{RawFileName}".
      This reference is not "CopyLocal" because at least one source item had "Private" set to "false" and no source items had "Private" set to "true".
  Primary reference "System.AppContext, Version=9.0.0.0, Culture=neutral, PublicKeyToken=b03f5f7f11d50a3a".
      Resolved file path is "C:\Program Files\dotnet\packs\Microsoft.NETCore.App.Ref\9.0.11\ref\net9.0\System.AppContext.dll".
      Reference found at search path location "{RawFileName}".
      This reference is not "CopyLocal" because at least one source item had "Private" set to "false" and no source items had "Private" set to "true".
  Primary reference "System.Buffers, Version=9.0.0.0, Culture=neutral, PublicKeyToken=cc7b13ffcd2ddd51".
      Resolved file path is "C:\Program Files\dotnet\packs\Microsoft.NETCore.App.Ref\9.0.11\ref\net9.0\System.Buffers.dll".
      Reference found at search path location "{RawFileName}".
      This reference is not "CopyLocal" because at least one source item had "Private" set to "false" and no source items had "Private" set to "true".
  Primary reference "System.Collections.Concurrent, Version=9.0.0.0, Culture=neutral, PublicKeyToken=b03f5f7f11d50a3a".
      Resolved file path is "C:\Program Files\dotnet\packs\Microsoft.NETCore.App.Ref\9.0.11\ref\net9.0\System.Collections.Concurrent.dll".
      Reference found at search path location "{RawFileName}".
      This reference is not "CopyLocal" because at least one source item had "Private" set to "false" and no source items had "Private" set to "true".
  Primary reference "System.Collections.Immutable, Version=9.0.0.0, Culture=neutral, PublicKeyToken=b03f5f7f11d50a3a".
      Resolved file path is "C:\Program Files\dotnet\packs\Microsoft.NETCore.App.Ref\9.0.11\ref\net9.0\System.Collections.Immutable.dll".
      Reference found at search path location "{RawFileName}".
      This reference is not "CopyLocal" because at least one source item had "Private" set to "false" and no source items had "Private" set to "true".
  Primary reference "System.Collections.NonGeneric, Version=9.0.0.0, Culture=neutral, PublicKeyToken=b03f5f7f11d50a3a".
      Resolved file path is "C:\Program Files\dotnet\packs\Microsoft.NETCore.App.Ref\9.0.11\ref\net9.0\System.Collections.NonGeneric.dll".
      Reference found at search path location "{RawFileName}".
      This reference is not "CopyLocal" because at least one source item had "Private" set to "false" and no source items had "Private" set to "true".
  Primary reference "System.Collections.Specialized, Version=9.0.0.0, Culture=neutral, PublicKeyToken=b03f5f7f11d50a3a".
      Resolved file path is "C:\Program Files\dotnet\packs\Microsoft.NETCore.App.Ref\9.0.11\ref\net9.0\System.Collections.Specialized.dll".
      Reference found at search path location "{RawFileName}".
      This reference is not "CopyLocal" because at least one source item had "Private" set to "false" and no source items had "Private" set to "true".
  Primary reference "System.Collections, Version=9.0.0.0, Culture=neutral, PublicKeyToken=b03f5f7f11d50a3a".
      Resolved file path is "C:\Program Files\dotnet\packs\Microsoft.NETCore.App.Ref\9.0.11\ref\net9.0\System.Collections.dll".
      Reference found at search path location "{RawFileName}".
      This reference is not "CopyLocal" because at least one source item had "Private" set to "false" and no source items had "Private" set to "true".
  Primary reference "System.ComponentModel.Annotations, Version=9.0.0.0, Culture=neutral, PublicKeyToken=b03f5f7f11d50a3a".
      Resolved file path is "C:\Program Files\dotnet\packs\Microsoft.NETCore.App.Ref\9.0.11\ref\net9.0\System.ComponentModel.Annotations.dll".
      Reference found at search path location "{RawFileName}".
      This reference is not "CopyLocal" because at least one source item had "Private" set to "false" and no source items had "Private" set to "true".
  Primary reference "System.ComponentModel.DataAnnotations, Version=4.0.0.0, Culture=neutral, PublicKeyToken=31bf3856ad364e35".
      Resolved file path is "C:\Program Files\dotnet\packs\Microsoft.NETCore.App.Ref\9.0.11\ref\net9.0\System.ComponentModel.DataAnnotations.dll".
      Reference found at search path location "{RawFileName}".
      This reference is not "CopyLocal" because at least one source item had "Private" set to "false" and no source items had "Private" set to "true".
  Primary reference "System.ComponentModel.EventBasedAsync, Version=9.0.0.0, Culture=neutral, PublicKeyToken=b03f5f7f11d50a3a".
      Resolved file path is "C:\Program Files\dotnet\packs\Microsoft.NETCore.App.Ref\9.0.11\ref\net9.0\System.ComponentModel.EventBasedAsync.dll".
      Reference found at search path location "{RawFileName}".
      This reference is not "CopyLocal" because at least one source item had "Private" set to "false" and no source items had "Private" set to "true".
  Primary reference "System.ComponentModel.Primitives, Version=9.0.0.0, Culture=neutral, PublicKeyToken=b03f5f7f11d50a3a".
      Resolved file path is "C:\Program Files\dotnet\packs\Microsoft.NETCore.App.Ref\9.0.11\ref\net9.0\System.ComponentModel.Primitives.dll".
      Reference found at search path location "{RawFileName}".
      This reference is not "CopyLocal" because at least one source item had "Private" set to "false" and no source items had "Private" set to "true".
  Primary reference "System.ComponentModel.TypeConverter, Version=9.0.0.0, Culture=neutral, PublicKeyToken=b03f5f7f11d50a3a".
      Resolved file path is "C:\Program Files\dotnet\packs\Microsoft.NETCore.App.Ref\9.0.11\ref\net9.0\System.ComponentModel.TypeConverter.dll".
      Reference found at search path location "{RawFileName}".
      This reference is not "CopyLocal" because at least one source item had "Private" set to "false" and no source items had "Private" set to "true".
  Primary reference "System.ComponentModel, Version=9.0.0.0, Culture=neutral, PublicKeyToken=b03f5f7f11d50a3a".
      Resolved file path is "C:\Program Files\dotnet\packs\Microsoft.NETCore.App.Ref\9.0.11\ref\net9.0\System.ComponentModel.dll".
      Reference found at search path location "{RawFileName}".
      This reference is not "CopyLocal" because at least one source item had "Private" set to "false" and no source items had "Private" set to "true".
  Primary reference "System.Configuration, Version=4.0.0.0, Culture=neutral, PublicKeyToken=b03f5f7f11d50a3a".
      Resolved file path is "C:\Program Files\dotnet\packs\Microsoft.NETCore.App.Ref\9.0.11\ref\net9.0\System.Configuration.dll".
      Reference found at search path location "{RawFileName}".
      This reference is not "CopyLocal" because at least one source item had "Private" set to "false" and no source items had "Private" set to "true".
  Primary reference "System.Console, Version=9.0.0.0, Culture=neutral, PublicKeyToken=b03f5f7f11d50a3a".
      Resolved file path is "C:\Program Files\dotnet\packs\Microsoft.NETCore.App.Ref\9.0.11\ref\net9.0\System.Console.dll".
      Reference found at search path location "{RawFileName}".
      This reference is not "CopyLocal" because at least one source item had "Private" set to "false" and no source items had "Private" set to "true".
  Primary reference "System.Core, Version=4.0.0.0, Culture=neutral, PublicKeyToken=b77a5c561934e089".
      Resolved file path is "C:\Program Files\dotnet\packs\Microsoft.NETCore.App.Ref\9.0.11\ref\net9.0\System.Core.dll".
      Reference found at search path location "{RawFileName}".
      This reference is not "CopyLocal" because at least one source item had "Private" set to "false" and no source items had "Private" set to "true".
  Primary reference "System.Data.Common, Version=9.0.0.0, Culture=neutral, PublicKeyToken=b03f5f7f11d50a3a".
      Resolved file path is "C:\Program Files\dotnet\packs\Microsoft.NETCore.App.Ref\9.0.11\ref\net9.0\System.Data.Common.dll".
      Reference found at search path location "{RawFileName}".
      This reference is not "CopyLocal" because at least one source item had "Private" set to "false" and no source items had "Private" set to "true".
  Primary reference "System.Data.DataSetExtensions, Version=9.0.0.0, Culture=neutral, PublicKeyToken=b77a5c561934e089".
      Resolved file path is "C:\Program Files\dotnet\packs\Microsoft.NETCore.App.Ref\9.0.11\ref\net9.0\System.Data.DataSetExtensions.dll".
      Reference found at search path location "{RawFileName}".
      This reference is not "CopyLocal" because at least one source item had "Private" set to "false" and no source items had "Private" set to "true".
  Primary reference "System.Data, Version=4.0.0.0, Culture=neutral, PublicKeyToken=b77a5c561934e089".
      Resolved file path is "C:\Program Files\dotnet\packs\Microsoft.NETCore.App.Ref\9.0.11\ref\net9.0\System.Data.dll".
      Reference found at search path location "{RawFileName}".
      This reference is not "CopyLocal" because at least one source item had "Private" set to "false" and no source items had "Private" set to "true".
  Primary reference "System.Diagnostics.Contracts, Version=9.0.0.0, Culture=neutral, PublicKeyToken=b03f5f7f11d50a3a".
      Resolved file path is "C:\Program Files\dotnet\packs\Microsoft.NETCore.App.Ref\9.0.11\ref\net9.0\System.Diagnostics.Contracts.dll".
      Reference found at search path location "{RawFileName}".
      This reference is not "CopyLocal" because at least one source item had "Private" set to "false" and no source items had "Private" set to "true".
  Primary reference "System.Diagnostics.Debug, Version=9.0.0.0, Culture=neutral, PublicKeyToken=b03f5f7f11d50a3a".
      Resolved file path is "C:\Program Files\dotnet\packs\Microsoft.NETCore.App.Ref\9.0.11\ref\net9.0\System.Diagnostics.Debug.dll".
      Reference found at search path location "{RawFileName}".
      This reference is not "CopyLocal" because at least one source item had "Private" set to "false" and no source items had "Private" set to "true".
  Primary reference "System.Diagnostics.FileVersionInfo, Version=9.0.0.0, Culture=neutral, PublicKeyToken=b03f5f7f11d50a3a".
      Resolved file path is "C:\Program Files\dotnet\packs\Microsoft.NETCore.App.Ref\9.0.11\ref\net9.0\System.Diagnostics.FileVersionInfo.dll".
      Reference found at search path location "{RawFileName}".
      This reference is not "CopyLocal" because at least one source item had "Private" set to "false" and no source items had "Private" set to "true".
  Primary reference "System.Diagnostics.Process, Version=9.0.0.0, Culture=neutral, PublicKeyToken=b03f5f7f11d50a3a".
      Resolved file path is "C:\Program Files\dotnet\packs\Microsoft.NETCore.App.Ref\9.0.11\ref\net9.0\System.Diagnostics.Process.dll".
      Reference found at search path location "{RawFileName}".
      This reference is not "CopyLocal" because at least one source item had "Private" set to "false" and no source items had "Private" set to "true".
  Primary reference "System.Diagnostics.StackTrace, Version=9.0.0.0, Culture=neutral, PublicKeyToken=b03f5f7f11d50a3a".
      Resolved file path is "C:\Program Files\dotnet\packs\Microsoft.NETCore.App.Ref\9.0.11\ref\net9.0\System.Diagnostics.StackTrace.dll".
      Reference found at search path location "{RawFileName}".
      This reference is not "CopyLocal" because at least one source item had "Private" set to "false" and no source items had "Private" set to "true".
  Primary reference "System.Diagnostics.TextWriterTraceListener, Version=9.0.0.0, Culture=neutral, PublicKeyToken=b03f5f7f11d50a3a".
      Resolved file path is "C:\Program Files\dotnet\packs\Microsoft.NETCore.App.Ref\9.0.11\ref\net9.0\System.Diagnostics.TextWriterTraceListener.dll".
      Reference found at search path location "{RawFileName}".
      This reference is not "CopyLocal" because at least one source item had "Private" set to "false" and no source items had "Private" set to "true".
  Primary reference "System.Diagnostics.Tools, Version=9.0.0.0, Culture=neutral, PublicKeyToken=b03f5f7f11d50a3a".
      Resolved file path is "C:\Program Files\dotnet\packs\Microsoft.NETCore.App.Ref\9.0.11\ref\net9.0\System.Diagnostics.Tools.dll".
      Reference found at search path location "{RawFileName}".
      This reference is not "CopyLocal" because at least one source item had "Private" set to "false" and no source items had "Private" set to "true".
  Primary reference "System.Diagnostics.TraceSource, Version=9.0.0.0, Culture=neutral, PublicKeyToken=b03f5f7f11d50a3a".
      Resolved file path is "C:\Program Files\dotnet\packs\Microsoft.NETCore.App.Ref\9.0.11\ref\net9.0\System.Diagnostics.TraceSource.dll".
      Reference found at search path location "{RawFileName}".
      This reference is not "CopyLocal" because at least one source item had "Private" set to "false" and no source items had "Private" set to "true".
  Primary reference "System.Diagnostics.Tracing, Version=9.0.0.0, Culture=neutral, PublicKeyToken=b03f5f7f11d50a3a".
      Resolved file path is "C:\Program Files\dotnet\packs\Microsoft.NETCore.App.Ref\9.0.11\ref\net9.0\System.Diagnostics.Tracing.dll".
      Reference found at search path location "{RawFileName}".
      This reference is not "CopyLocal" because at least one source item had "Private" set to "false" and no source items had "Private" set to "true".
  Primary reference "System.Drawing.Primitives, Version=9.0.0.0, Culture=neutral, PublicKeyToken=b03f5f7f11d50a3a".
      Resolved file path is "C:\Program Files\dotnet\packs\Microsoft.NETCore.App.Ref\9.0.11\ref\net9.0\System.Drawing.Primitives.dll".
      Reference found at search path location "{RawFileName}".
      This reference is not "CopyLocal" because at least one source item had "Private" set to "false" and no source items had "Private" set to "true".
  Primary reference "System.Drawing, Version=4.0.0.0, Culture=neutral, PublicKeyToken=b03f5f7f11d50a3a".
      Resolved file path is "C:\Program Files\dotnet\packs\Microsoft.NETCore.App.Ref\9.0.11\ref\net9.0\System.Drawing.dll".
      Reference found at search path location "{RawFileName}".
      This reference is not "CopyLocal" because at least one source item had "Private" set to "false" and no source items had "Private" set to "true".
  Primary reference "System.Dynamic.Runtime, Version=9.0.0.0, Culture=neutral, PublicKeyToken=b03f5f7f11d50a3a".
      Resolved file path is "C:\Program Files\dotnet\packs\Microsoft.NETCore.App.Ref\9.0.11\ref\net9.0\System.Dynamic.Runtime.dll".
      Reference found at search path location "{RawFileName}".
      This reference is not "CopyLocal" because at least one source item had "Private" set to "false" and no source items had "Private" set to "true".
  Primary reference "System.Formats.Asn1, Version=9.0.0.0, Culture=neutral, PublicKeyToken=cc7b13ffcd2ddd51".
      Resolved file path is "C:\Program Files\dotnet\packs\Microsoft.NETCore.App.Ref\9.0.11\ref\net9.0\System.Formats.Asn1.dll".
      Reference found at search path location "{RawFileName}".
      This reference is not "CopyLocal" because at least one source item had "Private" set to "false" and no source items had "Private" set to "true".
  Primary reference "System.Formats.Tar, Version=9.0.0.0, Culture=neutral, PublicKeyToken=cc7b13ffcd2ddd51".
      Resolved file path is "C:\Program Files\dotnet\packs\Microsoft.NETCore.App.Ref\9.0.11\ref\net9.0\System.Formats.Tar.dll".
      Reference found at search path location "{RawFileName}".
      This reference is not "CopyLocal" because at least one source item had "Private" set to "false" and no source items had "Private" set to "true".
  Primary reference "System.Globalization.Calendars, Version=9.0.0.0, Culture=neutral, PublicKeyToken=b03f5f7f11d50a3a".
      Resolved file path is "C:\Program Files\dotnet\packs\Microsoft.NETCore.App.Ref\9.0.11\ref\net9.0\System.Globalization.Calendars.dll".
      Reference found at search path location "{RawFileName}".
      This reference is not "CopyLocal" because at least one source item had "Private" set to "false" and no source items had "Private" set to "true".
  Primary reference "System.Globalization.Extensions, Version=9.0.0.0, Culture=neutral, PublicKeyToken=b03f5f7f11d50a3a".
      Resolved file path is "C:\Program Files\dotnet\packs\Microsoft.NETCore.App.Ref\9.0.11\ref\net9.0\System.Globalization.Extensions.dll".
      Reference found at search path location "{RawFileName}".
      This reference is not "CopyLocal" because at least one source item had "Private" set to "false" and no source items had "Private" set to "true".
  Primary reference "System.Globalization, Version=9.0.0.0, Culture=neutral, PublicKeyToken=b03f5f7f11d50a3a".
      Resolved file path is "C:\Program Files\dotnet\packs\Microsoft.NETCore.App.Ref\9.0.11\ref\net9.0\System.Globalization.dll".
      Reference found at search path location "{RawFileName}".
      This reference is not "CopyLocal" because at least one source item had "Private" set to "false" and no source items had "Private" set to "true".
  Primary reference "System.IO.Compression.Brotli, Version=9.0.0.0, Culture=neutral, PublicKeyToken=b77a5c561934e089".
      Resolved file path is "C:\Program Files\dotnet\packs\Microsoft.NETCore.App.Ref\9.0.11\ref\net9.0\System.IO.Compression.Brotli.dll".
      Reference found at search path location "{RawFileName}".
      This reference is not "CopyLocal" because at least one source item had "Private" set to "false" and no source items had "Private" set to "true".
  Primary reference "System.IO.Compression.FileSystem, Version=4.0.0.0, Culture=neutral, PublicKeyToken=b77a5c561934e089".
      Resolved file path is "C:\Program Files\dotnet\packs\Microsoft.NETCore.App.Ref\9.0.11\ref\net9.0\System.IO.Compression.FileSystem.dll".
      Reference found at search path location "{RawFileName}".
      This reference is not "CopyLocal" because at least one source item had "Private" set to "false" and no source items had "Private" set to "true".
  Primary reference "System.IO.Compression.ZipFile, Version=9.0.0.0, Culture=neutral, PublicKeyToken=b77a5c561934e089".
      Resolved file path is "C:\Program Files\dotnet\packs\Microsoft.NETCore.App.Ref\9.0.11\ref\net9.0\System.IO.Compression.ZipFile.dll".
      Reference found at search path location "{RawFileName}".
      This reference is not "CopyLocal" because at least one source item had "Private" set to "false" and no source items had "Private" set to "true".
  Primary reference "System.IO.Compression, Version=9.0.0.0, Culture=neutral, PublicKeyToken=b77a5c561934e089".
      Resolved file path is "C:\Program Files\dotnet\packs\Microsoft.NETCore.App.Ref\9.0.11\ref\net9.0\System.IO.Compression.dll".
      Reference found at search path location "{RawFileName}".
      This reference is not "CopyLocal" because at least one source item had "Private" set to "false" and no source items had "Private" set to "true".
  Primary reference "System.IO.FileSystem.AccessControl, Version=9.0.0.0, Culture=neutral, PublicKeyToken=b03f5f7f11d50a3a".
      Resolved file path is "C:\Program Files\dotnet\packs\Microsoft.NETCore.App.Ref\9.0.11\ref\net9.0\System.IO.FileSystem.AccessControl.dll".
      Reference found at search path location "{RawFileName}".
      This reference is not "CopyLocal" because at least one source item had "Private" set to "false" and no source items had "Private" set to "true".
  Primary reference "System.IO.FileSystem.DriveInfo, Version=9.0.0.0, Culture=neutral, PublicKeyToken=b03f5f7f11d50a3a".
      Resolved file path is "C:\Program Files\dotnet\packs\Microsoft.NETCore.App.Ref\9.0.11\ref\net9.0\System.IO.FileSystem.DriveInfo.dll".
      Reference found at search path location "{RawFileName}".
      This reference is not "CopyLocal" because at least one source item had "Private" set to "false" and no source items had "Private" set to "true".
  Primary reference "System.IO.FileSystem.Primitives, Version=9.0.0.0, Culture=neutral, PublicKeyToken=b03f5f7f11d50a3a".
      Resolved file path is "C:\Program Files\dotnet\packs\Microsoft.NETCore.App.Ref\9.0.11\ref\net9.0\System.IO.FileSystem.Primitives.dll".
      Reference found at search path location "{RawFileName}".
      This reference is not "CopyLocal" because at least one source item had "Private" set to "false" and no source items had "Private" set to "true".
  Primary reference "System.IO.FileSystem.Watcher, Version=9.0.0.0, Culture=neutral, PublicKeyToken=b03f5f7f11d50a3a".
      Resolved file path is "C:\Program Files\dotnet\packs\Microsoft.NETCore.App.Ref\9.0.11\ref\net9.0\System.IO.FileSystem.Watcher.dll".
      Reference found at search path location "{RawFileName}".
      This reference is not "CopyLocal" because at least one source item had "Private" set to "false" and no source items had "Private" set to "true".
  Primary reference "System.IO.FileSystem, Version=9.0.0.0, Culture=neutral, PublicKeyToken=b03f5f7f11d50a3a".
      Resolved file path is "C:\Program Files\dotnet\packs\Microsoft.NETCore.App.Ref\9.0.11\ref\net9.0\System.IO.FileSystem.dll".
      Reference found at search path location "{RawFileName}".
      This reference is not "CopyLocal" because at least one source item had "Private" set to "false" and no source items had "Private" set to "true".
  Primary reference "System.IO.IsolatedStorage, Version=9.0.0.0, Culture=neutral, PublicKeyToken=b03f5f7f11d50a3a".
      Resolved file path is "C:\Program Files\dotnet\packs\Microsoft.NETCore.App.Ref\9.0.11\ref\net9.0\System.IO.IsolatedStorage.dll".
      Reference found at search path location "{RawFileName}".
      This reference is not "CopyLocal" because at least one source item had "Private" set to "false" and no source items had "Private" set to "true".
  Primary reference "System.IO.MemoryMappedFiles, Version=9.0.0.0, Culture=neutral, PublicKeyToken=b03f5f7f11d50a3a".
      Resolved file path is "C:\Program Files\dotnet\packs\Microsoft.NETCore.App.Ref\9.0.11\ref\net9.0\System.IO.MemoryMappedFiles.dll".
      Reference found at search path location "{RawFileName}".
      This reference is not "CopyLocal" because at least one source item had "Private" set to "false" and no source items had "Private" set to "true".
  Primary reference "System.IO.Pipelines, Version=9.0.0.0, Culture=neutral, PublicKeyToken=cc7b13ffcd2ddd51".
      Resolved file path is "C:\Program Files\dotnet\packs\Microsoft.NETCore.App.Ref\9.0.11\ref\net9.0\System.IO.Pipelines.dll".
      Reference found at search path location "{RawFileName}".
      This reference is not "CopyLocal" because at least one source item had "Private" set to "false" and no source items had "Private" set to "true".
  Primary reference "System.IO.Pipes.AccessControl, Version=9.0.0.0, Culture=neutral, PublicKeyToken=b03f5f7f11d50a3a".
      Resolved file path is "C:\Program Files\dotnet\packs\Microsoft.NETCore.App.Ref\9.0.11\ref\net9.0\System.IO.Pipes.AccessControl.dll".
      Reference found at search path location "{RawFileName}".
      This reference is not "CopyLocal" because at least one source item had "Private" set to "false" and no source items had "Private" set to "true".
  Primary reference "System.IO.Pipes, Version=9.0.0.0, Culture=neutral, PublicKeyToken=b03f5f7f11d50a3a".
      Resolved file path is "C:\Program Files\dotnet\packs\Microsoft.NETCore.App.Ref\9.0.11\ref\net9.0\System.IO.Pipes.dll".
      Reference found at search path location "{RawFileName}".
      This reference is not "CopyLocal" because at least one source item had "Private" set to "false" and no source items had "Private" set to "true".
  Primary reference "System.IO.UnmanagedMemoryStream, Version=9.0.0.0, Culture=neutral, PublicKeyToken=b03f5f7f11d50a3a".
      Resolved file path is "C:\Program Files\dotnet\packs\Microsoft.NETCore.App.Ref\9.0.11\ref\net9.0\System.IO.UnmanagedMemoryStream.dll".
      Reference found at search path location "{RawFileName}".
      This reference is not "CopyLocal" because at least one source item had "Private" set to "false" and no source items had "Private" set to "true".
  Primary reference "System.IO, Version=9.0.0.0, Culture=neutral, PublicKeyToken=b03f5f7f11d50a3a".
      Resolved file path is "C:\Program Files\dotnet\packs\Microsoft.NETCore.App.Ref\9.0.11\ref\net9.0\System.IO.dll".
      Reference found at search path location "{RawFileName}".
      This reference is not "CopyLocal" because at least one source item had "Private" set to "false" and no source items had "Private" set to "true".
  Primary reference "System.Linq.Expressions, Version=9.0.0.0, Culture=neutral, PublicKeyToken=b03f5f7f11d50a3a".
      Resolved file path is "C:\Program Files\dotnet\packs\Microsoft.NETCore.App.Ref\9.0.11\ref\net9.0\System.Linq.Expressions.dll".
      Reference found at search path location "{RawFileName}".
      This reference is not "CopyLocal" because at least one source item had "Private" set to "false" and no source items had "Private" set to "true".
  Primary reference "System.Linq.Parallel, Version=9.0.0.0, Culture=neutral, PublicKeyToken=b03f5f7f11d50a3a".
      Resolved file path is "C:\Program Files\dotnet\packs\Microsoft.NETCore.App.Ref\9.0.11\ref\net9.0\System.Linq.Parallel.dll".
      Reference found at search path location "{RawFileName}".
      This reference is not "CopyLocal" because at least one source item had "Private" set to "false" and no source items had "Private" set to "true".
  Primary reference "System.Linq.Queryable, Version=9.0.0.0, Culture=neutral, PublicKeyToken=b03f5f7f11d50a3a".
      Resolved file path is "C:\Program Files\dotnet\packs\Microsoft.NETCore.App.Ref\9.0.11\ref\net9.0\System.Linq.Queryable.dll".
      Reference found at search path location "{RawFileName}".
      This reference is not "CopyLocal" because at least one source item had "Private" set to "false" and no source items had "Private" set to "true".
  Primary reference "System.Linq, Version=9.0.0.0, Culture=neutral, PublicKeyToken=b03f5f7f11d50a3a".
      Resolved file path is "C:\Program Files\dotnet\packs\Microsoft.NETCore.App.Ref\9.0.11\ref\net9.0\System.Linq.dll".
      Reference found at search path location "{RawFileName}".
      This reference is not "CopyLocal" because at least one source item had "Private" set to "false" and no source items had "Private" set to "true".
  Primary reference "System.Memory, Version=9.0.0.0, Culture=neutral, PublicKeyToken=cc7b13ffcd2ddd51".
      Resolved file path is "C:\Program Files\dotnet\packs\Microsoft.NETCore.App.Ref\9.0.11\ref\net9.0\System.Memory.dll".
      Reference found at search path location "{RawFileName}".
      This reference is not "CopyLocal" because at least one source item had "Private" set to "false" and no source items had "Private" set to "true".
  Primary reference "System.Net.Http.Json, Version=9.0.0.0, Culture=neutral, PublicKeyToken=cc7b13ffcd2ddd51".
      Resolved file path is "C:\Program Files\dotnet\packs\Microsoft.NETCore.App.Ref\9.0.11\ref\net9.0\System.Net.Http.Json.dll".
      Reference found at search path location "{RawFileName}".
      This reference is not "CopyLocal" because at least one source item had "Private" set to "false" and no source items had "Private" set to "true".
  Primary reference "System.Net.Http, Version=9.0.0.0, Culture=neutral, PublicKeyToken=b03f5f7f11d50a3a".
      Resolved file path is "C:\Program Files\dotnet\packs\Microsoft.NETCore.App.Ref\9.0.11\ref\net9.0\System.Net.Http.dll".
      Reference found at search path location "{RawFileName}".
      This reference is not "CopyLocal" because at least one source item had "Private" set to "false" and no source items had "Private" set to "true".
  Primary reference "System.Net.HttpListener, Version=9.0.0.0, Culture=neutral, PublicKeyToken=cc7b13ffcd2ddd51".
      Resolved file path is "C:\Program Files\dotnet\packs\Microsoft.NETCore.App.Ref\9.0.11\ref\net9.0\System.Net.HttpListener.dll".
      Reference found at search path location "{RawFileName}".
      This reference is not "CopyLocal" because at least one source item had "Private" set to "false" and no source items had "Private" set to "true".
  Primary reference "System.Net.Mail, Version=9.0.0.0, Culture=neutral, PublicKeyToken=cc7b13ffcd2ddd51".
      Resolved file path is "C:\Program Files\dotnet\packs\Microsoft.NETCore.App.Ref\9.0.11\ref\net9.0\System.Net.Mail.dll".
      Reference found at search path location "{RawFileName}".
      This reference is not "CopyLocal" because at least one source item had "Private" set to "false" and no source items had "Private" set to "true".
  Primary reference "System.Net.NameResolution, Version=9.0.0.0, Culture=neutral, PublicKeyToken=b03f5f7f11d50a3a".
      Resolved file path is "C:\Program Files\dotnet\packs\Microsoft.NETCore.App.Ref\9.0.11\ref\net9.0\System.Net.NameResolution.dll".
      Reference found at search path location "{RawFileName}".
      This reference is not "CopyLocal" because at least one source item had "Private" set to "false" and no source items had "Private" set to "true".
  Primary reference "System.Net.NetworkInformation, Version=9.0.0.0, Culture=neutral, PublicKeyToken=b03f5f7f11d50a3a".
      Resolved file path is "C:\Program Files\dotnet\packs\Microsoft.NETCore.App.Ref\9.0.11\ref\net9.0\System.Net.NetworkInformation.dll".
      Reference found at search path location "{RawFileName}".
      This reference is not "CopyLocal" because at least one source item had "Private" set to "false" and no source items had "Private" set to "true".
  Primary reference "System.Net.Ping, Version=9.0.0.0, Culture=neutral, PublicKeyToken=b03f5f7f11d50a3a".
      Resolved file path is "C:\Program Files\dotnet\packs\Microsoft.NETCore.App.Ref\9.0.11\ref\net9.0\System.Net.Ping.dll".
      Reference found at search path location "{RawFileName}".
      This reference is not "CopyLocal" because at least one source item had "Private" set to "false" and no source items had "Private" set to "true".
  Primary reference "System.Net.Primitives, Version=9.0.0.0, Culture=neutral, PublicKeyToken=b03f5f7f11d50a3a".
      Resolved file path is "C:\Program Files\dotnet\packs\Microsoft.NETCore.App.Ref\9.0.11\ref\net9.0\System.Net.Primitives.dll".
      Reference found at search path location "{RawFileName}".
      This reference is not "CopyLocal" because at least one source item had "Private" set to "false" and no source items had "Private" set to "true".
  Primary reference "System.Net.Quic, Version=9.0.0.0, Culture=neutral, PublicKeyToken=b03f5f7f11d50a3a".
      Resolved file path is "C:\Program Files\dotnet\packs\Microsoft.NETCore.App.Ref\9.0.11\ref\net9.0\System.Net.Quic.dll".
      Reference found at search path location "{RawFileName}".
      This reference is not "CopyLocal" because at least one source item had "Private" set to "false" and no source items had "Private" set to "true".
  Primary reference "System.Net.Requests, Version=9.0.0.0, Culture=neutral, PublicKeyToken=b03f5f7f11d50a3a".
      Resolved file path is "C:\Program Files\dotnet\packs\Microsoft.NETCore.App.Ref\9.0.11\ref\net9.0\System.Net.Requests.dll".
      Reference found at search path location "{RawFileName}".
      This reference is not "CopyLocal" because at least one source item had "Private" set to "false" and no source items had "Private" set to "true".
  Primary reference "System.Net.Security, Version=9.0.0.0, Culture=neutral, PublicKeyToken=b03f5f7f11d50a3a".
      Resolved file path is "C:\Program Files\dotnet\packs\Microsoft.NETCore.App.Ref\9.0.11\ref\net9.0\System.Net.Security.dll".
      Reference found at search path location "{RawFileName}".
      This reference is not "CopyLocal" because at least one source item had "Private" set to "false" and no source items had "Private" set to "true".
  Primary reference "System.Net.ServicePoint, Version=9.0.0.0, Culture=neutral, PublicKeyToken=cc7b13ffcd2ddd51".
      Resolved file path is "C:\Program Files\dotnet\packs\Microsoft.NETCore.App.Ref\9.0.11\ref\net9.0\System.Net.ServicePoint.dll".
      Reference found at search path location "{RawFileName}".
      This reference is not "CopyLocal" because at least one source item had "Private" set to "false" and no source items had "Private" set to "true".
  Primary reference "System.Net.Sockets, Version=9.0.0.0, Culture=neutral, PublicKeyToken=b03f5f7f11d50a3a".
      Resolved file path is "C:\Program Files\dotnet\packs\Microsoft.NETCore.App.Ref\9.0.11\ref\net9.0\System.Net.Sockets.dll".
      Reference found at search path location "{RawFileName}".
      This reference is not "CopyLocal" because at least one source item had "Private" set to "false" and no source items had "Private" set to "true".
  Primary reference "System.Net.WebClient, Version=9.0.0.0, Culture=neutral, PublicKeyToken=cc7b13ffcd2ddd51".
      Resolved file path is "C:\Program Files\dotnet\packs\Microsoft.NETCore.App.Ref\9.0.11\ref\net9.0\System.Net.WebClient.dll".
      Reference found at search path location "{RawFileName}".
      This reference is not "CopyLocal" because at least one source item had "Private" set to "false" and no source items had "Private" set to "true".
  Primary reference "System.Net.WebHeaderCollection, Version=9.0.0.0, Culture=neutral, PublicKeyToken=b03f5f7f11d50a3a".
      Resolved file path is "C:\Program Files\dotnet\packs\Microsoft.NETCore.App.Ref\9.0.11\ref\net9.0\System.Net.WebHeaderCollection.dll".
      Reference found at search path location "{RawFileName}".
      This reference is not "CopyLocal" because at least one source item had "Private" set to "false" and no source items had "Private" set to "true".
  Primary reference "System.Net.WebProxy, Version=9.0.0.0, Culture=neutral, PublicKeyToken=cc7b13ffcd2ddd51".
      Resolved file path is "C:\Program Files\dotnet\packs\Microsoft.NETCore.App.Ref\9.0.11\ref\net9.0\System.Net.WebProxy.dll".
      Reference found at search path location "{RawFileName}".
      This reference is not "CopyLocal" because at least one source item had "Private" set to "false" and no source items had "Private" set to "true".
  Primary reference "System.Net.WebSockets.Client, Version=9.0.0.0, Culture=neutral, PublicKeyToken=b03f5f7f11d50a3a".
      Resolved file path is "C:\Program Files\dotnet\packs\Microsoft.NETCore.App.Ref\9.0.11\ref\net9.0\System.Net.WebSockets.Client.dll".
      Reference found at search path location "{RawFileName}".
      This reference is not "CopyLocal" because at least one source item had "Private" set to "false" and no source items had "Private" set to "true".
  Primary reference "System.Net.WebSockets, Version=9.0.0.0, Culture=neutral, PublicKeyToken=b03f5f7f11d50a3a".
      Resolved file path is "C:\Program Files\dotnet\packs\Microsoft.NETCore.App.Ref\9.0.11\ref\net9.0\System.Net.WebSockets.dll".
      Reference found at search path location "{RawFileName}".
      This reference is not "CopyLocal" because at least one source item had "Private" set to "false" and no source items had "Private" set to "true".
  Primary reference "System.Net, Version=4.0.0.0, Culture=neutral, PublicKeyToken=b03f5f7f11d50a3a".
      Resolved file path is "C:\Program Files\dotnet\packs\Microsoft.NETCore.App.Ref\9.0.11\ref\net9.0\System.Net.dll".
      Reference found at search path location "{RawFileName}".
      This reference is not "CopyLocal" because at least one source item had "Private" set to "false" and no source items had "Private" set to "true".
  Primary reference "System.Numerics.Vectors, Version=9.0.0.0, Culture=neutral, PublicKeyToken=b03f5f7f11d50a3a".
      Resolved file path is "C:\Program Files\dotnet\packs\Microsoft.NETCore.App.Ref\9.0.11\ref\net9.0\System.Numerics.Vectors.dll".
      Reference found at search path location "{RawFileName}".
      This reference is not "CopyLocal" because at least one source item had "Private" set to "false" and no source items had "Private" set to "true".
  Primary reference "System.Numerics, Version=4.0.0.0, Culture=neutral, PublicKeyToken=b77a5c561934e089".
      Resolved file path is "C:\Program Files\dotnet\packs\Microsoft.NETCore.App.Ref\9.0.11\ref\net9.0\System.Numerics.dll".
      Reference found at search path location "{RawFileName}".
      This reference is not "CopyLocal" because at least one source item had "Private" set to "false" and no source items had "Private" set to "true".
  Primary reference "System.ObjectModel, Version=9.0.0.0, Culture=neutral, PublicKeyToken=b03f5f7f11d50a3a".
      Resolved file path is "C:\Program Files\dotnet\packs\Microsoft.NETCore.App.Ref\9.0.11\ref\net9.0\System.ObjectModel.dll".
      Reference found at search path location "{RawFileName}".
      This reference is not "CopyLocal" because at least one source item had "Private" set to "false" and no source items had "Private" set to "true".
  Primary reference "System.Reflection.DispatchProxy, Version=9.0.0.0, Culture=neutral, PublicKeyToken=b03f5f7f11d50a3a".
      Resolved file path is "C:\Program Files\dotnet\packs\Microsoft.NETCore.App.Ref\9.0.11\ref\net9.0\System.Reflection.DispatchProxy.dll".
      Reference found at search path location "{RawFileName}".
      This reference is not "CopyLocal" because at least one source item had "Private" set to "false" and no source items had "Private" set to "true".
  Primary reference "System.Reflection.Emit.ILGeneration, Version=9.0.0.0, Culture=neutral, PublicKeyToken=b03f5f7f11d50a3a".
      Resolved file path is "C:\Program Files\dotnet\packs\Microsoft.NETCore.App.Ref\9.0.11\ref\net9.0\System.Reflection.Emit.ILGeneration.dll".
      Reference found at search path location "{RawFileName}".
      This reference is not "CopyLocal" because at least one source item had "Private" set to "false" and no source items had "Private" set to "true".
  Primary reference "System.Reflection.Emit.Lightweight, Version=9.0.0.0, Culture=neutral, PublicKeyToken=b03f5f7f11d50a3a".
      Resolved file path is "C:\Program Files\dotnet\packs\Microsoft.NETCore.App.Ref\9.0.11\ref\net9.0\System.Reflection.Emit.Lightweight.dll".
      Reference found at search path location "{RawFileName}".
      This reference is not "CopyLocal" because at least one source item had "Private" set to "false" and no source items had "Private" set to "true".
  Primary reference "System.Reflection.Emit, Version=9.0.0.0, Culture=neutral, PublicKeyToken=b03f5f7f11d50a3a".
      Resolved file path is "C:\Program Files\dotnet\packs\Microsoft.NETCore.App.Ref\9.0.11\ref\net9.0\System.Reflection.Emit.dll".
      Reference found at search path location "{RawFileName}".
      This reference is not "CopyLocal" because at least one source item had "Private" set to "false" and no source items had "Private" set to "true".
  Primary reference "System.Reflection.Extensions, Version=9.0.0.0, Culture=neutral, PublicKeyToken=b03f5f7f11d50a3a".
      Resolved file path is "C:\Program Files\dotnet\packs\Microsoft.NETCore.App.Ref\9.0.11\ref\net9.0\System.Reflection.Extensions.dll".
      Reference found at search path location "{RawFileName}".
      This reference is not "CopyLocal" because at least one source item had "Private" set to "false" and no source items had "Private" set to "true".
  Primary reference "System.Reflection.Metadata, Version=9.0.0.0, Culture=neutral, PublicKeyToken=b03f5f7f11d50a3a".
      Resolved file path is "C:\Program Files\dotnet\packs\Microsoft.NETCore.App.Ref\9.0.11\ref\net9.0\System.Reflection.Metadata.dll".
      Reference found at search path location "{RawFileName}".
      This reference is not "CopyLocal" because at least one source item had "Private" set to "false" and no source items had "Private" set to "true".
  Primary reference "System.Reflection.Primitives, Version=9.0.0.0, Culture=neutral, PublicKeyToken=b03f5f7f11d50a3a".
      Resolved file path is "C:\Program Files\dotnet\packs\Microsoft.NETCore.App.Ref\9.0.11\ref\net9.0\System.Reflection.Primitives.dll".
      Reference found at search path location "{RawFileName}".
      This reference is not "CopyLocal" because at least one source item had "Private" set to "false" and no source items had "Private" set to "true".
  Primary reference "System.Reflection.TypeExtensions, Version=9.0.0.0, Culture=neutral, PublicKeyToken=b03f5f7f11d50a3a".
      Resolved file path is "C:\Program Files\dotnet\packs\Microsoft.NETCore.App.Ref\9.0.11\ref\net9.0\System.Reflection.TypeExtensions.dll".
      Reference found at search path location "{RawFileName}".
      This reference is not "CopyLocal" because at least one source item had "Private" set to "false" and no source items had "Private" set to "true".
  Primary reference "System.Reflection, Version=9.0.0.0, Culture=neutral, PublicKeyToken=b03f5f7f11d50a3a".
      Resolved file path is "C:\Program Files\dotnet\packs\Microsoft.NETCore.App.Ref\9.0.11\ref\net9.0\System.Reflection.dll".
      Reference found at search path location "{RawFileName}".
      This reference is not "CopyLocal" because at least one source item had "Private" set to "false" and no source items had "Private" set to "true".
  Primary reference "System.Resources.Reader, Version=9.0.0.0, Culture=neutral, PublicKeyToken=b03f5f7f11d50a3a".
      Resolved file path is "C:\Program Files\dotnet\packs\Microsoft.NETCore.App.Ref\9.0.11\ref\net9.0\System.Resources.Reader.dll".
      Reference found at search path location "{RawFileName}".
      This reference is not "CopyLocal" because at least one source item had "Private" set to "false" and no source items had "Private" set to "true".
  Primary reference "System.Resources.ResourceManager, Version=9.0.0.0, Culture=neutral, PublicKeyToken=b03f5f7f11d50a3a".
      Resolved file path is "C:\Program Files\dotnet\packs\Microsoft.NETCore.App.Ref\9.0.11\ref\net9.0\System.Resources.ResourceManager.dll".
      Reference found at search path location "{RawFileName}".
      This reference is not "CopyLocal" because at least one source item had "Private" set to "false" and no source items had "Private" set to "true".
  Primary reference "System.Resources.Writer, Version=9.0.0.0, Culture=neutral, PublicKeyToken=b03f5f7f11d50a3a".
      Resolved file path is "C:\Program Files\dotnet\packs\Microsoft.NETCore.App.Ref\9.0.11\ref\net9.0\System.Resources.Writer.dll".
      Reference found at search path location "{RawFileName}".
      This reference is not "CopyLocal" because at least one source item had "Private" set to "false" and no source items had "Private" set to "true".
  Primary reference "System.Runtime.CompilerServices.Unsafe, Version=9.0.0.0, Culture=neutral, PublicKeyToken=b03f5f7f11d50a3a".
      Resolved file path is "C:\Program Files\dotnet\packs\Microsoft.NETCore.App.Ref\9.0.11\ref\net9.0\System.Runtime.CompilerServices.Unsafe.dll".
      Reference found at search path location "{RawFileName}".
      This reference is not "CopyLocal" because at least one source item had "Private" set to "false" and no source items had "Private" set to "true".
  Primary reference "System.Runtime.CompilerServices.VisualC, Version=9.0.0.0, Culture=neutral, PublicKeyToken=b03f5f7f11d50a3a".
      Resolved file path is "C:\Program Files\dotnet\packs\Microsoft.NETCore.App.Ref\9.0.11\ref\net9.0\System.Runtime.CompilerServices.VisualC.dll".
      Reference found at search path location "{RawFileName}".
      This reference is not "CopyLocal" because at least one source item had "Private" set to "false" and no source items had "Private" set to "true".
  Primary reference "System.Runtime.Extensions, Version=9.0.0.0, Culture=neutral, PublicKeyToken=b03f5f7f11d50a3a".
      Resolved file path is "C:\Program Files\dotnet\packs\Microsoft.NETCore.App.Ref\9.0.11\ref\net9.0\System.Runtime.Extensions.dll".
      Reference found at search path location "{RawFileName}".
      This reference is not "CopyLocal" because at least one source item had "Private" set to "false" and no source items had "Private" set to "true".
  Primary reference "System.Runtime.Handles, Version=9.0.0.0, Culture=neutral, PublicKeyToken=b03f5f7f11d50a3a".
      Resolved file path is "C:\Program Files\dotnet\packs\Microsoft.NETCore.App.Ref\9.0.11\ref\net9.0\System.Runtime.Handles.dll".
      Reference found at search path location "{RawFileName}".
      This reference is not "CopyLocal" because at least one source item had "Private" set to "false" and no source items had "Private" set to "true".
  Primary reference "System.Runtime.InteropServices.JavaScript, Version=9.0.0.0, Culture=neutral, PublicKeyToken=b03f5f7f11d50a3a".
      Resolved file path is "C:\Program Files\dotnet\packs\Microsoft.NETCore.App.Ref\9.0.11\ref\net9.0\System.Runtime.InteropServices.JavaScript.dll".
      Reference found at search path location "{RawFileName}".
      This reference is not "CopyLocal" because at least one source item had "Private" set to "false" and no source items had "Private" set to "true".
  Primary reference "System.Runtime.InteropServices.RuntimeInformation, Version=9.0.0.0, Culture=neutral, PublicKeyToken=b03f5f7f11d50a3a".
      Resolved file path is "C:\Program Files\dotnet\packs\Microsoft.NETCore.App.Ref\9.0.11\ref\net9.0\System.Runtime.InteropServices.RuntimeInformation.dll".
      Reference found at search path location "{RawFileName}".
      This reference is not "CopyLocal" because at least one source item had "Private" set to "false" and no source items had "Private" set to "true".
  Primary reference "System.Runtime.InteropServices, Version=9.0.0.0, Culture=neutral, PublicKeyToken=b03f5f7f11d50a3a".
      Resolved file path is "C:\Program Files\dotnet\packs\Microsoft.NETCore.App.Ref\9.0.11\ref\net9.0\System.Runtime.InteropServices.dll".
      Reference found at search path location "{RawFileName}".
      This reference is not "CopyLocal" because at least one source item had "Private" set to "false" and no source items had "Private" set to "true".
  Primary reference "System.Runtime.Intrinsics, Version=9.0.0.0, Culture=neutral, PublicKeyToken=cc7b13ffcd2ddd51".
      Resolved file path is "C:\Program Files\dotnet\packs\Microsoft.NETCore.App.Ref\9.0.11\ref\net9.0\System.Runtime.Intrinsics.dll".
      Reference found at search path location "{RawFileName}".
      This reference is not "CopyLocal" because at least one source item had "Private" set to "false" and no source items had "Private" set to "true".
  Primary reference "System.Runtime.Loader, Version=9.0.0.0, Culture=neutral, PublicKeyToken=b03f5f7f11d50a3a".
      Resolved file path is "C:\Program Files\dotnet\packs\Microsoft.NETCore.App.Ref\9.0.11\ref\net9.0\System.Runtime.Loader.dll".
      Reference found at search path location "{RawFileName}".
      This reference is not "CopyLocal" because at least one source item had "Private" set to "false" and no source items had "Private" set to "true".
  Primary reference "System.Runtime.Numerics, Version=9.0.0.0, Culture=neutral, PublicKeyToken=b03f5f7f11d50a3a".
      Resolved file path is "C:\Program Files\dotnet\packs\Microsoft.NETCore.App.Ref\9.0.11\ref\net9.0\System.Runtime.Numerics.dll".
      Reference found at search path location "{RawFileName}".
      This reference is not "CopyLocal" because at least one source item had "Private" set to "false" and no source items had "Private" set to "true".
  Primary reference "System.Runtime.Serialization.Formatters, Version=8.1.0.0, Culture=neutral, PublicKeyToken=b03f5f7f11d50a3a".
      Resolved file path is "C:\Program Files\dotnet\packs\Microsoft.NETCore.App.Ref\9.0.11\ref\net9.0\System.Runtime.Serialization.Formatters.dll".
      Reference found at search path location "{RawFileName}".
      This reference is not "CopyLocal" because at least one source item had "Private" set to "false" and no source items had "Private" set to "true".
  Primary reference "System.Runtime.Serialization.Json, Version=9.0.0.0, Culture=neutral, PublicKeyToken=b03f5f7f11d50a3a".
      Resolved file path is "C:\Program Files\dotnet\packs\Microsoft.NETCore.App.Ref\9.0.11\ref\net9.0\System.Runtime.Serialization.Json.dll".
      Reference found at search path location "{RawFileName}".
      This reference is not "CopyLocal" because at least one source item had "Private" set to "false" and no source items had "Private" set to "true".
  Primary reference "System.Runtime.Serialization.Primitives, Version=9.0.0.0, Culture=neutral, PublicKeyToken=b03f5f7f11d50a3a".
      Resolved file path is "C:\Program Files\dotnet\packs\Microsoft.NETCore.App.Ref\9.0.11\ref\net9.0\System.Runtime.Serialization.Primitives.dll".
      Reference found at search path location "{RawFileName}".
      This reference is not "CopyLocal" because at least one source item had "Private" set to "false" and no source items had "Private" set to "true".
  Primary reference "System.Runtime.Serialization.Xml, Version=9.0.0.0, Culture=neutral, PublicKeyToken=b03f5f7f11d50a3a".
      Resolved file path is "C:\Program Files\dotnet\packs\Microsoft.NETCore.App.Ref\9.0.11\ref\net9.0\System.Runtime.Serialization.Xml.dll".
      Reference found at search path location "{RawFileName}".
      This reference is not "CopyLocal" because at least one source item had "Private" set to "false" and no source items had "Private" set to "true".
  Primary reference "System.Runtime.Serialization, Version=4.0.0.0, Culture=neutral, PublicKeyToken=b77a5c561934e089".
      Resolved file path is "C:\Program Files\dotnet\packs\Microsoft.NETCore.App.Ref\9.0.11\ref\net9.0\System.Runtime.Serialization.dll".
      Reference found at search path location "{RawFileName}".
      This reference is not "CopyLocal" because at least one source item had "Private" set to "false" and no source items had "Private" set to "true".
  Primary reference "System.Runtime, Version=9.0.0.0, Culture=neutral, PublicKeyToken=b03f5f7f11d50a3a".
      Resolved file path is "C:\Program Files\dotnet\packs\Microsoft.NETCore.App.Ref\9.0.11\ref\net9.0\System.Runtime.dll".
      Reference found at search path location "{RawFileName}".
      This reference is not "CopyLocal" because at least one source item had "Private" set to "false" and no source items had "Private" set to "true".
  Primary reference "System.Security.AccessControl, Version=9.0.0.0, Culture=neutral, PublicKeyToken=b03f5f7f11d50a3a".
      Resolved file path is "C:\Program Files\dotnet\packs\Microsoft.NETCore.App.Ref\9.0.11\ref\net9.0\System.Security.AccessControl.dll".
      Reference found at search path location "{RawFileName}".
      This reference is not "CopyLocal" because at least one source item had "Private" set to "false" and no source items had "Private" set to "true".
  Primary reference "System.Security.Claims, Version=9.0.0.0, Culture=neutral, PublicKeyToken=b03f5f7f11d50a3a".
      Resolved file path is "C:\Program Files\dotnet\packs\Microsoft.NETCore.App.Ref\9.0.11\ref\net9.0\System.Security.Claims.dll".
      Reference found at search path location "{RawFileName}".
      This reference is not "CopyLocal" because at least one source item had "Private" set to "false" and no source items had "Private" set to "true".
  Primary reference "System.Security.Cryptography.Algorithms, Version=9.0.0.0, Culture=neutral, PublicKeyToken=b03f5f7f11d50a3a".
      Resolved file path is "C:\Program Files\dotnet\packs\Microsoft.NETCore.App.Ref\9.0.11\ref\net9.0\System.Security.Cryptography.Algorithms.dll".
      Reference found at search path location "{RawFileName}".
      This reference is not "CopyLocal" because at least one source item had "Private" set to "false" and no source items had "Private" set to "true".
  Primary reference "System.Security.Cryptography.Cng, Version=9.0.0.0, Culture=neutral, PublicKeyToken=b03f5f7f11d50a3a".
      Resolved file path is "C:\Program Files\dotnet\packs\Microsoft.NETCore.App.Ref\9.0.11\ref\net9.0\System.Security.Cryptography.Cng.dll".
      Reference found at search path location "{RawFileName}".
      This reference is not "CopyLocal" because at least one source item had "Private" set to "false" and no source items had "Private" set to "true".
  Primary reference "System.Security.Cryptography.Csp, Version=9.0.0.0, Culture=neutral, PublicKeyToken=b03f5f7f11d50a3a".
      Resolved file path is "C:\Program Files\dotnet\packs\Microsoft.NETCore.App.Ref\9.0.11\ref\net9.0\System.Security.Cryptography.Csp.dll".
      Reference found at search path location "{RawFileName}".
      This reference is not "CopyLocal" because at least one source item had "Private" set to "false" and no source items had "Private" set to "true".
  Primary reference "System.Security.Cryptography.Encoding, Version=9.0.0.0, Culture=neutral, PublicKeyToken=b03f5f7f11d50a3a".
      Resolved file path is "C:\Program Files\dotnet\packs\Microsoft.NETCore.App.Ref\9.0.11\ref\net9.0\System.Security.Cryptography.Encoding.dll".
      Reference found at search path location "{RawFileName}".
      This reference is not "CopyLocal" because at least one source item had "Private" set to "false" and no source items had "Private" set to "true".
  Primary reference "System.Security.Cryptography.OpenSsl, Version=9.0.0.0, Culture=neutral, PublicKeyToken=b03f5f7f11d50a3a".
      Resolved file path is "C:\Program Files\dotnet\packs\Microsoft.NETCore.App.Ref\9.0.11\ref\net9.0\System.Security.Cryptography.OpenSsl.dll".
      Reference found at search path location "{RawFileName}".
      This reference is not "CopyLocal" because at least one source item had "Private" set to "false" and no source items had "Private" set to "true".
  Primary reference "System.Security.Cryptography.Primitives, Version=9.0.0.0, Culture=neutral, PublicKeyToken=b03f5f7f11d50a3a".
      Resolved file path is "C:\Program Files\dotnet\packs\Microsoft.NETCore.App.Ref\9.0.11\ref\net9.0\System.Security.Cryptography.Primitives.dll".
      Reference found at search path location "{RawFileName}".
      This reference is not "CopyLocal" because at least one source item had "Private" set to "false" and no source items had "Private" set to "true".
  Primary reference "System.Security.Cryptography.X509Certificates, Version=9.0.0.0, Culture=neutral, PublicKeyToken=b03f5f7f11d50a3a".
      Resolved file path is "C:\Program Files\dotnet\packs\Microsoft.NETCore.App.Ref\9.0.11\ref\net9.0\System.Security.Cryptography.X509Certificates.dll".
      Reference found at search path location "{RawFileName}".
      This reference is not "CopyLocal" because at least one source item had "Private" set to "false" and no source items had "Private" set to "true".
  Primary reference "System.Security.Cryptography, Version=9.0.0.0, Culture=neutral, PublicKeyToken=b03f5f7f11d50a3a".
      Resolved file path is "C:\Program Files\dotnet\packs\Microsoft.NETCore.App.Ref\9.0.11\ref\net9.0\System.Security.Cryptography.dll".
      Reference found at search path location "{RawFileName}".
      This reference is not "CopyLocal" because at least one source item had "Private" set to "false" and no source items had "Private" set to "true".
  Primary reference "System.Security.Principal.Windows, Version=9.0.0.0, Culture=neutral, PublicKeyToken=b03f5f7f11d50a3a".
      Resolved file path is "C:\Program Files\dotnet\packs\Microsoft.NETCore.App.Ref\9.0.11\ref\net9.0\System.Security.Principal.Windows.dll".
      Reference found at search path location "{RawFileName}".
      This reference is not "CopyLocal" because at least one source item had "Private" set to "false" and no source items had "Private" set to "true".
  Primary reference "System.Security.Principal, Version=9.0.0.0, Culture=neutral, PublicKeyToken=b03f5f7f11d50a3a".
      Resolved file path is "C:\Program Files\dotnet\packs\Microsoft.NETCore.App.Ref\9.0.11\ref\net9.0\System.Security.Principal.dll".
      Reference found at search path location "{RawFileName}".
      This reference is not "CopyLocal" because at least one source item had "Private" set to "false" and no source items had "Private" set to "true".
  Primary reference "System.Security.SecureString, Version=9.0.0.0, Culture=neutral, PublicKeyToken=b03f5f7f11d50a3a".
      Resolved file path is "C:\Program Files\dotnet\packs\Microsoft.NETCore.App.Ref\9.0.11\ref\net9.0\System.Security.SecureString.dll".
      Reference found at search path location "{RawFileName}".
      This reference is not "CopyLocal" because at least one source item had "Private" set to "false" and no source items had "Private" set to "true".
  Primary reference "System.Security, Version=4.0.0.0, Culture=neutral, PublicKeyToken=b03f5f7f11d50a3a".
      Resolved file path is "C:\Program Files\dotnet\packs\Microsoft.NETCore.App.Ref\9.0.11\ref\net9.0\System.Security.dll".
      Reference found at search path location "{RawFileName}".
      This reference is not "CopyLocal" because at least one source item had "Private" set to "false" and no source items had "Private" set to "true".
  Primary reference "System.ServiceModel.Web, Version=4.0.0.0, Culture=neutral, PublicKeyToken=31bf3856ad364e35".
      Resolved file path is "C:\Program Files\dotnet\packs\Microsoft.NETCore.App.Ref\9.0.11\ref\net9.0\System.ServiceModel.Web.dll".
      Reference found at search path location "{RawFileName}".
      This reference is not "CopyLocal" because at least one source item had "Private" set to "false" and no source items had "Private" set to "true".
  Primary reference "System.ServiceProcess, Version=4.0.0.0, Culture=neutral, PublicKeyToken=b03f5f7f11d50a3a".
      Resolved file path is "C:\Program Files\dotnet\packs\Microsoft.NETCore.App.Ref\9.0.11\ref\net9.0\System.ServiceProcess.dll".
      Reference found at search path location "{RawFileName}".
      This reference is not "CopyLocal" because at least one source item had "Private" set to "false" and no source items had "Private" set to "true".
  Primary reference "System.Text.Encoding.CodePages, Version=9.0.0.0, Culture=neutral, PublicKeyToken=b03f5f7f11d50a3a".
      Resolved file path is "C:\Program Files\dotnet\packs\Microsoft.NETCore.App.Ref\9.0.11\ref\net9.0\System.Text.Encoding.CodePages.dll".
      Reference found at search path location "{RawFileName}".
      This reference is not "CopyLocal" because at least one source item had "Private" set to "false" and no source items had "Private" set to "true".
  Primary reference "System.Text.Encoding.Extensions, Version=9.0.0.0, Culture=neutral, PublicKeyToken=b03f5f7f11d50a3a".
      Resolved file path is "C:\Program Files\dotnet\packs\Microsoft.NETCore.App.Ref\9.0.11\ref\net9.0\System.Text.Encoding.Extensions.dll".
      Reference found at search path location "{RawFileName}".
      This reference is not "CopyLocal" because at least one source item had "Private" set to "false" and no source items had "Private" set to "true".
  Primary reference "System.Text.Encoding, Version=9.0.0.0, Culture=neutral, PublicKeyToken=b03f5f7f11d50a3a".
      Resolved file path is "C:\Program Files\dotnet\packs\Microsoft.NETCore.App.Ref\9.0.11\ref\net9.0\System.Text.Encoding.dll".
      Reference found at search path location "{RawFileName}".
      This reference is not "CopyLocal" because at least one source item had "Private" set to "false" and no source items had "Private" set to "true".
  Primary reference "System.Text.Encodings.Web, Version=9.0.0.0, Culture=neutral, PublicKeyToken=cc7b13ffcd2ddd51".
      Resolved file path is "C:\Program Files\dotnet\packs\Microsoft.NETCore.App.Ref\9.0.11\ref\net9.0\System.Text.Encodings.Web.dll".
      Reference found at search path location "{RawFileName}".
      This reference is not "CopyLocal" because at least one source item had "Private" set to "false" and no source items had "Private" set to "true".
  Primary reference "System.Text.Json, Version=9.0.0.0, Culture=neutral, PublicKeyToken=cc7b13ffcd2ddd51".
      Resolved file path is "C:\Program Files\dotnet\packs\Microsoft.NETCore.App.Ref\9.0.11\ref\net9.0\System.Text.Json.dll".
      Reference found at search path location "{RawFileName}".
      This reference is not "CopyLocal" because at least one source item had "Private" set to "false" and no source items had "Private" set to "true".
  Primary reference "System.Text.RegularExpressions, Version=9.0.0.0, Culture=neutral, PublicKeyToken=b03f5f7f11d50a3a".
      Resolved file path is "C:\Program Files\dotnet\packs\Microsoft.NETCore.App.Ref\9.0.11\ref\net9.0\System.Text.RegularExpressions.dll".
      Reference found at search path location "{RawFileName}".
      This reference is not "CopyLocal" because at least one source item had "Private" set to "false" and no source items had "Private" set to "true".
  Primary reference "System.Threading.Channels, Version=9.0.0.0, Culture=neutral, PublicKeyToken=cc7b13ffcd2ddd51".
      Resolved file path is "C:\Program Files\dotnet\packs\Microsoft.NETCore.App.Ref\9.0.11\ref\net9.0\System.Threading.Channels.dll".
      Reference found at search path location "{RawFileName}".
      This reference is not "CopyLocal" because at least one source item had "Private" set to "false" and no source items had "Private" set to "true".
  Primary reference "System.Threading.Overlapped, Version=9.0.0.0, Culture=neutral, PublicKeyToken=b03f5f7f11d50a3a".
      Resolved file path is "C:\Program Files\dotnet\packs\Microsoft.NETCore.App.Ref\9.0.11\ref\net9.0\System.Threading.Overlapped.dll".
      Reference found at search path location "{RawFileName}".
      This reference is not "CopyLocal" because at least one source item had "Private" set to "false" and no source items had "Private" set to "true".
  Primary reference "System.Threading.Tasks.Dataflow, Version=9.0.0.0, Culture=neutral, PublicKeyToken=b03f5f7f11d50a3a".
      Resolved file path is "C:\Program Files\dotnet\packs\Microsoft.NETCore.App.Ref\9.0.11\ref\net9.0\System.Threading.Tasks.Dataflow.dll".
      Reference found at search path location "{RawFileName}".
      This reference is not "CopyLocal" because at least one source item had "Private" set to "false" and no source items had "Private" set to "true".
  Primary reference "System.Threading.Tasks.Extensions, Version=9.0.0.0, Culture=neutral, PublicKeyToken=cc7b13ffcd2ddd51".
      Resolved file path is "C:\Program Files\dotnet\packs\Microsoft.NETCore.App.Ref\9.0.11\ref\net9.0\System.Threading.Tasks.Extensions.dll".
      Reference found at search path location "{RawFileName}".
      This reference is not "CopyLocal" because at least one source item had "Private" set to "false" and no source items had "Private" set to "true".
  Primary reference "System.Threading.Tasks.Parallel, Version=9.0.0.0, Culture=neutral, PublicKeyToken=b03f5f7f11d50a3a".
      Resolved file path is "C:\Program Files\dotnet\packs\Microsoft.NETCore.App.Ref\9.0.11\ref\net9.0\System.Threading.Tasks.Parallel.dll".
      Reference found at search path location "{RawFileName}".
      This reference is not "CopyLocal" because at least one source item had "Private" set to "false" and no source items had "Private" set to "true".
  Primary reference "System.Threading.Tasks, Version=9.0.0.0, Culture=neutral, PublicKeyToken=b03f5f7f11d50a3a".
      Resolved file path is "C:\Program Files\dotnet\packs\Microsoft.NETCore.App.Ref\9.0.11\ref\net9.0\System.Threading.Tasks.dll".
      Reference found at search path location "{RawFileName}".
      This reference is not "CopyLocal" because at least one source item had "Private" set to "false" and no source items had "Private" set to "true".
  Primary reference "System.Threading.Thread, Version=9.0.0.0, Culture=neutral, PublicKeyToken=b03f5f7f11d50a3a".
      Resolved file path is "C:\Program Files\dotnet\packs\Microsoft.NETCore.App.Ref\9.0.11\ref\net9.0\System.Threading.Thread.dll".
      Reference found at search path location "{RawFileName}".
      This reference is not "CopyLocal" because at least one source item had "Private" set to "false" and no source items had "Private" set to "true".
  Primary reference "System.Threading.ThreadPool, Version=9.0.0.0, Culture=neutral, PublicKeyToken=b03f5f7f11d50a3a".
      Resolved file path is "C:\Program Files\dotnet\packs\Microsoft.NETCore.App.Ref\9.0.11\ref\net9.0\System.Threading.ThreadPool.dll".
      Reference found at search path location "{RawFileName}".
      This reference is not "CopyLocal" because at least one source item had "Private" set to "false" and no source items had "Private" set to "true".
  Primary reference "System.Threading.Timer, Version=9.0.0.0, Culture=neutral, PublicKeyToken=b03f5f7f11d50a3a".
      Resolved file path is "C:\Program Files\dotnet\packs\Microsoft.NETCore.App.Ref\9.0.11\ref\net9.0\System.Threading.Timer.dll".
      Reference found at search path location "{RawFileName}".
      This reference is not "CopyLocal" because at least one source item had "Private" set to "false" and no source items had "Private" set to "true".
  Primary reference "System.Threading, Version=9.0.0.0, Culture=neutral, PublicKeyToken=b03f5f7f11d50a3a".
      Resolved file path is "C:\Program Files\dotnet\packs\Microsoft.NETCore.App.Ref\9.0.11\ref\net9.0\System.Threading.dll".
      Reference found at search path location "{RawFileName}".
      This reference is not "CopyLocal" because at least one source item had "Private" set to "false" and no source items had "Private" set to "true".
  Primary reference "System.Transactions.Local, Version=9.0.0.0, Culture=neutral, PublicKeyToken=cc7b13ffcd2ddd51".
      Resolved file path is "C:\Program Files\dotnet\packs\Microsoft.NETCore.App.Ref\9.0.11\ref\net9.0\System.Transactions.Local.dll".
      Reference found at search path location "{RawFileName}".
      This reference is not "CopyLocal" because at least one source item had "Private" set to "false" and no source items had "Private" set to "true".
  Primary reference "System.Transactions, Version=4.0.0.0, Culture=neutral, PublicKeyToken=b77a5c561934e089".
      Resolved file path is "C:\Program Files\dotnet\packs\Microsoft.NETCore.App.Ref\9.0.11\ref\net9.0\System.Transactions.dll".
      Reference found at search path location "{RawFileName}".
      This reference is not "CopyLocal" because at least one source item had "Private" set to "false" and no source items had "Private" set to "true".
  Primary reference "System.ValueTuple, Version=9.0.0.0, Culture=neutral, PublicKeyToken=cc7b13ffcd2ddd51".
      Resolved file path is "C:\Program Files\dotnet\packs\Microsoft.NETCore.App.Ref\9.0.11\ref\net9.0\System.ValueTuple.dll".
      Reference found at search path location "{RawFileName}".
      This reference is not "CopyLocal" because at least one source item had "Private" set to "false" and no source items had "Private" set to "true".
  Primary reference "System.Web.HttpUtility, Version=9.0.0.0, Culture=neutral, PublicKeyToken=cc7b13ffcd2ddd51".
      Resolved file path is "C:\Program Files\dotnet\packs\Microsoft.NETCore.App.Ref\9.0.11\ref\net9.0\System.Web.HttpUtility.dll".
      Reference found at search path location "{RawFileName}".
      This reference is not "CopyLocal" because at least one source item had "Private" set to "false" and no source items had "Private" set to "true".
  Primary reference "System.Web, Version=4.0.0.0, Culture=neutral, PublicKeyToken=b03f5f7f11d50a3a".
      Resolved file path is "C:\Program Files\dotnet\packs\Microsoft.NETCore.App.Ref\9.0.11\ref\net9.0\System.Web.dll".
      Reference found at search path location "{RawFileName}".
      This reference is not "CopyLocal" because at least one source item had "Private" set to "false" and no source items had "Private" set to "true".
  Primary reference "System.Windows, Version=4.0.0.0, Culture=neutral, PublicKeyToken=b03f5f7f11d50a3a".
      Resolved file path is "C:\Program Files\dotnet\packs\Microsoft.NETCore.App.Ref\9.0.11\ref\net9.0\System.Windows.dll".
      Reference found at search path location "{RawFileName}".
      This reference is not "CopyLocal" because at least one source item had "Private" set to "false" and no source items had "Private" set to "true".
  Primary reference "System.Xml.Linq, Version=4.0.0.0, Culture=neutral, PublicKeyToken=b77a5c561934e089".
      Resolved file path is "C:\Program Files\dotnet\packs\Microsoft.NETCore.App.Ref\9.0.11\ref\net9.0\System.Xml.Linq.dll".
      Reference found at search path location "{RawFileName}".
      This reference is not "CopyLocal" because at least one source item had "Private" set to "false" and no source items had "Private" set to "true".
  Primary reference "System.Xml.ReaderWriter, Version=9.0.0.0, Culture=neutral, PublicKeyToken=b03f5f7f11d50a3a".
      Resolved file path is "C:\Program Files\dotnet\packs\Microsoft.NETCore.App.Ref\9.0.11\ref\net9.0\System.Xml.ReaderWriter.dll".
      Reference found at search path location "{RawFileName}".
      This reference is not "CopyLocal" because at least one source item had "Private" set to "false" and no source items had "Private" set to "true".
  Primary reference "System.Xml.Serialization, Version=4.0.0.0, Culture=neutral, PublicKeyToken=b77a5c561934e089".
      Resolved file path is "C:\Program Files\dotnet\packs\Microsoft.NETCore.App.Ref\9.0.11\ref\net9.0\System.Xml.Serialization.dll".
      Reference found at search path location "{RawFileName}".
      This reference is not "CopyLocal" because at least one source item had "Private" set to "false" and no source items had "Private" set to "true".
  Primary reference "System.Xml.XDocument, Version=9.0.0.0, Culture=neutral, PublicKeyToken=b03f5f7f11d50a3a".
      Resolved file path is "C:\Program Files\dotnet\packs\Microsoft.NETCore.App.Ref\9.0.11\ref\net9.0\System.Xml.XDocument.dll".
      Reference found at search path location "{RawFileName}".
      This reference is not "CopyLocal" because at least one source item had "Private" set to "false" and no source items had "Private" set to "true".
  Primary reference "System.Xml.XPath.XDocument, Version=9.0.0.0, Culture=neutral, PublicKeyToken=b03f5f7f11d50a3a".
      Resolved file path is "C:\Program Files\dotnet\packs\Microsoft.NETCore.App.Ref\9.0.11\ref\net9.0\System.Xml.XPath.XDocument.dll".
      Reference found at search path location "{RawFileName}".
      This reference is not "CopyLocal" because at least one source item had "Private" set to "false" and no source items had "Private" set to "true".
  Primary reference "System.Xml.XPath, Version=9.0.0.0, Culture=neutral, PublicKeyToken=b03f5f7f11d50a3a".
      Resolved file path is "C:\Program Files\dotnet\packs\Microsoft.NETCore.App.Ref\9.0.11\ref\net9.0\System.Xml.XPath.dll".
      Reference found at search path location "{RawFileName}".
      This reference is not "CopyLocal" because at least one source item had "Private" set to "false" and no source items had "Private" set to "true".
  Primary reference "System.Xml.XmlDocument, Version=9.0.0.0, Culture=neutral, PublicKeyToken=b03f5f7f11d50a3a".
      Resolved file path is "C:\Program Files\dotnet\packs\Microsoft.NETCore.App.Ref\9.0.11\ref\net9.0\System.Xml.XmlDocument.dll".
      Reference found at search path location "{RawFileName}".
      This reference is not "CopyLocal" because at least one source item had "Private" set to "false" and no source items had "Private" set to "true".
  Primary reference "System.Xml.XmlSerializer, Version=9.0.0.0, Culture=neutral, PublicKeyToken=b03f5f7f11d50a3a".
      Resolved file path is "C:\Program Files\dotnet\packs\Microsoft.NETCore.App.Ref\9.0.11\ref\net9.0\System.Xml.XmlSerializer.dll".
      Reference found at search path location "{RawFileName}".
      This reference is not "CopyLocal" because at least one source item had "Private" set to "false" and no source items had "Private" set to "true".
  Primary reference "System.Xml, Version=4.0.0.0, Culture=neutral, PublicKeyToken=b77a5c561934e089".
      Resolved file path is "C:\Program Files\dotnet\packs\Microsoft.NETCore.App.Ref\9.0.11\ref\net9.0\System.Xml.dll".
      Reference found at search path location "{RawFileName}".
      This reference is not "CopyLocal" because at least one source item had "Private" set to "false" and no source items had "Private" set to "true".
  Primary reference "System, Version=4.0.0.0, Culture=neutral, PublicKeyToken=b77a5c561934e089".
      Resolved file path is "C:\Program Files\dotnet\packs\Microsoft.NETCore.App.Ref\9.0.11\ref\net9.0\System.dll".
      Reference found at search path location "{RawFileName}".
      This reference is not "CopyLocal" because at least one source item had "Private" set to "false" and no source items had "Private" set to "true".
  Primary reference "WindowsBase, Version=4.0.0.0, Culture=neutral, PublicKeyToken=31bf3856ad364e35".
      Resolved file path is "C:\Program Files\dotnet\packs\Microsoft.NETCore.App.Ref\9.0.11\ref\net9.0\WindowsBase.dll".
      Reference found at search path location "{RawFileName}".
      This reference is not "CopyLocal" because at least one source item had "Private" set to "false" and no source items had "Private" set to "true".
  Primary reference "mscorlib, Version=4.0.0.0, Culture=neutral, PublicKeyToken=b77a5c561934e089".
      Resolved file path is "C:\Program Files\dotnet\packs\Microsoft.NETCore.App.Ref\9.0.11\ref\net9.0\mscorlib.dll".
      Reference found at search path location "{RawFileName}".
      This reference is not "CopyLocal" because at least one source item had "Private" set to "false" and no source items had "Private" set to "true".
  Primary reference "netstandard, Version=2.1.0.0, Culture=neutral, PublicKeyToken=cc7b13ffcd2ddd51".
      Resolved file path is "C:\Program Files\dotnet\packs\Microsoft.NETCore.App.Ref\9.0.11\ref\net9.0\netstandard.dll".
      Reference found at search path location "{RawFileName}".
      This reference is not "CopyLocal" because at least one source item had "Private" set to "false" and no source items had "Private" set to "true".
Done executing task "ResolveAssemblyReference".
Done building target "ResolveAssemblyReferences" in project "Oxygen.Editor.Interop.vcxproj".
Target "AfterResolveReferences" in file "C:\Program Files\Microsoft Visual Studio\18\Community\MSBuild\Current\Bin\amd64\Microsoft.Common.CurrentVersion.targets" from project "F:\projects\DroidNet\projects\Oxygen.Editor.Interop\src\Oxygen.Editor.Interop.vcxproj" (target "ResolveReferences" depends on it):
Done building target "AfterResolveReferences" in project "Oxygen.Editor.Interop.vcxproj".
Target "ResolveReferences" in file "C:\Program Files\Microsoft Visual Studio\18\Community\MSBuild\Current\Bin\amd64\Microsoft.Common.CurrentVersion.targets" from project "F:\projects\DroidNet\projects\Oxygen.Editor.Interop\src\Oxygen.Editor.Interop.vcxproj" (target "Build" depends on it):
Done building target "ResolveReferences" in project "Oxygen.Editor.Interop.vcxproj".
Target "PrepareForBuild" skipped. Previously built successfully.
Target "PrepareForBuild" skipped. Previously built successfully.
Target "InitializeBuildStatus" in file "C:\Program Files\Microsoft Visual Studio\18\Community\MSBuild\Microsoft\VC\v180\Microsoft.CppBuild.targets" from project "F:\projects\DroidNet\projects\Oxygen.Editor.Interop\src\Oxygen.Editor.Interop.vcxproj" (target "Build" depends on it):
Using "ReadLinesFromFile" task from assembly "Microsoft.Build.Tasks.Core, Version=15.1.0.0, Culture=neutral, PublicKeyToken=b03f5f7f11d50a3a".
Task "ReadLinesFromFile"
Done executing task "ReadLinesFromFile".
Using "WriteLinesToFile" task from assembly "Microsoft.Build.Tasks.Core, Version=15.1.0.0, Culture=neutral, PublicKeyToken=b03f5f7f11d50a3a".
Task "WriteLinesToFile"
Done executing task "WriteLinesToFile".
Using "Touch" task from assembly "Microsoft.Build.Tasks.Core, Version=15.1.0.0, Culture=neutral, PublicKeyToken=b03f5f7f11d50a3a".
Task "Touch"
  Touching "F:\projects\DroidNet\projects\Oxygen.Editor.Interop\src\../../..\artifacts\obj\Oxygen.Editor.Interop\Debug_net9.0\Oxygen.E.FB1BE623.tlog\unsuccessfulbuild".
Done executing task "Touch".
Done building target "InitializeBuildStatus" in project "Oxygen.Editor.Interop.vcxproj".
Target "PrepareProjectReferences" skipped. Previously built successfully.
Target "BuildGenerateSourcesTraverse" in file "C:\Program Files\Microsoft Visual Studio\18\Community\MSBuild\Current\Bin\amd64\Microsoft.Common.CurrentVersion.targets" from project "F:\projects\DroidNet\projects\Oxygen.Editor.Interop\src\Oxygen.Editor.Interop.vcxproj" (target "BuildGenerateSources" depends on it):
Done building target "BuildGenerateSourcesTraverse" in project "Oxygen.Editor.Interop.vcxproj".
Target "PrepareForBuild" skipped. Previously built successfully.
Target "ResolveReferences" skipped. Previously built successfully.
Target "BeforeBuildGenerateSources" in file "C:\Program Files\Microsoft Visual Studio\18\Community\MSBuild\Microsoft\VC\v180\Microsoft.BuildSteps.Targets" from project "F:\projects\DroidNet\projects\Oxygen.Editor.Interop\src\Oxygen.Editor.Interop.vcxproj" (target "_BuildGenerateSourcesAction" depends on it):
Done building target "BeforeBuildGenerateSources" in project "Oxygen.Editor.Interop.vcxproj".
Target "PreBuildEvent" in file "C:\Program Files\Microsoft Visual Studio\18\Community\MSBuild\Microsoft\VC\v180\Microsoft.CppCommon.targets" from project "F:\projects\DroidNet\projects\Oxygen.Editor.Interop\src\Oxygen.Editor.Interop.vcxproj" (target "_BuildGenerateSourcesAction" depends on it):
Done building target "PreBuildEvent" in project "Oxygen.Editor.Interop.vcxproj".
Target "ResolveReferences" skipped. Previously built successfully.
Target "_BlockWinMDsOnUnsupportedTFMs" in file "C:\Program Files\dotnet\sdk\10.0.100\Sdks\Microsoft.NET.Sdk\targets\Microsoft.NET.Sdk.targets" from project "F:\projects\DroidNet\projects\Oxygen.Editor.Interop\src\Oxygen.Editor.Interop.vcxproj" (target "_BuildGenerateSourcesAction" depends on it):
Using "CheckForUnsupportedWinMDReferences" task from assembly "C:\Program Files\dotnet\sdk\10.0.100\Sdks\Microsoft.NET.Sdk\targets\..\tools\net472\Microsoft.NET.Build.Tasks.dll".
Task "CheckForUnsupportedWinMDReferences"
Done executing task "CheckForUnsupportedWinMDReferences".
Done building target "_BlockWinMDsOnUnsupportedTFMs" in project "Oxygen.Editor.Interop.vcxproj".
Target "PrepareForBuild" skipped. Previously built successfully.
Target "InitializeBuildStatus" skipped. Previously built successfully.
Target "SetBuildDefaultEnvironmentVariables" skipped. Previously built successfully.
Target "_SelectedFiles" in file "C:\Program Files\Microsoft Visual Studio\18\Community\MSBuild\Microsoft\VC\v180\Microsoft.CppBuild.targets" from project "F:\projects\DroidNet\projects\Oxygen.Editor.Interop\src\Oxygen.Editor.Interop.vcxproj" (target "SelectCustomBuild" depends on it):
Done building target "_SelectedFiles" in project "Oxygen.Editor.Interop.vcxproj".
Target "SelectCustomBuild" in file "C:\Program Files\Microsoft Visual Studio\18\Community\MSBuild\Microsoft\VC\v180\Microsoft.CppBuild.targets" from project "F:\projects\DroidNet\projects\Oxygen.Editor.Interop\src\Oxygen.Editor.Interop.vcxproj" (target "CustomBuild" depends on it):
Done building target "SelectCustomBuild" in project "Oxygen.Editor.Interop.vcxproj".
Target "ComputeCustomBuildOutput" in file "C:\Program Files\Microsoft Visual Studio\18\Community\MSBuild\Microsoft\VC\v180\Microsoft.CppBuild.targets" from project "F:\projects\DroidNet\projects\Oxygen.Editor.Interop\src\Oxygen.Editor.Interop.vcxproj" (target "CustomBuild" depends on it):
Task "MakeDir"
Done executing task "MakeDir".
Done building target "ComputeCustomBuildOutput" in project "Oxygen.Editor.Interop.vcxproj".
Target "CustomBuild" in file "C:\Program Files\Microsoft Visual Studio\18\Community\MSBuild\Microsoft\VC\v180\Microsoft.CppCommon.targets" from project "F:\projects\DroidNet\projects\Oxygen.Editor.Interop\src\Oxygen.Editor.Interop.vcxproj" (target "_BuildGenerateSourcesAction" depends on it):
Using "GetOutOfDateItems" task from assembly "C:\Program Files\Microsoft Visual Studio\18\Community\MSBuild\Microsoft\VC\v180\Microsoft.Build.CppTasks.Common.dll".
Task "GetOutOfDateItems"
Done executing task "GetOutOfDateItems".
Task "GetOutOfDateItems"
Done executing task "GetOutOfDateItems".
Done building target "CustomBuild" in project "Oxygen.Editor.Interop.vcxproj".
Target "_SelectedFiles" skipped. Previously built successfully.
Target "CopyFileToFolders" in file "C:\Program Files\Microsoft Visual Studio\18\Community\MSBuild\Microsoft\VC\v180\Microsoft.CppCommon.targets" from project "F:\projects\DroidNet\projects\Oxygen.Editor.Interop\src\Oxygen.Editor.Interop.vcxproj" (target "_BuildGenerateSourcesAction" depends on it):
Task "GetOutOfDateItems"
Done executing task "GetOutOfDateItems".
Done building target "CopyFileToFolders" in project "Oxygen.Editor.Interop.vcxproj".
Target "_Xsd" in file "C:\Program Files\Microsoft Visual Studio\18\Community\MSBuild\Microsoft\VC\v180\Microsoft.CppBuild.targets" from project "F:\projects\DroidNet\projects\Oxygen.Editor.Interop\src\Oxygen.Editor.Interop.vcxproj" (target "_BuildGenerateSourcesAction" depends on it):
Done building target "_Xsd" in project "Oxygen.Editor.Interop.vcxproj".
Target "MakeDirsForMidl" in file "C:\Program Files\Microsoft Visual Studio\18\Community\MSBuild\Microsoft\VC\v180\Microsoft.CppBuild.targets" from project "F:\projects\DroidNet\projects\Oxygen.Editor.Interop\src\Oxygen.Editor.Interop.vcxproj" (target "_Midl" depends on it):
Task "Makedir"
Done executing task "Makedir".
Done building target "MakeDirsForMidl" in project "Oxygen.Editor.Interop.vcxproj".
Target "ComputeMIDLGeneratedCompileInputs" in file "C:\Program Files\Microsoft Visual Studio\18\Community\MSBuild\Microsoft\VC\v180\Microsoft.CppBuild.targets" from project "F:\projects\DroidNet\projects\Oxygen.Editor.Interop\src\Oxygen.Editor.Interop.vcxproj" (target "_Midl" depends on it):
Done building target "ComputeMIDLGeneratedCompileInputs" in project "Oxygen.Editor.Interop.vcxproj".
Target "AfterMidl" in file "C:\Program Files\Microsoft Visual Studio\18\Community\MSBuild\Microsoft\VC\v180\Microsoft.CppBuild.targets" from project "F:\projects\DroidNet\projects\Oxygen.Editor.Interop\src\Oxygen.Editor.Interop.vcxproj" (target "_Midl" depends on it):
Done building target "AfterMidl" in project "Oxygen.Editor.Interop.vcxproj".
Target "_Midl" in file "C:\Program Files\Microsoft Visual Studio\18\Community\MSBuild\Microsoft\VC\v180\Microsoft.CppBuild.targets" from project "F:\projects\DroidNet\projects\Oxygen.Editor.Interop\src\Oxygen.Editor.Interop.vcxproj" (target "_BuildGenerateSourcesAction" depends on it):
Done building target "_Midl" in project "Oxygen.Editor.Interop.vcxproj".
Target "AfterBuildGenerateSources" in file "C:\Program Files\Microsoft Visual Studio\18\Community\MSBuild\Microsoft\VC\v180\Microsoft.BuildSteps.Targets" from project "F:\projects\DroidNet\projects\Oxygen.Editor.Interop\src\Oxygen.Editor.Interop.vcxproj" (target "_BuildGenerateSourcesAction" depends on it):
Done building target "AfterBuildGenerateSources" in project "Oxygen.Editor.Interop.vcxproj".
Target "AfterBuildGenerateSourcesEvent" in file "C:\Program Files\Microsoft Visual Studio\18\Community\MSBuild\Microsoft\VC\v180\Microsoft.CppBuild.targets" from project "F:\projects\DroidNet\projects\Oxygen.Editor.Interop\src\Oxygen.Editor.Interop.vcxproj" (target "_BuildGenerateSourcesAction" depends on it):
Done building target "AfterBuildGenerateSourcesEvent" in project "Oxygen.Editor.Interop.vcxproj".
Target "_BuildGenerateSourcesAction" in file "C:\Program Files\Microsoft Visual Studio\18\Community\MSBuild\Microsoft\VC\v180\Microsoft.CppBuild.targets" from project "F:\projects\DroidNet\projects\Oxygen.Editor.Interop\src\Oxygen.Editor.Interop.vcxproj" (target "BuildGenerateSources" depends on it):
Done building target "_BuildGenerateSourcesAction" in project "Oxygen.Editor.Interop.vcxproj".
Target "BuildGenerateSources" in file "C:\Program Files\Microsoft Visual Studio\18\Community\MSBuild\Current\Bin\amd64\Microsoft.Common.CurrentVersion.targets" from project "F:\projects\DroidNet\projects\Oxygen.Editor.Interop\src\Oxygen.Editor.Interop.vcxproj" (target "Build" depends on it):
Done building target "BuildGenerateSources" in project "Oxygen.Editor.Interop.vcxproj".
Target "PrepareProjectReferences" skipped. Previously built successfully.
Target "BuildCompileTraverse" in file "C:\Program Files\Microsoft Visual Studio\18\Community\MSBuild\Current\Bin\amd64\Microsoft.Common.CurrentVersion.targets" from project "F:\projects\DroidNet\projects\Oxygen.Editor.Interop\src\Oxygen.Editor.Interop.vcxproj" (target "BuildCompile" depends on it):
Done building target "BuildCompileTraverse" in project "Oxygen.Editor.Interop.vcxproj".
Target "PrepareForBuild" skipped. Previously built successfully.
Target "ResolveReferences" skipped. Previously built successfully.
Target "BeforeClCompile" in file "C:\Program Files\Microsoft Visual Studio\18\Community\MSBuild\Microsoft\VC\v180\Microsoft.CppBuild.targets" from project "F:\projects\DroidNet\projects\Oxygen.Editor.Interop\src\Oxygen.Editor.Interop.vcxproj" (target "_ClCompile" depends on it):
Done building target "BeforeClCompile" in project "Oxygen.Editor.Interop.vcxproj".
Target "PrepareForBuild" skipped. Previously built successfully.
Target "GetReferenceAssemblyPaths" skipped. Previously built successfully.
Target "GenerateTargetFrameworkMonikerAttribute" in file "C:\Program Files\Microsoft Visual Studio\18\Community\MSBuild\Microsoft\VC\v180\Microsoft.BuildSteps.Targets" from project "F:\projects\DroidNet\projects\Oxygen.Editor.Interop\src\Oxygen.Editor.Interop.vcxproj" (target "_ClCompile" depends on it):
Skipping target "GenerateTargetFrameworkMonikerAttribute" because all output files are up-to-date with respect to the input files.
Input files: C:\Program Files\Microsoft Visual Studio\18\Community\MSBuild\Microsoft\VC\v180\Microsoft.BuildSteps.Targets
Output files: F:\projects\DroidNet\projects\Oxygen.Editor.Interop\src\../../..\artifacts\obj\Oxygen.Editor.Interop\Debug_net9.0\.NETCoreApp,Version=v9.0.AssemblyAttributes.cpp
Done building target "GenerateTargetFrameworkMonikerAttribute" in project "Oxygen.Editor.Interop.vcxproj".
Target "ComputeMIDLGeneratedCompileInputs" skipped. Previously built successfully.
Target "ComputeCLInputPDBName" in file "C:\Program Files\Microsoft Visual Studio\18\Community\MSBuild\Microsoft\VC\v180\Microsoft.CppBuild.targets" from project "F:\projects\DroidNet\projects\Oxygen.Editor.Interop\src\Oxygen.Editor.Interop.vcxproj" (target "_ClCompile" depends on it):
Done building target "ComputeCLInputPDBName" in project "Oxygen.Editor.Interop.vcxproj".
Target "ResolveReferences" skipped. Previously built successfully.
Target "FindReferenceAssembliesForReferences" in file "C:\Program Files\Microsoft Visual Studio\18\Community\MSBuild\Current\Bin\amd64\Microsoft.Common.CurrentVersion.targets" from project "F:\projects\DroidNet\projects\Oxygen.Editor.Interop\src\Oxygen.Editor.Interop.vcxproj" (target "ComputeReferenceCLInput" depends on it):
Done building target "FindReferenceAssembliesForReferences" in project "Oxygen.Editor.Interop.vcxproj".
Target "GetReferencedVCProjectsInfo" in file "C:\Program Files\Microsoft Visual Studio\18\Community\MSBuild\Microsoft\VC\v180\Microsoft.CppBuild.targets" from project "F:\projects\DroidNet\projects\Oxygen.Editor.Interop\src\Oxygen.Editor.Interop.vcxproj" (target "ComputeReferenceCLInput" depends on it):
Done building target "GetReferencedVCProjectsInfo" in project "Oxygen.Editor.Interop.vcxproj".
Target "ComputeReferenceCLInput" in file "C:\Program Files\Microsoft Visual Studio\18\Community\MSBuild\Microsoft\VC\v180\Microsoft.CppBuild.targets" from project "F:\projects\DroidNet\projects\Oxygen.Editor.Interop\src\Oxygen.Editor.Interop.vcxproj" (target "_ClCompile" depends on it):
Done building target "ComputeReferenceCLInput" in project "Oxygen.Editor.Interop.vcxproj".
Target "WarnCompileDuplicatedFilename" in file "C:\Program Files\Microsoft Visual Studio\18\Community\MSBuild\Microsoft\VC\v180\Microsoft.CppBuild.targets" from project "F:\projects\DroidNet\projects\Oxygen.Editor.Interop\src\Oxygen.Editor.Interop.vcxproj" (target "_ClCompile" depends on it):
Done building target "WarnCompileDuplicatedFilename" in project "Oxygen.Editor.Interop.vcxproj".
Target "SetCppLanguageStandardCapabilities" in file "C:\Program Files\Microsoft Visual Studio\18\Community\MSBuild\Microsoft\VC\v180\Microsoft.CppCommon.targets" from project "F:\projects\DroidNet\projects\Oxygen.Editor.Interop\src\Oxygen.Editor.Interop.vcxproj" (target "ComputeStdModulesCompileInputs" depends on it):
Done building target "SetCppLanguageStandardCapabilities" in project "Oxygen.Editor.Interop.vcxproj".
Target "ComputeStdModulesCompileInputs" in file "C:\Program Files\Microsoft Visual Studio\18\Community\MSBuild\Microsoft\VC\v180\Microsoft.CppCommon.targets" from project "F:\projects\DroidNet\projects\Oxygen.Editor.Interop\src\Oxygen.Editor.Interop.vcxproj" (target "_ClCompile" depends on it):
Done building target "ComputeStdModulesCompileInputs" in project "Oxygen.Editor.Interop.vcxproj".
Target "SetCppLanguageStandardCapabilities" skipped. Previously built successfully.
Target "FixupCLCompileOptions" in file "C:\Program Files\Microsoft Visual Studio\18\Community\MSBuild\Microsoft\VC\v180\Microsoft.CppCommon.targets" from project "F:\projects\DroidNet\projects\Oxygen.Editor.Interop\src\Oxygen.Editor.Interop.vcxproj" (target "_ClCompile" depends on it):
Done building target "FixupCLCompileOptions" in project "Oxygen.Editor.Interop.vcxproj".
Target "MakeDirsForCl" in file "C:\Program Files\Microsoft Visual Studio\18\Community\MSBuild\Microsoft\VC\v180\Microsoft.CppBuild.targets" from project "F:\projects\DroidNet\projects\Oxygen.Editor.Interop\src\Oxygen.Editor.Interop.vcxproj" (target "_ClCompile" depends on it):
Task "MakeDir"
Done executing task "MakeDir".
Done building target "MakeDirsForCl" in project "Oxygen.Editor.Interop.vcxproj".
Target "_SelectedFiles" skipped. Previously built successfully.
Target "GenerateTargetFrameworkMonikerAttribute" skipped. Previously built successfully.
Target "ComputeMIDLGeneratedCompileInputs" skipped. Previously built successfully.
Target "ComputeCLInputPDBName" skipped. Previously built successfully.
Target "ComputeReferenceCLInput" skipped. Previously built successfully.
Target "WarnCompileDuplicatedFilename" skipped. Previously built successfully.
Target "ComputeStdModulesCompileInputs" skipped. Previously built successfully.
Target "FixupCLCompileOptions" skipped. Previously built successfully.
Target "SelectCustomBuild" skipped. Previously built successfully.
Target "SelectClCompile" in file "C:\Program Files\Microsoft Visual Studio\18\Community\MSBuild\Microsoft\VC\v180\Microsoft.CppBuild.targets" from project "F:\projects\DroidNet\projects\Oxygen.Editor.Interop\src\Oxygen.Editor.Interop.vcxproj" (target "ClCompile" depends on it):
Done building target "SelectClCompile" in project "Oxygen.Editor.Interop.vcxproj".
Target "ClCompile" in file "C:\Program Files\Microsoft Visual Studio\18\Community\MSBuild\Microsoft\VC\v180\Microsoft.CppCommon.targets" from project "F:\projects\DroidNet\projects\Oxygen.Editor.Interop\src\Oxygen.Editor.Interop.vcxproj" (target "_ClCompile" depends on it):
Using "CL" task from assembly "C:\Program Files\Microsoft Visual Studio\18\Community\MSBuild\Microsoft\VC\v180\Microsoft.Build.CppTasks.Common.dll".
Task "CL"
  Read Tracking Logs:
  	F:\projects\DroidNet\projects\Oxygen.Editor.Interop\src\..\..\..\artifacts\obj\Oxygen.Editor.Interop\Debug_net9.0\Oxygen.E.FB1BE623.tlog\CL.read.1.tlog
  Outputs for F:\PROJECTS\DROIDNET\ARTIFACTS\OBJ\OXYGEN.EDITOR.INTEROP\DEBUG_NET9.0\.NETCOREAPP,VERSION=V9.0.ASSEMBLYATTRIBUTES.CPP|F:\PROJECTS\DROIDNET\PROJECTS\OXYGEN.EDITOR.INTEROP\SRC\ASSEMBLYINFO.CPP|F:\PROJECTS\DROIDNET\PROJECTS\OXYGEN.EDITOR.INTEROP\SRC\ENGINERUNNER.CPP|F:\PROJECTS\DROIDNET\PROJECTS\OXYGEN.EDITOR.INTEROP\SRC\OXYGENWORLD.CPP|F:\PROJECTS\DROIDNET\PROJECTS\OXYGEN.EDITOR.INTEROP\SRC\RENDERTHREADCONTEXT.CPP|F:\PROJECTS\DROIDNET\PROJECTS\OXYGEN.EDITOR.INTEROP\SRC\UITHREADDISPATCHER.CPP|F:\PROJECTS\DROIDNET\PROJECTS\OXYGEN.EDITOR.INTEROP\SRC\UNMANAGED\EDITORMODULE.CPP|F:\PROJECTS\DROIDNET\PROJECTS\OXYGEN.EDITOR.INTEROP\SRC\UNMANAGED\RENDERGRAPH.CPP:
  	F:\PROJECTS\DROIDNET\ARTIFACTS\OBJ\OXYGEN.EDITOR.INTEROP\DEBUG_NET9.0\ASSEMBLYINFO.OBJ
  	F:\PROJECTS\DROIDNET\ARTIFACTS\OBJ\OXYGEN.EDITOR.INTEROP\DEBUG_NET9.0\ENGINERUNNER.OBJ
  	F:\PROJECTS\DROIDNET\ARTIFACTS\OBJ\OXYGEN.EDITOR.INTEROP\DEBUG_NET9.0\OXYGENWORLD.OBJ
  	F:\PROJECTS\DROIDNET\ARTIFACTS\OBJ\OXYGEN.EDITOR.INTEROP\DEBUG_NET9.0\RENDERTHREADCONTEXT.OBJ
  	F:\PROJECTS\DROIDNET\ARTIFACTS\OBJ\OXYGEN.EDITOR.INTEROP\DEBUG_NET9.0\EDITORMODULE.OBJ
  	F:\PROJECTS\DROIDNET\ARTIFACTS\OBJ\OXYGEN.EDITOR.INTEROP\DEBUG_NET9.0\RENDERGRAPH.OBJ
  	F:\PROJECTS\DROIDNET\ARTIFACTS\OBJ\OXYGEN.EDITOR.INTEROP\DEBUG_NET9.0\UITHREADDISPATCHER.OBJ
  	F:\PROJECTS\DROIDNET\ARTIFACTS\OBJ\OXYGEN.EDITOR.INTEROP\DEBUG_NET9.0\.NETCOREAPP,VERSION=V9.0.ASSEMBLYATTRIBUTES.OBJ
  OxygenWorld.cpp will be compiled because it was not found in the tracking log.
  Outputs for F:\PROJECTS\DROIDNET\PROJECTS\OXYGEN.EDITOR.INTEROP\SRC\OXYGENWORLD.CPP:
  	F:\PROJECTS\DROIDNET\ARTIFACTS\OBJ\OXYGEN.EDITOR.INTEROP\DEBUG_NET9.0\OXYGENWORLD.OBJ
  Write Tracking Logs:
  	F:\projects\DroidNet\projects\Oxygen.Editor.Interop\src\..\..\..\artifacts\obj\Oxygen.Editor.Interop\Debug_net9.0\Oxygen.E.FB1BE623.tlog\CL.write.1.tlog
  Environment Variables passed to tool:
    TRACKER_CONSOLEPAGE=65001
    VS_UNICODE_OUTPUT=2424
    SARIF_OUTPUT_PIPE=2344
  C:\Program Files\Microsoft Visual Studio\18\Community\VC\Tools\MSVC\14.50.35717\bin\HostX64\x64\CL.exe /c /IF:\projects\DroidNet\projects\Oxygen.Editor.Interop\src /IF:\projects\DroidNet\projects\Oxygen.Engine\out\install\include /AI"C:\Program Files\dotnet\packs\Microsoft.NETCore.App.Ref\9.0.11\ref\net9.0\\" /Zi /clr:netcore /nologo /W3 /WX- /diagnostics:column /Od /D _DEBUG /D _WIN32_WINNT=0x0A00 /D LOGURU_USE_FMTLIB=1 /D FMT_HEADER_ONLY=1 /D _WINDLL /D _UNICODE /D UNICODE /Zc:preprocessor /EHa /MDd /GS /fp:precise /Zc:wchar_t /Zc:forScope /Zc:inline /std:c++20 /Fo"F:\projects\DroidNet\projects\Oxygen.Editor.Interop\src\../../..\artifacts\obj\Oxygen.Editor.Interop\Debug_net9.0\\" /Fd"F:\projects\DroidNet\projects\Oxygen.Editor.Interop\src\../../..\artifacts\obj\Oxygen.Editor.Interop\Debug_net9.0\vc145.pdb" /external:W3 /TP /FU"C:\Program Files\dotnet\packs\Microsoft.NETCore.App.Ref\9.0.11\ref\net9.0\Microsoft.CSharp.dll" /FUC:\Users\abdes\.nuget\packages\microsoft.extensions.dependencyinjection.abstractions\10.0.0\lib\net9.0\Microsoft.Extensions.DependencyInjection.Abstractions.dll /FUC:\Users\abdes\.nuget\packages\microsoft.extensions.logging.abstractions\10.0.0\lib\net9.0\Microsoft.Extensions.Logging.Abstractions.dll /FU"C:\Program Files\dotnet\packs\Microsoft.NETCore.App.Ref\9.0.11\ref\net9.0\Microsoft.VisualBasic.Core.dll" /FU"C:\Program Files\dotnet\packs\Microsoft.NETCore.App.Ref\9.0.11\ref\net9.0\Microsoft.VisualBasic.dll" /FU"C:\Program Files\dotnet\packs\Microsoft.NETCore.App.Ref\9.0.11\ref\net9.0\Microsoft.Win32.Primitives.dll" /FU"C:\Program Files\dotnet\packs\Microsoft.NETCore.App.Ref\9.0.11\ref\net9.0\Microsoft.Win32.Registry.dll" /FU"C:\Program Files\dotnet\packs\Microsoft.NETCore.App.Ref\9.0.11\ref\net9.0\mscorlib.dll" /FU"C:\Program Files\dotnet\packs\Microsoft.NETCore.App.Ref\9.0.11\ref\net9.0\netstandard.dll" /FU"C:\Program Files\dotnet\packs\Microsoft.NETCore.App.Ref\9.0.11\ref\net9.0\System.AppContext.dll" /FU"C:\Program Files\dotnet\packs\Microsoft.NETCore.App.Ref\9.0.11\ref\net9.0\System.Buffers.dll" /FU"C:\Program Files\dotnet\packs\Microsoft.NETCore.App.Ref\9.0.11\ref\net9.0\System.Collections.Concurrent.dll" /FU"C:\Program Files\dotnet\packs\Microsoft.NETCore.App.Ref\9.0.11\ref\net9.0\System.Collections.dll" /FU"C:\Program Files\dotnet\packs\Microsoft.NETCore.App.Ref\9.0.11\ref\net9.0\System.Collections.Immutable.dll" /FU"C:\Program Files\dotnet\packs\Microsoft.NETCore.App.Ref\9.0.11\ref\net9.0\System.Collections.NonGeneric.dll" /FU"C:\Program Files\dotnet\packs\Microsoft.NETCore.App.Ref\9.0.11\ref\net9.0\System.Collections.Specialized.dll" /FU"C:\Program Files\dotnet\packs\Microsoft.NETCore.App.Ref\9.0.11\ref\net9.0\System.ComponentModel.Annotations.dll" /FU"C:\Program Files\dotnet\packs\Microsoft.NETCore.App.Ref\9.0.11\ref\net9.0\System.ComponentModel.DataAnnotations.dll" /FU"C:\Program Files\dotnet\packs\Microsoft.NETCore.App.Ref\9.0.11\ref\net9.0\System.ComponentModel.dll" /FU"C:\Program Files\dotnet\packs\Microsoft.NETCore.App.Ref\9.0.11\ref\net9.0\System.ComponentModel.EventBasedAsync.dll" /FU"C:\Program Files\dotnet\packs\Microsoft.NETCore.App.Ref\9.0.11\ref\net9.0\System.ComponentModel.Primitives.dll" /FU"C:\Program Files\dotnet\packs\Microsoft.NETCore.App.Ref\9.0.11\ref\net9.0\System.ComponentModel.TypeConverter.dll" /FU"C:\Program Files\dotnet\packs\Microsoft.NETCore.App.Ref\9.0.11\ref\net9.0\System.Configuration.dll" /FU"C:\Program Files\dotnet\packs\Microsoft.NETCore.App.Ref\9.0.11\ref\net9.0\System.Console.dll" /FU"C:\Program Files\dotnet\packs\Microsoft.NETCore.App.Ref\9.0.11\ref\net9.0\System.Core.dll" /FU"C:\Program Files\dotnet\packs\Microsoft.NETCore.App.Ref\9.0.11\ref\net9.0\System.Data.Common.dll" /FU"C:\Program Files\dotnet\packs\Microsoft.NETCore.App.Ref\9.0.11\ref\net9.0\System.Data.DataSetExtensions.dll" /FU"C:\Program Files\dotnet\packs\Microsoft.NETCore.App.Ref\9.0.11\ref\net9.0\System.Data.dll" /FU"C:\Program Files\dotnet\packs\Microsoft.NETCore.App.Ref\9.0.11\ref\net9.0\System.Diagnostics.Contracts.dll" /FU"C:\Program Files\dotnet\packs\Microsoft.NETCore.App.Ref\9.0.11\ref\net9.0\System.Diagnostics.Debug.dll" /FUC:\Users\abdes\.nuget\packages\system.diagnostics.diagnosticsource\10.0.0\lib\net9.0\System.Diagnostics.DiagnosticSource.dll /FU"C:\Program Files\dotnet\packs\Microsoft.NETCore.App.Ref\9.0.11\ref\net9.0\System.Diagnostics.FileVersionInfo.dll" /FU"C:\Program Files\dotnet\packs\Microsoft.NETCore.App.Ref\9.0.11\ref\net9.0\System.Diagnostics.Process.dll" /FU"C:\Program Files\dotnet\packs\Microsoft.NETCore.App.Ref\9.0.11\ref\net9.0\System.Diagnostics.StackTrace.dll" /FU"C:\Program Files\dotnet\packs\Microsoft.NETCore.App.Ref\9.0.11\ref\net9.0\System.Diagnostics.TextWriterTraceListener.dll" /FU"C:\Program Files\dotnet\packs\Microsoft.NETCore.App.Ref\9.0.11\ref\net9.0\System.Diagnostics.Tools.dll" /FU"C:\Program Files\dotnet\packs\Microsoft.NETCore.App.Ref\9.0.11\ref\net9.0\System.Diagnostics.TraceSource.dll" /FU"C:\Program Files\dotnet\packs\Microsoft.NETCore.App.Ref\9.0.11\ref\net9.0\System.Diagnostics.Tracing.dll" /FU"C:\Program Files\dotnet\packs\Microsoft.NETCore.App.Ref\9.0.11\ref\net9.0\System.dll" /FU"C:\Program Files\dotnet\packs\Microsoft.NETCore.App.Ref\9.0.11\ref\net9.0\System.Drawing.dll" /FU"C:\Program Files\dotnet\packs\Microsoft.NETCore.App.Ref\9.0.11\ref\net9.0\System.Drawing.Primitives.dll" /FU"C:\Program Files\dotnet\packs\Microsoft.NETCore.App.Ref\9.0.11\ref\net9.0\System.Dynamic.Runtime.dll" /FU"C:\Program Files\dotnet\packs\Microsoft.NETCore.App.Ref\9.0.11\ref\net9.0\System.Formats.Asn1.dll" /FU"C:\Program Files\dotnet\packs\Microsoft.NETCore.App.Ref\9.0.11\ref\net9.0\System.Formats.Tar.dll" /FU"C:\Program Files\dotnet\packs\Microsoft.NETCore.App.Ref\9.0.11\ref\net9.0\System.Globalization.Calendars.dll" /FU"C:\Program Files\dotnet\packs\Microsoft.NETCore.App.Ref\9.0.11\ref\net9.0\System.Globalization.dll" /FU"C:\Program Files\dotnet\packs\Microsoft.NETCore.App.Ref\9.0.11\ref\net9.0\System.Globalization.Extensions.dll" /FU"C:\Program Files\dotnet\packs\Microsoft.NETCore.App.Ref\9.0.11\ref\net9.0\System.IO.Compression.Brotli.dll" /FU"C:\Program Files\dotnet\packs\Microsoft.NETCore.App.Ref\9.0.11\ref\net9.0\System.IO.Compression.dll" /FU"C:\Program Files\dotnet\packs\Microsoft.NETCore.App.Ref\9.0.11\ref\net9.0\System.IO.Compression.FileSystem.dll" /FU"C:\Program Files\dotnet\packs\Microsoft.NETCore.App.Ref\9.0.11\ref\net9.0\System.IO.Compression.ZipFile.dll" /FU"C:\Program Files\dotnet\packs\Microsoft.NETCore.App.Ref\9.0.11\ref\net9.0\System.IO.dll" /FU"C:\Program Files\dotnet\packs\Microsoft.NETCore.App.Ref\9.0.11\ref\net9.0\System.IO.FileSystem.AccessControl.dll" /FU"C:\Program Files\dotnet\packs\Microsoft.NETCore.App.Ref\9.0.11\ref\net9.0\System.IO.FileSystem.dll" /FU"C:\Program Files\dotnet\packs\Microsoft.NETCore.App.Ref\9.0.11\ref\net9.0\System.IO.FileSystem.DriveInfo.dll" /FU"C:\Program Files\dotnet\packs\Microsoft.NETCore.App.Ref\9.0.11\ref\net9.0\System.IO.FileSystem.Primitives.dll" /FU"C:\Program Files\dotnet\packs\Microsoft.NETCore.App.Ref\9.0.11\ref\net9.0\System.IO.FileSystem.Watcher.dll" /FU"C:\Program Files\dotnet\packs\Microsoft.NETCore.App.Ref\9.0.11\ref\net9.0\System.IO.IsolatedStorage.dll" /FU"C:\Program Files\dotnet\packs\Microsoft.NETCore.App.Ref\9.0.11\ref\net9.0\System.IO.MemoryMappedFiles.dll" /FU"C:\Program Files\dotnet\packs\Microsoft.NETCore.App.Ref\9.0.11\ref\net9.0\System.IO.Pipelines.dll" /FU"C:\Program Files\dotnet\packs\Microsoft.NETCore.App.Ref\9.0.11\ref\net9.0\System.IO.Pipes.AccessControl.dll" /FU"C:\Program Files\dotnet\packs\Microsoft.NETCore.App.Ref\9.0.11\ref\net9.0\System.IO.Pipes.dll" /FU"C:\Program Files\dotnet\packs\Microsoft.NETCore.App.Ref\9.0.11\ref\net9.0\System.IO.UnmanagedMemoryStream.dll" /FU"C:\Program Files\dotnet\packs\Microsoft.NETCore.App.Ref\9.0.11\ref\net9.0\System.Linq.dll" /FU"C:\Program Files\dotnet\packs\Microsoft.NETCore.App.Ref\9.0.11\ref\net9.0\System.Linq.Expressions.dll" /FU"C:\Program Files\dotnet\packs\Microsoft.NETCore.App.Ref\9.0.11\ref\net9.0\System.Linq.Parallel.dll" /FU"C:\Program Files\dotnet\packs\Microsoft.NETCore.App.Ref\9.0.11\ref\net9.0\System.Linq.Queryable.dll" /FU"C:\Program Files\dotnet\packs\Microsoft.NETCore.App.Ref\9.0.11\ref\net9.0\System.Memory.dll" /FU"C:\Program Files\dotnet\packs\Microsoft.NETCore.App.Ref\9.0.11\ref\net9.0\System.Net.dll" /FU"C:\Program Files\dotnet\packs\Microsoft.NETCore.App.Ref\9.0.11\ref\net9.0\System.Net.Http.dll" /FU"C:\Program Files\dotnet\packs\Microsoft.NETCore.App.Ref\9.0.11\ref\net9.0\System.Net.Http.Json.dll" /FU"C:\Program Files\dotnet\packs\Microsoft.NETCore.App.Ref\9.0.11\ref\net9.0\System.Net.HttpListener.dll" /FU"C:\Program Files\dotnet\packs\Microsoft.NETCore.App.Ref\9.0.11\ref\net9.0\System.Net.Mail.dll" /FU"C:\Program Files\dotnet\packs\Microsoft.NETCore.App.Ref\9.0.11\ref\net9.0\System.Net.NameResolution.dll" /FU"C:\Program Files\dotnet\packs\Microsoft.NETCore.App.Ref\9.0.11\ref\net9.0\System.Net.NetworkInformation.dll" /FU"C:\Program Files\dotnet\packs\Microsoft.NETCore.App.Ref\9.0.11\ref\net9.0\System.Net.Ping.dll" /FU"C:\Program Files\dotnet\packs\Microsoft.NETCore.App.Ref\9.0.11\ref\net9.0\System.Net.Primitives.dll" /FU"C:\Program Files\dotnet\packs\Microsoft.NETCore.App.Ref\9.0.11\ref\net9.0\System.Net.Quic.dll" /FU"C:\Program Files\dotnet\packs\Microsoft.NETCore.App.Ref\9.0.11\ref\net9.0\System.Net.Requests.dll" /FU"C:\Program Files\dotnet\packs\Microsoft.NETCore.App.Ref\9.0.11\ref\net9.0\System.Net.Security.dll" /FU"C:\Program Files\dotnet\packs\Microsoft.NETCore.App.Ref\9.0.11\ref\net9.0\System.Net.ServicePoint.dll" /FU"C:\Program Files\dotnet\packs\Microsoft.NETCore.App.Ref\9.0.11\ref\net9.0\System.Net.Sockets.dll" /FU"C:\Program Files\dotnet\packs\Microsoft.NETCore.App.Ref\9.0.11\ref\net9.0\System.Net.WebClient.dll" /FU"C:\Program Files\dotnet\packs\Microsoft.NETCore.App.Ref\9.0.11\ref\net9.0\System.Net.WebHeaderCollection.dll" /FU"C:\Program Files\dotnet\packs\Microsoft.NETCore.App.Ref\9.0.11\ref\net9.0\System.Net.WebProxy.dll" /FU"C:\Program Files\dotnet\packs\Microsoft.NETCore.App.Ref\9.0.11\ref\net9.0\System.Net.WebSockets.Client.dll" /FU"C:\Program Files\dotnet\packs\Microsoft.NETCore.App.Ref\9.0.11\ref\net9.0\System.Net.WebSockets.dll" /FU"C:\Program Files\dotnet\packs\Microsoft.NETCore.App.Ref\9.0.11\ref\net9.0\System.Numerics.dll" /FU"C:\Program Files\dotnet\packs\Microsoft.NETCore.App.Ref\9.0.11\ref\net9.0\System.Numerics.Vectors.dll" /FU"C:\Program Files\dotnet\packs\Microsoft.NETCore.App.Ref\9.0.11\ref\net9.0\System.ObjectModel.dll" /FU"C:\Program Files\dotnet\packs\Microsoft.NETCore.App.Ref\9.0.11\ref\net9.0\System.Reflection.DispatchProxy.dll" /FU"C:\Program Files\dotnet\packs\Microsoft.NETCore.App.Ref\9.0.11\ref\net9.0\System.Reflection.dll" /FU"C:\Program Files\dotnet\packs\Microsoft.NETCore.App.Ref\9.0.11\ref\net9.0\System.Reflection.Emit.dll" /FU"C:\Program Files\dotnet\packs\Microsoft.NETCore.App.Ref\9.0.11\ref\net9.0\System.Reflection.Emit.ILGeneration.dll" /FU"C:\Program Files\dotnet\packs\Microsoft.NETCore.App.Ref\9.0.11\ref\net9.0\System.Reflection.Emit.Lightweight.dll" /FU"C:\Program Files\dotnet\packs\Microsoft.NETCore.App.Ref\9.0.11\ref\net9.0\System.Reflection.Extensions.dll" /FU"C:\Program Files\dotnet\packs\Microsoft.NETCore.App.Ref\9.0.11\ref\net9.0\System.Reflection.Metadata.dll" /FU"C:\Program Files\dotnet\packs\Microsoft.NETCore.App.Ref\9.0.11\ref\net9.0\System.Reflection.Primitives.dll" /FU"C:\Program Files\dotnet\packs\Microsoft.NETCore.App.Ref\9.0.11\ref\net9.0\System.Reflection.TypeExtensions.dll" /FU"C:\Program Files\dotnet\packs\Microsoft.NETCore.App.Ref\9.0.11\ref\net9.0\System.Resources.Reader.dll" /FU"C:\Program Files\dotnet\packs\Microsoft.NETCore.App.Ref\9.0.11\ref\net9.0\System.Resources.ResourceManager.dll" /FU"C:\Program Files\dotnet\packs\Microsoft.NETCore.App.Ref\9.0.11\ref\net9.0\System.Resources.Writer.dll" /FU"C:\Program Files\dotnet\packs\Microsoft.NETCore.App.Ref\9.0.11\ref\net9.0\System.Runtime.CompilerServices.Unsafe.dll" /FU"C:\Program Files\dotnet\packs\Microsoft.NETCore.App.Ref\9.0.11\ref\net9.0\System.Runtime.CompilerServices.VisualC.dll" /FU"C:\Program Files\dotnet\packs\Microsoft.NETCore.App.Ref\9.0.11\ref\net9.0\System.Runtime.dll" /FU"C:\Program Files\dotnet\packs\Microsoft.NETCore.App.Ref\9.0.11\ref\net9.0\System.Runtime.Extensions.dll" /FU"C:\Program Files\dotnet\packs\Microsoft.NETCore.App.Ref\9.0.11\ref\net9.0\System.Runtime.Handles.dll" /FU"C:\Program Files\dotnet\packs\Microsoft.NETCore.App.Ref\9.0.11\ref\net9.0\System.Runtime.InteropServices.dll" /FU"C:\Program Files\dotnet\packs\Microsoft.NETCore.App.Ref\9.0.11\ref\net9.0\System.Runtime.InteropServices.JavaScript.dll" /FU"C:\Program Files\dotnet\packs\Microsoft.NETCore.App.Ref\9.0.11\ref\net9.0\System.Runtime.InteropServices.RuntimeInformation.dll" /FU"C:\Program Files\dotnet\packs\Microsoft.NETCore.App.Ref\9.0.11\ref\net9.0\System.Runtime.Intrinsics.dll" /FU"C:\Program Files\dotnet\packs\Microsoft.NETCore.App.Ref\9.0.11\ref\net9.0\System.Runtime.Loader.dll" /FU"C:\Program Files\dotnet\packs\Microsoft.NETCore.App.Ref\9.0.11\ref\net9.0\System.Runtime.Numerics.dll" /FU"C:\Program Files\dotnet\packs\Microsoft.NETCore.App.Ref\9.0.11\ref\net9.0\System.Runtime.Serialization.dll" /FU"C:\Program Files\dotnet\packs\Microsoft.NETCore.App.Ref\9.0.11\ref\net9.0\System.Runtime.Serialization.Formatters.dll" /FU"C:\Program Files\dotnet\packs\Microsoft.NETCore.App.Ref\9.0.11\ref\net9.0\System.Runtime.Serialization.Json.dll" /FU"C:\Program Files\dotnet\packs\Microsoft.NETCore.App.Ref\9.0.11\ref\net9.0\System.Runtime.Serialization.Primitives.dll" /FU"C:\Program Files\dotnet\packs\Microsoft.NETCore.App.Ref\9.0.11\ref\net9.0\System.Runtime.Serialization.Xml.dll" /FU"C:\Program Files\dotnet\packs\Microsoft.NETCore.App.Ref\9.0.11\ref\net9.0\System.Security.AccessControl.dll" /FU"C:\Program Files\dotnet\packs\Microsoft.NETCore.App.Ref\9.0.11\ref\net9.0\System.Security.Claims.dll" /FU"C:\Program Files\dotnet\packs\Microsoft.NETCore.App.Ref\9.0.11\ref\net9.0\System.Security.Cryptography.Algorithms.dll" /FU"C:\Program Files\dotnet\packs\Microsoft.NETCore.App.Ref\9.0.11\ref\net9.0\System.Security.Cryptography.Cng.dll" /FU"C:\Program Files\dotnet\packs\Microsoft.NETCore.App.Ref\9.0.11\ref\net9.0\System.Security.Cryptography.Csp.dll" /FU"C:\Program Files\dotnet\packs\Microsoft.NETCore.App.Ref\9.0.11\ref\net9.0\System.Security.Cryptography.dll" /FU"C:\Program Files\dotnet\packs\Microsoft.NETCore.App.Ref\9.0.11\ref\net9.0\System.Security.Cryptography.Encoding.dll" /FU"C:\Program Files\dotnet\packs\Microsoft.NETCore.App.Ref\9.0.11\ref\net9.0\System.Security.Cryptography.OpenSsl.dll" /FU"C:\Program Files\dotnet\packs\Microsoft.NETCore.App.Ref\9.0.11\ref\net9.0\System.Security.Cryptography.Primitives.dll" /FU"C:\Program Files\dotnet\packs\Microsoft.NETCore.App.Ref\9.0.11\ref\net9.0\System.Security.Cryptography.X509Certificates.dll" /FU"C:\Program Files\dotnet\packs\Microsoft.NETCore.App.Ref\9.0.11\ref\net9.0\System.Security.dll" /FU"C:\Program Files\dotnet\packs\Microsoft.NETCore.App.Ref\9.0.11\ref\net9.0\System.Security.Principal.dll" /FU"C:\Program Files\dotnet\packs\Microsoft.NETCore.App.Ref\9.0.11\ref\net9.0\System.Security.Principal.Windows.dll" /FU"C:\Program Files\dotnet\packs\Microsoft.NETCore.App.Ref\9.0.11\ref\net9.0\System.Security.SecureString.dll" /FU"C:\Program Files\dotnet\packs\Microsoft.NETCore.App.Ref\9.0.11\ref\net9.0\System.ServiceModel.Web.dll" /FU"C:\Program Files\dotnet\packs\Microsoft.NETCore.App.Ref\9.0.11\ref\net9.0\System.ServiceProcess.dll" /FU"C:\Program Files\dotnet\packs\Microsoft.NETCore.App.Ref\9.0.11\ref\net9.0\System.Text.Encoding.CodePages.dll" /FU"C:\Program Files\dotnet\packs\Microsoft.NETCore.App.Ref\9.0.11\ref\net9.0\System.Text.Encoding.dll" /FU"C:\Program Files\dotnet\packs\Microsoft.NETCore.App.Ref\9.0.11\ref\net9.0\System.Text.Encoding.Extensions.dll" /FU"C:\Program Files\dotnet\packs\Microsoft.NETCore.App.Ref\9.0.11\ref\net9.0\System.Text.Encodings.Web.dll" /FU"C:\Program Files\dotnet\packs\Microsoft.NETCore.App.Ref\9.0.11\ref\net9.0\System.Text.Json.dll" /FU"C:\Program Files\dotnet\packs\Microsoft.NETCore.App.Ref\9.0.11\ref\net9.0\System.Text.RegularExpressions.dll" /FU"C:\Program Files\dotnet\packs\Microsoft.NETCore.App.Ref\9.0.11\ref\net9.0\System.Threading.Channels.dll" /FU"C:\Program Files\dotnet\packs\Microsoft.NETCore.App.Ref\9.0.11\ref\net9.0\System.Threading.dll" /FU"C:\Program Files\dotnet\packs\Microsoft.NETCore.App.Ref\9.0.11\ref\net9.0\System.Threading.Overlapped.dll" /FU"C:\Program Files\dotnet\packs\Microsoft.NETCore.App.Ref\9.0.11\ref\net9.0\System.Threading.Tasks.Dataflow.dll" /FU"C:\Program Files\dotnet\packs\Microsoft.NETCore.App.Ref\9.0.11\ref\net9.0\System.Threading.Tasks.dll" /FU"C:\Program Files\dotnet\packs\Microsoft.NETCore.App.Ref\9.0.11\ref\net9.0\System.Threading.Tasks.Extensions.dll" /FU"C:\Program Files\dotnet\packs\Microsoft.NETCore.App.Ref\9.0.11\ref\net9.0\System.Threading.Tasks.Parallel.dll" /FU"C:\Program Files\dotnet\packs\Microsoft.NETCore.App.Ref\9.0.11\ref\net9.0\System.Threading.Thread.dll" /FU"C:\Program Files\dotnet\packs\Microsoft.NETCore.App.Ref\9.0.11\ref\net9.0\System.Threading.ThreadPool.dll" /FU"C:\Program Files\dotnet\packs\Microsoft.NETCore.App.Ref\9.0.11\ref\net9.0\System.Threading.Timer.dll" /FU"C:\Program Files\dotnet\packs\Microsoft.NETCore.App.Ref\9.0.11\ref\net9.0\System.Transactions.dll" /FU"C:\Program Files\dotnet\packs\Microsoft.NETCore.App.Ref\9.0.11\ref\net9.0\System.Transactions.Local.dll" /FU"C:\Program Files\dotnet\packs\Microsoft.NETCore.App.Ref\9.0.11\ref\net9.0\System.ValueTuple.dll" /FU"C:\Program Files\dotnet\packs\Microsoft.NETCore.App.Ref\9.0.11\ref\net9.0\System.Web.dll" /FU"C:\Program Files\dotnet\packs\Microsoft.NETCore.App.Ref\9.0.11\ref\net9.0\System.Web.HttpUtility.dll" /FU"C:\Program Files\dotnet\packs\Microsoft.NETCore.App.Ref\9.0.11\ref\net9.0\System.Windows.dll" /FU"C:\Program Files\dotnet\packs\Microsoft.NETCore.App.Ref\9.0.11\ref\net9.0\System.Xml.dll" /FU"C:\Program Files\dotnet\packs\Microsoft.NETCore.App.Ref\9.0.11\ref\net9.0\System.Xml.Linq.dll" /FU"C:\Program Files\dotnet\packs\Microsoft.NETCore.App.Ref\9.0.11\ref\net9.0\System.Xml.ReaderWriter.dll" /FU"C:\Program Files\dotnet\packs\Microsoft.NETCore.App.Ref\9.0.11\ref\net9.0\System.Xml.Serialization.dll" /FU"C:\Program Files\dotnet\packs\Microsoft.NETCore.App.Ref\9.0.11\ref\net9.0\System.Xml.XDocument.dll" /FU"C:\Program Files\dotnet\packs\Microsoft.NETCore.App.Ref\9.0.11\ref\net9.0\System.Xml.XmlDocument.dll" /FU"C:\Program Files\dotnet\packs\Microsoft.NETCore.App.Ref\9.0.11\ref\net9.0\System.Xml.XmlSerializer.dll" /FU"C:\Program Files\dotnet\packs\Microsoft.NETCore.App.Ref\9.0.11\ref\net9.0\System.Xml.XPath.dll" /FU"C:\Program Files\dotnet\packs\Microsoft.NETCore.App.Ref\9.0.11\ref\net9.0\System.Xml.XPath.XDocument.dll" /FU"C:\Program Files\dotnet\packs\Microsoft.NETCore.App.Ref\9.0.11\ref\net9.0\WindowsBase.dll" /FC /errorReport:queue /clr:nostdlib /Zc:__cplusplus OxygenWorld.cpp
  Tracking command:
  C:\Program Files\Microsoft Visual Studio\18\Community\MSBuild\Current\Bin\amd64\Tracker.exe /d "C:\Program Files (x86)\MSBuild\15.0\FileTracker\FileTracker32.dll" /i F:\projects\DroidNet\artifacts\obj\Oxygen.Editor.Interop\Debug_net9.0\Oxygen.E.FB1BE623.tlog /r F:\PROJECTS\DROIDNET\PROJECTS\OXYGEN.EDITOR.INTEROP\SRC\OXYGENWORLD.CPP /b MSBuildConsole_CancelEvent846771fcc9bb4a67ba8de6e8e8e07b63  /c "C:\Program Files\Microsoft Visual Studio\18\Community\VC\Tools\MSVC\14.50.35717\bin\HostX64\x64\CL.exe"  /c /IF:\projects\DroidNet\projects\Oxygen.Editor.Interop\src /IF:\projects\DroidNet\projects\Oxygen.Engine\out\install\include /AI"C:\Program Files\dotnet\packs\Microsoft.NETCore.App.Ref\9.0.11\ref\net9.0\\" /Zi /clr:netcore /nologo /W3 /WX- /diagnostics:column /Od /D _DEBUG /D _WIN32_WINNT=0x0A00 /D LOGURU_USE_FMTLIB=1 /D FMT_HEADER_ONLY=1 /D _WINDLL /D _UNICODE /D UNICODE /Zc:preprocessor /EHa /MDd /GS /fp:precise /Zc:wchar_t /Zc:forScope /Zc:inline /std:c++20 /Fo"F:\projects\DroidNet\projects\Oxygen.Editor.Interop\src\../../..\artifacts\obj\Oxygen.Editor.Interop\Debug_net9.0\\" /Fd"F:\projects\DroidNet\projects\Oxygen.Editor.Interop\src\../../..\artifacts\obj\Oxygen.Editor.Interop\Debug_net9.0\vc145.pdb" /external:W3 /TP /FU"C:\Program Files\dotnet\packs\Microsoft.NETCore.App.Ref\9.0.11\ref\net9.0\Microsoft.CSharp.dll" /FUC:\Users\abdes\.nuget\packages\microsoft.extensions.dependencyinjection.abstractions\10.0.0\lib\net9.0\Microsoft.Extensions.DependencyInjection.Abstractions.dll /FUC:\Users\abdes\.nuget\packages\microsoft.extensions.logging.abstractions\10.0.0\lib\net9.0\Microsoft.Extensions.Logging.Abstractions.dll /FU"C:\Program Files\dotnet\packs\Microsoft.NETCore.App.Ref\9.0.11\ref\net9.0\Microsoft.VisualBasic.Core.dll" /FU"C:\Program Files\dotnet\packs\Microsoft.NETCore.App.Ref\9.0.11\ref\net9.0\Microsoft.VisualBasic.dll" /FU"C:\Program Files\dotnet\packs\Microsoft.NETCore.App.Ref\9.0.11\ref\net9.0\Microsoft.Win32.Primitives.dll" /FU"C:\Program Files\dotnet\packs\Microsoft.NETCore.App.Ref\9.0.11\ref\net9.0\Microsoft.Win32.Registry.dll" /FU"C:\Program Files\dotnet\packs\Microsoft.NETCore.App.Ref\9.0.11\ref\net9.0\mscorlib.dll" /FU"C:\Program Files\dotnet\packs\Microsoft.NETCore.App.Ref\9.0.11\ref\net9.0\netstandard.dll" /FU"C:\Program Files\dotnet\packs\Microsoft.NETCore.App.Ref\9.0.11\ref\net9.0\System.AppContext.dll" /FU"C:\Program Files\dotnet\packs\Microsoft.NETCore.App.Ref\9.0.11\ref\net9.0\System.Buffers.dll" /FU"C:\Program Files\dotnet\packs\Microsoft.NETCore.App.Ref\9.0.11\ref\net9.0\System.Collections.Concurrent.dll" /FU"C:\Program Files\dotnet\packs\Microsoft.NETCore.App.Ref\9.0.11\ref\net9.0\System.Collections.dll" /FU"C:\Program Files\dotnet\packs\Microsoft.NETCore.App.Ref\9.0.11\ref\net9.0\System.Collections.Immutable.dll" /FU"C:\Program Files\dotnet\packs\Microsoft.NETCore.App.Ref\9.0.11\ref\net9.0\System.Collections.NonGeneric.dll" /FU"C:\Program Files\dotnet\packs\Microsoft.NETCore.App.Ref\9.0.11\ref\net9.0\System.Collections.Specialized.dll" /FU"C:\Program Files\dotnet\packs\Microsoft.NETCore.App.Ref\9.0.11\ref\net9.0\System.ComponentModel.Annotations.dll" /FU"C:\Program Files\dotnet\packs\Microsoft.NETCore.App.Ref\9.0.11\ref\net9.0\System.ComponentModel.DataAnnotations.dll" /FU"C:\Program Files\dotnet\packs\Microsoft.NETCore.App.Ref\9.0.11\ref\net9.0\System.ComponentModel.dll" /FU"C:\Program Files\dotnet\packs\Microsoft.NETCore.App.Ref\9.0.11\ref\net9.0\System.ComponentModel.EventBasedAsync.dll" /FU"C:\Program Files\dotnet\packs\Microsoft.NETCore.App.Ref\9.0.11\ref\net9.0\System.ComponentModel.Primitives.dll" /FU"C:\Program Files\dotnet\packs\Microsoft.NETCore.App.Ref\9.0.11\ref\net9.0\System.ComponentModel.TypeConverter.dll" /FU"C:\Program Files\dotnet\packs\Microsoft.NETCore.App.Ref\9.0.11\ref\net9.0\System.Configuration.dll" /FU"C:\Program Files\dotnet\packs\Microsoft.NETCore.App.Ref\9.0.11\ref\net9.0\System.Console.dll" /FU"C:\Program Files\dotnet\packs\Microsoft.NETCore.App.Ref\9.0.11\ref\net9.0\System.Core.dll" /FU"C:\Program Files\dotnet\packs\Microsoft.NETCore.App.Ref\9.0.11\ref\net9.0\System.Data.Common.dll" /FU"C:\Program Files\dotnet\packs\Microsoft.NETCore.App.Ref\9.0.11\ref\net9.0\System.Data.DataSetExtensions.dll" /FU"C:\Program Files\dotnet\packs\Microsoft.NETCore.App.Ref\9.0.11\ref\net9.0\System.Data.dll" /FU"C:\Program Files\dotnet\packs\Microsoft.NETCore.App.Ref\9.0.11\ref\net9.0\System.Diagnostics.Contracts.dll" /FU"C:\Program Files\dotnet\packs\Microsoft.NETCore.App.Ref\9.0.11\ref\net9.0\System.Diagnostics.Debug.dll" /FUC:\Users\abdes\.nuget\packages\system.diagnostics.diagnosticsource\10.0.0\lib\net9.0\System.Diagnostics.DiagnosticSource.dll /FU"C:\Program Files\dotnet\packs\Microsoft.NETCore.App.Ref\9.0.11\ref\net9.0\System.Diagnostics.FileVersionInfo.dll" /FU"C:\Program Files\dotnet\packs\Microsoft.NETCore.App.Ref\9.0.11\ref\net9.0\System.Diagnostics.Process.dll" /FU"C:\Program Files\dotnet\packs\Microsoft.NETCore.App.Ref\9.0.11\ref\net9.0\System.Diagnostics.StackTrace.dll" /FU"C:\Program Files\dotnet\packs\Microsoft.NETCore.App.Ref\9.0.11\ref\net9.0\System.Diagnostics.TextWriterTraceListener.dll" /FU"C:\Program Files\dotnet\packs\Microsoft.NETCore.App.Ref\9.0.11\ref\net9.0\System.Diagnostics.Tools.dll" /FU"C:\Program Files\dotnet\packs\Microsoft.NETCore.App.Ref\9.0.11\ref\net9.0\System.Diagnostics.TraceSource.dll" /FU"C:\Program Files\dotnet\packs\Microsoft.NETCore.App.Ref\9.0.11\ref\net9.0\System.Diagnostics.Tracing.dll" /FU"C:\Program Files\dotnet\packs\Microsoft.NETCore.App.Ref\9.0.11\ref\net9.0\System.dll" /FU"C:\Program Files\dotnet\packs\Microsoft.NETCore.App.Ref\9.0.11\ref\net9.0\System.Drawing.dll" /FU"C:\Program Files\dotnet\packs\Microsoft.NETCore.App.Ref\9.0.11\ref\net9.0\System.Drawing.Primitives.dll" /FU"C:\Program Files\dotnet\packs\Microsoft.NETCore.App.Ref\9.0.11\ref\net9.0\System.Dynamic.Runtime.dll" /FU"C:\Program Files\dotnet\packs\Microsoft.NETCore.App.Ref\9.0.11\ref\net9.0\System.Formats.Asn1.dll" /FU"C:\Program Files\dotnet\packs\Microsoft.NETCore.App.Ref\9.0.11\ref\net9.0\System.Formats.Tar.dll" /FU"C:\Program Files\dotnet\packs\Microsoft.NETCore.App.Ref\9.0.11\ref\net9.0\System.Globalization.Calendars.dll" /FU"C:\Program Files\dotnet\packs\Microsoft.NETCore.App.Ref\9.0.11\ref\net9.0\System.Globalization.dll" /FU"C:\Program Files\dotnet\packs\Microsoft.NETCore.App.Ref\9.0.11\ref\net9.0\System.Globalization.Extensions.dll" /FU"C:\Program Files\dotnet\packs\Microsoft.NETCore.App.Ref\9.0.11\ref\net9.0\System.IO.Compression.Brotli.dll" /FU"C:\Program Files\dotnet\packs\Microsoft.NETCore.App.Ref\9.0.11\ref\net9.0\System.IO.Compression.dll" /FU"C:\Program Files\dotnet\packs\Microsoft.NETCore.App.Ref\9.0.11\ref\net9.0\System.IO.Compression.FileSystem.dll" /FU"C:\Program Files\dotnet\packs\Microsoft.NETCore.App.Ref\9.0.11\ref\net9.0\System.IO.Compression.ZipFile.dll" /FU"C:\Program Files\dotnet\packs\Microsoft.NETCore.App.Ref\9.0.11\ref\net9.0\System.IO.dll" /FU"C:\Program Files\dotnet\packs\Microsoft.NETCore.App.Ref\9.0.11\ref\net9.0\System.IO.FileSystem.AccessControl.dll" /FU"C:\Program Files\dotnet\packs\Microsoft.NETCore.App.Ref\9.0.11\ref\net9.0\System.IO.FileSystem.dll" /FU"C:\Program Files\dotnet\packs\Microsoft.NETCore.App.Ref\9.0.11\ref\net9.0\System.IO.FileSystem.DriveInfo.dll" /FU"C:\Program Files\dotnet\packs\Microsoft.NETCore.App.Ref\9.0.11\ref\net9.0\System.IO.FileSystem.Primitives.dll" /FU"C:\Program Files\dotnet\packs\Microsoft.NETCore.App.Ref\9.0.11\ref\net9.0\System.IO.FileSystem.Watcher.dll" /FU"C:\Program Files\dotnet\packs\Microsoft.NETCore.App.Ref\9.0.11\ref\net9.0\System.IO.IsolatedStorage.dll" /FU"C:\Program Files\dotnet\packs\Microsoft.NETCore.App.Ref\9.0.11\ref\net9.0\System.IO.MemoryMappedFiles.dll" /FU"C:\Program Files\dotnet\packs\Microsoft.NETCore.App.Ref\9.0.11\ref\net9.0\System.IO.Pipelines.dll" /FU"C:\Program Files\dotnet\packs\Microsoft.NETCore.App.Ref\9.0.11\ref\net9.0\System.IO.Pipes.AccessControl.dll" /FU"C:\Program Files\dotnet\packs\Microsoft.NETCore.App.Ref\9.0.11\ref\net9.0\System.IO.Pipes.dll" /FU"C:\Program Files\dotnet\packs\Microsoft.NETCore.App.Ref\9.0.11\ref\net9.0\System.IO.UnmanagedMemoryStream.dll" /FU"C:\Program Files\dotnet\packs\Microsoft.NETCore.App.Ref\9.0.11\ref\net9.0\System.Linq.dll" /FU"C:\Program Files\dotnet\packs\Microsoft.NETCore.App.Ref\9.0.11\ref\net9.0\System.Linq.Expressions.dll" /FU"C:\Program Files\dotnet\packs\Microsoft.NETCore.App.Ref\9.0.11\ref\net9.0\System.Linq.Parallel.dll" /FU"C:\Program Files\dotnet\packs\Microsoft.NETCore.App.Ref\9.0.11\ref\net9.0\System.Linq.Queryable.dll" /FU"C:\Program Files\dotnet\packs\Microsoft.NETCore.App.Ref\9.0.11\ref\net9.0\System.Memory.dll" /FU"C:\Program Files\dotnet\packs\Microsoft.NETCore.App.Ref\9.0.11\ref\net9.0\System.Net.dll" /FU"C:\Program Files\dotnet\packs\Microsoft.NETCore.App.Ref\9.0.11\ref\net9.0\System.Net.Http.dll" /FU"C:\Program Files\dotnet\packs\Microsoft.NETCore.App.Ref\9.0.11\ref\net9.0\System.Net.Http.Json.dll" /FU"C:\Program Files\dotnet\packs\Microsoft.NETCore.App.Ref\9.0.11\ref\net9.0\System.Net.HttpListener.dll" /FU"C:\Program Files\dotnet\packs\Microsoft.NETCore.App.Ref\9.0.11\ref\net9.0\System.Net.Mail.dll" /FU"C:\Program Files\dotnet\packs\Microsoft.NETCore.App.Ref\9.0.11\ref\net9.0\System.Net.NameResolution.dll" /FU"C:\Program Files\dotnet\packs\Microsoft.NETCore.App.Ref\9.0.11\ref\net9.0\System.Net.NetworkInformation.dll" /FU"C:\Program Files\dotnet\packs\Microsoft.NETCore.App.Ref\9.0.11\ref\net9.0\System.Net.Ping.dll" /FU"C:\Program Files\dotnet\packs\Microsoft.NETCore.App.Ref\9.0.11\ref\net9.0\System.Net.Primitives.dll" /FU"C:\Program Files\dotnet\packs\Microsoft.NETCore.App.Ref\9.0.11\ref\net9.0\System.Net.Quic.dll" /FU"C:\Program Files\dotnet\packs\Microsoft.NETCore.App.Ref\9.0.11\ref\net9.0\System.Net.Requests.dll" /FU"C:\Program Files\dotnet\packs\Microsoft.NETCore.App.Ref\9.0.11\ref\net9.0\System.Net.Security.dll" /FU"C:\Program Files\dotnet\packs\Microsoft.NETCore.App.Ref\9.0.11\ref\net9.0\System.Net.ServicePoint.dll" /FU"C:\Program Files\dotnet\packs\Microsoft.NETCore.App.Ref\9.0.11\ref\net9.0\System.Net.Sockets.dll" /FU"C:\Program Files\dotnet\packs\Microsoft.NETCore.App.Ref\9.0.11\ref\net9.0\System.Net.WebClient.dll" /FU"C:\Program Files\dotnet\packs\Microsoft.NETCore.App.Ref\9.0.11\ref\net9.0\System.Net.WebHeaderCollection.dll" /FU"C:\Program Files\dotnet\packs\Microsoft.NETCore.App.Ref\9.0.11\ref\net9.0\System.Net.WebProxy.dll" /FU"C:\Program Files\dotnet\packs\Microsoft.NETCore.App.Ref\9.0.11\ref\net9.0\System.Net.WebSockets.Client.dll" /FU"C:\Program Files\dotnet\packs\Microsoft.NETCore.App.Ref\9.0.11\ref\net9.0\System.Net.WebSockets.dll" /FU"C:\Program Files\dotnet\packs\Microsoft.NETCore.App.Ref\9.0.11\ref\net9.0\System.Numerics.dll" /FU"C:\Program Files\dotnet\packs\Microsoft.NETCore.App.Ref\9.0.11\ref\net9.0\System.Numerics.Vectors.dll" /FU"C:\Program Files\dotnet\packs\Microsoft.NETCore.App.Ref\9.0.11\ref\net9.0\System.ObjectModel.dll" /FU"C:\Program Files\dotnet\packs\Microsoft.NETCore.App.Ref\9.0.11\ref\net9.0\System.Reflection.DispatchProxy.dll" /FU"C:\Program Files\dotnet\packs\Microsoft.NETCore.App.Ref\9.0.11\ref\net9.0\System.Reflection.dll" /FU"C:\Program Files\dotnet\packs\Microsoft.NETCore.App.Ref\9.0.11\ref\net9.0\System.Reflection.Emit.dll" /FU"C:\Program Files\dotnet\packs\Microsoft.NETCore.App.Ref\9.0.11\ref\net9.0\System.Reflection.Emit.ILGeneration.dll" /FU"C:\Program Files\dotnet\packs\Microsoft.NETCore.App.Ref\9.0.11\ref\net9.0\System.Reflection.Emit.Lightweight.dll" /FU"C:\Program Files\dotnet\packs\Microsoft.NETCore.App.Ref\9.0.11\ref\net9.0\System.Reflection.Extensions.dll" /FU"C:\Program Files\dotnet\packs\Microsoft.NETCore.App.Ref\9.0.11\ref\net9.0\System.Reflection.Metadata.dll" /FU"C:\Program Files\dotnet\packs\Microsoft.NETCore.App.Ref\9.0.11\ref\net9.0\System.Reflection.Primitives.dll" /FU"C:\Program Files\dotnet\packs\Microsoft.NETCore.App.Ref\9.0.11\ref\net9.0\System.Reflection.TypeExtensions.dll" /FU"C:\Program Files\dotnet\packs\Microsoft.NETCore.App.Ref\9.0.11\ref\net9.0\System.Resources.Reader.dll" /FU"C:\Program Files\dotnet\packs\Microsoft.NETCore.App.Ref\9.0.11\ref\net9.0\System.Resources.ResourceManager.dll" /FU"C:\Program Files\dotnet\packs\Microsoft.NETCore.App.Ref\9.0.11\ref\net9.0\System.Resources.Writer.dll" /FU"C:\Program Files\dotnet\packs\Microsoft.NETCore.App.Ref\9.0.11\ref\net9.0\System.Runtime.CompilerServices.Unsafe.dll" /FU"C:\Program Files\dotnet\packs\Microsoft.NETCore.App.Ref\9.0.11\ref\net9.0\System.Runtime.CompilerServices.VisualC.dll" /FU"C:\Program Files\dotnet\packs\Microsoft.NETCore.App.Ref\9.0.11\ref\net9.0\System.Runtime.dll" /FU"C:\Program Files\dotnet\packs\Microsoft.NETCore.App.Ref\9.0.11\ref\net9.0\System.Runtime.Extensions.dll" /FU"C:\Program Files\dotnet\packs\Microsoft.NETCore.App.Ref\9.0.11\ref\net9.0\System.Runtime.Handles.dll" /FU"C:\Program Files\dotnet\packs\Microsoft.NETCore.App.Ref\9.0.11\ref\net9.0\System.Runtime.InteropServices.dll" /FU"C:\Program Files\dotnet\packs\Microsoft.NETCore.App.Ref\9.0.11\ref\net9.0\System.Runtime.InteropServices.JavaScript.dll" /FU"C:\Program Files\dotnet\packs\Microsoft.NETCore.App.Ref\9.0.11\ref\net9.0\System.Runtime.InteropServices.RuntimeInformation.dll" /FU"C:\Program Files\dotnet\packs\Microsoft.NETCore.App.Ref\9.0.11\ref\net9.0\System.Runtime.Intrinsics.dll" /FU"C:\Program Files\dotnet\packs\Microsoft.NETCore.App.Ref\9.0.11\ref\net9.0\System.Runtime.Loader.dll" /FU"C:\Program Files\dotnet\packs\Microsoft.NETCore.App.Ref\9.0.11\ref\net9.0\System.Runtime.Numerics.dll" /FU"C:\Program Files\dotnet\packs\Microsoft.NETCore.App.Ref\9.0.11\ref\net9.0\System.Runtime.Serialization.dll" /FU"C:\Program Files\dotnet\packs\Microsoft.NETCore.App.Ref\9.0.11\ref\net9.0\System.Runtime.Serialization.Formatters.dll" /FU"C:\Program Files\dotnet\packs\Microsoft.NETCore.App.Ref\9.0.11\ref\net9.0\System.Runtime.Serialization.Json.dll" /FU"C:\Program Files\dotnet\packs\Microsoft.NETCore.App.Ref\9.0.11\ref\net9.0\System.Runtime.Serialization.Primitives.dll" /FU"C:\Program Files\dotnet\packs\Microsoft.NETCore.App.Ref\9.0.11\ref\net9.0\System.Runtime.Serialization.Xml.dll" /FU"C:\Program Files\dotnet\packs\Microsoft.NETCore.App.Ref\9.0.11\ref\net9.0\System.Security.AccessControl.dll" /FU"C:\Program Files\dotnet\packs\Microsoft.NETCore.App.Ref\9.0.11\ref\net9.0\System.Security.Claims.dll" /FU"C:\Program Files\dotnet\packs\Microsoft.NETCore.App.Ref\9.0.11\ref\net9.0\System.Security.Cryptography.Algorithms.dll" /FU"C:\Program Files\dotnet\packs\Microsoft.NETCore.App.Ref\9.0.11\ref\net9.0\System.Security.Cryptography.Cng.dll" /FU"C:\Program Files\dotnet\packs\Microsoft.NETCore.App.Ref\9.0.11\ref\net9.0\System.Security.Cryptography.Csp.dll" /FU"C:\Program Files\dotnet\packs\Microsoft.NETCore.App.Ref\9.0.11\ref\net9.0\System.Security.Cryptography.dll" /FU"C:\Program Files\dotnet\packs\Microsoft.NETCore.App.Ref\9.0.11\ref\net9.0\System.Security.Cryptography.Encoding.dll" /FU"C:\Program Files\dotnet\packs\Microsoft.NETCore.App.Ref\9.0.11\ref\net9.0\System.Security.Cryptography.OpenSsl.dll" /FU"C:\Program Files\dotnet\packs\Microsoft.NETCore.App.Ref\9.0.11\ref\net9.0\System.Security.Cryptography.Primitives.dll" /FU"C:\Program Files\dotnet\packs\Microsoft.NETCore.App.Ref\9.0.11\ref\net9.0\System.Security.Cryptography.X509Certificates.dll" /FU"C:\Program Files\dotnet\packs\Microsoft.NETCore.App.Ref\9.0.11\ref\net9.0\System.Security.dll" /FU"C:\Program Files\dotnet\packs\Microsoft.NETCore.App.Ref\9.0.11\ref\net9.0\System.Security.Principal.dll" /FU"C:\Program Files\dotnet\packs\Microsoft.NETCore.App.Ref\9.0.11\ref\net9.0\System.Security.Principal.Windows.dll" /FU"C:\Program Files\dotnet\packs\Microsoft.NETCore.App.Ref\9.0.11\ref\net9.0\System.Security.SecureString.dll" /FU"C:\Program Files\dotnet\packs\Microsoft.NETCore.App.Ref\9.0.11\ref\net9.0\System.ServiceModel.Web.dll" /FU"C:\Program Files\dotnet\packs\Microsoft.NETCore.App.Ref\9.0.11\ref\net9.0\System.ServiceProcess.dll" /FU"C:\Program Files\dotnet\packs\Microsoft.NETCore.App.Ref\9.0.11\ref\net9.0\System.Text.Encoding.CodePages.dll" /FU"C:\Program Files\dotnet\packs\Microsoft.NETCore.App.Ref\9.0.11\ref\net9.0\System.Text.Encoding.dll" /FU"C:\Program Files\dotnet\packs\Microsoft.NETCore.App.Ref\9.0.11\ref\net9.0\System.Text.Encoding.Extensions.dll" /FU"C:\Program Files\dotnet\packs\Microsoft.NETCore.App.Ref\9.0.11\ref\net9.0\System.Text.Encodings.Web.dll" /FU"C:\Program Files\dotnet\packs\Microsoft.NETCore.App.Ref\9.0.11\ref\net9.0\System.Text.Json.dll" /FU"C:\Program Files\dotnet\packs\Microsoft.NETCore.App.Ref\9.0.11\ref\net9.0\System.Text.RegularExpressions.dll" /FU"C:\Program Files\dotnet\packs\Microsoft.NETCore.App.Ref\9.0.11\ref\net9.0\System.Threading.Channels.dll" /FU"C:\Program Files\dotnet\packs\Microsoft.NETCore.App.Ref\9.0.11\ref\net9.0\System.Threading.dll" /FU"C:\Program Files\dotnet\packs\Microsoft.NETCore.App.Ref\9.0.11\ref\net9.0\System.Threading.Overlapped.dll" /FU"C:\Program Files\dotnet\packs\Microsoft.NETCore.App.Ref\9.0.11\ref\net9.0\System.Threading.Tasks.Dataflow.dll" /FU"C:\Program Files\dotnet\packs\Microsoft.NETCore.App.Ref\9.0.11\ref\net9.0\System.Threading.Tasks.dll" /FU"C:\Program Files\dotnet\packs\Microsoft.NETCore.App.Ref\9.0.11\ref\net9.0\System.Threading.Tasks.Extensions.dll" /FU"C:\Program Files\dotnet\packs\Microsoft.NETCore.App.Ref\9.0.11\ref\net9.0\System.Threading.Tasks.Parallel.dll" /FU"C:\Program Files\dotnet\packs\Microsoft.NETCore.App.Ref\9.0.11\ref\net9.0\System.Threading.Thread.dll" /FU"C:\Program Files\dotnet\packs\Microsoft.NETCore.App.Ref\9.0.11\ref\net9.0\System.Threading.ThreadPool.dll" /FU"C:\Program Files\dotnet\packs\Microsoft.NETCore.App.Ref\9.0.11\ref\net9.0\System.Threading.Timer.dll" /FU"C:\Program Files\dotnet\packs\Microsoft.NETCore.App.Ref\9.0.11\ref\net9.0\System.Transactions.dll" /FU"C:\Program Files\dotnet\packs\Microsoft.NETCore.App.Ref\9.0.11\ref\net9.0\System.Transactions.Local.dll" /FU"C:\Program Files\dotnet\packs\Microsoft.NETCore.App.Ref\9.0.11\ref\net9.0\System.ValueTuple.dll" /FU"C:\Program Files\dotnet\packs\Microsoft.NETCore.App.Ref\9.0.11\ref\net9.0\System.Web.dll" /FU"C:\Program Files\dotnet\packs\Microsoft.NETCore.App.Ref\9.0.11\ref\net9.0\System.Web.HttpUtility.dll" /FU"C:\Program Files\dotnet\packs\Microsoft.NETCore.App.Ref\9.0.11\ref\net9.0\System.Windows.dll" /FU"C:\Program Files\dotnet\packs\Microsoft.NETCore.App.Ref\9.0.11\ref\net9.0\System.Xml.dll" /FU"C:\Program Files\dotnet\packs\Microsoft.NETCore.App.Ref\9.0.11\ref\net9.0\System.Xml.Linq.dll" /FU"C:\Program Files\dotnet\packs\Microsoft.NETCore.App.Ref\9.0.11\ref\net9.0\System.Xml.ReaderWriter.dll" /FU"C:\Program Files\dotnet\packs\Microsoft.NETCore.App.Ref\9.0.11\ref\net9.0\System.Xml.Serialization.dll" /FU"C:\Program Files\dotnet\packs\Microsoft.NETCore.App.Ref\9.0.11\ref\net9.0\System.Xml.XDocument.dll" /FU"C:\Program Files\dotnet\packs\Microsoft.NETCore.App.Ref\9.0.11\ref\net9.0\System.Xml.XmlDocument.dll" /FU"C:\Program Files\dotnet\packs\Microsoft.NETCore.App.Ref\9.0.11\ref\net9.0\System.Xml.XmlSerializer.dll" /FU"C:\Program Files\dotnet\packs\Microsoft.NETCore.App.Ref\9.0.11\ref\net9.0\System.Xml.XPath.dll" /FU"C:\Program Files\dotnet\packs\Microsoft.NETCore.App.Ref\9.0.11\ref\net9.0\System.Xml.XPath.XDocument.dll" /FU"C:\Program Files\dotnet\packs\Microsoft.NETCore.App.Ref\9.0.11\ref\net9.0\WindowsBase.dll" /FC /errorReport:queue /clr:nostdlib /Zc:__cplusplus OxygenWorld.cpp
  OxygenWorld.cpp
F:\projects\DroidNet\projects\Oxygen.Editor.Interop\src\Commands\SceneCommands.h(83,35): warning C4834: discarding return value of function with [[nodiscard]] attribute [F:\projects\DroidNet\projects\Oxygen.Editor.Interop\src\Oxygen.Editor.Interop.vcxproj]
  (compiling source file 'OxygenWorld.cpp')

F:\projects\DroidNet\projects\Oxygen.Editor.Interop\src\Commands\SceneCommands.h(121,1): error C1083: Cannot open include file: 'Oxygen/Data/Mesh.h': No such file or directory [F:\projects\DroidNet\projects\Oxygen.Editor.Interop\src\Oxygen.Editor.Interop.vcxproj]
  (compiling source file 'OxygenWorld.cpp')

  The command exited with code 2.
Done executing task "CL" -- FAILED.
Done building target "ClCompile" in project "Oxygen.Editor.Interop.vcxproj" -- FAILED.
Done Building Project "F:\projects\DroidNet\projects\Oxygen.Editor.Interop\src\Oxygen.Editor.Interop.vcxproj" (Build target(s)) -- FAILED.


Build FAILED.

"F:\projects\DroidNet\projects\Oxygen.Editor.Interop\src\Oxygen.Editor.Interop.vcxproj" (Build target) (1) ->
(ClCompile target) ->
  F:\projects\DroidNet\projects\Oxygen.Editor.Interop\src\Commands\SceneCommands.h(83,35): warning C4834: discarding return value of function with [[nodiscard]] attribute [F:\projects\DroidNet\projects\Oxygen.Editor.Interop\src\Oxygen.Editor.Interop.vcxproj]


"F:\projects\DroidNet\projects\Oxygen.Editor.Interop\src\Oxygen.Editor.Interop.vcxproj" (Build target) (1) ->
(ClCompile target) ->
  F:\projects\DroidNet\projects\Oxygen.Editor.Interop\src\Commands\SceneCommands.h(121,1): error C1083: Cannot open include file: 'Oxygen/Data/Mesh.h': No such file or directory [F:\projects\DroidNet\projects\Oxygen.Editor.Interop\src\Oxygen.Editor.Interop.vcxproj]

    1 Warning(s)
    1 Error(s)

Time Elapsed 00:00:02.91
